04-28 16:51:44.031  1002  1083 E QMI_FW  : qmi_cci_get_ref: ref count increased 2
04-28 16:51:46.573  1002  1083 I chatty  : uid=1001(radio) DispatcherModul identical 1 line
04-28 16:51:46.576  1002  1083 E QMI_FW  : qmi_cci_get_ref: ref count increased 2
04-28 16:51:49.140  1002  1210 E QMI_FW  : qmi_cci_get_ref: ref count increased 2
04-28 16:51:49.142  1002  1083 E QMI_FW  : qmi_cci_get_ref: ref count increased 2
04-28 16:51:49.611   383   383 I hwservicemanager: getTransport: Cannot find entry vendor.qti.hardware.servicetracker@1.0::IServicetracker/default in either framework or device manifest.
04-28 16:51:49.614  1348  2345 D CompatibilityInfo: mCompatibilityFlags - 4
04-28 16:51:49.614  1348  2345 D CompatibilityInfo: applicationDensity - 240
04-28 16:51:49.614  1348  2345 D CompatibilityInfo: applicationScale - 1.0
04-28 16:51:49.616   383   383 I hwservicemanager: getTransport: Cannot find entry vendor.qti.hardware.servicetracker@1.0::IServicetracker/default in either framework or device manifest.
04-28 16:51:49.617  2770  2770 D BoundBrokerSvc: onBind: Intent { act=com.google.android.gms.safetynet.service.START pkg=com.google.android.gms }
04-28 16:51:49.617  2770  2770 D BoundBrokerSvc: Loading bound service for intent: Intent { act=com.google.android.gms.safetynet.service.START pkg=com.google.android.gms }
04-28 16:51:49.623   383   383 I hwservicemanager: getTransport: Cannot find entry vendor.qti.hardware.servicetracker@1.0::IServicetracker/default in either framework or device manifest.
04-28 16:51:49.667   870   870 I VM_BMS  : power_supply_update: ocv_uv=4315557 ibatt=-38183 soc=100 seq_num=1589
04-28 16:51:51.481   383   383 I hwservicemanager: getTransport: Cannot find entry vendor.qti.hardware.servicetracker@1.0::IServicetracker/default in either framework or device manifest.
04-28 16:51:51.581   383   383 I chatty  : uid=1000(system) hwservicemanage identical 1 line
04-28 16:51:51.583   383   383 I hwservicemanager: getTransport: Cannot find entry vendor.qti.hardware.servicetracker@1.0::IServicetracker/default in either framework or device manifest.
04-28 16:51:51.586  2718  2718 D BoundBrokerSvc: onUnbind: Intent { act=com.google.android.gms.scheduler.ACTION_PROXY_SCHEDULE dat=chimera-action: cmp=com.google.android.gms/.chimera.PersistentApiService }
04-28 16:52:04.504  1002  1210 E QMI_FW  : qmi_cci_get_ref: ref count increased 2
04-28 16:52:04.506  1002  1083 E QMI_FW  : qmi_cci_get_ref: ref count increased 2
04-28 16:52:04.699   383   383 I hwservicemanager: getTransport: Cannot find entry vendor.qti.hardware.servicetracker@1.0::IServicetracker/default in either framework or device manifest.
04-28 16:52:04.710   383   383 I chatty  : uid=1000(system) hwservicemanage identical 1 line
04-28 16:52:04.712   383   383 I hwservicemanager: getTransport: Cannot find entry vendor.qti.hardware.servicetracker@1.0::IServicetracker/default in either framework or device manifest.
04-28 16:52:04.712  2770  2770 D BoundBrokerSvc: onUnbind: Intent { act=com.google.android.gms.safetynet.service.START pkg=com.google.android.gms }
04-28 16:52:04.714   381   381 E lowmemorykiller: Error opening /dev/memcg/apps/uid_90000/pid_1112/memory.soft_limit_in_bytes; errno=2
04-28 16:52:07.064  1002  1210 E QMI_FW  : qmi_cci_get_ref: ref count increased 2
04-28 16:52:07.065  1002  1083 E QMI_FW  : qmi_cci_get_ref: ref count increased 2
04-28 16:52:12.118  1348  1882 D BatteryService: warningBatteryTemperature mHealthInfo.batteryTemperature = 302
04-28 16:52:12.120  1573  1573 D KeyguardUpdateMonitor: received broadcast android.intent.action.BATTERY_CHANGED
04-28 16:52:12.123  1573  1573 D KeyguardUpdateMonitor: handleBatteryUpdate
04-28 16:52:12.333  1002  2899 E QMI_FW  : qmi_cci_get_ref: ref count increased 2
04-28 16:52:12.333  1002  3106 E QMI_FW  : qmi_cci_get_ref: ref count increased 2
04-28 16:52:12.394  1002  1220 E QMI_FW  : qmi_cci_get_ref: ref count increased 2
04-28 16:52:12.396  1812  2872 I QImsService: ImsSenderRxr : [UNSL]< UNSOL_INCOMING_IMS_SMS[SUB0]
04-28 16:52:12.397  1812  2879 I QImsService: ImsSmsHandler : Message received: what = 2
04-28 16:52:12.397  1812  2879 I QImsService: ImsSmsImpl : onSmsReceived:: token:77 incomingSms:{ mFormat = 3gpp verstat = 0}
04-28 16:52:12.494  1812  2276 I QImsService: ImsSmsImpl : acknowledgeSms:: token:77 msgRef:0 result:1
04-28 16:52:12.494  1812  2276 I QImsService: ImsSenderRxr : acknowledgeSms: messageRef: 0 result: 1
04-28 16:52:12.494  1812  2276 I QImsService: ImsSenderRxr : [0171]> REQUEST_ACK_IMS_SMS [SUB0]
04-28 16:52:12.496  1002  1083 E QMI_FW  : qmi_cci_get_ref: ref count increased 2
04-28 16:52:12.520  2197  3261 I BlockedNumbers: isBlocked: NOT BLOCKED; number=************, e164=************
04-28 16:52:12.587   381   381 E lowmemorykiller: Error opening /dev/memcg/apps/uid_90000/pid_1112/memory.soft_limit_in_bytes; errno=2
04-28 16:52:12.596  1348  1431 D CompatibilityInfo: mCompatibilityFlags - 4
04-28 16:52:12.596  1348  1431 D CompatibilityInfo: applicationDensity - 240
04-28 16:52:12.596  1348  1431 D CompatibilityInfo: applicationScale - 1.0
04-28 16:52:12.604  3071  3071 V MessagingApp: SmsReceiver.deliverSmsMessages
04-28 16:52:12.605  3071  3071 V MessagingApp: isDeviceIdleMode= false
04-28 16:52:12.606  3071  3071 V MessagingApp: isLightDeviceIdleMode= false
04-28 16:52:12.606  3071  3071 V MessagingApp: isInteractive= false
04-28 16:52:12.606  3071  3071 V MessagingApp: isPowerSaveMode= false
04-28 16:52:12.607  3071  3071 V MessagingApp: action.start() 
04-28 16:52:12.611   383   383 I hwservicemanager: getTransport: Cannot find entry vendor.qti.hardware.servicetracker@1.0::IServicetracker/default in either framework or device manifest.
04-28 16:52:12.615  1348  3856 D CompatibilityInfo: mCompatibilityFlags - 4
04-28 16:52:12.615  1348  3856 D CompatibilityInfo: applicationDensity - 240
04-28 16:52:12.615  1348  3856 D CompatibilityInfo: applicationScale - 1.0
04-28 16:52:12.616   383   383 I hwservicemanager: getTransport: Cannot find entry vendor.qti.hardware.servicetracker@1.0::IServicetracker/default in either framework or device manifest.
04-28 16:52:12.630  1348  1431 W BroadcastQueue: Permission Denial: receiving Intent { act=android.provider.Telephony.SMS_RECEIVED flg=0x9000010 (has extras) } to com.google.android.apps.messaging/.shared.receiver.ConfigSmsReceiver requires android.permission.RECEIVE_SMS due to sender com.android.phone (uid 1001)
04-28 16:52:12.637  3071  3810 W MessagingAppDataModel: Received an SMS executeAction.
04-28 16:52:12.690  3071  3810 D RCS_TAG : getExistingConversation threadId is 7 , cursor.getCount() is 1
04-28 16:52:12.690  3071  3810 D RCS_TAG : getOrCreateConversation threadId is 7 , conversationId is 16
04-28 16:52:12.817  1348  1412 W Looper  : Slow delivery took 217ms android.fg h=android.os.Handler c=<recycled PooledLambda@1d5b7aa> m=0
04-28 16:52:12.821  2197  3261 I BlockedNumbers: isBlocked: NOT BLOCKED; number=************, e164=************
04-28 16:52:12.839  2197  3261 I chatty  : uid=10069(com.android.calllogbackup) Binder:2197_7 identical 1 line
04-28 16:52:12.855  2197  3261 I BlockedNumbers: isBlocked: NOT BLOCKED; number=************, e164=************
04-28 16:52:12.860  3071  3810 I MessagingAppDataModel: ReceiveSmsMessageAction: Received SMS message 132 in conversation 16, uri = content://sms/62
04-28 16:52:12.861  3071  3810 I MessagingAppDataModel: ProcessPendingMessagesAction: Scheduling pending messages
04-28 16:52:12.891  3071  3810 W MessagingAppNotif: Service not connected
04-28 16:52:12.895  3071  3810 W MessagingAppNotif: com.gsma.services.rcs.exception.RcsServiceNotAvailableException: Service not connected
04-28 16:52:12.895  3071  3810 W MessagingAppNotif: 	at com.gsma.services.rcs.contact.ContactService.isBlockedContact(ContactService.java:182)
04-28 16:52:12.895  3071  3810 W MessagingAppNotif: 	at com.gsma.services.rcs.contact.SpamApi.isSpamNumber(SpamApi.java:67)
04-28 16:52:12.895  3071  3810 W MessagingAppNotif: 	at com.android.messaging.datamodel.BugleNotifications.isBlockNumber(BugleNotifications.java:1315)
04-28 16:52:12.895  3071  3810 W MessagingAppNotif: 	at com.android.messaging.datamodel.BugleNotifications.update(BugleNotifications.java:195)
04-28 16:52:12.895  3071  3810 W MessagingAppNotif: 	at com.android.messaging.datamodel.action.ReceiveSmsMessageAction.executeAction(ReceiveSmsMessageAction.java:176)
04-28 16:52:12.895  3071  3810 W MessagingAppNotif: 	at com.android.messaging.datamodel.action.ActionServiceImpl.executeAction(ActionServiceImpl.java:292)
04-28 16:52:12.895  3071  3810 W MessagingAppNotif: 	at com.android.messaging.datamodel.action.ActionServiceImpl.onHandleWork(ActionServiceImpl.java:258)
04-28 16:52:12.895  3071  3810 W MessagingAppNotif: 	at androidx.core.app.JobIntentService$CommandProcessor.doInBackground(JobIntentService.java:391)
04-28 16:52:12.895  3071  3810 W MessagingAppNotif: 	at androidx.core.app.JobIntentService$CommandProcessor.doInBackground(JobIntentService.java:382)
04-28 16:52:12.895  3071  3810 W MessagingAppNotif: 	at android.os.AsyncTask$3.call(AsyncTask.java:394)
04-28 16:52:12.895  3071  3810 W MessagingAppNotif: 	at java.util.concurrent.FutureTask.run(FutureTask.java:266)
04-28 16:52:12.895  3071  3810 W MessagingAppNotif: 	at java.util.concurrent.ThreadPoolExecutor.runWorker(ThreadPoolExecutor.java:1167)
04-28 16:52:12.895  3071  3810 W MessagingAppNotif: 	at java.util.concurrent.ThreadPoolExecutor$Worker.run(ThreadPoolExecutor.java:641)
04-28 16:52:12.895  3071  3810 W MessagingAppNotif: 	at java.lang.Thread.run(Thread.java:923)
04-28 16:52:12.914  2197  3261 I BlockedNumbers: isBlocked: NOT BLOCKED; number=************, e164=************
04-28 16:52:12.926  1348  1412 W Looper  : Drained
04-28 16:52:12.931  2197  3261 I BlockedNumbers: isBlocked: NOT BLOCKED; number=************, e164=************
04-28 16:52:12.943  2197  2455 I BlockedNumbers: isBlocked: NOT BLOCKED; number=************, e164=************
04-28 16:52:12.958  2197  3261 I BlockedNumbers: isBlocked: NOT BLOCKED; number=************, e164=************
04-28 16:52:12.975  2197  2455 I BlockedNumbers: isBlocked: NOT BLOCKED; number=************, e164=************
04-28 16:52:12.992  2197  2455 I BlockedNumbers: isBlocked: NOT BLOCKED; number=************, e164=************
04-28 16:52:13.006  2197  3261 I BlockedNumbers: isBlocked: NOT BLOCKED; number=************, e164=************
04-28 16:52:13.017  2197  2455 I BlockedNumbers: isBlocked: NOT BLOCKED; number=alexknoptech@protonmail.com, e164=alexknoptech@protonmail.com
04-28 16:52:13.046  1573  1573 D PresentationScreen: onNotificationRemoved pkg=com.android.messaging ,channelId=buglenotifi17 ,reason=17
04-28 16:52:13.047  1348  3856 E ActivityManager: Sending non-protected broadcast android.intent.action.notification.change from system 1573:com.android.systemui/u0a174 pkg com.android.systemui
04-28 16:52:13.047  1348  3856 E ActivityManager: java.lang.Throwable
04-28 16:52:13.047  1348  3856 E ActivityManager: 	at com.android.server.am.ActivityManagerService.checkBroadcastFromSystem(ActivityManagerService.java:16115)
04-28 16:52:13.047  1348  3856 E ActivityManager: 	at com.android.server.am.ActivityManagerService.broadcastIntentLocked(ActivityManagerService.java:16696)
04-28 16:52:13.047  1348  3856 E ActivityManager: 	at com.android.server.am.ActivityManagerService.broadcastIntentLocked(ActivityManagerService.java:16132)
04-28 16:52:13.047  1348  3856 E ActivityManager: 	at com.android.server.am.ActivityManagerService.broadcastIntentWithFeature(ActivityManagerService.java:16946)
04-28 16:52:13.047  1348  3856 E ActivityManager: 	at android.app.IActivityManager$Stub.onTransact(IActivityManager.java:2283)
04-28 16:52:13.047  1348  3856 E ActivityManager: 	at com.android.server.am.ActivityManagerService.onTransact(ActivityManagerService.java:2905)
04-28 16:52:13.047  1348  3856 E ActivityManager: 	at android.os.Binder.execTransactInternal(Binder.java:1159)
04-28 16:52:13.047  1348  3856 E ActivityManager: 	at android.os.Binder.execTransact(Binder.java:1123)
04-28 16:52:13.048  1348  3856 E ActivityManager: Sending non-protected broadcast android.intent.action.notification.change from system 1573:com.android.systemui/u0a174 pkg com.android.systemui
04-28 16:52:13.048  1348  3856 E ActivityManager: java.lang.Throwable
04-28 16:52:13.048  1348  3856 E ActivityManager: 	at com.android.server.am.ActivityManagerService.checkBroadcastFromSystem(ActivityManagerService.java:16115)
04-28 16:52:13.048  1348  3856 E ActivityManager: 	at com.android.server.am.ActivityManagerService.broadcastIntentLocked(ActivityManagerService.java:16790)
04-28 16:52:13.048  1348  3856 E ActivityManager: 	at com.android.server.am.ActivityManagerService.broadcastIntentLocked(ActivityManagerService.java:16132)
04-28 16:52:13.048  1348  3856 E ActivityManager: 	at com.android.server.am.ActivityManagerService.broadcastIntentWithFeature(ActivityManagerService.java:16946)
04-28 16:52:13.048  1348  3856 E ActivityManager: 	at android.app.IActivityManager$Stub.onTransact(IActivityManager.java:2283)
04-28 16:52:13.048  1348  3856 E ActivityManager: 	at com.android.server.am.ActivityManagerService.onTransact(ActivityManagerService.java:2905)
04-28 16:52:13.048  1348  3856 E ActivityManager: 	at android.os.Binder.execTransactInternal(Binder.java:1159)
04-28 16:52:13.048  1348  3856 E ActivityManager: 	at android.os.Binder.execTransact(Binder.java:1123)
04-28 16:52:13.049  1348  1431 I DropBoxManagerService: add tag=system_server_wtf isTagEnabled=true flags=0x2
04-28 16:52:13.077  1573  1573 I PresentationScreen: action: android.intent.action.notification.change
04-28 16:52:13.077  1573  1573 I PresentationScreen: pkg: com.android.messaging ? false
04-28 16:52:13.082  3071  3810 I MessagingAppNotif: Notifying for conversation null; tag = com.android.messaging:sms:, type = 0
04-28 16:52:13.121  3071  3810 I MessagingAppNotif: Notifying for conversation 16; tag = com.android.messaging:sms::16, type = 0
04-28 16:52:13.127  1930  2548 D androidtc: Initializing SystemTextClassifier, type = System
04-28 16:52:13.156  3071  3810 I MessagingAppNotif: Notifying for conversation 20; tag = com.android.messaging:sms::20, type = 0
04-28 16:52:13.162  1348  1431 D CompatibilityInfo: mCompatibilityFlags - 4
04-28 16:52:13.162  1348  1431 D CompatibilityInfo: applicationDensity - 240
04-28 16:52:13.162  1348  1431 D CompatibilityInfo: applicationScale - 1.0
04-28 16:52:13.168   383   383 I hwservicemanager: getTransport: Cannot find entry vendor.qti.hardware.servicetracker@1.0::IServicetracker/default in either framework or device manifest.
04-28 16:52:13.170   383   383 I hwservicemanager: getTransport: Cannot find entry vendor.qti.hardware.servicetracker@1.0::IServicetracker/default in either framework or device manifest.
04-28 16:52:13.173  1348  1373 D CompatibilityInfo: mCompatibilityFlags - 4
04-28 16:52:13.173  1348  1373 D CompatibilityInfo: applicationDensity - 240
04-28 16:52:13.173  1348  1373 D CompatibilityInfo: applicationScale - 1.0
04-28 16:52:13.271  1930  2548 D androidtc: Initializing SystemTextClassifier, type = System
04-28 16:52:13.064  1348  1431 I DropBoxManagerService: add tag=system_server_wtf isTagEnabled=true flags=0x2
04-28 16:52:13.283  1348  1348 I NotificationService: Cannot find enqueued record for key: 0|com.android.messaging|0|com.android.messaging:sms:|10111
04-28 16:52:13.322  1348  1348 I NotificationService: Cannot find enqueued record for key: 0|com.android.messaging|0|com.android.messaging:sms::16|10111
04-28 16:52:13.361  1348  1348 D NotificationService: 0|com.android.messaging|0|com.android.messaging:sms::20|10111: granting content://settings/system/notification_sound
04-28 16:52:13.362  1348  1348 I chatty  : uid=1000 system_server identical 2 lines
04-28 16:52:13.362  1348  1348 D NotificationService: 0|com.android.messaging|0|com.android.messaging:sms::20|10111: granting content://settings/system/notification_sound
04-28 16:52:13.365  1348  1348 W NotificationHistory: Attempted to add notif for locked/gone/disabled user 0
04-28 16:52:13.379  1573  1573 D InterruptionStateProvider: No bubble up: not allowed to bubble: 0|com.android.messaging|0|com.android.messaging:sms::20|10111
04-28 16:52:13.382  1573  1573 W NotifBindPipeline: Row is not set so pipeline will not run. notif = 0|com.android.messaging|0|com.android.messaging:sms::20|10111
04-28 16:52:13.382  1573  1573 D PresentationScreen: onNotificationPosted pkg=com.android.messaging ,channelId=buglenotifi20
04-28 16:52:13.383  1348  1373 E ActivityManager: Sending non-protected broadcast android.intent.action.notification.change from system 1573:com.android.systemui/u0a174 pkg com.android.systemui
04-28 16:52:13.383  1348  1373 E ActivityManager: java.lang.Throwable
04-28 16:52:13.383  1348  1373 E ActivityManager: 	at com.android.server.am.ActivityManagerService.checkBroadcastFromSystem(ActivityManagerService.java:16115)
04-28 16:52:13.383  1348  1373 E ActivityManager: 	at com.android.server.am.ActivityManagerService.broadcastIntentLocked(ActivityManagerService.java:16696)
04-28 16:52:13.383  1348  1373 E ActivityManager: 	at com.android.server.am.ActivityManagerService.broadcastIntentLocked(ActivityManagerService.java:16132)
04-28 16:52:13.383  1348  1373 E ActivityManager: 	at com.android.server.am.ActivityManagerService.broadcastIntentWithFeature(ActivityManagerService.java:16946)
04-28 16:52:13.383  1348  1373 E ActivityManager: 	at android.app.IActivityManager$Stub.onTransact(IActivityManager.java:2283)
04-28 16:52:13.383  1348  1373 E ActivityManager: 	at com.android.server.am.ActivityManagerService.onTransact(ActivityManagerService.java:2905)
04-28 16:52:13.383  1348  1373 E ActivityManager: 	at android.os.Binder.execTransactInternal(Binder.java:1159)
04-28 16:52:13.383  1348  1373 E ActivityManager: 	at android.os.Binder.execTransact(Binder.java:1123)
04-28 16:52:13.384  1348  1373 E ActivityManager: Sending non-protected broadcast android.intent.action.notification.change from system 1573:com.android.systemui/u0a174 pkg com.android.systemui
04-28 16:52:13.384  1348  1373 E ActivityManager: java.lang.Throwable
04-28 16:52:13.384  1348  1373 E ActivityManager: 	at com.android.server.am.ActivityManagerService.checkBroadcastFromSystem(ActivityManagerService.java:16115)
04-28 16:52:13.384  1348  1373 E ActivityManager: 	at com.android.server.am.ActivityManagerService.broadcastIntentLocked(ActivityManagerService.java:16790)
04-28 16:52:13.384  1348  1373 E ActivityManager: 	at com.android.server.am.ActivityManagerService.broadcastIntentLocked(ActivityManagerService.java:16132)
04-28 16:52:13.384  1348  1373 E ActivityManager: 	at com.android.server.am.ActivityManagerService.broadcastIntentWithFeature(ActivityManagerService.java:16946)
04-28 16:52:13.384  1348  1373 E ActivityManager: 	at android.app.IActivityManager$Stub.onTransact(IActivityManager.java:2283)
04-28 16:52:13.384  1348  1373 E ActivityManager: 	at com.android.server.am.ActivityManagerService.onTransact(ActivityManagerService.java:2905)
04-28 16:52:13.384  1348  1373 E ActivityManager: 	at android.os.Binder.execTransactInternal(Binder.java:1159)
04-28 16:52:13.384  1348  1373 E ActivityManager: 	at android.os.Binder.execTransact(Binder.java:1123)
04-28 16:52:13.385  1348  1431 I DropBoxManagerService: add tag=system_server_wtf isTagEnabled=true flags=0x2
04-28 16:52:13.392  1573  1573 I PresentationScreen: action: android.intent.action.notification.change
04-28 16:52:13.392  1573  1573 I PresentationScreen: pkg: com.android.messaging ? true
04-28 16:52:13.393  1348  1373 I PowerManagerService: Waking up from Dozing (uid=10174, reason=WAKE_REASON_APPLICATION, details=bright)...
04-28 16:52:13.393  1348  1431 I DropBoxManagerService: add tag=system_server_wtf isTagEnabled=true flags=0x2
04-28 16:52:13.400  1348  1469 I DisplayPowerController: Blocking screen on until initial contents have been drawn.
04-28 16:52:13.400  1348  1469 V DisplayPowerController: Brightness [0.34423202] reason changing to: 'manual', previous reason: 'screen_off'.
04-28 16:52:13.400  1573  2661 D KeyguardViewMediator: notifyScreenOn
04-28 16:52:13.401  1348  1469 D DisplayPowerController: Set keyboard light, setting enabled: 1, /sys/class/leds/keyboard_light/brightness = 255
04-28 16:52:13.408  1348  1446 E KernelCpuUidUserSysTimeReader: Negative user/sys time delta for UID=1000
04-28 16:52:13.408  1348  1446 E KernelCpuUidUserSysTimeReader: Prev times: u=1003120000 s=652300000 Curr times: u=1002520000 s=652060000
04-28 16:52:13.413  1348  1446 E KernelCpuSpeedReader: Failed to read cpu-freq: /sys/devices/system/cpu/cpu0/cpufreq/stats/time_in_state: open failed: ENOENT (No such file or directory)
04-28 16:52:13.431  1573  2661 D KeyguardViewMediator: onStartedWakingUp, seq = 204
04-28 16:52:13.431  1573  2661 D KeyguardViewMediator: notifyStartedWakingUp
04-28 16:52:13.432  1348  1415 I DisplayManagerService: Display device changed state: "HDMI Screen", ON
04-28 16:52:13.433   610   610 D SurfaceFlinger: Setting power mode 2 on display 1
04-28 16:52:13.433   582   582 I SDM     : DisplayBase::SetDisplayState: Set state = 1, display 1
04-28 16:52:13.435  1348  1415 I InputManager-JNI: Viewport [0] to add: local:0, isActive: false
04-28 16:52:13.435  1348  1415 I InputManager-JNI: Viewport [1] to add: local:1, isActive: true
04-28 16:52:13.437  1348  1516 I InputReader: Reconfiguring input devices, changes=DISPLAY_INFO | 
04-28 16:52:13.445  1348  1431 W BroadcastQueue: Background execution not allowed: receiving Intent { act=android.intent.action.USER_PRESENT flg=0x24200010 } to com.android.chrome/org.chromium.chrome.browser.sharing.click_to_call.ClickToCallMessageHandler$PhoneUnlockedReceiver
04-28 16:52:13.445  1348  1431 W BroadcastQueue: Background execution not allowed: receiving Intent { act=android.intent.action.USER_PRESENT flg=0x24200010 } to com.google.android.gms/.auth.setup.devicesignals.LockScreenReceiver
04-28 16:52:13.445  1348  1431 W BroadcastQueue: Background execution not allowed: receiving Intent { act=android.intent.action.USER_PRESENT flg=0x24200010 } to com.google.android.gms/.chimera.GmsIntentOperationService$PersistentTrustedReceiver
04-28 16:52:13.445  1348  1431 W BroadcastQueue: Background execution not allowed: receiving Intent { act=android.intent.action.USER_PRESENT flg=0x24200010 } to com.sprint.ms.cdm/.BootReceiver
04-28 16:52:13.450  2718  4065 I NearbySharing: Screen is unlocked [CONTEXT service_id=194 ]
04-28 16:52:13.451  2718  4065 I NearbySharing: Stopping scanning because Bluetooth is disabled. [CONTEXT service_id=194 ]
04-28 16:52:13.452  2718  4065 I NearbySharing: Failed to stop scanning because we're not scanning. [CONTEXT service_id=194 ]
04-28 16:52:13.454  1348  1373 D CompatibilityInfo: mCompatibilityFlags - 4
04-28 16:52:13.454  1348  1373 D CompatibilityInfo: applicationDensity - 240
04-28 16:52:13.454  1348  1373 D CompatibilityInfo: applicationScale - 1.0
04-28 16:52:13.454  2718  4065 I NearbySharing: Can't stop advertising FastInitiation. Not advertising. [CONTEXT service_id=194 ]
04-28 16:52:13.455  2718  4065 I NearbySharing: Stopping Fast Init advertisement because Bluetooth is off. [CONTEXT service_id=194 ]
04-28 16:52:13.455  2718  4065 I NearbySharing: Stopping advertising because Bluetooth is disabled. [CONTEXT service_id=194 ]
04-28 16:52:13.455   383   383 I hwservicemanager: getTransport: Cannot find entry vendor.qti.hardware.servicetracker@1.0::IServicetracker/default in either framework or device manifest.
04-28 16:52:13.457  2718  4065 I NearbySharing: Can't stop scanning for FastInitiation. Not scanning. [CONTEXT service_id=194 ]
04-28 16:52:13.459  2718  4065 I NearbySharing: Cancelling in use notification [CONTEXT service_id=194 ]
04-28 16:52:13.460  2718  4065 I NearbySharing: Fast Initiation Scanning has stopped [CONTEXT service_id=194 ]
04-28 16:52:13.460  2718  4065 I NearbySharing: Stopping FastInitiation scanning because location is disabled. [CONTEXT service_id=194 ]
04-28 16:52:13.461  2718  4065 I NearbySharing: Dismissing HUN as there's no device nearby. [CONTEXT service_id=194 ]
04-28 16:52:13.462  2718  4065 I NearbySharing: Cancelling in use notification [CONTEXT service_id=194 ]
04-28 16:52:13.472  1573  1573 W PresentationScreen: getSmsInfo cursor=android.content.ContentResolver$CursorWrapperInner@a0227a9
04-28 16:52:13.472  1573  1573 D PresentationScreen: address: ***** , smsData == 1682715132604
04-28 16:52:13.476  1348  2049 D CompatibilityInfo: mCompatibilityFlags - 4
04-28 16:52:13.476  1348  2049 D CompatibilityInfo: applicationDensity - 240
04-28 16:52:13.476  1348  2049 D CompatibilityInfo: applicationScale - 1.0
04-28 16:52:13.477   383   383 I hwservicemanager: getTransport: Cannot find entry vendor.qti.hardware.servicetracker@1.0::IServicetracker/default in either framework or device manifest.
04-28 16:52:13.490   381   381 E lowmemorykiller: Error opening /dev/memcg/apps/uid_90000/pid_1112/memory.soft_limit_in_bytes; errno=2
04-28 16:52:13.493   576   576 D audio_hw_primary: adev_set_parameters: enter: screen_state=on
04-28 16:52:13.493   576   576 D audio_hw_hfp: hfp_set_parameters: enter
04-28 16:52:13.493   576   576 W sound_trigger_hw: sound_trigger_hw_call_back: Unknown event 17
04-28 16:52:13.493   576   576 D audio_hw_extn: audio_extn_fm_set_parameters: Enter
04-28 16:52:13.493   576   576 D audio_hw_extn: haiping mic_choose_ret:-2
04-28 16:52:13.493   576   576 D audio_hw_extn: huangli audio_extn_set_mic_choose_parameters: mic_choose:0, value:
04-28 16:52:13.495  1348  1528 E WifiClientModeImpl: getWifiLinkLayerStats called without an interface
04-28 16:52:13.496  1348  1348 E AlarmManager: Attempt to decrement existing alarm count 0 by 1 for uid 1000
04-28 16:52:13.498  1348  1431 I DropBoxManagerService: add tag=system_server_wtf isTagEnabled=true flags=0x2
04-28 16:52:13.502   383   383 I hwservicemanager: getTransport: Cannot find entry vendor.qti.hardware.servicetracker@1.0::IServicetracker/default in either framework or device manifest.
04-28 16:52:13.505  1348  2345 D CompatibilityInfo: mCompatibilityFlags - 4
04-28 16:52:13.505  1348  2345 D CompatibilityInfo: applicationDensity - 240
04-28 16:52:13.505  1348  2345 D CompatibilityInfo: applicationScale - 1.0
04-28 16:52:13.507   383   383 I hwservicemanager: getTransport: Cannot find entry vendor.qti.hardware.servicetracker@1.0::IServicetracker/default in either framework or device manifest.
04-28 16:52:13.509  2718  2718 D BoundBrokerSvc: onBind: Intent { act=com.google.android.gms.cast.firstparty.START dat=chimera-action: cmp=com.google.android.gms/.chimera.PersistentApiService }
04-28 16:52:13.509  2718  2718 D BoundBrokerSvc: Loading bound service for intent: Intent { act=com.google.android.gms.cast.firstparty.START dat=chimera-action: cmp=com.google.android.gms/.chimera.PersistentApiService }
04-28 16:52:13.510  2718  4065 I NearbyMediums: BluetoothAdapter's name was not set by Nearby Connections, ignoring call to restore default scan mode. [CONTEXT service_id=54 ]
04-28 16:52:13.517  2718  4065 I NearbyMediums: BluetoothAdapter's name was not set by Nearby Connections, ignoring call to restore device name [CONTEXT service_id=54 ]
04-28 16:52:13.523   383   383 I hwservicemanager: getTransport: Cannot find entry vendor.qti.hardware.servicetracker@1.0::IServicetracker/default in either framework or device manifest.
04-28 16:52:13.524  1348  1373 D CompatibilityInfo: mCompatibilityFlags - 4
04-28 16:52:13.525  1348  1373 D CompatibilityInfo: applicationDensity - 240
04-28 16:52:13.525  1348  1373 D CompatibilityInfo: applicationScale - 1.0
04-28 16:52:13.526   383   383 I hwservicemanager: getTransport: Cannot find entry vendor.qti.hardware.servicetracker@1.0::IServicetracker/default in either framework or device manifest.
04-28 16:52:13.533   383   383 I chatty  : uid=1000(system) hwservicemanage identical 1 line
04-28 16:52:13.537   383   383 I hwservicemanager: getTransport: Cannot find entry vendor.qti.hardware.servicetracker@1.0::IServicetracker/default in either framework or device manifest.
04-28 16:52:13.537  2770  2770 D BoundBrokerSvc: onBind: Intent { act=com.google.android.gms.auth.cryptauth.cryptauthservice.START dat=chimera-action: cmp=com.google.android.gms/.chimera.GmsBoundBrokerService }
04-28 16:52:13.537  2770  2770 D BoundBrokerSvc: Loading bound service for intent: Intent { act=com.google.android.gms.auth.cryptauth.cryptauthservice.START dat=chimera-action: cmp=com.google.android.gms/.chimera.GmsBoundBrokerService }
04-28 16:52:13.539   383   383 I hwservicemanager: getTransport: Cannot find entry vendor.qti.hardware.servicetracker@1.0::IServicetracker/default in either framework or device manifest.
04-28 16:52:13.548  1348  1532 D ConnectivityService: NetReassign [no changes]
04-28 16:52:13.546   383   383 I hwservicemanager: getTransport: Cannot find entry vendor.qti.hardware.servicetracker@1.0::IServicetracker/default in either framework or device manifest.
04-28 16:52:13.551  2718  1326 I CastDatabase: Opening the database
04-28 16:52:13.570  2718  1326 I SQLiteCastStore: 0 CastNetworkInfo instances loaded, 0 CastDeviceInfo instances loaded, 0 paired guest mode devices loaded.
04-28 16:52:13.583  1573  1573 D PresentationScreen: strPerson: Jules
04-28 16:52:13.585  1573  1573 W PresentationScreen: ==getMmsInfo ===
04-28 16:52:13.606  1573  1573 D KeyguardViewMediator: handleNotifyScreenTurningOn
04-28 16:52:13.610   587   587 E QMI_FW  : qmi_cci_get_ref: ref count increased 2
04-28 16:52:13.611   587   587 I chatty  : uid=1000(system) sensors@1.0-ser identical 1 line
04-28 16:52:13.612   587   587 E QMI_FW  : qmi_cci_get_ref: ref count increased 2
04-28 16:52:13.616  1573  1573 D KeyguardViewMediator: handleNotifyWakingUp
04-28 16:52:13.617  1573  1573 V KeyguardStatusView: Schedule setEnableMarquee: Enable
04-28 16:52:13.620  1573  1573 D StatusBar: updateQsExpansionEnabled - QS Expand enabled: true
04-28 16:52:13.621  1573  1985 D KeyguardViewMediator: updateActivityLockScreenState(false, false)
04-28 16:52:13.625  1348  3856 D ActivityTaskManager: Top Process State changed to PROCESS_STATE_TOP
04-28 16:52:13.625   383   383 I hwservicemanager: getTransport: Cannot find entry vendor.qti.hardware.servicetracker@1.2::IServicetracker/default in either framework or device manifest.
04-28 16:52:13.626  1348  3856 W ActivityTaskManager: servicetracker HIDL not available
04-28 16:52:13.626  1348  3856 E ActivityTaskManager: Unable to get servicetracker HAL instance
04-28 16:52:13.628   383   383 I hwservicemanager: getTransport: Cannot find entry vendor.qti.hardware.servicetracker@1.2::IServicetracker/default in either framework or device manifest.
04-28 16:52:13.628  1573  1573 D StatusBar: updateQsExpansionEnabled - QS Expand enabled: true
04-28 16:52:13.628  1348  3856 W ActivityTaskManager: servicetracker HIDL not available
04-28 16:52:13.628  1348  3856 E ActivityTaskManager: Unable to get servicetracker HAL instance
04-28 16:52:13.634  1573  1573 D StatusBar: updateQsExpansionEnabled - QS Expand enabled: true
04-28 16:52:13.642   587   587 E QMI_FW  : qmi_cci_get_ref: ref count increased 2
04-28 16:52:13.644   587   587 E QMI_FW  : qmi_cci_get_ref: ref count increased 2
04-28 16:52:13.647  1573  1573 D StatusBar: disable<e i a s b h r c s > disable2<q i n >
04-28 16:52:13.654  1573  1573 D KeyguardUpdateMonitor: received broadcast android.intent.action.TIME_TICK
04-28 16:52:13.658  1573  1573 D KeyguardUpdateMonitor: received broadcast android.intent.action.TIME_TICK
04-28 16:52:13.660  1573  1573 D PresentationScreen: receive action = android.intent.action.SCREEN_ON
04-28 16:52:13.661  1573  1573 D PresentationScreen: resetScreenOn
04-28 16:52:13.661  1573  1573 D PresentationScreen: java.lang.RuntimeException
04-28 16:52:13.661  1573  1573 D PresentationScreen: 	at com.android.systemui.presentationscreen.PresentationScreen.resetScreenOn(PresentationScreen.java:2573)
04-28 16:52:13.661  1573  1573 D PresentationScreen: 	at com.android.systemui.presentationscreen.PresentationScreen.refreshView(PresentationScreen.java:2104)
04-28 16:52:13.661  1573  1573 D PresentationScreen: 	at com.android.systemui.presentationscreen.PresentationScreen.access$3700(PresentationScreen.java:144)
04-28 16:52:13.661  1573  1573 D PresentationScreen: 	at com.android.systemui.presentationscreen.PresentationScreen$3.onReceive(PresentationScreen.java:1405)
04-28 16:52:13.661  1573  1573 D PresentationScreen: 	at android.app.LoadedApk$ReceiverDispatcher$Args.lambda$getRunnable$0$LoadedApk$ReceiverDispatcher$Args(LoadedApk.java:1580)
04-28 16:52:13.661  1573  1573 D PresentationScreen: 	at android.app.-$$Lambda$LoadedApk$ReceiverDispatcher$Args$_BumDX2UKsnxLVrE6UJsJZkotuA.run(Unknown Source:2)
04-28 16:52:13.661  1573  1573 D PresentationScreen: 	at android.os.Handler.handleCallback(Handler.java:938)
04-28 16:52:13.661  1573  1573 D PresentationScreen: 	at android.os.Handler.dispatchMessage(Handler.java:99)
04-28 16:52:13.661  1573  1573 D PresentationScreen: 	at android.os.Looper.loop(Looper.java:223)
04-28 16:52:13.661  1573  1573 D PresentationScreen: 	at android.app.ActivityThread.main(ActivityThread.java:7711)
04-28 16:52:13.661  1573  1573 D PresentationScreen: 	at java.lang.reflect.Method.invoke(Native Method)
04-28 16:52:13.661  1573  1573 D PresentationScreen: 	at com.android.internal.os.RuntimeInit$MethodAndArgsCaller.run(RuntimeInit.java:592)
04-28 16:52:13.661  1573  1573 D PresentationScreen: 	at com.android.internal.os.ZygoteInit.main(ZygoteInit.java:952)
04-28 16:52:13.661  1573  1573 D PresentationScreen: resetScreenOn CLEAR_SCREEN_DELAY
04-28 16:52:13.662  1573  1573 E PresentationScreen: YLH:refreshView mTelephonyManager.getSimState()=5
04-28 16:52:13.667  1860  2223 D TelephonyProvider: Using old permission behavior for telephony provider compat
04-28 16:52:13.690  1348  1469 I DisplayPowerController: Unblocked screen on after 290 ms
04-28 16:52:13.696  1573  1573 D StatusBar: disable<e i a s b h r c s > disable2<q i n >
04-28 16:52:13.698  1573  1789 D WifiCallingTile: CheckeSMFService handleUpdateState----enabled = false
04-28 16:52:13.703  1573  1573 D KeyguardUpdateMonitor: handleTimeUpdate
04-28 16:52:13.704  1573  1573 D KeyguardUpdateMonitor: handleTimeUpdate
04-28 16:52:13.776  2718  4065 I NearbySharing: Screen is already unlocked, skipping invalidate [CONTEXT service_id=194 ]
04-28 16:52:13.833  1348  1415 D DisplayManagerService: send sub lcd state to ptt: com.kodiak.intent.action.SUB_SCREEN_ON
04-28 16:52:13.833  1348  1415 W ContextImpl: Calling a method in the system process without a qualified user: android.app.ContextImpl.sendBroadcast:1111 com.android.server.display.DisplayManagerService$DisplayManagerHandler.handleMessage:2046 android.os.Handler.dispatchMessage:106 android.os.Looper.loop:223 android.os.HandlerThread.run:67 
04-28 16:52:13.834  1348  1415 E ActivityManager: Sending non-protected broadcast com.kodiak.intent.action.SUB_SCREEN_ON from system 1348:system/1000 pkg android
04-28 16:52:13.834  1348  1415 E ActivityManager: java.lang.Throwable
04-28 16:52:13.834  1348  1415 E ActivityManager: 	at com.android.server.am.ActivityManagerService.checkBroadcastFromSystem(ActivityManagerService.java:16115)
04-28 16:52:13.834  1348  1415 E ActivityManager: 	at com.android.server.am.ActivityManagerService.broadcastIntentLocked(ActivityManagerService.java:16790)
04-28 16:52:13.834  1348  1415 E ActivityManager: 	at com.android.server.am.ActivityManagerService.broadcastIntentLocked(ActivityManagerService.java:16132)
04-28 16:52:13.834  1348  1415 E ActivityManager: 	at com.android.server.am.ActivityManagerService.broadcastIntentWithFeature(ActivityManagerService.java:16946)
04-28 16:52:13.834  1348  1415 E ActivityManager: 	at android.app.ContextImpl.sendBroadcast(ContextImpl.java:1115)
04-28 16:52:13.834  1348  1415 E ActivityManager: 	at com.android.server.display.DisplayManagerService$DisplayManagerHandler.handleMessage(DisplayManagerService.java:2046)
04-28 16:52:13.834  1348  1415 E ActivityManager: 	at android.os.Handler.dispatchMessage(Handler.java:106)
04-28 16:52:13.834  1348  1415 E ActivityManager: 	at android.os.Looper.loop(Looper.java:223)
04-28 16:52:13.834  1348  1415 E ActivityManager: 	at android.os.HandlerThread.run(HandlerThread.java:67)
04-28 16:52:13.834  1348  1415 E ActivityManager: 	at com.android.server.ServiceThread.run(ServiceThread.java:44)
04-28 16:52:13.861   593   593 D vendor.qti.vibrator: QTI Vibrator off
04-28 16:52:13.864   593   593 D vendor.qti.vibrator: Vibrator on for timeoutMs: 350
04-28 16:52:13.914   610   610 D SurfaceFlinger: Finished setting power mode 2 on display 1
04-28 16:52:13.914  1348  1567 D SurfaceControl: Excessive delay in setPowerMode()
04-28 16:52:13.915  1348  1469 W PowerManagerService: Screen on took 521 ms
04-28 16:52:13.915  1348  1469 I DreamManagerService: Gently waking up from dream.
04-28 16:52:13.915  1573  1967 D KeyguardViewMediator: notifyScreenTurnedOn
04-28 16:52:13.916  1348  1412 I DreamManagerService: Performing gentle wake from dream.
04-28 16:52:13.916  1573  1573 D AlertNotifManager: NotificationEntry entry.getKey()=0|com.android.messaging|0|com.android.messaging:sms::20|10111
04-28 16:52:13.916  1573  1573 D AlertNotifManager: NotificationEntry entry.headsUpStatusBarText=Messaging
04-28 16:52:13.916  1573  1573 D AlertNotifManager: NotificationEntry entry.headsUpStatusBarTextPublic=Messaging
04-28 16:52:13.917  1573  1573 D AlertNotifManager: NotificationEntry entry.remoteInputText=null
04-28 16:52:13.917  1573  1573 D AlertNotifManager: NotificationEntry entry.remoteInputText=null
04-28 16:52:13.917  1573  1573 D AlertNotifManager: NotificationEntry entry.remoteInputUri=null
04-28 16:52:13.917  1573  1573 D AlertNotifManager: NotificationChannel nc.toString()=NotificationChannel{mId='buglenotifi20', mName=BugleNotifications, mDescription=, mImportance=4, mBypassDnd=false, mLockscreenVisibility=-1000, mSound=content://settings/system/notification_sound, mLights=true, mLightColor=0, mVibration=[0, 350, 250, 350], mUserLockedFields=0, mFgServiceShown=false, mVibrationEnabled=true, mShowBadge=true, mDeleted=false, mGroup='null', mAudioAttributes=null, mBlockableSystem=false, mAllowBubbles=-1, mImportanceLockedByOEM=false, mImportanceLockedDefaultApp=false, mOriginalImp=4, mParent=null, mConversationId=null, mDemoted=false, mImportantConvo=false}
04-28 16:52:13.917  1573  1573 D AlertNotifManager: NotificationChannel nc.getConversationId()=null
04-28 16:52:13.917  1573  1573 D AlertNotifManager: NotificationChannel nc.getDescription()=null
04-28 16:52:13.917  1573  1573 D AlertNotifManager: NotificationChannel nc.getGroup()=null
04-28 16:52:13.917  1573  1573 D AlertNotifManager: NotificationChannel nc.getId()=buglenotifi20
04-28 16:52:13.917  1573  1573 D AlertNotifManager: NotificationChannel nc.getParentChannelId()=null
04-28 16:52:13.917  1573  1573 D AlertNotifManager: NotificationChannel nc.getName()=BugleNotifications
04-28 16:52:13.925  1573  1573 W TouchableRegionManager: onHeadsUpPinnedModeChanged
04-28 16:52:13.926  1573  1573 D StatusBar: disable<e i a s b h r c s > disable2<q i n >
04-28 16:52:13.990  1573  1573 D KeyguardViewMediator: handleNotifyScreenTurnedOn
04-28 16:52:13.991  1348  3856 I DreamManagerService: Leaving dreamland.
04-28 16:52:13.991  1348  1412 I DreamManagerService: Performing gentle wake from dream.
04-28 16:52:13.991  1348  1412 I DreamController: Stopping dream: name=ComponentInfo{com.android.systemui/com.android.systemui.doze.DozeService}, isTest=false, canDoze=true, userId=0, reason='finished self'(from 'requested stopDream')
04-28 16:52:13.994   383   383 I hwservicemanager: getTransport: Cannot find entry vendor.qti.hardware.servicetracker@1.0::IServicetracker/default in either framework or device manifest.
04-28 16:52:13.995   383   383 I hwservicemanager: getTransport: Cannot find entry vendor.qti.hardware.servicetracker@1.0::IServicetracker/default in either framework or device manifest.
04-28 16:52:14.039  1573  1573 E SpannableStringBuilder: SPAN_EXCLUSIVE_EXCLUSIVE spans cannot have a zero length
04-28 16:52:14.040  1573  1573 E SpannableStringBuilder: SPAN_EXCLUSIVE_EXCLUSIVE spans cannot have a zero length
04-28 16:52:14.216   593   593 D vendor.qti.vibrator: QTI Vibrator off
04-28 16:52:14.433  1002  1210 E QMI_FW  : qmi_cci_get_ref: ref count increased 2
04-28 16:52:14.435  1002  1083 E QMI_FW  : qmi_cci_get_ref: ref count increased 2
04-28 16:52:14.468   593   593 D vendor.qti.vibrator: Vibrator on for timeoutMs: 350
04-28 16:52:14.820   593   593 D vendor.qti.vibrator: QTI Vibrator off
04-28 16:52:15.064  1348  1431 W BroadcastQueue: Background execution not allowed: receiving Intent { act=android.intent.action.DROPBOX_ENTRY_ADDED flg=0x10 (has extras) } to com.google.android.gms/.stats.service.DropBoxEntryAddedReceiver
04-28 16:52:15.065  1348  1431 W BroadcastQueue: Background execution not allowed: receiving Intent { act=android.intent.action.DROPBOX_ENTRY_ADDED flg=0x10 (has extras) } to com.google.android.gms/.chimera.GmsIntentOperationService$PersistentTrustedReceiver
04-28 16:52:15.079  1348  3856 D CompatibilityInfo: mCompatibilityFlags - 4
04-28 16:52:15.079  1348  3856 D CompatibilityInfo: applicationDensity - 240
04-28 16:52:15.079  1348  3856 D CompatibilityInfo: applicationScale - 1.0
04-28 16:52:15.080   383   383 I hwservicemanager: getTransport: Cannot find entry vendor.qti.hardware.servicetracker@1.0::IServicetracker/default in either framework or device manifest.
04-28 16:52:15.118   383   383 I hwservicemanager: getTransport: Cannot find entry vendor.qti.hardware.servicetracker@1.0::IServicetracker/default in either framework or device manifest.
04-28 16:52:15.620  1573  1573 V KeyguardStatusView: Enable transport text marquee
04-28 16:52:18.928  1002  1210 E QMI_FW  : qmi_cci_get_ref: ref count increased 2
04-28 16:52:18.929  1002  1083 E QMI_FW  : qmi_cci_get_ref: ref count increased 2
04-28 16:52:19.057  1002  2899 E QMI_FW  : qmi_cci_get_ref: ref count increased 2
04-28 16:52:19.057  1002  3106 E QMI_FW  : qmi_cci_get_ref: ref count increased 2
04-28 16:52:19.627  1573  1573 W TouchableRegionManager: onHeadsUpPinnedModeChanged
04-28 16:52:19.630   383   383 I hwservicemanager: getTransport: Cannot find entry vendor.qti.hardware.servicetracker@1.0::IServicetracker/default in either framework or device manifest.
04-28 16:52:19.631  2770  2770 D BoundBrokerSvc: onBind: Intent { act=com.google.android.gms.safetynet.service.START pkg=com.google.android.gms }
04-28 16:52:19.631  2770  2770 D BoundBrokerSvc: Loading bound service for intent: Intent { act=com.google.android.gms.safetynet.service.START pkg=com.google.android.gms }
04-28 16:52:19.666  2197  2217 W d.process.acor: Reducing the number of considered missed Gc histogram windows from 109 to 100
04-28 16:52:19.918  1573  1573 D StatusBar: disable<e i a s b h r c s > disable2<q i n >
04-28 16:52:21.170  1002  1210 E QMI_FW  : qmi_cci_get_ref: ref count increased 2
04-28 16:52:21.172  1002  1083 E QMI_FW  : qmi_cci_get_ref: ref count increased 2
04-28 16:52:21.285  1002  3106 E QMI_FW  : qmi_cci_get_ref: ref count increased 2
04-28 16:52:21.285  1002  2899 E QMI_FW  : qmi_cci_get_ref: ref count increased 2
04-28 16:52:21.400  1348  1469 I PowerManagerService: Going to sleep due to timeout (uid 1000)...
04-28 16:52:21.402  1348  1469 I DisplayPowerController: Blocking screen off
04-28 16:52:21.403  1348  1469 I DisplayPowerController: Unblocked screen off after 1 ms
04-28 16:52:21.404  1348  1415 E SurfaceFlinger: captureLayers failed to readInt32: -2
04-28 16:52:21.405  1348  1469 D ActivityTaskManager: Top Process State changed to PROCESS_STATE_TOP_SLEEPING
04-28 16:52:21.416  1348  1446 E KernelCpuSpeedReader: Failed to read cpu-freq: /sys/devices/system/cpu/cpu0/cpufreq/stats/time_in_state: open failed: ENOENT (No such file or directory)
04-28 16:52:21.428   383   383 I hwservicemanager: getTransport: Cannot find entry vendor.qti.hardware.servicetracker@1.2::IServicetracker/default in either framework or device manifest.
04-28 16:52:21.428  1348  1469 W ActivityTaskManager: servicetracker HIDL not available
04-28 16:52:21.428  1348  1469 E ActivityTaskManager: Unable to get servicetracker HAL instance
04-28 16:52:21.429  1348  1469 D ActivityTrigger: ActivityTrigger activityPauseTrigger 
04-28 16:52:21.429   383   383 I hwservicemanager: getTransport: Cannot find entry vendor.qti.hardware.servicetracker@1.2::IServicetracker/default in either framework or device manifest.
04-28 16:52:21.430  1348  1469 W ActivityTaskManager: servicetracker HIDL not available
04-28 16:52:21.430  1348  1469 E ActivityTaskManager: Unable to get servicetracker HAL instance
04-28 16:52:21.431  1348  1469 V DisplayPowerController: Brightness [-1.0] reason changing to: 'screen_off', previous reason: 'manual'.
04-28 16:52:21.432  1348  1469 D DisplayPowerController: Set keyboard light, setting enabled: 1, /sys/class/leds/keyboard_light/brightness = 0
04-28 16:52:21.433   383   383 I hwservicemanager: getTransport: Cannot find entry vendor.qti.hardware.servicetracker@1.2::IServicetracker/default in either framework or device manifest.
04-28 16:52:21.433   610   610 D SurfaceFlinger: Setting power mode 0 on display 1
04-28 16:52:21.433   582   582 I SDM     : DisplayBase::SetDisplayState: Set state = 0, display 1
04-28 16:52:21.434  1348  2049 W ActivityTaskManager: servicetracker HIDL not available
04-28 16:52:21.434  1348  2049 E ActivityTaskManager: Unable to get servicetracker HAL instance
04-28 16:52:21.434   383   383 I hwservicemanager: getTransport: Cannot find entry vendor.qti.hardware.servicetracker@1.2::IServicetracker/default in either framework or device manifest.
04-28 16:52:21.435  1348  2049 W ActivityTaskManager: servicetracker HIDL not available
04-28 16:52:21.435  1348  2049 E ActivityTaskManager: Unable to get servicetracker HAL instance
04-28 16:52:21.438  1348  1415 I DisplayManagerService: Display device changed state: "HDMI Screen", OFF
04-28 16:52:21.443  1573  1573 W IInputConnectionWrapper: setComposingText on inactive InputConnection
04-28 16:52:21.444   383   383 I hwservicemanager: getTransport: Cannot find entry vendor.qti.hardware.servicetracker@1.2::IServicetracker/default in either framework or device manifest.
04-28 16:52:21.444  1348  1415 W ActivityTaskManager: servicetracker HIDL not available
04-28 16:52:21.444  1348  1415 E ActivityTaskManager: Unable to get servicetracker HAL instance
04-28 16:52:21.444  1573  3802 D KeyguardViewMediator: notifyScreenTurnedOff
04-28 16:52:21.445  1573  1573 D KeyguardViewMediator: handleNotifyScreenTurnedOff
04-28 16:52:21.445  1573  3802 D KeyguardViewMediator: onStartedGoingToSleep(3)
04-28 16:52:21.445   383   383 I hwservicemanager: getTransport: Cannot find entry vendor.qti.hardware.servicetracker@1.2::IServicetracker/default in either framework or device manifest.
04-28 16:52:21.446  1348  1415 W ActivityTaskManager: servicetracker HIDL not available
04-28 16:52:21.446  1348  1415 E ActivityTaskManager: Unable to get servicetracker HAL instance
04-28 16:52:21.448  1573  3802 D KeyguardViewMediator: setting alarm to turn off keyguard, seq = 205
04-28 16:52:21.449  1573  3802 D KeyguardViewMediator: notifyStartedGoingToSleep
04-28 16:52:21.458  1348  1415 I InputManager-JNI: Viewport [0] to add: local:0, isActive: false
04-28 16:52:21.458  1348  1415 I InputManager-JNI: Viewport [1] to add: local:1, isActive: false
04-28 16:52:21.459  1348  1516 I InputReader: Reconfiguring input devices, changes=DISPLAY_INFO | 
04-28 16:52:21.466  1573  1573 V KeyguardUpdateMonitor: startListeningForFingerprint()
04-28 16:52:21.466  1573  1573 D KeyguardViewMediator: handleNotifyStartedGoingToSleep
04-28 16:52:21.480   383   383 I hwservicemanager: getTransport: Cannot find entry vendor.qti.hardware.servicetracker@1.2::IServicetracker/default in either framework or device manifest.
04-28 16:52:21.480  1348  1591 W ActivityTaskManager: servicetracker HIDL not available
04-28 16:52:21.480  1348  1591 E ActivityTaskManager: Unable to get servicetracker HAL instance
04-28 16:52:21.481  1348  1591 W ActivityTaskManager: servicetracker HIDL not available
04-28 16:52:21.481  1348  1591 E ActivityTaskManager: Unable to get servicetracker HAL instance
04-28 16:52:21.480   383   383 I hwservicemanager: getTransport: Cannot find entry vendor.qti.hardware.servicetracker@1.2::IServicetracker/default in either framework or device manifest.
04-28 16:52:21.487  1860  2223 D TelephonyProvider: Using old permission behavior for telephony provider compat
04-28 16:52:21.511  1573  1789 D WifiCallingTile: CheckeSMFService handleUpdateState----enabled = false
04-28 16:52:21.534   610   610 D SurfaceFlinger: Finished setting power mode 0 on display 1
04-28 16:52:21.537  1348  1567 D SurfaceControl: Excessive delay in setPowerMode()
04-28 16:52:21.538  1348  1469 I DreamManagerService: Entering dreamland.
04-28 16:52:21.539  1348  1469 I PowerManagerService: Dozing...
04-28 16:52:21.539  1348  1412 I DreamController: Starting dream: name=ComponentInfo{com.android.systemui/com.android.systemui.doze.DozeService}, isTest=false, canDoze=true, userId=0
04-28 16:52:21.541  1573  1573 V ShadeControllerImpl: NotificationShadeWindow: com.android.systemui.statusbar.phone.NotificationShadeWindowView{964035e I.E...... ......ID 0,0-480,640} canPanelBeCollapsed(): false
04-28 16:52:21.542   383   383 I hwservicemanager: getTransport: Cannot find entry vendor.qti.hardware.servicetracker@1.0::IServicetracker/default in either framework or device manifest.
04-28 16:52:21.543  1348  1412 D CompatibilityInfo: mCompatibilityFlags - 4
04-28 16:52:21.543  1348  1412 D CompatibilityInfo: applicationDensity - 240
