--------- beginning of crash
12-31 19:00:26.925   385   385 F libc    : Fatal signal 6 (SIGABRT), code -1 (SI_QUEUE) in tid 385 (init), pid 385 (init)
12-31 19:00:26.976   385   385 F libc    : crash_dump helper failed to exec
12-31 19:00:33.378   981   981 F libc    : Fatal signal 6 (SIGABRT), code -1 (SI_QUEUE) in tid 981 (xtra-daemon), pid 981 (xtra-daemon)
12-31 19:00:33.542  1018  1018 F DEBUG   : *** *** *** *** *** *** *** *** *** *** *** *** *** *** *** ***
12-31 19:00:33.542  1018  1018 F DEBUG   : Build fingerprint: 'Cat/S22FLIP/S22FLIP:11/RKQ1.210416.002/LTE_S02113.11_N_S22Flip_0.030.03:user/release-keys'
12-31 19:00:33.542  1018  1018 F DEBUG   : Revision: '0'
12-31 19:00:33.542  1018  1018 F DEBUG   : ABI: 'arm'
12-31 19:00:33.543  1018  1018 F DEBUG   : Timestamp: 1969-12-31 19:00:33-0500
12-31 19:00:33.543  1018  1018 F DEBUG   : pid: 981, tid: 981, name: xtra-daemon  >>> xtra-daemon <<<
12-31 19:00:33.543  1018  1018 F DEBUG   : uid: 1021
12-31 19:00:33.543  1018  1018 F DEBUG   : signal 6 (SIGABRT), code -1 (SI_QUEUE), fault addr --------
12-31 19:00:33.544  1018  1018 F DEBUG   : Abort message: 'ubsan: mul-overflow'
12-31 19:00:33.544  1018  1018 F DEBUG   :     r0  00000000  r1  000003d5  r2  00000006  r3  be80e148
12-31 19:00:33.544  1018  1018 F DEBUG   :     r4  be80e15c  r5  be80e140  r6  000003d5  r7  0000016b
12-31 19:00:33.544  1018  1018 F DEBUG   :     r8  be80e148  r9  be80e158  r10 be80e178  r11 be80e168
12-31 19:00:33.544  1018  1018 F DEBUG   :     ip  000003d5  sp  be80e118  lr  a90c33a9  pc  a90c33bc
12-31 19:00:33.595  1018  1018 F DEBUG   : backtrace:
12-31 19:00:33.595  1018  1018 F DEBUG   :       #00 pc 000653bc  /apex/com.android.runtime/lib/bionic/libc.so (abort+172) (BuildId: ebf64c5ac10e1302b1c8e5b0260f6438)
12-31 19:00:33.595  1018  1018 F DEBUG   :       #01 pc 000314a4  /vendor/bin/xtra-daemon (abort_with_message(char const*)+24) (BuildId: d9e1c22d3c80c60c96f38736b120880c)
12-31 19:00:33.595  1018  1018 F DEBUG   :       #02 pc 00031620  /vendor/bin/xtra-daemon (__ubsan_handle_mul_overflow_minimal_abort+24) (BuildId: d9e1c22d3c80c60c96f38736b120880c)
12-31 19:00:33.596  1018  1018 F DEBUG   :       #03 pc 0002389f  /vendor/bin/xtra-daemon (izat_xtra::XtraTimer::start(long)+118) (BuildId: d9e1c22d3c80c60c96f38736b120880c)
12-31 19:00:33.596  1018  1018 F DEBUG   :       #04 pc 0002572d  /vendor/bin/xtra-daemon (izat_xtra::XtraNativeClient::XtraNativeClient(izat_xtra::XtraClient&, std::__1::function<void ()>&)+516) (BuildId: d9e1c22d3c80c60c96f38736b120880c)
12-31 19:00:33.596  1018  1018 F DEBUG   :       #05 pc 00011dd1  /vendor/bin/xtra-daemon (izat_xtra::XtraClient::XtraClient(std::__1::function<void ()>&)+80) (BuildId: d9e1c22d3c80c60c96f38736b120880c)
12-31 19:00:33.596  1018  1018 F DEBUG   :       #06 pc 00014293  /vendor/bin/xtra-daemon (izat_xtra::XtraHolder::XtraHolder()+146) (BuildId: d9e1c22d3c80c60c96f38736b120880c)
12-31 19:00:33.596  1018  1018 F DEBUG   :       #07 pc 00014083  /vendor/bin/xtra-daemon (izat_xtra::initAndRunXtra()+62) (BuildId: d9e1c22d3c80c60c96f38736b120880c)
12-31 19:00:33.596  1018  1018 F DEBUG   :       #08 pc 0003129f  /vendor/bin/xtra-daemon (main+94) (BuildId: d9e1c22d3c80c60c96f38736b120880c)
12-31 19:00:33.596  1018  1018 F DEBUG   :       #09 pc 0005fbc1  /apex/com.android.runtime/lib/bionic/libc.so (__libc_init+68) (BuildId: ebf64c5ac10e1302b1c8e5b0260f6438)
12-31 19:00:33.931  1048  1048 F libc    : Fatal signal 6 (SIGABRT), code -1 (SI_QUEUE) in tid 1048 (xtra-daemon), pid 1048 (xtra-daemon)
12-31 19:00:34.039  1062  1062 F DEBUG   : *** *** *** *** *** *** *** *** *** *** *** *** *** *** *** ***
12-31 19:00:34.039  1062  1062 F DEBUG   : Build fingerprint: 'Cat/S22FLIP/S22FLIP:11/RKQ1.210416.002/LTE_S02113.11_N_S22Flip_0.030.03:user/release-keys'
12-31 19:00:34.039  1062  1062 F DEBUG   : Revision: '0'
12-31 19:00:34.039  1062  1062 F DEBUG   : ABI: 'arm'
12-31 19:00:34.041  1062  1062 F DEBUG   : Timestamp: 1969-12-31 19:00:34-0500
12-31 19:00:34.041  1062  1062 F DEBUG   : pid: 1048, tid: 1048, name: xtra-daemon  >>> xtra-daemon <<<
12-31 19:00:34.041  1062  1062 F DEBUG   : uid: 1021
12-31 19:00:34.041  1062  1062 F DEBUG   : signal 6 (SIGABRT), code -1 (SI_QUEUE), fault addr --------
12-31 19:00:34.041  1062  1062 F DEBUG   : Abort message: 'ubsan: mul-overflow'
12-31 19:00:34.041  1062  1062 F DEBUG   :     r0  00000000  r1  00000418  r2  00000006  r3  beb12148
12-31 19:00:34.041  1062  1062 F DEBUG   :     r4  beb1215c  r5  beb12140  r6  00000418  r7  0000016b
12-31 19:00:34.042  1062  1062 F DEBUG   :     r8  beb12148  r9  beb12158  r10 beb12178  r11 beb12168
12-31 19:00:34.042  1062  1062 F DEBUG   :     ip  00000418  sp  beb12118  lr  a817a3a9  pc  a817a3bc
12-31 19:00:34.080  1062  1062 F DEBUG   : backtrace:
12-31 19:00:34.080  1062  1062 F DEBUG   :       #00 pc 000653bc  /apex/com.android.runtime/lib/bionic/libc.so (abort+172) (BuildId: ebf64c5ac10e1302b1c8e5b0260f6438)
12-31 19:00:34.080  1062  1062 F DEBUG   :       #01 pc 000314a4  /vendor/bin/xtra-daemon (abort_with_message(char const*)+24) (BuildId: d9e1c22d3c80c60c96f38736b120880c)
12-31 19:00:34.081  1062  1062 F DEBUG   :       #02 pc 00031620  /vendor/bin/xtra-daemon (__ubsan_handle_mul_overflow_minimal_abort+24) (BuildId: d9e1c22d3c80c60c96f38736b120880c)
12-31 19:00:34.081  1062  1062 F DEBUG   :       #03 pc 0002389f  /vendor/bin/xtra-daemon (izat_xtra::XtraTimer::start(long)+118) (BuildId: d9e1c22d3c80c60c96f38736b120880c)
12-31 19:00:34.082  1062  1062 F DEBUG   :       #04 pc 0002572d  /vendor/bin/xtra-daemon (izat_xtra::XtraNativeClient::XtraNativeClient(izat_xtra::XtraClient&, std::__1::function<void ()>&)+516) (BuildId: d9e1c22d3c80c60c96f38736b120880c)
12-31 19:00:34.082  1062  1062 F DEBUG   :       #05 pc 00011dd1  /vendor/bin/xtra-daemon (izat_xtra::XtraClient::XtraClient(std::__1::function<void ()>&)+80) (BuildId: d9e1c22d3c80c60c96f38736b120880c)
12-31 19:00:34.082  1062  1062 F DEBUG   :       #06 pc 00014293  /vendor/bin/xtra-daemon (izat_xtra::XtraHolder::XtraHolder()+146) (BuildId: d9e1c22d3c80c60c96f38736b120880c)
12-31 19:00:34.082  1062  1062 F DEBUG   :       #07 pc 00014083  /vendor/bin/xtra-daemon (izat_xtra::initAndRunXtra()+62) (BuildId: d9e1c22d3c80c60c96f38736b120880c)
12-31 19:00:34.082  1062  1062 F DEBUG   :       #08 pc 0003129f  /vendor/bin/xtra-daemon (main+94) (BuildId: d9e1c22d3c80c60c96f38736b120880c)
12-31 19:00:34.082  1062  1062 F DEBUG   :       #09 pc 0005fbc1  /apex/com.android.runtime/lib/bionic/libc.so (__libc_init+68) (BuildId: ebf64c5ac10e1302b1c8e5b0260f6438)
12-31 19:00:34.259  1068  1068 F libc    : Fatal signal 6 (SIGABRT), code -1 (SI_QUEUE) in tid 1068 (xtra-daemon), pid 1068 (xtra-daemon)
12-31 19:00:34.303  1077  1077 F DEBUG   : *** *** *** *** *** *** *** *** *** *** *** *** *** *** *** ***
12-31 19:00:34.303  1077  1077 F DEBUG   : Build fingerprint: 'Cat/S22FLIP/S22FLIP:11/RKQ1.210416.002/LTE_S02113.11_N_S22Flip_0.030.03:user/release-keys'
12-31 19:00:34.303  1077  1077 F DEBUG   : Revision: '0'
12-31 19:00:34.303  1077  1077 F DEBUG   : ABI: 'arm'
12-31 19:00:34.304  1077  1077 F DEBUG   : Timestamp: 1969-12-31 19:00:34-0500
12-31 19:00:34.304  1077  1077 F DEBUG   : pid: 1068, tid: 1068, name: xtra-daemon  >>> xtra-daemon <<<
12-31 19:00:34.304  1077  1077 F DEBUG   : uid: 1021
12-31 19:00:34.304  1077  1077 F DEBUG   : signal 6 (SIGABRT), code -1 (SI_QUEUE), fault addr --------
12-31 19:00:34.304  1077  1077 F DEBUG   : Abort message: 'ubsan: mul-overflow'
12-31 19:00:34.304  1077  1077 F DEBUG   :     r0  00000000  r1  0000042c  r2  00000006  r3  beefd148
12-31 19:00:34.304  1077  1077 F DEBUG   :     r4  beefd15c  r5  beefd140  r6  0000042c  r7  0000016b
12-31 19:00:34.304  1077  1077 F DEBUG   :     r8  beefd148  r9  beefd158  r10 beefd178  r11 beefd168
12-31 19:00:34.304  1077  1077 F DEBUG   :     ip  0000042c  sp  beefd118  lr  b0ef53a9  pc  b0ef53bc
12-31 19:00:34.324  1077  1077 F DEBUG   : backtrace:
12-31 19:00:34.325  1077  1077 F DEBUG   :       #00 pc 000653bc  /apex/com.android.runtime/lib/bionic/libc.so (abort+172) (BuildId: ebf64c5ac10e1302b1c8e5b0260f6438)
12-31 19:00:34.326  1077  1077 F DEBUG   :       #01 pc 000314a4  /vendor/bin/xtra-daemon (abort_with_message(char const*)+24) (BuildId: d9e1c22d3c80c60c96f38736b120880c)
12-31 19:00:34.326  1077  1077 F DEBUG   :       #02 pc 00031620  /vendor/bin/xtra-daemon (__ubsan_handle_mul_overflow_minimal_abort+24) (BuildId: d9e1c22d3c80c60c96f38736b120880c)
12-31 19:00:34.326  1077  1077 F DEBUG   :       #03 pc 0002389f  /vendor/bin/xtra-daemon (izat_xtra::XtraTimer::start(long)+118) (BuildId: d9e1c22d3c80c60c96f38736b120880c)
12-31 19:00:34.326  1077  1077 F DEBUG   :       #04 pc 0002572d  /vendor/bin/xtra-daemon (izat_xtra::XtraNativeClient::XtraNativeClient(izat_xtra::XtraClient&, std::__1::function<void ()>&)+516) (BuildId: d9e1c22d3c80c60c96f38736b120880c)
12-31 19:00:34.326  1077  1077 F DEBUG   :       #05 pc 00011dd1  /vendor/bin/xtra-daemon (izat_xtra::XtraClient::XtraClient(std::__1::function<void ()>&)+80) (BuildId: d9e1c22d3c80c60c96f38736b120880c)
12-31 19:00:34.327  1077  1077 F DEBUG   :       #06 pc 00014293  /vendor/bin/xtra-daemon (izat_xtra::XtraHolder::XtraHolder()+146) (BuildId: d9e1c22d3c80c60c96f38736b120880c)
12-31 19:00:34.327  1077  1077 F DEBUG   :       #07 pc 00014083  /vendor/bin/xtra-daemon (izat_xtra::initAndRunXtra()+62) (BuildId: d9e1c22d3c80c60c96f38736b120880c)
12-31 19:00:34.328  1077  1077 F DEBUG   :       #08 pc 0003129f  /vendor/bin/xtra-daemon (main+94) (BuildId: d9e1c22d3c80c60c96f38736b120880c)
12-31 19:00:34.328  1077  1077 F DEBUG   :       #09 pc 0005fbc1  /apex/com.android.runtime/lib/bionic/libc.so (__libc_init+68) (BuildId: ebf64c5ac10e1302b1c8e5b0260f6438)
12-31 19:00:34.493  1086  1086 F libc    : Fatal signal 6 (SIGABRT), code -1 (SI_QUEUE) in tid 1086 (xtra-daemon), pid 1086 (xtra-daemon)
12-31 19:00:34.591  1096  1096 F DEBUG   : *** *** *** *** *** *** *** *** *** *** *** *** *** *** *** ***
12-31 19:00:34.592  1096  1096 F DEBUG   : Build fingerprint: 'Cat/S22FLIP/S22FLIP:11/RKQ1.210416.002/LTE_S02113.11_N_S22Flip_0.030.03:user/release-keys'
12-31 19:00:34.592  1096  1096 F DEBUG   : Revision: '0'
12-31 19:00:34.592  1096  1096 F DEBUG   : ABI: 'arm'
12-31 19:00:34.593  1096  1096 F DEBUG   : Timestamp: 1969-12-31 19:00:34-0500
12-31 19:00:34.593  1096  1096 F DEBUG   : pid: 1086, tid: 1086, name: xtra-daemon  >>> xtra-daemon <<<
12-31 19:00:34.593  1096  1096 F DEBUG   : uid: 1021
12-31 19:00:34.593  1096  1096 F DEBUG   : signal 6 (SIGABRT), code -1 (SI_QUEUE), fault addr --------
12-31 19:00:34.593  1096  1096 F DEBUG   : Abort message: 'ubsan: mul-overflow'
12-31 19:00:34.593  1096  1096 F DEBUG   :     r0  00000000  r1  0000043e  r2  00000006  r3  bef7a148
12-31 19:00:34.593  1096  1096 F DEBUG   :     r4  bef7a15c  r5  bef7a140  r6  0000043e  r7  0000016b
12-31 19:00:34.593  1096  1096 F DEBUG   :     r8  bef7a148  r9  bef7a158  r10 bef7a178  r11 bef7a168
12-31 19:00:34.593  1096  1096 F DEBUG   :     ip  0000043e  sp  bef7a118  lr  b57473a9  pc  b57473bc
12-31 19:00:34.645  1096  1096 F DEBUG   : backtrace:
12-31 19:00:34.646  1096  1096 F DEBUG   :       #00 pc 000653bc  /apex/com.android.runtime/lib/bionic/libc.so (abort+172) (BuildId: ebf64c5ac10e1302b1c8e5b0260f6438)
12-31 19:00:34.646  1096  1096 F DEBUG   :       #01 pc 000314a4  /vendor/bin/xtra-daemon (abort_with_message(char const*)+24) (BuildId: d9e1c22d3c80c60c96f38736b120880c)
12-31 19:00:34.646  1096  1096 F DEBUG   :       #02 pc 00031620  /vendor/bin/xtra-daemon (__ubsan_handle_mul_overflow_minimal_abort+24) (BuildId: d9e1c22d3c80c60c96f38736b120880c)
12-31 19:00:34.646  1096  1096 F DEBUG   :       #03 pc 0002389f  /vendor/bin/xtra-daemon (izat_xtra::XtraTimer::start(long)+118) (BuildId: d9e1c22d3c80c60c96f38736b120880c)
12-31 19:00:34.646  1096  1096 F DEBUG   :       #04 pc 0002572d  /vendor/bin/xtra-daemon (izat_xtra::XtraNativeClient::XtraNativeClient(izat_xtra::XtraClient&, std::__1::function<void ()>&)+516) (BuildId: d9e1c22d3c80c60c96f38736b120880c)
12-31 19:00:34.647  1096  1096 F DEBUG   :       #05 pc 00011dd1  /vendor/bin/xtra-daemon (izat_xtra::XtraClient::XtraClient(std::__1::function<void ()>&)+80) (BuildId: d9e1c22d3c80c60c96f38736b120880c)
12-31 19:00:34.648  1096  1096 F DEBUG   :       #06 pc 00014293  /vendor/bin/xtra-daemon (izat_xtra::XtraHolder::XtraHolder()+146) (BuildId: d9e1c22d3c80c60c96f38736b120880c)
12-31 19:00:34.648  1096  1096 F DEBUG   :       #07 pc 00014083  /vendor/bin/xtra-daemon (izat_xtra::initAndRunXtra()+62) (BuildId: d9e1c22d3c80c60c96f38736b120880c)
12-31 19:00:34.649  1096  1096 F DEBUG   :       #08 pc 0003129f  /vendor/bin/xtra-daemon (main+94) (BuildId: d9e1c22d3c80c60c96f38736b120880c)
12-31 19:00:34.650  1096  1096 F DEBUG   :       #09 pc 0005fbc1  /apex/com.android.runtime/lib/bionic/libc.so (__libc_init+68) (BuildId: ebf64c5ac10e1302b1c8e5b0260f6438)
12-31 19:00:34.922  1127  1127 F libc    : Fatal signal 6 (SIGABRT), code -1 (SI_QUEUE) in tid 1127 (xtra-daemon), pid 1127 (xtra-daemon)
12-31 19:00:35.078  1160  1160 F DEBUG   : *** *** *** *** *** *** *** *** *** *** *** *** *** *** *** ***
12-31 19:00:35.078  1160  1160 F DEBUG   : Build fingerprint: 'Cat/S22FLIP/S22FLIP:11/RKQ1.210416.002/LTE_S02113.11_N_S22Flip_0.030.03:user/release-keys'
12-31 19:00:35.078  1160  1160 F DEBUG   : Revision: '0'
12-31 19:00:35.078  1160  1160 F DEBUG   : ABI: 'arm'
12-31 19:00:35.079  1160  1160 F DEBUG   : Timestamp: 1969-12-31 19:00:35-0500
12-31 19:00:35.079  1160  1160 F DEBUG   : pid: 1127, tid: 1127, name: xtra-daemon  >>> xtra-daemon <<<
12-31 19:00:35.079  1160  1160 F DEBUG   : uid: 1021
12-31 19:00:35.079  1160  1160 F DEBUG   : signal 6 (SIGABRT), code -1 (SI_QUEUE), fault addr --------
12-31 19:00:35.079  1160  1160 F DEBUG   : Abort message: 'ubsan: mul-overflow'
12-31 19:00:35.079  1160  1160 F DEBUG   :     r0  00000000  r1  00000467  r2  00000006  r3  bece6148
12-31 19:00:35.079  1160  1160 F DEBUG   :     r4  bece615c  r5  bece6140  r6  00000467  r7  0000016b
12-31 19:00:35.080  1160  1160 F DEBUG   :     r8  bece6148  r9  bece6158  r10 bece6178  r11 bece6168
12-31 19:00:35.080  1160  1160 F DEBUG   :     ip  00000467  sp  bece6118  lr  b146f3a9  pc  b146f3bc
12-31 19:00:35.093  1160  1160 F DEBUG   : backtrace:
12-31 19:00:35.093  1160  1160 F DEBUG   :       #00 pc 000653bc  /apex/com.android.runtime/lib/bionic/libc.so (abort+172) (BuildId: ebf64c5ac10e1302b1c8e5b0260f6438)
12-31 19:00:35.093  1160  1160 F DEBUG   :       #01 pc 000314a4  /vendor/bin/xtra-daemon (abort_with_message(char const*)+24) (BuildId: d9e1c22d3c80c60c96f38736b120880c)
12-31 19:00:35.093  1160  1160 F DEBUG   :       #02 pc 00031620  /vendor/bin/xtra-daemon (__ubsan_handle_mul_overflow_minimal_abort+24) (BuildId: d9e1c22d3c80c60c96f38736b120880c)
12-31 19:00:35.093  1160  1160 F DEBUG   :       #03 pc 0002389f  /vendor/bin/xtra-daemon (izat_xtra::XtraTimer::start(long)+118) (BuildId: d9e1c22d3c80c60c96f38736b120880c)
12-31 19:00:35.093  1160  1160 F DEBUG   :       #04 pc 0002572d  /vendor/bin/xtra-daemon (izat_xtra::XtraNativeClient::XtraNativeClient(izat_xtra::XtraClient&, std::__1::function<void ()>&)+516) (BuildId: d9e1c22d3c80c60c96f38736b120880c)
12-31 19:00:35.094  1160  1160 F DEBUG   :       #05 pc 00011dd1  /vendor/bin/xtra-daemon (izat_xtra::XtraClient::XtraClient(std::__1::function<void ()>&)+80) (BuildId: d9e1c22d3c80c60c96f38736b120880c)
12-31 19:00:35.094  1160  1160 F DEBUG   :       #06 pc 00014293  /vendor/bin/xtra-daemon (izat_xtra::XtraHolder::XtraHolder()+146) (BuildId: d9e1c22d3c80c60c96f38736b120880c)
12-31 19:00:35.094  1160  1160 F DEBUG   :       #07 pc 00014083  /vendor/bin/xtra-daemon (izat_xtra::initAndRunXtra()+62) (BuildId: d9e1c22d3c80c60c96f38736b120880c)
12-31 19:00:35.094  1160  1160 F DEBUG   :       #08 pc 0003129f  /vendor/bin/xtra-daemon (main+94) (BuildId: d9e1c22d3c80c60c96f38736b120880c)
12-31 19:00:35.095  1160  1160 F DEBUG   :       #09 pc 0005fbc1  /apex/com.android.runtime/lib/bionic/libc.so (__libc_init+68) (BuildId: ebf64c5ac10e1302b1c8e5b0260f6438)
12-31 19:00:35.230  1169  1169 F libc    : Fatal signal 6 (SIGABRT), code -1 (SI_QUEUE) in tid 1169 (xtra-daemon), pid 1169 (xtra-daemon)
12-31 19:00:35.326  1196  1196 F DEBUG   : *** *** *** *** *** *** *** *** *** *** *** *** *** *** *** ***
12-31 19:00:35.326  1196  1196 F DEBUG   : Build fingerprint: 'Cat/S22FLIP/S22FLIP:11/RKQ1.210416.002/LTE_S02113.11_N_S22Flip_0.030.03:user/release-keys'
12-31 19:00:35.326  1196  1196 F DEBUG   : Revision: '0'
12-31 19:00:35.326  1196  1196 F DEBUG   : ABI: 'arm'
12-31 19:00:35.327  1196  1196 F DEBUG   : Timestamp: 1969-12-31 19:00:35-0500
12-31 19:00:35.327  1196  1196 F DEBUG   : pid: 1169, tid: 1169, name: xtra-daemon  >>> xtra-daemon <<<
12-31 19:00:35.327  1196  1196 F DEBUG   : uid: 1021
12-31 19:00:35.327  1196  1196 F DEBUG   : signal 6 (SIGABRT), code -1 (SI_QUEUE), fault addr --------
12-31 19:00:35.327  1196  1196 F DEBUG   : Abort message: 'ubsan: mul-overflow'
12-31 19:00:35.328  1196  1196 F DEBUG   :     r0  00000000  r1  00000491  r2  00000006  r3  be958148
12-31 19:00:35.328  1196  1196 F DEBUG   :     r4  be95815c  r5  be958140  r6  00000491  r7  0000016b
12-31 19:00:35.328  1196  1196 F DEBUG   :     r8  be958148  r9  be958158  r10 be958178  r11 be958168
12-31 19:00:35.328  1196  1196 F DEBUG   :     ip  00000491  sp  be958118  lr  b36763a9  pc  b36763bc
12-31 19:00:35.347  1196  1196 F DEBUG   : backtrace:
12-31 19:00:35.347  1196  1196 F DEBUG   :       #00 pc 000653bc  /apex/com.android.runtime/lib/bionic/libc.so (abort+172) (BuildId: ebf64c5ac10e1302b1c8e5b0260f6438)
12-31 19:00:35.347  1196  1196 F DEBUG   :       #01 pc 000314a4  /vendor/bin/xtra-daemon (abort_with_message(char const*)+24) (BuildId: d9e1c22d3c80c60c96f38736b120880c)
12-31 19:00:35.347  1196  1196 F DEBUG   :       #02 pc 00031620  /vendor/bin/xtra-daemon (__ubsan_handle_mul_overflow_minimal_abort+24) (BuildId: d9e1c22d3c80c60c96f38736b120880c)
12-31 19:00:35.348  1196  1196 F DEBUG   :       #03 pc 0002389f  /vendor/bin/xtra-daemon (izat_xtra::XtraTimer::start(long)+118) (BuildId: d9e1c22d3c80c60c96f38736b120880c)
12-31 19:00:35.348  1196  1196 F DEBUG   :       #04 pc 0002572d  /vendor/bin/xtra-daemon (izat_xtra::XtraNativeClient::XtraNativeClient(izat_xtra::XtraClient&, std::__1::function<void ()>&)+516) (BuildId: d9e1c22d3c80c60c96f38736b120880c)
12-31 19:00:35.348  1196  1196 F DEBUG   :       #05 pc 00011dd1  /vendor/bin/xtra-daemon (izat_xtra::XtraClient::XtraClient(std::__1::function<void ()>&)+80) (BuildId: d9e1c22d3c80c60c96f38736b120880c)
12-31 19:00:35.348  1196  1196 F DEBUG   :       #06 pc 00014293  /vendor/bin/xtra-daemon (izat_xtra::XtraHolder::XtraHolder()+146) (BuildId: d9e1c22d3c80c60c96f38736b120880c)
12-31 19:00:35.348  1196  1196 F DEBUG   :       #07 pc 00014083  /vendor/bin/xtra-daemon (izat_xtra::initAndRunXtra()+62) (BuildId: d9e1c22d3c80c60c96f38736b120880c)
12-31 19:00:35.348  1196  1196 F DEBUG   :       #08 pc 0003129f  /vendor/bin/xtra-daemon (main+94) (BuildId: d9e1c22d3c80c60c96f38736b120880c)
12-31 19:00:35.348  1196  1196 F DEBUG   :       #09 pc 0005fbc1  /apex/com.android.runtime/lib/bionic/libc.so (__libc_init+68) (BuildId: ebf64c5ac10e1302b1c8e5b0260f6438)
04-27 15:13:56.706  2233  2233 F libc    : Fatal signal 6 (SIGABRT), code -1 (SI_QUEUE) in tid 2233 (init), pid 2233 (init)
04-27 15:13:57.277  2233  2233 F libc    : crash_dump helper failed to exec
04-28 13:17:50.323  3854  3854 F libc    : Fatal signal 6 (SIGABRT), code -1 (SI_QUEUE) in tid 3854 (dex2oat), pid 3854 (dex2oat)
04-28 13:17:50.379  3865  3865 F DEBUG   : *** *** *** *** *** *** *** *** *** *** *** *** *** *** *** ***
04-28 13:17:50.379  3865  3865 F DEBUG   : Build fingerprint: 'Cat/S22FLIP/S22FLIP:11/RKQ1.210416.002/LTE_S02113.11_N_S22Flip_0.030.03:user/release-keys'
04-28 13:17:50.379  3865  3865 F DEBUG   : Revision: '0'
04-28 13:17:50.379  3865  3865 F DEBUG   : ABI: 'arm'
04-28 13:17:50.385  3865  3865 F DEBUG   : Timestamp: 2023-04-28 13:17:50-0400
04-28 13:17:50.385  3865  3865 F DEBUG   : pid: 3854, tid: 3854, name: dex2oat  >>> /apex/com.android.art/bin/dex2oat32 <<<
04-28 13:17:50.385  3865  3865 F DEBUG   : uid: 1001
04-28 13:17:50.385  3865  3865 F DEBUG   : signal 6 (SIGABRT), code -1 (SI_QUEUE), fault addr --------
04-28 13:17:50.386  3865  3865 F DEBUG   : Abort message: 'No pending exception expected: java.lang.LinkageError: Class com.gsma.rcs.cm.qcom.config.a method void com.gsma.rcs.cm.qcom.config.a.onValues(int, vendor.qti.ims.rcsconfig.V1_0.IRcsConfig) resolves differently in interface vendor.qti.data.factory.V1_0.IFactory$createRcsConfigCallback: Parameter 1 type mismatch: java.lang.Class<vendor.qti.ims.rcsconfig.V1_0.IRcsConfig,dalvik.system.PathClassLoader>(0x12e563f8) vs java.lang.Class<vendor.qti.ims.rcsconfig.V1_0.IRcsConfig,dalvik.system.PathClassLoader>(0x12ed5dc0) (declaration of 'com.gsma.rcs.cm.qcom.config.a' appears in RcsSDK.apk)
04-28 13:17:50.386  3865  3865 F DEBUG   : (Throwable with empty stack trace)
04-28 13:17:50.386  3865  3865 F DEBUG   : '
04-28 13:17:50.386  3865  3865 F DEBUG   :     r0  00000000  r1  00000f0e  r2  00000006  r3  beba0098
04-28 13:17:50.386  3865  3865 F DEBUG   :     r4  beba00ac  r5  beba0090  r6  00000f0e  r7  0000016b
04-28 13:17:50.386  3865  3865 F DEBUG   :     r8  beba0098  r9  beba00a8  r10 beba00c8  r11 beba00b8
04-28 13:17:50.386  3865  3865 F DEBUG   :     ip  00000f0e  sp  beba0068  lr  b56463a9  pc  b56463bc
04-28 13:17:50.445  3865  3865 F DEBUG   : backtrace:
04-28 13:17:50.445  3865  3865 F DEBUG   :       #00 pc 000653bc  /apex/com.android.runtime/lib/bionic/libc.so (abort+172) (BuildId: ebf64c5ac10e1302b1c8e5b0260f6438)
04-28 13:17:50.445  3865  3865 F DEBUG   :       #01 pc 003e2363  /apex/com.android.art/lib/libart.so (art::Runtime::Abort(char const*)+1802) (BuildId: 6f9494214cd0abf066dbd5579cf09128)
04-28 13:17:50.445  3865  3865 F DEBUG   :       #02 pc 0000d747  /system/lib/libbase.so (android::base::SetAborter(std::__1::function<void (char const*)>&&)::$_3::__invoke(char const*)+46) (BuildId: f974f7275c0f2e8b2fc7449714ec7456)
04-28 13:17:50.445  3865  3865 F DEBUG   :       #03 pc 0000d149  /system/lib/libbase.so (android::base::LogMessage::~LogMessage()+224) (BuildId: f974f7275c0f2e8b2fc7449714ec7456)
04-28 13:17:50.445  3865  3865 F DEBUG   :       #04 pc 004268bb  /apex/com.android.art/lib/libart.so (art::Thread::AssertNoPendingException() const+1306) (BuildId: 6f9494214cd0abf066dbd5579cf09128)
04-28 13:17:50.446  3865  3865 F DEBUG   :       #05 pc 00140811  /apex/com.android.art/lib/libart.so (art::ClassLinker::FindClass(art::Thread*, char const*, art::Handle<art::mirror::ClassLoader>)+36) (BuildId: 6f9494214cd0abf066dbd5579cf09128)
04-28 13:17:50.446  3865  3865 F DEBUG   :       #06 pc 00132b17  /apex/com.android.art/lib/libart.so (art::ClassLinker::DoResolveType(art::dex::TypeIndex, art::Handle<art::mirror::DexCache>, art::Handle<art::mirror::ClassLoader>)+122) (BuildId: 6f9494214cd0abf066dbd5579cf09128)
04-28 13:17:50.446  3865  3865 F DEBUG   :       #07 pc 00132e4f  /apex/com.android.art/lib/libart.so (art::ObjPtr<art::mirror::Class> art::ClassLinker::DoResolveType<art::ArtMethod*>(art::dex::TypeIndex, art::ArtMethod*)+238) (BuildId: 6f9494214cd0abf066dbd5579cf09128)
04-28 13:17:50.446  3865  3865 F DEBUG   :       #08 pc 000617df  /apex/com.android.art/bin/dex2oat32 (art::InitializeClassVisitor::ResolveTypesOfMethods(art::Thread*, art::ArtMethod*)+306) (BuildId: 2671f785ef1a1d5fce53d33d3de41988)
04-28 13:17:50.446  3865  3865 F DEBUG   :       #09 pc 0005ff8b  /apex/com.android.art/bin/dex2oat32 (art::InitializeClassVisitor::TryInitializeClass(art::Handle<art::mirror::Class>, art::Handle<art::mirror::ClassLoader>&)+1346) (BuildId: 2671f785ef1a1d5fce53d33d3de41988)
04-28 13:17:50.446  3865  3865 F DEBUG   :       #10 pc 0005f5e5  /apex/com.android.art/bin/dex2oat32 (art::InitializeClassVisitor::Visit(unsigned int)+692) (BuildId: 2671f785ef1a1d5fce53d33d3de41988)
04-28 13:17:50.446  3865  3865 F DEBUG   :       #11 pc 0005d321  /apex/com.android.art/bin/dex2oat32 (art::ParallelCompilationManager::ForAllClosureLambda<art::ParallelCompilationManager::ForAll(unsigned int, unsigned int, art::CompilationVisitor*, unsigned int)::'lambda'(unsigned int)>::Run(art::Thread*)+30) (BuildId: 2671f785ef1a1d5fce53d33d3de41988)
04-28 13:17:50.447  3865  3865 F DEBUG   :       #12 pc 0043be51  /apex/com.android.art/lib/libart.so (art::ThreadPool::Wait(art::Thread*, bool, bool)+116) (BuildId: 6f9494214cd0abf066dbd5579cf09128)
04-28 13:17:50.447  3865  3865 F DEBUG   :       #13 pc 0005d13d  /apex/com.android.art/bin/dex2oat32 (void art::ParallelCompilationManager::ForAllLambda<art::ParallelCompilationManager::ForAll(unsigned int, unsigned int, art::CompilationVisitor*, unsigned int)::'lambda'(unsigned int)>(unsigned int, unsigned int, art::ParallelCompilationManager::ForAll(unsigned int, unsigned int, art::CompilationVisitor*, unsigned int)::'lambda'(unsigned int), unsigned int)+148) (BuildId: 2671f785ef1a1d5fce53d33d3de41988)
04-28 13:17:50.447  3865  3865 F DEBUG   :       #14 pc 00056963  /apex/com.android.art/bin/dex2oat32 (art::CompilerDriver::PreCompile(_jobject*, std::__1::vector<art::DexFile const*, std::__1::allocator<art::DexFile const*> > const&, art::TimingLogger*, art::HashSet<std::__1::basic_string<char, std::__1::char_traits<char>, std::__1::allocator<char> >, art::DefaultEmptyFn<std::__1::basic_string<char, std::__1::char_traits<char>, std::__1::allocator<char> > >, art::DataHash, art::DefaultStringEquals, std::__1::allocator<std::__1::basic_string<char, std::__1::char_traits<char>, std::__1::allocator<char> > > >*, art::VerificationResults*)+5830) (BuildId: 2671f785ef1a1d5fce53d33d3de41988)
04-28 13:17:50.447  3865  3865 F DEBUG   :       #15 pc 000504af  /apex/com.android.art/bin/dex2oat32 (art::Dex2Oat::CompileDexFiles(std::__1::vector<art::DexFile const*, std::__1::allocator<art::DexFile const*> > const&)+1546) (BuildId: 2671f785ef1a1d5fce53d33d3de41988)
04-28 13:17:50.447  3865  3865 F DEBUG   :       #16 pc 0004e1bd  /apex/com.android.art/bin/dex2oat32 (art::Dex2Oat::Compile()+4660) (BuildId: 2671f785ef1a1d5fce53d33d3de41988)
04-28 13:17:50.447  3865  3865 F DEBUG   :       #17 pc 00041461  /apex/com.android.art/bin/dex2oat32 (art::Dex2oat(int, char**)+4336) (BuildId: 2671f785ef1a1d5fce53d33d3de41988)
04-28 13:17:50.448  3865  3865 F DEBUG   :       #18 pc 00040367  /apex/com.android.art/bin/dex2oat32 (main+2) (BuildId: 2671f785ef1a1d5fce53d33d3de41988)
04-28 13:17:50.448  3865  3865 F DEBUG   :       #19 pc 0005fbc1  /apex/com.android.runtime/lib/bionic/libc.so (__libc_init+68) (BuildId: ebf64c5ac10e1302b1c8e5b0260f6438)
--------- beginning of system
04-28 15:17:26.894  1348  1413 I chatty  : uid=1000(system) android.ui expire 17 lines
04-28 15:17:27.403  1348  1415 I chatty  : uid=1000(system) android.display expire 4 lines
04-28 15:17:27.480  1348   911 I chatty  : uid=1000(system) Binder:1348_13 expire 19 lines
04-28 15:17:28.068  1348  2110 I chatty  : uid=1000(system) Binder:1348_1D expire 17 lines
04-28 15:17:28.194  1348  2662 I chatty  : uid=1000(system) Binder:1348_E expire 3 lines
04-28 15:17:28.195  1348  1532 I chatty  : uid=1000(system) ConnectivitySer expire 2 lines
04-28 15:17:28.618  1348  1432 I chatty  : uid=1000(system) ActivityManager expire 24 lines
04-28 15:17:29.427  1348  3432 I chatty  : uid=1000(system) Binder:1348_19 expire 9 lines
04-28 15:17:31.960  1348  1532 I chatty  : uid=1000(system) ConnectivitySer expire 3 lines
04-28 15:17:32.794  1348  1348 I chatty  : uid=1000 system_server expire 2 lines
04-28 15:17:33.054  1348  2110 I chatty  : uid=1000(system) Binder:1348_1D expire 4 lines
04-28 15:17:33.099  1348  1446 I chatty  : uid=1000(system) batterystats-wo expire 5 lines
04-28 15:17:35.224  1348  1432 I chatty  : uid=1000(system) ActivityManager expire 17 lines
04-28 15:17:35.734  1348  2471 I chatty  : uid=1000(system) Binder:1348_D expire 6 lines
04-28 15:17:40.579  1348  1431 I chatty  : uid=1000(system) ActivityManager expire 12 lines
04-28 15:17:42.233  1348  3927 I chatty  : uid=1000(system) Binder:1348_12 expire 1 line
04-28 15:17:50.453  1348  2662 I chatty  : uid=1000(system) Binder:1348_E expire 2 lines
04-28 15:19:02.897  1348  1593 I chatty  : uid=1000(system) Binder:1348_5 expire 39 lines
04-28 15:19:08.010  1065  1065 W ViewRootImpl[Main]: Dropping event due to no window focus: KeyEvent { action=ACTION_DOWN, keyCode=KEYCODE_STAR, scanCode=522, metaState=0, flags=0x8, repeatCount=2, eventTime=7065024, downTime=7064572, deviceId=4, source=0x101, displayId=-1 }
04-28 15:19:08.011  1065  1065 W ViewRootImpl[Main]: Cancelling event due to no window focus: KeyEvent { action=ACTION_UP, keyCode=KEYCODE_STAR, scanCode=522, metaState=0, flags=0x28, repeatCount=0, eventTime=7065148, downTime=7064572, deviceId=4, source=0x101, displayId=-1 }
04-28 15:19:08.013  1065  1065 I chatty  : uid=10163(com.android.chrome) SyncHandler-2 identical 4 lines
04-28 15:19:08.013  1065  1065 W ViewRootImpl[Main]: Cancelling event due to no window focus: KeyEvent { action=ACTION_UP, keyCode=KEYCODE_STAR, scanCode=522, metaState=0, flags=0x28, repeatCount=0, eventTime=7065148, downTime=7064572, deviceId=4, source=0x101, displayId=-1 }
04-28 15:19:08.271  1348  2471 I chatty  : uid=1000(system) Binder:1348_D expire 8 lines
04-28 15:19:08.397  1348  1415 I chatty  : uid=1000(system) android.display expire 12 lines
04-28 15:19:08.481  1348  1532 I chatty  : uid=1000(system) ConnectivitySer expire 3 lines
04-28 15:19:09.355  1348  2110 I chatty  : uid=1000(system) Binder:1348_1D expire 4 lines
04-28 15:19:09.367  1348  3927 I chatty  : uid=1000(system) Binder:1348_12 expire 18 lines
04-28 15:19:09.415  1348  3432 I chatty  : uid=1000(system) Binder:1348_19 expire 1 line
04-28 15:19:09.875  1348  1348 I chatty  : uid=1000 system_server expire 3 lines
04-28 15:19:10.735  1348  3927 I chatty  : uid=1000(system) Binder:1348_12 expire 6 lines
04-28 15:19:10.771  1348  2110 I chatty  : uid=1000(system) Binder:1348_1D expire 12 lines
04-28 15:19:10.890  1065  1065 W ViewRootImpl[Main]: Dropping event due to no window focus: KeyEvent { action=ACTION_DOWN, keyCode=KEYCODE_STAR, scanCode=522, metaState=0, flags=0x8, repeatCount=2, eventTime=7068132, downTime=7067680, deviceId=4, source=0x101, displayId=-1 }
04-28 15:19:10.890  1348   911 I chatty  : uid=1000(system) Binder:1348_13 expire 10 lines
04-28 15:19:10.894  1065  1065 W ViewRootImpl[Main]: Cancelling event due to no window focus: KeyEvent { action=ACTION_UP, keyCode=KEYCODE_STAR, scanCode=522, metaState=0, flags=0x28, repeatCount=0, eventTime=7068190, downTime=7067680, deviceId=4, source=0x101, displayId=-1 }
04-28 15:19:10.894  1065  1065 I chatty  : uid=10163(com.android.chrome) SyncHandler-2 identical 2 lines
04-28 15:19:10.894  1065  1065 W ViewRootImpl[Main]: Cancelling event due to no window focus: KeyEvent { action=ACTION_UP, keyCode=KEYCODE_STAR, scanCode=522, metaState=0, flags=0x28, repeatCount=0, eventTime=7068190, downTime=7067680, deviceId=4, source=0x101, displayId=-1 }
04-28 15:19:10.897  1065  1065 W ViewRootImpl[Main]: Cancelling event due to no window focus: KeyEvent { action=ACTION_UP, keyCode=KEYCODE_STAR, scanCode=522, metaState=0, flags=0x28, repeatCount=0, eventTime=7068190, downTime=7067680, deviceId=4, source=0x101, displayId=-1 }
04-28 15:19:10.897  1065  1065 W ViewRootImpl[Main]: Cancelling event due to no window focus: KeyEvent { action=ACTION_UP, keyCode=KEYCODE_STAR, scanCode=522, metaState=0, flags=0x28, repeatCount=0, eventTime=7068190, downTime=7067680, deviceId=4, source=0x101, displayId=-1 }
04-28 15:19:10.921  1348  1413 I chatty  : uid=1000(system) android.ui expire 1 line
04-28 15:19:10.947  1348  1446 I chatty  : uid=1000(system) batterystats-wo expire 1 line
04-28 15:19:11.417  1348  1415 I chatty  : uid=1000(system) android.display expire 12 lines
04-28 15:19:11.487  1348  1532 I chatty  : uid=1000(system) ConnectivitySer expire 3 lines
04-28 15:19:11.847  1348  1591 I chatty  : uid=1000(system) Binder:1348_4 expire 29 lines
04-28 15:19:14.120  1348   911 I chatty  : uid=1000(system) Binder:1348_13 expire 12 lines
04-28 15:19:15.686  1348  3927 I chatty  : uid=1000(system) Binder:1348_12 expire 26 lines
04-28 15:19:16.105  1348  1348 I chatty  : uid=1000 system_server expire 1 line
04-28 15:19:19.932  1348  1432 I chatty  : uid=1000(system) ActivityManager expire 4 lines
04-28 15:19:25.249  1348  1593 I chatty  : uid=1000(system) Binder:1348_5 expire 1 line
04-28 15:19:25.266  1348  1446 I chatty  : uid=1000(system) batterystats-wo expire 2 lines
04-28 15:19:36.082  1348  2471 I chatty  : uid=1000(system) Binder:1348_D expire 25 lines
04-28 15:19:37.655  1348  1593 I chatty  : uid=1000(system) Binder:1348_5 expire 8 lines
04-28 15:19:37.671  1348   911 I chatty  : uid=1000(system) Binder:1348_13 expire 18 lines
04-28 15:19:38.076  1348  1348 I chatty  : uid=1000 system_server expire 1 line
04-28 15:19:40.754  1348  3927 I chatty  : uid=1000(system) Binder:1348_12 expire 2 lines
04-28 15:19:40.835  1348  1446 I chatty  : uid=1000(system) batterystats-wo expire 5 lines
04-28 15:19:41.363  1348  3432 I chatty  : uid=1000(system) Binder:1348_19 expire 2 lines
04-28 15:19:42.175  1348  1432 I chatty  : uid=1000(system) ActivityManager expire 2 lines
04-28 15:19:42.240  1348  1591 I chatty  : uid=1000(system) Binder:1348_4 expire 14 lines
04-28 15:19:46.040  1348  1431 I chatty  : uid=1000(system) ActivityManager expire 14 lines
04-28 15:20:41.117  1348  1591 I chatty  : uid=1000(system) Binder:1348_4 expire 10 lines
04-28 15:20:41.405  3500  2421 E ActivityThread: Failed to find provider info for com.qti.smq.Feedback.provider
04-28 15:20:41.502  1348  1593 I chatty  : uid=1000(system) Binder:1348_5 expire 39 lines
04-28 15:20:41.593  3500  2421 E ActivityThread: Failed to find provider info for com.qti.smq.Feedback.provider
04-28 15:20:41.950  1348  1431 I chatty  : uid=1000(system) ActivityManager expire 2 lines
04-28 15:20:42.038  1348  3432 I chatty  : uid=1000(system) Binder:1348_19 expire 1 line
04-28 15:20:42.039  1348  1532 I chatty  : uid=1000(system) ConnectivitySer expire 3 lines
04-28 15:20:42.827  1348  1415 I chatty  : uid=1000(system) android.display expire 4 lines
04-28 15:20:43.111  1348  2662 I chatty  : uid=1000(system) Binder:1348_E expire 4 lines
04-28 15:20:47.174  1348   911 I chatty  : uid=1000(system) Binder:1348_13 expire 23 lines
04-28 15:20:47.307  3500  1403 E ActivityThread: Failed to find provider info for com.qti.smq.Feedback.provider
04-28 15:20:47.467  1348  1532 I chatty  : uid=1000(system) ConnectivitySer expire 13 lines
04-28 15:20:47.469  1348  2662 I chatty  : uid=1000(system) Binder:1348_E expire 1 line
04-28 15:20:47.747  1348  1431 I chatty  : uid=1000(system) ActivityManager expire 6 lines
04-28 15:20:48.035  1348  1415 I chatty  : uid=1000(system) android.display expire 12 lines
04-28 15:20:49.091  1348  3432 I chatty  : uid=1000(system) Binder:1348_19 expire 4 lines
04-28 15:20:50.672  1348  3927 I chatty  : uid=1000(system) Binder:1348_12 expire 17 lines
04-28 15:20:50.908  1348  1528 I chatty  : uid=1000(system) WifiHandlerThre expire 1 line
04-28 15:20:50.951  1348  1591 I chatty  : uid=1000(system) Binder:1348_4 expire 1 line
04-28 15:20:51.029   901   901 W wificond: Scan aborted
04-28 15:20:51.340   487   540 E NetlinkEvent: NetlinkEvent::FindParam(): Parameter 'INTERFACE' not found
04-28 15:20:51.340   487   540 E NetlinkEvent: NetlinkEvent::FindParam(): Parameter 'STATE' not found
04-28 15:20:51.340   487   540 E NetlinkEvent: NetlinkEvent::FindParam(): Parameter 'TIME_NS' not found
04-28 15:20:51.340   487   540 E NetlinkEvent: NetlinkEvent::FindParam(): Parameter 'UID' not found
04-28 15:20:51.397  1348  1593 I chatty  : uid=1000(system) Binder:1348_5 expire 9 lines
04-28 15:20:51.611  1348  1532 I chatty  : uid=1000(system) ConnectivitySer expire 7 lines
04-28 15:20:51.731  1348  1412 I chatty  : uid=1000(system) android.fg expire 1 line
04-28 15:20:51.745  1348   911 I chatty  : uid=1000(system) Binder:1348_13 expire 5 lines
04-28 15:20:51.993  1348  1431 I chatty  : uid=1000(system) ActivityManager expire 5 lines
04-28 15:20:53.106  1348  1507 I chatty  : uid=1000(system) AlarmManager expire 1 line
04-28 15:20:54.633  1348  2662 I chatty  : uid=1000(system) Binder:1348_E expire 23 lines
04-28 15:20:54.700  3500  1510 E ActivityThread: Failed to find provider info for com.qti.smq.Feedback.provider
04-28 15:20:55.532  1348  1348 I chatty  : uid=1000 system_server expire 1 line
04-28 15:20:55.541  1348  1415 I chatty  : uid=1000(system) android.display expire 4 lines
04-28 15:20:55.620  1348  1591 I chatty  : uid=1000(system) Binder:1348_4 expire 15 lines
04-28 15:21:06.970  1348  1593 I chatty  : uid=1000(system) Binder:1348_5 expire 23 lines
04-28 15:21:09.627  1348  2662 I chatty  : uid=1000(system) Binder:1348_E expire 4 lines
04-28 15:21:09.724  1348   911 I chatty  : uid=1000(system) Binder:1348_13 expire 4 lines
04-28 15:21:10.976  1348  1348 I chatty  : uid=1000 system_server expire 8 lines
04-28 15:21:11.133  1348  1507 I chatty  : uid=1000(system) AlarmManager expire 1 line
04-28 15:21:11.136  1348  1431 I chatty  : uid=1000(system) ActivityManager expire 32 lines
04-28 15:21:22.840  1348  1446 I chatty  : uid=1000(system) batterystats-wo expire 2 lines
04-28 15:21:48.755  1348  1373 I chatty  : uid=1000(system) Binder:1348_2 expire 1 line
04-28 15:21:55.107  1348  2110 I chatty  : uid=1000(system) Binder:1348_1D expire 16 lines
04-28 15:21:55.162  1348  1532 I chatty  : uid=1000(system) ConnectivitySer expire 36 lines
04-28 15:21:55.162  1348  3927 I chatty  : uid=1000(system) Binder:1348_12 expire 1 line
04-28 15:21:55.231  1348  1528 I chatty  : uid=1000(system) WifiHandlerThre expire 2 lines
04-28 15:21:55.336   901   901 W wificond: Scan aborted
04-28 15:21:55.452  1348  1431 I chatty  : uid=1000(system) ActivityManager expire 2 lines
04-28 15:21:55.497   901   901 W wificond: Scan is not started. Ignore abort request
04-28 15:21:55.620   901   901 E wificond: NL80211_CMD_TRIGGER_SCAN failed: Device or resource busy
04-28 15:21:55.630  1348  1415 I chatty  : uid=1000(system) android.display expire 8 lines
04-28 15:21:55.702  1348  2471 I chatty  : uid=1000(system) Binder:1348_D expire 4 lines
04-28 15:21:55.804   901   901 E wificond: NL80211_CMD_TRIGGER_SCAN failed: Device or resource busy
04-28 15:21:57.839   487   540 E NetlinkEvent: NetlinkEvent::FindParam(): Parameter 'INTERFACE' not found
04-28 15:21:57.839   487   540 E NetlinkEvent: NetlinkEvent::FindParam(): Parameter 'STATE' not found
04-28 15:21:57.839   487   540 E NetlinkEvent: NetlinkEvent::FindParam(): Parameter 'TIME_NS' not found
04-28 15:21:57.839   487   540 E NetlinkEvent: NetlinkEvent::FindParam(): Parameter 'UID' not found
04-28 15:21:57.951  1348  1412 I chatty  : uid=1000(system) android.fg expire 1 line
04-28 15:21:58.199  1348  1516 I chatty  : uid=1000(system) InputReader expire 17 lines
04-28 15:21:58.644  1348  1415 I chatty  : uid=1000(system) android.display expire 6 lines
04-28 15:21:58.682  1348  1532 I chatty  : uid=1000(system) ConnectivitySer expire 1 line
04-28 15:21:58.704  1348  3432 I chatty  : uid=1000(system) Binder:1348_19 expire 27 lines
04-28 15:21:59.791  1348  2471 I chatty  : uid=1000(system) Binder:1348_D expire 4 lines
04-28 15:22:00.590  1348  3927 I chatty  : uid=1000(system) Binder:1348_12 expire 27 lines
04-28 15:22:01.396  1348  1415 I chatty  : uid=1000(system) android.display expire 14 lines
04-28 15:22:01.464  1348   911 I chatty  : uid=1000(system) Binder:1348_13 expire 8 lines
04-28 15:22:02.560  1348  3432 I chatty  : uid=1000(system) Binder:1348_19 expire 12 lines
04-28 15:22:04.492  1348  1431 I chatty  : uid=1000(system) ActivityManager expire 7 lines
04-28 15:22:04.861  1348  1430 I chatty  : uid=1000(system) android.bg expire 2 lines
04-28 15:22:05.106  1348  2471 I chatty  : uid=1000(system) Binder:1348_D expire 23 lines
04-28 15:22:07.631  1348  3432 I chatty  : uid=1000(system) Binder:1348_19 expire 1 line
04-28 15:22:08.502  1348  3927 I chatty  : uid=1000(system) Binder:1348_12 expire 5 lines
04-28 15:22:08.649  1348  1348 I chatty  : uid=1000 system_server expire 4 lines
04-28 15:22:10.320  1348  1432 I chatty  : uid=1000(system) ActivityManager expire 2 lines
04-28 15:22:14.573  1348  1431 I chatty  : uid=1000(system) ActivityManager expire 27 lines
04-28 15:22:27.838  1348  1532 I chatty  : uid=1000(system) ConnectivitySer expire 3 lines
04-28 15:22:52.600  1348  1630 I chatty  : uid=1000(system) Binder:1348_15 expire 1 line
04-28 15:22:54.116  1348   911 I chatty  : uid=1000(system) Binder:1348_13 expire 1 line
04-28 15:22:54.984  1348  1373 I chatty  : uid=1000(system) Binder:1348_2 expire 39 lines
04-28 15:22:55.067  1348  1630 I chatty  : uid=1000(system) Binder:1348_15 expire 18 lines
04-28 15:22:55.606  1348  1415 I chatty  : uid=1000(system) android.display expire 13 lines
04-28 15:22:58.483  1348  1516 I chatty  : uid=1000(system) InputReader expire 17 lines
04-28 15:23:02.522  1348  3432 I chatty  : uid=1000(system) Binder:1348_19 expire 1 line
04-28 15:23:02.534  1348  2662 I chatty  : uid=1000(system) Binder:1348_E expire 27 lines
04-28 15:23:02.543  1348  1415 I chatty  : uid=1000(system) android.display expire 4 lines
04-28 15:23:02.754  1348  2379 I chatty  : uid=1000(system) Binder:1348_B expire 4 lines
04-28 15:23:02.773  1348  3777 I chatty  : uid=1000(system) Binder:1348_1A expire 4 lines
04-28 15:23:03.062  1348  3926 I chatty  : uid=1000(system) Binder:1348_11 expire 13 lines
04-28 15:23:03.181  1348  1446 I chatty  : uid=1000(system) batterystats-wo expire 5 lines
04-28 15:23:03.247  1348   994 I chatty  : uid=1000(system) Binder:1348_14 expire 1 line
04-28 15:23:03.247  1348  1532 I chatty  : uid=1000(system) ConnectivitySer expire 3 lines
04-28 15:23:03.250  1348  3580 I chatty  : uid=1000(system) Binder:1348_1F expire 1 line
04-28 15:23:03.251  1348  2590 I chatty  : uid=1000(system) Binder:1348_17 expire 1 line
04-28 15:23:03.252  1348  3858 I chatty  : uid=1000(system) Binder:1348_10 expire 1 line
04-28 15:23:03.253  1348   911 I chatty  : uid=1000(system) Binder:1348_13 expire 1 line
04-28 15:23:03.278  1348  1950 I chatty  : uid=1000(system) Binder:1348_7 expire 6 lines
04-28 15:23:03.286  1348  1913 I chatty  : uid=1000(system) Binder:1348_6 expire 1 line
04-28 15:23:03.287  1348  1158 I chatty  : uid=1000(system) Binder:1348_1B expire 1 line
04-28 15:23:03.287  1348  1532 I chatty  : uid=1000(system) ConnectivitySer expire 3 lines
04-28 15:23:03.287  1348  1544 I chatty  : uid=1000(system) Binder:1348_3 expire 1 line
04-28 15:23:03.288  1348  1415 I chatty  : uid=1000(system) android.display expire 2 lines
04-28 15:23:03.433  1348  1373 I chatty  : uid=1000(system) Binder:1348_2 expire 30 lines
04-28 15:23:03.746  1348  2590 I chatty  : uid=1000(system) Binder:1348_17 expire 12 lines
04-28 15:23:03.866  1348  1950 I chatty  : uid=1000(system) Binder:1348_7 expire 1 line
04-28 15:23:03.982  1348  3432 I chatty  : uid=1000(system) Binder:1348_19 expire 1 line
04-28 15:23:03.988  1348  2662 I chatty  : uid=1000(system) Binder:1348_E expire 14 lines
04-28 15:23:04.400  1348  1431 I chatty  : uid=1000(system) ActivityManager expire 2 lines
04-28 15:23:04.488  1348  2662 I chatty  : uid=1000(system) Binder:1348_E expire 17 lines
04-28 15:23:04.503  1348  1415 I chatty  : uid=1000(system) android.display expire 3 lines
04-28 15:23:04.624  1348  2049 I chatty  : uid=1000(system) Binder:1348_1C expire 1 line
04-28 15:23:04.624  1348  1993 I chatty  : uid=1000(system) Binder:1348_9 expire 1 line
04-28 15:23:04.625  1348  3856 I chatty  : uid=1000(system) Binder:1348_20 expire 1 line
04-28 15:23:04.625  1348  1532 I chatty  : uid=1000(system) ConnectivitySer expire 4 lines
04-28 15:23:04.626  1348  1373 I chatty  : uid=1000(system) Binder:1348_2 expire 1 line
04-28 15:23:04.630  1348  1372 I chatty  : uid=1000(system) Binder:1348_1 expire 1 line
04-28 15:23:04.631  1348  2379 I chatty  : uid=1000(system) Binder:1348_B expire 1 line
04-28 15:23:04.635  1348  3777 I chatty  : uid=1000(system) Binder:1348_1A expire 1 line
04-28 15:23:04.638  1348  3858 I chatty  : uid=1000(system) Binder:1348_10 expire 1 line
04-28 15:23:04.654  1348  2590 I chatty  : uid=1000(system) Binder:1348_17 expire 20 lines
04-28 15:23:05.247  1348  1591 I chatty  : uid=1000(system) Binder:1348_4 expire 11 lines
04-28 15:23:05.277  1348  1432 I chatty  : uid=1000(system) ActivityManager expire 12 lines
04-28 15:23:05.346  1348  2590 I chatty  : uid=1000(system) Binder:1348_17 expire 10 lines
04-28 15:23:05.696  1348  1687 I chatty  : uid=1000(system) Binder:1348_16 expire 2 lines
04-28 15:23:06.039  1348  1950 I chatty  : uid=1000(system) Binder:1348_7 expire 1 line
04-28 15:23:06.435  1348  1431 I chatty  : uid=1000(system) ActivityManager expire 2 lines
04-28 15:23:06.641  1348  1532 I chatty  : uid=1000(system) ConnectivitySer expire 6 lines
04-28 15:23:06.713  1348  2471 I chatty  : uid=1000(system) Binder:1348_D expire 11 lines
04-28 15:23:34.584  1348  1446 I chatty  : uid=1000(system) batterystats-wo expire 7 lines
04-28 15:23:57.697  1348  1348 I chatty  : uid=1000 system_server expire 1 line
04-28 15:24:13.325  1348  3926 I chatty  : uid=1000(system) Binder:1348_11 expire 2 lines
04-28 15:24:14.497  1348  1591 I chatty  : uid=1000(system) Binder:1348_4 expire 1 line
04-28 15:24:18.052  1348  1516 I chatty  : uid=1000(system) InputReader expire 17 lines
04-28 15:24:18.481  1348  1415 I chatty  : uid=1000(system) android.display expire 5 lines
04-28 15:24:18.574  1348  1532 I chatty  : uid=1000(system) ConnectivitySer expire 1 line
04-28 15:24:18.611  1348  1950 I chatty  : uid=1000(system) Binder:1348_7 expire 8 lines
04-28 15:24:19.460  1348  1591 I chatty  : uid=1000(system) Binder:1348_4 expire 19 lines
04-28 15:24:19.491  1348  1432 I chatty  : uid=1000(system) ActivityManager expire 7 lines
04-28 15:24:19.497  1348  3926 I chatty  : uid=1000(system) Binder:1348_11 expire 19 lines
04-28 15:24:19.684  3071  3071 E LoadedApk: Unable to instantiate appComponentFactory
04-28 15:24:19.684  3071  3071 E LoadedApk: java.lang.ClassNotFoundException: Didn't find class "com.android.messaging.Test" on path: DexPathList[[zip file "/system/app/messaging/messaging.apk"],nativeLibraryDirectories=[/system/app/messaging/lib/arm, /system/app/messaging/messaging.apk!/lib/armeabi-v7a, /system/lib, /system/system_ext/lib, /product/lib, /system/lib, /system/system_ext/lib, /product/lib]]
04-28 15:24:19.684  3071  3071 E LoadedApk: 	at dalvik.system.BaseDexClassLoader.findClass(BaseDexClassLoader.java:207)
04-28 15:24:19.684  3071  3071 E LoadedApk: 	at java.lang.ClassLoader.loadClass(ClassLoader.java:379)
04-28 15:24:19.684  3071  3071 E LoadedApk: 	at java.lang.ClassLoader.loadClass(ClassLoader.java:312)
04-28 15:24:19.684  3071  3071 E LoadedApk: 	at android.app.LoadedApk.createAppFactory(LoadedApk.java:260)
04-28 15:24:19.684  3071  3071 E LoadedApk: 	at android.app.LoadedApk.createOrUpdateClassLoaderLocked(LoadedApk.java:902)
04-28 15:24:19.684  3071  3071 E LoadedApk: 	at android.app.LoadedApk.getClassLoader(LoadedApk.java:982)
04-28 15:24:19.684  3071  3071 E LoadedApk: 	at android.app.LoadedApk.getResources(LoadedApk.java:1214)
04-28 15:24:19.684  3071  3071 E LoadedApk: 	at android.app.ContextImpl.createAppContext(ContextImpl.java:2663)
04-28 15:24:19.684  3071  3071 E LoadedApk: 	at android.app.ContextImpl.createAppContext(ContextImpl.java:2655)
04-28 15:24:19.684  3071  3071 E LoadedApk: 	at android.app.ActivityThread.handleBindApplication(ActivityThread.java:6618)
04-28 15:24:19.684  3071  3071 E LoadedApk: 	at android.app.ActivityThread.access$1300(ActivityThread.java:238)
04-28 15:24:19.684  3071  3071 E LoadedApk: 	at android.app.ActivityThread$H.handleMessage(ActivityThread.java:1914)
04-28 15:24:19.684  3071  3071 E LoadedApk: 	at android.os.Handler.dispatchMessage(Handler.java:106)
04-28 15:24:19.684  3071  3071 E LoadedApk: 	at android.os.Looper.loop(Looper.java:223)
04-28 15:24:19.684  3071  3071 E LoadedApk: 	at android.app.ActivityThread.main(ActivityThread.java:7711)
04-28 15:24:19.684  3071  3071 E LoadedApk: 	at java.lang.reflect.Method.invoke(Native Method)
04-28 15:24:19.684  3071  3071 E LoadedApk: 	at com.android.internal.os.RuntimeInit$MethodAndArgsCaller.run(RuntimeInit.java:592)
04-28 15:24:19.684  3071  3071 E LoadedApk: 	at com.android.internal.os.ZygoteInit.main(ZygoteInit.java:952)
04-28 15:24:21.601  1348  1687 I chatty  : uid=1000(system) Binder:1348_16 expire 16 lines
04-28 15:24:22.226  1348  1415 I chatty  : uid=1000(system) android.display expire 9 lines
04-28 15:24:23.643  1348  1950 I chatty  : uid=1000(system) Binder:1348_7 expire 16 lines
04-28 15:24:25.031  1348  1348 I chatty  : uid=1000 system_server expire 1 line
04-28 15:24:29.697  1348  1516 I chatty  : uid=1000(system) InputReader expire 17 lines
04-28 15:24:30.934  1348  3858 I chatty  : uid=1000(system) Binder:1348_10 expire 15 lines
04-28 15:24:30.976  1348  1432 I chatty  : uid=1000(system) ActivityManager expire 2 lines
04-28 15:24:31.683  3184  3184 W ContextImpl: Calling a method in the system process without a qualified user: android.app.ContextImpl.bindService:1748 android.content.ContextWrapper.bindService:756 com.gsma.services.rcs.capability.CapabilityService.connect:98 com.gsma.services.rcs.RcsServiceApi.connect:192 com.gsma.services.rcs.RcsServiceApi.init:187 
