04-28 16:50:19.571  2718  3666 I FontLog : Fetch {Google Sans, wdth 100.0, wght 700, ital 0.0, bestEffort false} end status Status{statusCode=SUCCESS, resolution=null} [CONTEXT service_id=132 ]
04-28 16:50:19.586  2718  3666 I FontLog : Pulling font file for id = 35, cache size = 6 [CONTEXT service_id=132 ]
04-28 16:50:19.602   858   923 I cr_LibraryLoader: Successfully loaded native library
04-28 16:50:19.606   858   935 I DynamiteModule: Considering local module com.google.android.gms.googlecertificates:0 and remote module com.google.android.gms.googlecertificates:7
04-28 16:50:19.606   858   935 I DynamiteModule: Selected remote version of com.google.android.gms.googlecertificates, version >= 7
04-28 16:50:19.607   383   383 I hwservicemanager: getTransport: Cannot find entry vendor.qti.hardware.servicetracker@1.0::IServicetracker/default in either framework or device manifest.
04-28 16:50:19.606   858   923 I cr_CachingUmaRecorder: Flushed 29 samples from 25 histograms.
04-28 16:50:19.611  1348  1591 D CompatibilityInfo: mCompatibilityFlags - 4
04-28 16:50:19.611  1348  1591 D CompatibilityInfo: applicationDensity - 240
04-28 16:50:19.611  1348  1591 D CompatibilityInfo: applicationScale - 1.0
04-28 16:50:19.613   383   383 I hwservicemanager: getTransport: Cannot find entry vendor.qti.hardware.servicetracker@1.0::IServicetracker/default in either framework or device manifest.
04-28 16:50:19.617  2770  2770 D BoundBrokerSvc: onBind: Intent { act=com.google.android.gms.safetynet.service.START pkg=com.google.android.gms }
04-28 16:50:19.618  2770  2770 D BoundBrokerSvc: Loading bound service for intent: Intent { act=com.google.android.gms.safetynet.service.START pkg=com.google.android.gms }
04-28 16:50:19.631   858   935 W System  : ClassLoader referenced unknown path: 
04-28 16:50:19.809   858   858 I TetheringManager: registerTetheringEventCallback:com.android.chrome
04-28 16:50:19.911   858   858 I chromium: [INFO:policy_logger.cc(137)] :components/enterprise/browser/controller/chrome_browser_cloud_management_controller.cc(272) Deferring CBCM Controller Initialization until it is unblocked.
04-28 16:50:19.920   383   383 I hwservicemanager: getTransport: Cannot find entry vendor.qti.hardware.servicetracker@1.0::IServicetracker/default in either framework or device manifest.
04-28 16:50:19.921  1348  1591 D CompatibilityChangeReporter: Compat change id reported: 135634846; UID 10163; state: DISABLED
04-28 16:50:19.922  1348  1432 D CompatibilityChangeReporter: Compat change id reported: 143937733; UID 10163; state: ENABLED
04-28 16:50:19.924   383   383 I hwservicemanager: getTransport: Cannot find entry vendor.qti.hardware.servicetracker@1.0::IServicetracker/default in either framework or device manifest.
04-28 16:50:19.942   488   488 D Zygote  : Forked child process 996
04-28 16:50:19.947  1348  1432 I ActivityManager: Start proc 996:com.android.chrome:privileged_process0/u0a163 for service {com.android.chrome/org.chromium.content.app.PrivilegedProcessService0}
04-28 16:50:19.987  1002  1210 E QMI_FW  : qmi_cci_get_ref: ref count increased 2
04-28 16:50:19.987   996   996 E ileged_process: Not starting debugger since process cannot load the jdwp agent.
04-28 16:50:19.988  1002  1083 E QMI_FW  : qmi_cci_get_ref: ref count increased 2
04-28 16:50:20.013   383   383 I hwservicemanager: getTransport: Cannot find entry vendor.qti.hardware.servicetracker@1.0::IServicetracker/default in either framework or device manifest.
04-28 16:50:20.016  2770  2770 D BoundBrokerSvc: onBind: Intent { act=com.google.android.gms.credential.manager.service.firstparty.START dat=chimera-action: cmp=com.google.android.gms/.chimera.GmsApiService }
04-28 16:50:20.016  2770  2770 D BoundBrokerSvc: Loading bound service for intent: Intent { act=com.google.android.gms.credential.manager.service.firstparty.START dat=chimera-action: cmp=com.google.android.gms/.chimera.GmsApiService }
04-28 16:50:20.020  1348  1591 D CompatibilityInfo: mCompatibilityFlags - 4
04-28 16:50:20.020  1348  1591 D CompatibilityInfo: applicationDensity - 240
04-28 16:50:20.020  1348  1591 D CompatibilityInfo: applicationScale - 1.0
04-28 16:50:20.022  1348  1591 D DiagBroadcastService: DiagBroadcastServiceImpl.broadcastDiagAppStateChanged packageName=com.android.chrome, state=START
04-28 16:50:20.029  1348  1591 D CompatibilityInfo: mCompatibilityFlags - 4
04-28 16:50:20.029  1348  1591 D CompatibilityInfo: applicationDensity - 240
04-28 16:50:20.029  1348  1591 D CompatibilityInfo: applicationScale - 1.0
04-28 16:50:20.031   383   383 I hwservicemanager: getTransport: Cannot find entry vendor.qti.hardware.servicetracker@1.0::IServicetracker/default in either framework or device manifest.
04-28 16:50:20.046   383   383 I hwservicemanager: getTransport: Cannot find entry vendor.qti.hardware.servicetracker@1.0::IServicetracker/default in either framework or device manifest.
04-28 16:50:20.048  2770  2770 D BoundBrokerSvc: onBind: Intent { act=com.google.android.gms.auth.key.retrieval.service.START dat=chimera-action: cmp=com.google.android.gms/.chimera.GmsApiService }
04-28 16:50:20.049  2770  2770 D BoundBrokerSvc: Loading bound service for intent: Intent { act=com.google.android.gms.auth.key.retrieval.service.START dat=chimera-action: cmp=com.google.android.gms/.chimera.GmsApiService }
04-28 16:50:20.054   858   858 I cr_SmsProviderGms: construction successfull TU2@892c16a, QU2@f66d65b
04-28 16:50:20.084   996   996 W ileged_process: JIT profile information will not be recorded: profile file does not exist.
04-28 16:50:20.097   996   996 I Perf    : Connecting to perf service.
04-28 16:50:20.130   996   996 I LoadedApk: No resource references to update in package com.google.android.trichromelibrary
04-28 16:50:20.130   996   996 D NetworkSecurityConfig: Using Network Security Config from resource 0_resource_name_obfuscated debugBuild: false
04-28 16:50:20.132   996   996 D NetworkSecurityConfig: Using Network Security Config from resource 0_resource_name_obfuscated debugBuild: false
04-28 16:50:20.136   383   383 I hwservicemanager: getTransport: Cannot find entry vendor.qti.hardware.servicetracker@1.0::IServicetracker/default in either framework or device manifest.
04-28 16:50:20.136   996   996 I cr_SplitCompatApp: Launched version=112.0.5615.135 minSdkVersion=29 isBundle=true processName=com.android.chrome:privileged_process0 isIsolated=false
04-28 16:50:20.170   858   858 W cr_KnoxSettingsProvider: Permission to read device policy denied.
04-28 16:50:20.170   996   996 I cr_ChildProcessService: Creating new ChildProcessService pid=996
04-28 16:50:20.200   383   383 I hwservicemanager: getTransport: Cannot find entry vendor.qti.hardware.servicetracker@1.0::IServicetracker/default in either framework or device manifest.
04-28 16:50:20.201  1348  1591 D CompatibilityChangeReporter: Compat change id reported: 135634846; UID 10163; state: DISABLED
04-28 16:50:20.202  1348  1432 D CompatibilityChangeReporter: Compat change id reported: 143937733; UID 10163; state: ENABLED
04-28 16:50:20.205   383   383 I chatty  : uid=1000(system) hwservicemanage identical 1 line
04-28 16:50:20.213   383   383 I hwservicemanager: getTransport: Cannot find entry vendor.qti.hardware.servicetracker@1.0::IServicetracker/default in either framework or device manifest.
04-28 16:50:20.216   996  1070 I cr_LibraryLoader: Loading monochrome from within /data/app/~~Ou8GYyiPa5lJGyiGxpS9pw==/com.android.chrome-lwSymMwn7BdWRBHSF2z4Xg==/base.apk
04-28 16:50:20.216  1348  2471 D ConnectivityService: requestNetwork for uid/pid:10163/858 NetworkRequest [ TRACK_DEFAULT id=413, [ Capabilities: INTERNET&NOT_RESTRICTED&TRUSTED Uid: 10163 AdministratorUids: [] RequestorUid: 10163 RequestorPackageName: com.android.chrome] ]
04-28 16:50:20.217  1348  1532 D ConnectivityService: NetReassign [413 : null  101]
04-28 16:50:20.218  1860  1860 D PhoneSwitcherNetworkRequstListener: got request NetworkRequest [ TRACK_DEFAULT id=413, [ Capabilities: INTERNET&NOT_RESTRICTED&TRUSTED Uid: 10163 AdministratorUids: [] RequestorUid: 10163 RequestorPackageName: com.android.chrome] ] with score 50 and providerId 2
04-28 16:50:20.218  1348  1528 D WifiNetworkFactory: got request NetworkRequest [ TRACK_DEFAULT id=413, [ Capabilities: INTERNET&NOT_RESTRICTED&TRUSTED Uid: 10163 AdministratorUids: [] RequestorUid: 10163 RequestorPackageName: com.android.chrome] ] with score 50 and providerId 2
04-28 16:50:20.218  1348  1528 D UntrustedWifiNetworkFactory: got request NetworkRequest [ TRACK_DEFAULT id=413, [ Capabilities: INTERNET&NOT_RESTRICTED&TRUSTED Uid: 10163 AdministratorUids: [] RequestorUid: 10163 RequestorPackageName: com.android.chrome] ] with score 50 and providerId 2
04-28 16:50:20.228  1348  1532 D ConnectivityService: NetReassign [no changes]
04-28 16:50:20.242   488   488 D Zygote  : Forked child process 1075
04-28 16:50:20.264  1348  1432 W ZygoteProcess: Got error connecting to zygote, retrying. msg= Connection refused
04-28 16:50:20.275  1348  1593 I ActivityManager: Killing 2214:android:ui/1000 (adj 985): empty #17
04-28 16:50:20.277  1348  1593 D DiagBroadcastService: DiagBroadcastServiceImpl.broadcastDiagAppExited packageName=android, exitReason=USER_HALTED
04-28 16:50:20.292  1348  1593 I system_server: oneway function results will be dropped but finished with status OK and parcel size 4
04-28 16:50:20.294  1348  1593 I chatty  : uid=1000(system) Binder:1348_5 identical 1 line
04-28 16:50:20.295  1348  1593 I system_server: oneway function results will be dropped but finished with status OK and parcel size 4
04-28 16:50:20.297  1348  3856 I system_server: oneway function results will be dropped but finished with status OK and parcel size 4
04-28 16:50:20.298   996  1070 I cr_LibraryLoader: Successfully loaded native library
04-28 16:50:20.298  1348  1593 I system_server: oneway function results will be dropped but finished with status OK and parcel size 4
04-28 16:50:20.304   996  1070 I cr_CachingUmaRecorder: Flushed 11 samples from 11 histograms.
04-28 16:50:20.318   383   383 I hwservicemanager: getTransport: Cannot find entry vendor.qti.hardware.servicetracker@1.0::IServicetracker/default in either framework or device manifest.
04-28 16:50:20.319  1348  1432 I AppZygote: Starting application preload.
04-28 16:50:20.321  1348  1415 W ActivityManager: setHasOverlayUi called on unknown pid: 2214
04-28 16:50:20.332  1075  1075 I AppZygoteInit: Beginning application preload for com.android.chrome
04-28 16:50:20.365   488   488 I Zygote  : Process 2214 exited due to signal 9 (Killed)
04-28 16:50:20.369   996  1070 I AdrenoGLES-0: QUALCOMM build                   : 1a67ece, I4b96756208
04-28 16:50:20.369   996  1070 I AdrenoGLES-0: Build Date                       : 05/02/21
04-28 16:50:20.369   996  1070 I AdrenoGLES-0: OpenGL ES Shader Compiler Version: EV031.32.02.09
04-28 16:50:20.369   996  1070 I AdrenoGLES-0: Local Branch                     : 
04-28 16:50:20.369   996  1070 I AdrenoGLES-0: Remote Branch                    : 
04-28 16:50:20.369   996  1070 I AdrenoGLES-0: Remote Branch                    : 
04-28 16:50:20.369   996  1070 I AdrenoGLES-0: Reconstruct Branch               : 
04-28 16:50:20.370   996  1070 I AdrenoGLES-0: Build Config                     : S L 10.0.7 AArch32
04-28 16:50:20.370   996  1070 I AdrenoGLES-0: Driver Path                      : /vendor/lib/egl/libGLESv2_adreno.so
04-28 16:50:20.383   996  1070 I AdrenoGLES-0: PFP: 0x00c60400, ME: 0x003ff041
04-28 16:50:20.383  1348  1434 I libprocessgroup: Successfully killed process cgroup uid 1000 pid 2214 in 106ms
04-28 16:50:20.395   858   971 I tflite  : Initialized TensorFlow Lite runtime.
04-28 16:50:20.458   996  1070 E vndksupport: Could not load vulkan.msm8937.so from sphal namespace: dlopen failed: library "vulkan.msm8937.so" not found.
04-28 16:50:20.459   996  1070 D vulkan  : searching for layers in '/data/app/~~Ou8GYyiPa5lJGyiGxpS9pw==/com.android.chrome-lwSymMwn7BdWRBHSF2z4Xg==/lib/arm'
04-28 16:50:20.460   996  1070 D vulkan  : searching for layers in '/data/app/~~Ou8GYyiPa5lJGyiGxpS9pw==/com.android.chrome-lwSymMwn7BdWRBHSF2z4Xg==/base.apk!/lib/armeabi-v7a'
04-28 16:50:20.462   996  1070 D vulkan  : searching for layers in '/data/app/~~g6Y9rAXQEzYJEPsLTwzUuw==/com.google.android.trichromelibrary_561513530-L-BPOD_eDph6yuFn4Wh1Rw==/base.apk!/lib/armeabi-v7a'
04-28 16:50:20.511   858   858 I cr_CompositorSurfaceMgr: Transitioning to surface with format: -1
04-28 16:50:20.605  2474  2506 I MediaProvider: Using lower FS for /storage/emulated/0/Download/tt9-v20.1.apk
04-28 16:50:20.623  1075  1075 I cr_ZygotePreload: Loaded Zygote. version=112.0.5615.135 minSdkVersion=29 isBundle=true
04-28 16:50:20.664  1348  1432 I AppZygote: Application preload done.
04-28 16:50:20.665  1075  1075 I AppZygoteInit: Application preload done
04-28 16:50:20.675  2718  4065 E beor    : Phenotype API error. Event # czvj@41acbf9d, EventCode: 7 [CONTEXT service_id=51 ]
04-28 16:50:20.675  2718  4065 E beor    : beno: 29505: No config packages for log source, or config package not registered
04-28 16:50:20.675  2718  4065 E beor    : 	at bepo.b(:com.google.android.gms@231417063@23.14.17 (170300-527331132):4)
04-28 16:50:20.675  2718  4065 E beor    : 	at bepl.g(:com.google.android.gms@231417063@23.14.17 (170300-527331132):0)
04-28 16:50:20.675  2718  4065 E beor    : 	at beor.e(:com.google.android.gms@231417063@23.14.17 (170300-527331132):4)
04-28 16:50:20.675  2718  4065 E beor    : 	at beor.f(:com.google.android.gms@231417063@23.14.17 (170300-527331132):2)
04-28 16:50:20.675  2718  4065 E beor    : 	at aovb.ep(:com.google.android.gms@231417063@23.14.17 (170300-527331132):1)
04-28 16:50:20.675  2718  4065 E beor    : 	at aovh.run(:com.google.android.gms@231417063@23.14.17 (170300-527331132):12)
04-28 16:50:20.675  2718  4065 E beor    : 	at cfrz.run(:com.google.android.gms@231417063@23.14.17 (170300-527331132):2)
04-28 16:50:20.675  2718  4065 E beor    : 	at zsb.c(:com.google.android.gms@231417063@23.14.17 (170300-527331132):6)
04-28 16:50:20.675  2718  4065 E beor    : 	at zsb.run(:com.google.android.gms@231417063@23.14.17 (170300-527331132):7)
04-28 16:50:20.675  2718  4065 E beor    : 	at java.util.concurrent.ThreadPoolExecutor.runWorker(ThreadPoolExecutor.java:1167)
04-28 16:50:20.675  2718  4065 E beor    : 	at java.util.concurrent.ThreadPoolExecutor$Worker.run(ThreadPoolExecutor.java:641)
04-28 16:50:20.675  2718  4065 E beor    : 	at zxf.run(:com.google.android.gms@231417063@23.14.17 (170300-527331132):0)
04-28 16:50:20.675  2718  4065 E beor    : 	at java.lang.Thread.run(Thread.java:923)
04-28 16:50:20.676  2718  4065 W AsyncOperation: operation=GetExperimentTokensOperationCall, opStatusCode=29505 [CONTEXT service_id=51 ]
04-28 16:50:20.676  2718  4065 W AsyncOperation: OperationException[Status{statusCode=No config packages for log source, or config package not registered, resolution=null}]
04-28 16:50:20.676  2718  4065 W AsyncOperation: 	at beor.e(:com.google.android.gms@231417063@23.14.17 (170300-527331132):6)
04-28 16:50:20.676  2718  4065 W AsyncOperation: 	at beor.f(:com.google.android.gms@231417063@23.14.17 (170300-527331132):2)
04-28 16:50:20.676  2718  4065 W AsyncOperation: 	at aovb.ep(:com.google.android.gms@231417063@23.14.17 (170300-527331132):1)
04-28 16:50:20.676  2718  4065 W AsyncOperation: 	at aovh.run(:com.google.android.gms@231417063@23.14.17 (170300-527331132):12)
04-28 16:50:20.676  2718  4065 W AsyncOperation: 	at cfrz.run(:com.google.android.gms@231417063@23.14.17 (170300-527331132):2)
04-28 16:50:20.676  2718  4065 W AsyncOperation: 	at zsb.c(:com.google.android.gms@231417063@23.14.17 (170300-527331132):6)
04-28 16:50:20.676  2718  4065 W AsyncOperation: 	at zsb.run(:com.google.android.gms@231417063@23.14.17 (170300-527331132):7)
04-28 16:50:20.676  2718  4065 W AsyncOperation: 	at java.util.concurrent.ThreadPoolExecutor.runWorker(ThreadPoolExecutor.java:1167)
04-28 16:50:20.676  2718  4065 W AsyncOperation: 	at java.util.concurrent.ThreadPoolExecutor$Worker.run(ThreadPoolExecutor.java:641)
04-28 16:50:20.676  2718  4065 W AsyncOperation: 	at zxf.run(:com.google.android.gms@231417063@23.14.17 (170300-527331132):0)
04-28 16:50:20.676  2718  4065 W AsyncOperation: 	at java.lang.Thread.run(Thread.java:923)
04-28 16:50:20.680  1075  1075 D Zygote  : Forked child process 1112
04-28 16:50:20.682  1348  1432 W ActivityManager: Slow operation: 481ms so far, now at startProcess: returned from zygote!
04-28 16:50:20.682  1348  1432 W ActivityManager: Slow operation: 482ms so far, now at startProcess: done updating battery stats
04-28 16:50:20.682  1348  1432 W ActivityManager: Slow operation: 482ms so far, now at startProcess: building log message
04-28 16:50:20.682  1348  1432 I ActivityManager: Start proc 1112:com.android.chrome:sandboxed_process0:org.chromium.content.app.SandboxedProcessService0:0/u0ai0 for  {com.android.chrome/org.chromium.content.app.SandboxedProcessService0:0}
04-28 16:50:20.682  1348  1432 W ActivityManager: Slow operation: 482ms so far, now at startProcess: starting to update pids map
04-28 16:50:20.683  1348  1432 W ActivityManager: Slow operation: 482ms so far, now at startProcess: done updating pids map
04-28 16:50:20.727  1112  1112 E ocessService0:: Not starting debugger since process cannot load the jdwp agent.
04-28 16:50:20.752  1348  3856 D CompatibilityInfo: mCompatibilityFlags - 4
04-28 16:50:20.752  1348  3856 D CompatibilityInfo: applicationDensity - 240
04-28 16:50:20.752  1348  3856 D CompatibilityInfo: applicationScale - 1.0
04-28 16:50:20.754  1348  3856 D DiagBroadcastService: DiagBroadcastServiceImpl.broadcastDiagAppStateChanged packageName=com.android.chrome, state=START
04-28 16:50:20.756   381   381 E lowmemorykiller: Error opening /dev/memcg/apps/uid_90000/pid_1112/memory.soft_limit_in_bytes; errno=2
04-28 16:50:20.757  1348  3856 D CompatibilityInfo: mCompatibilityFlags - 4
04-28 16:50:20.757  1348  3856 D CompatibilityInfo: applicationDensity - 240
04-28 16:50:20.757  1348  3856 D CompatibilityInfo: applicationScale - 1.0
04-28 16:50:20.758   383   383 I hwservicemanager: getTransport: Cannot find entry vendor.qti.hardware.servicetracker@1.0::IServicetracker/default in either framework or device manifest.
04-28 16:50:20.802  1112  1112 I LoadedApk: No resource references to update in package com.google.android.trichromelibrary
04-28 16:50:20.802  1112  1112 D NetworkSecurityConfig: Using Network Security Config from resource 0_resource_name_obfuscated debugBuild: false
04-28 16:50:20.804  1112  1112 D NetworkSecurityConfig: Using Network Security Config from resource 0_resource_name_obfuscated debugBuild: false
04-28 16:50:20.817  1112  1112 I cr_SplitCompatApp: Launched version=112.0.5615.135 minSdkVersion=29 isBundle=true processName=com.android.chrome:sandboxed_process0:org.chromium.content.app.SandboxedProcessService0:0 isIsolated=true
04-28 16:50:20.833  1112  1112 W SystemServiceRegistry: No service published for: uimode
04-28 16:50:20.846  1112  1112 I cr_ChildProcessService: Creating new ChildProcessService pid=1112
04-28 16:50:20.851   381   381 E lowmemorykiller: Error opening /dev/memcg/apps/uid_90000/pid_1112/memory.soft_limit_in_bytes; errno=2
04-28 16:50:20.859  1112  1172 E cr_ChromiumAndroidLinker: ReserveAddressWithHint: Address range starting at 0x77f51000 was not free to use
04-28 16:50:20.902  1112  1174 I cr_LibraryLoader: Successfully loaded native library
04-28 16:50:20.904  1112  1174 I cr_CachingUmaRecorder: Flushed 3 samples from 3 histograms.
04-28 16:50:20.969  2718  3589 I FontLog : Received query name=Google Sans&weight=700&besteffort=false, URI content://com.google.android.gms.fonts [CONTEXT service_id=132 ]
04-28 16:50:20.970  2718  3589 I FontLog : Query [name=Google Sans&weight=700&besteffort=false] resolved to {Google Sans, wdth 100.0, wght 700, ital 0.0, bestEffort false} [CONTEXT service_id=132 ]
04-28 16:50:20.972  2718  3589 I FontLog : Font PFD returned from cache for {Google Sans, wdth 100.0, wght 700, ital 0.0, bestEffort false} [CONTEXT service_id=132 ]
04-28 16:50:20.973  2718  3589 I FontLog : Fetch {Google Sans, wdth 100.0, wght 700, ital 0.0, bestEffort false} end status Status{statusCode=SUCCESS, resolution=null} [CONTEXT service_id=132 ]
04-28 16:50:20.978  2718  3909 I FontLog : Pulling font file for id = 36, cache size = 5 [CONTEXT service_id=132 ]
04-28 16:50:20.995  2718  3589 I FontLog : Received query name=Noto Color Emoji Compat&weight=400&besteffort=false, URI content://com.google.android.gms.fonts [CONTEXT service_id=132 ]
04-28 16:50:20.996  2718  3589 I FontLog : Query [name=Noto Color Emoji Compat&weight=400&besteffort=false] resolved to {Noto Color Emoji Compat, wdth 100.0, wght 400, ital 0.0, bestEffort false} [CONTEXT service_id=132 ]
04-28 16:50:20.999  2718  3589 I FontLog : Fetch {Noto Color Emoji Compat, wdth 100.0, wght 400, ital 0.0, bestEffort false} end status Status{statusCode=SUCCESS, resolution=null} [CONTEXT service_id=132 ]
04-28 16:50:21.004  2718  3909 I FontLog : Pulling font file for id = 37, cache size = 6 [CONTEXT service_id=132 ]
04-28 16:50:21.008  2718  3909 I FontLog : Received query name=Google Sans&weight=400&besteffort=false, URI content://com.google.android.gms.fonts [CONTEXT service_id=132 ]
04-28 16:50:21.009  2718  3909 I FontLog : Query [name=Google Sans&weight=400&besteffort=false] resolved to {Google Sans, wdth 100.0, wght 400, ital 0.0, bestEffort false} [CONTEXT service_id=132 ]
04-28 16:50:21.014  2718  3909 I FontLog : Font PFD returned from cache for {Google Sans, wdth 100.0, wght 400, ital 0.0, bestEffort false} [CONTEXT service_id=132 ]
04-28 16:50:21.014  2718  3909 I FontLog : Fetch {Google Sans, wdth 100.0, wght 400, ital 0.0, bestEffort false} end status Status{statusCode=SUCCESS, resolution=null} [CONTEXT service_id=132 ]
04-28 16:50:21.019  2718  3909 I FontLog : Pulling font file for id = 38, cache size = 7 [CONTEXT service_id=132 ]
04-28 16:50:21.024  2718  3909 I FontLog : Received query name=Google Sans&weight=500&besteffort=false, URI content://com.google.android.gms.fonts [CONTEXT service_id=132 ]
04-28 16:50:21.025  2718  3909 I FontLog : Query [name=Google Sans&weight=500&besteffort=false] resolved to {Google Sans, wdth 100.0, wght 500, ital 0.0, bestEffort false} [CONTEXT service_id=132 ]
04-28 16:50:21.027  2718  3909 I FontLog : Font PFD returned from cache for {Google Sans, wdth 100.0, wght 500, ital 0.0, bestEffort false} [CONTEXT service_id=132 ]
04-28 16:50:21.029  2718  3909 I FontLog : Fetch {Google Sans, wdth 100.0, wght 500, ital 0.0, bestEffort false} end status Status{statusCode=SUCCESS, resolution=null} [CONTEXT service_id=132 ]
04-28 16:50:21.033  2718  3589 I FontLog : Pulling font file for id = 39, cache size = 8 [CONTEXT service_id=132 ]
04-28 16:50:21.107   996  1238 W Utils   : could not parse long range '689-670'
04-28 16:50:21.242  1348  3432 I ActivityManager: Killing 2325:com.google.android.inputmethod.latin/u0a151 (adj 985): empty #17
04-28 16:50:21.108   996  1238 W Utils   : could not parse long range '689-670'
04-28 16:50:21.244  1348  3432 D DiagBroadcastService: DiagBroadcastServiceImpl.broadcastDiagAppExited packageName=com.google.android.inputmethod.latin, exitReason=USER_HALTED
04-28 16:50:21.317   488   488 I Zygote  : Process 2325 exited due to signal 9 (Killed)
04-28 16:50:21.317   383   383 I hwservicemanager: getTransport: Cannot find entry vendor.qti.hardware.servicetracker@1.0::IServicetracker/default in either framework or device manifest.
04-28 16:50:21.344  1348  1434 I libprocessgroup: Successfully killed process cgroup uid 10151 pid 2325 in 79ms
04-28 16:50:21.407   383   383 I hwservicemanager: getTransport: Cannot find entry vendor.qti.hardware.servicetracker@1.0::IServicetracker/default in either framework or device manifest.
04-28 16:50:22.396  1348  1593 D ConnectivityService: requestNetwork for uid/pid:10163/858 NetworkRequest [ TRACK_DEFAULT id=415, [ Capabilities: INTERNET&NOT_RESTRICTED&TRUSTED Uid: 10163 AdministratorUids: [] RequestorUid: 10163 RequestorPackageName: com.android.chrome] ]
04-28 16:50:22.397  1348  1532 D ConnectivityService: NetReassign [415 : null  101]
04-28 16:50:22.399  1348  1528 D WifiNetworkFactory: got request NetworkRequest [ TRACK_DEFAULT id=415, [ Capabilities: INTERNET&NOT_RESTRICTED&TRUSTED Uid: 10163 AdministratorUids: [] RequestorUid: 10163 RequestorPackageName: com.android.chrome] ] with score 50 and providerId 2
04-28 16:50:22.399  1348  1528 D UntrustedWifiNetworkFactory: got request NetworkRequest [ TRACK_DEFAULT id=415, [ Capabilities: INTERNET&NOT_RESTRICTED&TRUSTED Uid: 10163 AdministratorUids: [] RequestorUid: 10163 RequestorPackageName: com.android.chrome] ] with score 50 and providerId 2
04-28 16:50:22.400  1860  1860 D PhoneSwitcherNetworkRequstListener: got request NetworkRequest [ TRACK_DEFAULT id=415, [ Capabilities: INTERNET&NOT_RESTRICTED&TRUSTED Uid: 10163 AdministratorUids: [] RequestorUid: 10163 RequestorPackageName: com.android.chrome] ] with score 50 and providerId 2
04-28 16:50:22.401  1348  1532 D ConnectivityService: NetReassign [no changes]
04-28 16:50:24.315   858   908 I .android.chrom: Waiting for a blocking GC ProfileSaver
04-28 16:50:24.324   858   908 I .android.chrom: WaitForGcToComplete blocked ProfileSaver on ClassLinker for 8.553ms
04-28 16:50:24.332   858   885 I .android.chrom: WaitForGcToComplete blocked RunEmptyCheckpoint on ProfileSaver for 7.618ms
04-28 16:50:24.680  1002  3106 E QMI_FW  : qmi_cci_get_ref: ref count increased 2
04-28 16:50:24.681  1002  2899 E QMI_FW  : qmi_cci_get_ref: ref count increased 2
04-28 16:50:25.696  1348  1348 D DiagBroadcastService: DiagBroadcastServiceImpl.handleBroadcastMessage
04-28 16:50:25.717  1348  1348 D DiagBroadcastService: DiagBroadcastServiceImpl.handleBroadcastMessage
04-28 16:50:26.637   383   383 I hwservicemanager: getTransport: Cannot find entry vendor.qti.hardware.servicetracker@1.0::IServicetracker/default in either framework or device manifest.
04-28 16:50:28.610  1348  1348 D DiagBroadcastService: DiagBroadcastServiceImpl.handleBroadcastMessage
04-28 16:50:29.134  1002  1083 E QMI_FW  : qmi_cci_get_ref: ref count increased 2
04-28 16:50:29.141  1002  1083 E QMI_FW  : qmi_cci_get_ref: ref count increased 2
04-28 16:50:29.223  1348  1348 D DiagBroadcastService: DiagBroadcastServiceImpl.handleBroadcastMessage
04-28 16:50:29.678   383   383 I hwservicemanager: getTransport: Cannot find entry vendor.qti.hardware.servicetracker@1.0::IServicetracker/default in either framework or device manifest.
04-28 16:50:29.681  2770  2770 D BoundBrokerSvc: onUnbind: Intent { act=com.google.android.gms.measurement.START pkg=com.google.android.gms }
04-28 16:50:29.682   383   383 I hwservicemanager: getTransport: Cannot find entry vendor.qti.hardware.servicetracker@1.0::IServicetracker/default in either framework or device manifest.
04-28 16:50:30.025  1348  1348 D DiagBroadcastService: DiagBroadcastServiceImpl.handleBroadcastMessage
04-28 16:50:30.280  1348  1348 D DiagBroadcastService: DiagBroadcastServiceImpl.handleBroadcastMessage
04-28 16:50:30.418   942  1301 E QMI_FW  : qmi_cci_get_ref: ref count increased 2
04-28 16:50:30.557  1002  2899 E QMI_FW  : qmi_cci_get_ref: ref count increased 2
04-28 16:50:30.557   942  1301 E QMI_FW  : qmi_cci_get_ref: ref count increased 2
04-28 16:50:30.557  1002  3106 E QMI_FW  : qmi_cci_get_ref: ref count increased 2
04-28 16:50:30.754  1348  1348 D DiagBroadcastService: DiagBroadcastServiceImpl.handleBroadcastMessage
04-28 16:50:31.246  1348  1348 D DiagBroadcastService: DiagBroadcastServiceImpl.handleBroadcastMessage
04-28 16:50:31.352   383   383 I hwservicemanager: getTransport: Cannot find entry vendor.qti.hardware.servicetracker@1.0::IServicetracker/default in either framework or device manifest.
04-28 16:50:32.316   383   383 I chatty  : uid=1000(system) hwservicemanage identical 1 line
04-28 16:50:32.518   383   383 I hwservicemanager: getTransport: Cannot find entry vendor.qti.hardware.servicetracker@1.0::IServicetracker/default in either framework or device manifest.
04-28 16:50:32.524  2770  2770 D BoundBrokerSvc: onUnbind: Intent { act=com.google.android.gms.potokens.service.START dat=chimera-action: cmp=com.google.android.gms/.chimera.GmsApiService }
04-28 16:50:32.942   383   383 I hwservicemanager: getTransport: Cannot find entry vendor.qti.hardware.servicetracker@1.0::IServicetracker/default in either framework or device manifest.
04-28 16:50:32.944  2718  2718 D BoundBrokerSvc: onUnbind: Intent { act=com.google.android.gms.pseudonymous.service.START pkg=com.google.android.gms }
04-28 16:50:32.978  1002  1210 E QMI_FW  : qmi_cci_get_ref: ref count increased 2
04-28 16:50:32.980  1002  1083 E QMI_FW  : qmi_cci_get_ref: ref count increased 2
04-28 16:50:33.608   383   383 I hwservicemanager: getTransport: Cannot find entry vendor.qti.hardware.servicetracker@1.0::IServicetracker/default in either framework or device manifest.
04-28 16:50:35.718   383   383 I chatty  : uid=1000(system) hwservicemanage identical 3 lines
04-28 16:50:35.721   383   383 I hwservicemanager: getTransport: Cannot find entry vendor.qti.hardware.servicetracker@1.0::IServicetracker/default in either framework or device manifest.
04-28 16:50:35.722  2770  2770 D BoundBrokerSvc: onUnbind: Intent { act=com.google.android.gms.safetynet.service.START pkg=com.google.android.gms }
04-28 16:50:35.728   383   383 I hwservicemanager: getTransport: Cannot find entry vendor.qti.hardware.servicetracker@1.0::IServicetracker/default in either framework or device manifest.
04-28 16:50:35.731  2770  2770 D BoundBrokerSvc: onUnbind: Intent { act=com.google.android.gms.credential.manager.service.firstparty.START dat=chimera-action: cmp=com.google.android.gms/.chimera.GmsApiService }
04-28 16:50:35.732   383   383 I hwservicemanager: getTransport: Cannot find entry vendor.qti.hardware.servicetracker@1.0::IServicetracker/default in either framework or device manifest.
04-28 16:50:35.734   383   383 I hwservicemanager: getTransport: Cannot find entry vendor.qti.hardware.servicetracker@1.0::IServicetracker/default in either framework or device manifest.
04-28 16:50:35.734  2770  2770 D BoundBrokerSvc: onUnbind: Intent { act=com.google.android.gms.auth.key.retrieval.service.START dat=chimera-action: cmp=com.google.android.gms/.chimera.GmsApiService }
04-28 16:50:35.738   383   383 I hwservicemanager: getTransport: Cannot find entry vendor.qti.hardware.servicetracker@1.0::IServicetracker/default in either framework or device manifest.
04-28 16:50:35.739   383   383 I hwservicemanager: getTransport: Cannot find entry vendor.qti.hardware.servicetracker@1.0::IServicetracker/default in either framework or device manifest.
04-28 16:50:35.740  2718  2718 D BoundBrokerSvc: onUnbind: Intent { act=com.google.android.gms.phenotype.service.START pkg=com.google.android.gms }
04-28 16:50:35.741   381   381 E lowmemorykiller: Error opening /dev/memcg/apps/uid_90000/pid_1112/memory.soft_limit_in_bytes; errno=2
04-28 16:50:35.744   383   383 I hwservicemanager: getTransport: Cannot find entry vendor.qti.hardware.servicetracker@1.0::IServicetracker/default in either framework or device manifest.
04-28 16:50:37.164  1002  1210 E QMI_FW  : qmi_cci_get_ref: ref count increased 2
04-28 16:50:37.165  1002  1083 E QMI_FW  : qmi_cci_get_ref: ref count increased 2
04-28 16:50:37.235  1002  2899 E QMI_FW  : qmi_cci_get_ref: ref count increased 2
04-28 16:50:37.235  1002  3106 E QMI_FW  : qmi_cci_get_ref: ref count increased 2
04-28 16:50:38.388   383   383 I hwservicemanager: getTransport: Cannot find entry vendor.qti.hardware.servicetracker@1.0::IServicetracker/default in either framework or device manifest.
04-28 16:50:38.390  1348  2049 I ActivityManager: Killing 1178:com.google.android.gms.ui/u0a139 (adj 985): empty #17
04-28 16:50:38.392  1348  2049 D DiagBroadcastService: DiagBroadcastServiceImpl.broadcastDiagAppExited packageName=com.google.android.gms, exitReason=USER_HALTED
04-28 16:50:38.468   488   488 I Zygote  : Process 1178 exited due to signal 9 (Killed)
04-28 16:50:38.469   383   383 I hwservicemanager: getTransport: Cannot find entry vendor.qti.hardware.servicetracker@1.0::IServicetracker/default in either framework or device manifest.
04-28 16:50:38.472  1348  1415 W ActivityManager: setHasOverlayUi called on unknown pid: 1178
04-28 16:50:38.473  1348  1434 I libprocessgroup: Successfully killed process cgroup uid 10139 pid 1178 in 81ms
04-28 16:50:41.293  1002  1083 E QMI_FW  : qmi_cci_get_ref: ref count increased 2
04-28 16:50:41.295  1002  1210 E QMI_FW  : qmi_cci_get_ref: ref count increased 2
04-28 16:50:41.297  1002  1083 E QMI_FW  : qmi_cci_get_ref: ref count increased 2
04-28 16:50:41.302  1002  1083 E QMI_FW  : qmi_cci_get_ref: ref count increased 2
04-28 16:50:45.149  1002  1210 E QMI_FW  : qmi_cci_get_ref: ref count increased 2
04-28 16:50:45.151  1002  1083 E QMI_FW  : qmi_cci_get_ref: ref count increased 2
04-28 16:50:47.702  1002  1210 E QMI_FW  : qmi_cci_get_ref: ref count increased 2
04-28 16:50:47.703  1002  1083 E QMI_FW  : qmi_cci_get_ref: ref count increased 2
04-28 16:50:48.179   383   383 I hwservicemanager: getTransport: Cannot find entry vendor.qti.hardware.servicetracker@1.0::IServicetracker/default in either framework or device manifest.
04-28 16:50:48.181   383   383 I hwservicemanager: getTransport: Cannot find entry vendor.qti.hardware.servicetracker@1.0::IServicetracker/default in either framework or device manifest.
04-28 16:50:48.184   381   381 E lowmemorykiller: Error opening /dev/memcg/apps/uid_90000/pid_1112/memory.soft_limit_in_bytes; errno=2
04-28 16:50:48.404  1348  1348 D DiagBroadcastService: DiagBroadcastServiceImpl.handleBroadcastMessage
04-28 16:50:49.565   383   383 I hwservicemanager: getTransport: Cannot find entry vendor.qti.hardware.servicetracker@1.0::IServicetracker/default in either framework or device manifest.
04-28 16:50:49.567  1348  3856 D CompatibilityInfo: mCompatibilityFlags - 4
04-28 16:50:49.567  1348  3856 D CompatibilityInfo: applicationDensity - 240
04-28 16:50:49.567  1348  3856 D CompatibilityInfo: applicationScale - 1.0
04-28 16:50:49.568   383   383 I hwservicemanager: getTransport: Cannot find entry vendor.qti.hardware.servicetracker@1.0::IServicetracker/default in either framework or device manifest.
04-28 16:50:49.571  2770  2770 D BoundBrokerSvc: onBind: Intent { act=com.google.android.gms.safetynet.service.START pkg=com.google.android.gms }
04-28 16:50:49.571  2770  2770 D BoundBrokerSvc: Loading bound service for intent: Intent { act=com.google.android.gms.safetynet.service.START pkg=com.google.android.gms }
04-28 16:50:49.576   383   383 I hwservicemanager: getTransport: Cannot find entry vendor.qti.hardware.servicetracker@1.0::IServicetracker/default in either framework or device manifest.
04-28 16:50:52.825  1002  1210 E QMI_FW  : qmi_cci_get_ref: ref count increased 2
04-28 16:50:52.826  1002  1083 E QMI_FW  : qmi_cci_get_ref: ref count increased 2
04-28 16:51:00.509  1002  1210 E QMI_FW  : qmi_cci_get_ref: ref count increased 2
04-28 16:51:00.510  1002  1083 E QMI_FW  : qmi_cci_get_ref: ref count increased 2
04-28 16:51:01.468   870   870 I VM_BMS  : power_supply_update: ocv_uv=4315123 ibatt=-60624 soc=100 seq_num=1588
04-28 16:51:03.069  1002  1210 E QMI_FW  : qmi_cci_get_ref: ref count increased 2
04-28 16:51:03.070  1002  1083 E QMI_FW  : qmi_cci_get_ref: ref count increased 2
04-28 16:51:04.680   383   383 I hwservicemanager: getTransport: Cannot find entry vendor.qti.hardware.servicetracker@1.0::IServicetracker/default in either framework or device manifest.
04-28 16:51:04.682   383   383 I chatty  : uid=1000(system) hwservicemanage identical 1 line
04-28 16:51:04.685   383   383 I hwservicemanager: getTransport: Cannot find entry vendor.qti.hardware.servicetracker@1.0::IServicetracker/default in either framework or device manifest.
04-28 16:51:04.687  2770  2770 D BoundBrokerSvc: onUnbind: Intent { act=com.google.android.gms.safetynet.service.START pkg=com.google.android.gms }
04-28 16:51:10.742  1002  1210 E QMI_FW  : qmi_cci_get_ref: ref count increased 2
04-28 16:51:10.744  1002  1083 E QMI_FW  : qmi_cci_get_ref: ref count increased 2
04-28 16:51:12.118  1348  1882 D BatteryService: warningBatteryTemperature mHealthInfo.batteryTemperature = 302
04-28 16:51:12.120  1573  1573 D KeyguardUpdateMonitor: received broadcast android.intent.action.BATTERY_CHANGED
04-28 16:51:12.124  1573  1573 D KeyguardUpdateMonitor: handleBatteryUpdate
04-28 16:51:16.319   383   383 I hwservicemanager: getTransport: Cannot find entry vendor.qti.hardware.servicetracker@1.0::IServicetracker/default in either framework or device manifest.
04-28 16:51:17.377   381   381 E lowmemorykiller: Error opening /dev/memcg/apps/uid_90000/pid_1112/memory.soft_limit_in_bytes; errno=2
04-28 16:51:17.462   383   383 I hwservicemanager: getTransport: Cannot find entry vendor.qti.hardware.servicetracker@1.0::IServicetracker/default in either framework or device manifest.
04-28 16:51:18.425  1002  1210 E QMI_FW  : qmi_cci_get_ref: ref count increased 2
04-28 16:51:18.426  1002  1083 E QMI_FW  : qmi_cci_get_ref: ref count increased 2
04-28 16:51:19.247   942  1301 E QMI_FW  : qmi_cci_get_ref: ref count increased 2
04-28 16:51:19.380  1002  2899 E QMI_FW  : qmi_cci_get_ref: ref count increased 2
04-28 16:51:19.381  1002  3106 E QMI_FW  : qmi_cci_get_ref: ref count increased 2
04-28 16:51:19.381   942  1301 E QMI_FW  : qmi_cci_get_ref: ref count increased 2
04-28 16:51:19.569   383   383 I hwservicemanager: getTransport: Cannot find entry vendor.qti.hardware.servicetracker@1.0::IServicetracker/default in either framework or device manifest.
04-28 16:51:19.572  1348  3856 D CompatibilityInfo: mCompatibilityFlags - 4
04-28 16:51:19.572  1348  3856 D CompatibilityInfo: applicationDensity - 240
04-28 16:51:19.572  1348  3856 D CompatibilityInfo: applicationScale - 1.0
04-28 16:51:19.573   383   383 I hwservicemanager: getTransport: Cannot find entry vendor.qti.hardware.servicetracker@1.0::IServicetracker/default in either framework or device manifest.
04-28 16:51:19.576  2770  2770 D BoundBrokerSvc: onBind: Intent { act=com.google.android.gms.safetynet.service.START pkg=com.google.android.gms }
04-28 16:51:19.576  2770  2770 D BoundBrokerSvc: Loading bound service for intent: Intent { act=com.google.android.gms.safetynet.service.START pkg=com.google.android.gms }
04-28 16:51:19.583   383   383 I hwservicemanager: getTransport: Cannot find entry vendor.qti.hardware.servicetracker@1.0::IServicetracker/default in either framework or device manifest.
04-28 16:51:20.940  1348  2049 D CompatibilityChangeReporter: Compat change id reported: 135634846; UID 10163; state: DISABLED
04-28 16:51:20.941  1348  1432 D CompatibilityChangeReporter: Compat change id reported: 143937733; UID 10163; state: ENABLED
04-28 16:51:20.939   383   383 I chatty  : uid=1000(system) hwservicemanage identical 1 line
04-28 16:51:20.943   383   383 I hwservicemanager: getTransport: Cannot find entry vendor.qti.hardware.servicetracker@1.0::IServicetracker/default in either framework or device manifest.
04-28 16:51:20.955  1075  1075 D Zygote  : Forked child process 1263
04-28 16:51:20.959  1348  1432 I ActivityManager: Start proc 1263:com.android.chrome:sandboxed_process0:org.chromium.content.app.SandboxedProcessService0:1/u0ai1 for  {com.android.chrome/org.chromium.content.app.SandboxedProcessService0:1}
04-28 16:51:20.978  1263  1263 E ocessService0:: Not starting debugger since process cannot load the jdwp agent.
04-28 16:51:20.993  1348  2049 D CompatibilityInfo: mCompatibilityFlags - 4
04-28 16:51:20.993  1348  2049 D CompatibilityInfo: applicationDensity - 240
04-28 16:51:20.993  1348  2049 D CompatibilityInfo: applicationScale - 1.0
04-28 16:51:20.994  1348  2049 D DiagBroadcastService: DiagBroadcastServiceImpl.broadcastDiagAppStateChanged packageName=com.android.chrome, state=START
04-28 16:51:20.996   381   381 E lowmemorykiller: Error opening /dev/memcg/apps/uid_90001/pid_1263/memory.soft_limit_in_bytes; errno=2
04-28 16:51:20.997  1348  2049 D CompatibilityInfo: mCompatibilityFlags - 4
04-28 16:51:20.997  1348  2049 D CompatibilityInfo: applicationDensity - 240
04-28 16:51:20.997  1348  2049 D CompatibilityInfo: applicationScale - 1.0
04-28 16:51:20.998   383   383 I hwservicemanager: getTransport: Cannot find entry vendor.qti.hardware.servicetracker@1.0::IServicetracker/default in either framework or device manifest.
04-28 16:51:21.030  1263  1263 I LoadedApk: No resource references to update in package com.google.android.trichromelibrary
04-28 16:51:21.030  1263  1263 D NetworkSecurityConfig: Using Network Security Config from resource 0_resource_name_obfuscated debugBuild: false
04-28 16:51:21.031  1263  1263 D NetworkSecurityConfig: Using Network Security Config from resource 0_resource_name_obfuscated debugBuild: false
04-28 16:51:21.042  1263  1263 I cr_SplitCompatApp: Launched version=112.0.5615.135 minSdkVersion=29 isBundle=true processName=com.android.chrome:sandboxed_process0:org.chromium.content.app.SandboxedProcessService0:1 isIsolated=true
04-28 16:51:21.058  1263  1263 W SystemServiceRegistry: No service published for: uimode
04-28 16:51:21.071  1263  1263 I cr_ChildProcessService: Creating new ChildProcessService pid=1263
04-28 16:51:21.076   381   381 E lowmemorykiller: Error opening /dev/memcg/apps/uid_90001/pid_1263/memory.soft_limit_in_bytes; errno=2
04-28 16:51:21.084  1263  1311 E cr_ChromiumAndroidLinker: ReserveAddressWithHint: Address range starting at 0x77f51000 was not free to use
04-28 16:51:21.124  1263  1312 I cr_LibraryLoader: Successfully loaded native library
04-28 16:51:21.126  1263  1312 I cr_CachingUmaRecorder: Flushed 3 samples from 3 histograms.
04-28 16:51:21.139  1263  1263 W ThreadPoolForeg: type=1400 audit(0.0:1062): avc: denied { setattr } for name="crl-set" dev="mmcblk0p56" ino=18946 scontext=u:r:isolated_app:s0:c512,c768 tcontext=u:object_r:app_data_file:s0:c163,c256,c512,c768 tclass=file permissive=0
04-28 16:51:21.149  1263  1263 W ThreadPoolForeg: type=1400 audit(0.0:1064): avc: denied { setattr } for name="LICENSE" dev="mmcblk0p56" ino=18663 scontext=u:r:isolated_app:s0:c512,c768 tcontext=u:object_r:app_data_file:s0:c163,c256,c512,c768 tclass=file permissive=0
04-28 16:51:21.168   383   383 I hwservicemanager: getTransport: Cannot find entry vendor.qti.hardware.servicetracker@1.0::IServicetracker/default in either framework or device manifest.
04-28 16:51:21.168  1263  1312 I chromium: [INFO:child_process_service.cc(69)] ChildProcessService: Exiting child process.
04-28 16:51:21.171  1348  2049 I ActivityManager: Killing 3184:org.codeaurora.dialer/1000 (adj 985): empty #17
04-28 16:51:21.173  1348  2049 D DiagBroadcastService: DiagBroadcastServiceImpl.broadcastDiagAppExited packageName=org.codeaurora.dialer, exitReason=USER_HALTED
04-28 16:51:21.175   383   383 I hwservicemanager: getTransport: Cannot find entry vendor.qti.hardware.servicetracker@1.0::IServicetracker/default in either framework or device manifest.
04-28 16:51:21.176   381   381 E lowmemorykiller: Error opening /dev/memcg/apps/uid_90001/pid_1263/memory.soft_limit_in_bytes; errno=2
04-28 16:51:21.178   383   383 I hwservicemanager: getTransport: Cannot find entry vendor.qti.hardware.servicetracker@1.0::IServicetracker/default in either framework or device manifest.
04-28 16:51:21.180  1348  3856 I ActivityManager: Killing 1263:com.android.chrome:sandboxed_process0:org.chromium.content.app.SandboxedProcessService0:1/u0a163i-8999 (adj 0): isolated not needed
04-28 16:51:21.206   383   383 I hwservicemanager: getTransport: Cannot find entry vendor.qti.hardware.servicetracker@1.0::IServicetracker/default in either framework or device manifest.
04-28 16:51:21.206  1075  1075 I Zygote  : Process 1263 exited cleanly (0)
04-28 16:51:21.216  1348  1446 E KernelCpuSpeedReader: Failed to read cpu-freq: /sys/devices/system/cpu/cpu0/cpufreq/stats/time_in_state: open failed: ENOENT (No such file or directory)
04-28 16:51:21.262   383   383 I hwservicemanager: getTransport: Cannot find entry vendor.qti.hardware.servicetracker@1.0::IServicetracker/default in either framework or device manifest.
04-28 16:51:21.263   488   488 I Zygote  : Process 3184 exited due to signal 9 (Killed)
04-28 16:51:21.265  1348  1415 W ActivityManager: setHasOverlayUi called on unknown pid: 3184
04-28 16:51:21.291  1348  1434 I libprocessgroup: Successfully killed process cgroup uid 1000 pid 3184 in 107ms
04-28 16:51:21.291  1348  1434 I libprocessgroup: Successfully killed process cgroup uid 90001 pid 1263 in 0ms
04-28 16:51:25.334  1002  1210 E QMI_FW  : qmi_cci_get_ref: ref count increased 2
04-28 16:51:25.336  1002  1083 E QMI_FW  : qmi_cci_get_ref: ref count increased 2
04-28 16:51:27.692  1002  2899 E QMI_FW  : qmi_cci_get_ref: ref count increased 2
04-28 16:51:27.693  1002  3106 E QMI_FW  : qmi_cci_get_ref: ref count increased 2
04-28 16:51:28.650  1002  1210 E QMI_FW  : qmi_cci_get_ref: ref count increased 2
04-28 16:51:28.652  1002  1083 E QMI_FW  : qmi_cci_get_ref: ref count increased 2
04-28 16:51:31.006  1348  1348 D DiagBroadcastService: DiagBroadcastServiceImpl.handleBroadcastMessage
04-28 16:51:31.175  1348  1348 D DiagBroadcastService: DiagBroadcastServiceImpl.handleBroadcastMessage
04-28 16:51:31.428   383   383 I hwservicemanager: getTransport: Cannot find entry vendor.qti.hardware.servicetracker@1.0::IServicetracker/default in either framework or device manifest.
04-28 16:51:31.854  1002  1083 E QMI_FW  : qmi_cci_get_ref: ref count increased 2
04-28 16:51:31.859  1002  1083 E QMI_FW  : qmi_cci_get_ref: ref count increased 2
04-28 16:51:32.495  1002  1210 E QMI_FW  : qmi_cci_get_ref: ref count increased 2
04-28 16:51:32.496  1002  1083 E QMI_FW  : qmi_cci_get_ref: ref count increased 2
04-28 16:51:32.557   383   383 I hwservicemanager: getTransport: Cannot find entry vendor.qti.hardware.servicetracker@1.0::IServicetracker/default in either framework or device manifest.
04-28 16:51:34.680   383   383 I chatty  : uid=1000(system) hwservicemanage identical 1 line
04-28 16:51:34.682   383   383 I hwservicemanager: getTransport: Cannot find entry vendor.qti.hardware.servicetracker@1.0::IServicetracker/default in either framework or device manifest.
04-28 16:51:34.685   381   381 E lowmemorykiller: Error opening /dev/memcg/apps/uid_90000/pid_1112/memory.soft_limit_in_bytes; errno=2
04-28 16:51:34.688   383   383 I hwservicemanager: getTransport: Cannot find entry vendor.qti.hardware.servicetracker@1.0::IServicetracker/default in either framework or device manifest.
04-28 16:51:34.690  2770  2770 D BoundBrokerSvc: onUnbind: Intent { act=com.google.android.gms.safetynet.service.START pkg=com.google.android.gms }
04-28 16:51:36.349  1002  1210 E QMI_FW  : qmi_cci_get_ref: ref count increased 2
04-28 16:51:36.351  1002  1083 E QMI_FW  : qmi_cci_get_ref: ref count increased 2
04-28 16:51:36.372  1573  1573 D KeyguardUpdateMonitor: received broadcast android.intent.action.TIME_TICK
04-28 16:51:36.373  1573  1573 D KeyguardUpdateMonitor: handleTimeUpdate
04-28 16:51:36.376   381   381 E lowmemorykiller: Error opening /dev/memcg/apps/uid_90000/pid_1112/memory.soft_limit_in_bytes; errno=2
04-28 16:51:36.383  2718  3978 I AlarmManager: setExactAndAllowWhileIdle [name: GCM_HB_ALARM type: 2 triggerAtMillis: 92373416]
04-28 16:51:36.391  2718  3978 E WakeLock: GCM_HB_ALARM release without a matched acquire!
04-28 16:51:36.393   942  1301 E QMI_FW  : qmi_cci_get_ref: ref count increased 2
04-28 16:51:36.393   383   383 I hwservicemanager: getTransport: Cannot find entry vendor.qti.hardware.servicetracker@1.0::IServicetracker/default in either framework or device manifest.
04-28 16:51:36.399  1348  2345 D CompatibilityInfo: mCompatibilityFlags - 4
04-28 16:51:36.400  1348  2345 D CompatibilityInfo: applicationDensity - 240
04-28 16:51:36.400  1348  2345 D CompatibilityInfo: applicationScale - 1.0
04-28 16:51:36.401   383   383 I hwservicemanager: getTransport: Cannot find entry vendor.qti.hardware.servicetracker@1.0::IServicetracker/default in either framework or device manifest.
04-28 16:51:36.408  2718  2718 D BoundBrokerSvc: onBind: Intent { act=com.google.android.gms.scheduler.ACTION_PROXY_SCHEDULE dat=chimera-action: cmp=com.google.android.gms/.chimera.PersistentApiService }
04-28 16:51:36.408  2718  2718 D BoundBrokerSvc: Loading bound service for intent: Intent { act=com.google.android.gms.scheduler.ACTION_PROXY_SCHEDULE dat=chimera-action: cmp=com.google.android.gms/.chimera.PersistentApiService }
04-28 16:51:36.414   383   383 I hwservicemanager: getTransport: Cannot find entry vendor.qti.hardware.servicetracker@1.0::IServicetracker/default in either framework or device manifest.
04-28 16:51:36.525  1002  2899 E QMI_FW  : qmi_cci_get_ref: ref count increased 2
04-28 16:51:36.525   942  1301 E QMI_FW  : qmi_cci_get_ref: ref count increased 2
04-28 16:51:36.526  1002  3106 E QMI_FW  : qmi_cci_get_ref: ref count increased 2
04-28 16:51:36.574  2718  3855 I AlarmManager: setExactAndAllowWhileIdle [name: GCM_HB_ALARM type: 2 triggerAtMillis: 92553607]
04-28 16:51:36.692  1860  1885 I m.android.phon: Background young concurrent copying GC freed 134079(16MB) AllocSpace objects, 76(1420KB) LOS objects, 77% free, 5065KB/22MB, paused 203us total 124.069ms
04-28 16:51:39.540  1002  1210 E QMI_FW  : qmi_cci_get_ref: ref count increased 2
04-28 16:51:39.541  1002  1083 E QMI_FW  : qmi_cci_get_ref: ref count increased 2
04-28 16:51:42.781  1002  2899 E QMI_FW  : qmi_cci_get_ref: ref count increased 2
04-28 16:51:42.782  1002  3106 E QMI_FW  : qmi_cci_get_ref: ref count increased 2
04-28 16:51:44.029  1002  1210 E QMI_FW  : qmi_cci_get_ref: ref count increased 2
