04-28 16:46:43.987  1812  1812 I QImsService: ImsServiceSub : [0] Call Type 25has num updates = 1
04-28 16:46:43.987  1812  1812 I QImsService: ImsServiceSub : [0] StatusForAccessTech networkMode = 14 registered = 1 status = 2 restrictCause = 0
04-28 16:46:43.987  1812  1812 I QImsService: ImsServiceClassTracker : updateFeatureCapabilities video true voice true
04-28 16:46:43.987  1812  1812 I QImsService: ImsServiceStateReceiver : updateHDIcon isVideo : true isVoice : true phoneId: 0 show HD Icon: false
04-28 16:46:43.988  1573  1789 D NetworkController.MobileSignalController(1): onCapabilitiesStatusChanged isVoiceCapable=true isVideoCapable=true
04-28 16:46:43.989  1860  1860 D DiagnosticsBroadcastEvent: WifiCallingController : onCapabilitiesStatusChanged config = MmTel Capabilities - [Voice: true Video: true UT: true SMS: true]
04-28 16:46:44.004  1860  1860 I Telephony: isRttCurrentlySupported -- regular acct, hasVoiceAvailability: true
04-28 16:46:44.004  1860  1860 I Telephony:  isRttSupported: true
04-28 16:46:44.004  1860  1860 I Telephony:  isRoaming: false
04-28 16:46:44.004  1860  1860 I Telephony:  isOnWfc: false
04-28 16:46:44.008  1812  1812 I QImsService: ImsServiceStateReceiver : shallShowHDIcon config showHDIcon : false phoneId : 0
04-28 16:46:44.008  1812  1812 D ImsMultiEndpointImpl: Message received: what = 2
04-28 16:46:44.008  1812  1812 D ImsMultiEndpointImpl: EVENT_CAPABILITIES_CHANGED
04-28 16:46:44.009  1812  1812 D ImsMultiEndpointImpl: updateCapabilities:: Video = true, Voice = true
04-28 16:46:44.009  1812  1812 D ImsViceParser: getCallPullInfo mDialogIds null
04-28 16:46:44.009  1812  1812 I ImsMultiEndpointImpl: Calling onImsExternalCallStateUpdate
04-28 16:46:44.009  1812  1812 D MultiEndpointImplBase: ims external call state update triggered.
04-28 16:46:44.009  1860  2223 D ImsExternalCallTracker: refreshExternalCallState
04-28 16:46:50.132  1002  3106 E QMI_FW  : qmi_cci_get_ref: ref count increased 2
04-28 16:46:50.134  1002  2899 E QMI_FW  : qmi_cci_get_ref: ref count increased 2
04-28 16:46:55.142   383   383 I hwservicemanager: getTransport: Cannot find entry vendor.qti.hardware.servicetracker@1.0::IServicetracker/default in either framework or device manifest.
04-28 16:46:55.144  1348  2345 D CompatibilityInfo: mCompatibilityFlags - 4
04-28 16:46:55.144  1348  2345 D CompatibilityInfo: applicationDensity - 240
04-28 16:46:55.144  1348  2345 D CompatibilityInfo: applicationScale - 1.0
04-28 16:46:55.145   383   383 I hwservicemanager: getTransport: Cannot find entry vendor.qti.hardware.servicetracker@1.0::IServicetracker/default in either framework or device manifest.
04-28 16:46:55.148  2770  2770 D BoundBrokerSvc: onBind: Intent { act=com.google.android.gms.safetynet.service.START pkg=com.google.android.gms }
04-28 16:46:55.148  2770  2770 D BoundBrokerSvc: Loading bound service for intent: Intent { act=com.google.android.gms.safetynet.service.START pkg=com.google.android.gms }
04-28 16:46:55.153   383   383 I hwservicemanager: getTransport: Cannot find entry vendor.qti.hardware.servicetracker@1.0::IServicetracker/default in either framework or device manifest.
04-28 16:47:00.455   870   870 I VM_BMS  : power_supply_update: ocv_uv=4312449 ibatt=-70242 soc=100 seq_num=1583
04-28 16:47:01.149  1002  1210 E QMI_FW  : qmi_cci_get_ref: ref count increased 2
04-28 16:47:01.151  1002  1083 E QMI_FW  : qmi_cci_get_ref: ref count increased 2
04-28 16:47:06.261  1002  1210 E QMI_FW  : qmi_cci_get_ref: ref count increased 2
04-28 16:47:06.262  1002  1083 E QMI_FW  : qmi_cci_get_ref: ref count increased 2
04-28 16:47:08.829  1002  1210 E QMI_FW  : qmi_cci_get_ref: ref count increased 2
04-28 16:47:08.831  1002  1083 E QMI_FW  : qmi_cci_get_ref: ref count increased 2
04-28 16:47:08.920  2718  3855 I CastDatabase: Saving the database
04-28 16:47:08.927  2718  3855 I SQLiteCastStore: [CastNetworkInfo] saved: 0, skipped: 0, [CastDeviceInfo]: saved 0, skipped 0, [Paired Guest Mode DeviceInfo] saved: 0, skipped: 0. [ProbedNetworks]: saved 0, skipped: 0, [ProbedSocketAddress]: saved 0, skipped: 0, [Network-Device pairs]: saved: 0
04-28 16:47:10.256   383   383 I hwservicemanager: getTransport: Cannot find entry vendor.qti.hardware.servicetracker@1.0::IServicetracker/default in either framework or device manifest.
04-28 16:47:10.258   383   383 I chatty  : uid=1000(system) hwservicemanage identical 1 line
04-28 16:47:10.261   383   383 I hwservicemanager: getTransport: Cannot find entry vendor.qti.hardware.servicetracker@1.0::IServicetracker/default in either framework or device manifest.
04-28 16:47:10.263  2770  2770 D BoundBrokerSvc: onUnbind: Intent { act=com.google.android.gms.safetynet.service.START pkg=com.google.android.gms }
04-28 16:47:12.117  1348  1882 D BatteryService: warningBatteryTemperature mHealthInfo.batteryTemperature = 305
04-28 16:47:12.120  1573  1573 D KeyguardUpdateMonitor: received broadcast android.intent.action.BATTERY_CHANGED
04-28 16:47:12.127  1573  1573 D KeyguardUpdateMonitor: handleBatteryUpdate
04-28 16:47:13.949  1002  1210 E QMI_FW  : qmi_cci_get_ref: ref count increased 2
04-28 16:47:13.950  1002  1083 E QMI_FW  : qmi_cci_get_ref: ref count increased 2
04-28 16:47:16.504  1002  1210 E QMI_FW  : qmi_cci_get_ref: ref count increased 2
04-28 16:47:16.506  1002  1083 E QMI_FW  : qmi_cci_get_ref: ref count increased 2
04-28 16:47:21.618  1002  1210 E QMI_FW  : qmi_cci_get_ref: ref count increased 2
04-28 16:47:21.620  1002  1083 E QMI_FW  : qmi_cci_get_ref: ref count increased 2
04-28 16:47:24.189  1002  1210 E QMI_FW  : qmi_cci_get_ref: ref count increased 2
04-28 16:47:24.191  1002  1083 E QMI_FW  : qmi_cci_get_ref: ref count increased 2
04-28 16:47:25.181   383   383 I hwservicemanager: getTransport: Cannot find entry vendor.qti.hardware.servicetracker@1.0::IServicetracker/default in either framework or device manifest.
04-28 16:47:25.185  1348  1993 D CompatibilityInfo: mCompatibilityFlags - 4
04-28 16:47:25.185  1348  1993 D CompatibilityInfo: applicationDensity - 240
04-28 16:47:25.185  1348  1993 D CompatibilityInfo: applicationScale - 1.0
04-28 16:47:25.186   383   383 I hwservicemanager: getTransport: Cannot find entry vendor.qti.hardware.servicetracker@1.0::IServicetracker/default in either framework or device manifest.
04-28 16:47:25.189  2770  2770 D BoundBrokerSvc: onBind: Intent { act=com.google.android.gms.safetynet.service.START pkg=com.google.android.gms }
04-28 16:47:25.189  2770  2770 D BoundBrokerSvc: Loading bound service for intent: Intent { act=com.google.android.gms.safetynet.service.START pkg=com.google.android.gms }
04-28 16:47:25.195   383   383 I hwservicemanager: getTransport: Cannot find entry vendor.qti.hardware.servicetracker@1.0::IServicetracker/default in either framework or device manifest.
04-28 16:47:29.309  1002  1210 E QMI_FW  : qmi_cci_get_ref: ref count increased 2
04-28 16:47:29.311  1002  1083 E QMI_FW  : qmi_cci_get_ref: ref count increased 2
04-28 16:47:31.869  1002  1210 E QMI_FW  : qmi_cci_get_ref: ref count increased 2
04-28 16:47:31.871  1002  1083 E QMI_FW  : qmi_cci_get_ref: ref count increased 2
04-28 16:47:34.432  1002  1210 E QMI_FW  : qmi_cci_get_ref: ref count increased 2
04-28 16:47:34.433  1002  1083 E QMI_FW  : qmi_cci_get_ref: ref count increased 2
04-28 16:47:36.140  1348  1507 D CompatibilityInfo: mCompatibilityFlags - 4
04-28 16:47:36.140  1348  1507 D CompatibilityInfo: applicationDensity - 240
04-28 16:47:36.140  1348  1507 D CompatibilityInfo: applicationScale - 1.0
04-28 16:47:36.146   383   383 I hwservicemanager: getTransport: Cannot find entry vendor.qti.hardware.servicetracker@1.0::IServicetracker/default in either framework or device manifest.
04-28 16:47:36.157  1573  1573 D KeyguardUpdateMonitor: received broadcast android.intent.action.TIME_TICK
04-28 16:47:36.161  1573  1573 D KeyguardUpdateMonitor: handleTimeUpdate
04-28 16:47:36.188  2718  3855 I AlarmManager: setExactAndAllowWhileIdle [name: GCM_HB_ALARM type: 2 triggerAtMillis: 92133221]
04-28 16:47:36.190  2718  3855 E WakeLock: GCM_HB_ALARM release without a matched acquire!
04-28 16:47:36.190   942  1301 E QMI_FW  : qmi_cci_get_ref: ref count increased 2
04-28 16:47:36.192   383   383 I hwservicemanager: getTransport: Cannot find entry vendor.qti.hardware.servicetracker@1.0::IServicetracker/default in either framework or device manifest.
04-28 16:47:36.194  1348  3856 D CompatibilityInfo: mCompatibilityFlags - 4
04-28 16:47:36.194  1348  3856 D CompatibilityInfo: applicationDensity - 240
04-28 16:47:36.194  1348  3856 D CompatibilityInfo: applicationScale - 1.0
04-28 16:47:36.195   383   383 I hwservicemanager: getTransport: Cannot find entry vendor.qti.hardware.servicetracker@1.0::IServicetracker/default in either framework or device manifest.
04-28 16:47:36.197  2718  2718 D BoundBrokerSvc: onBind: Intent { act=com.google.android.gms.scheduler.ACTION_PROXY_SCHEDULE dat=chimera-action: cmp=com.google.android.gms/.chimera.PersistentApiService }
04-28 16:47:36.197  2718  2718 D BoundBrokerSvc: Loading bound service for intent: Intent { act=com.google.android.gms.scheduler.ACTION_PROXY_SCHEDULE dat=chimera-action: cmp=com.google.android.gms/.chimera.PersistentApiService }
04-28 16:47:36.203   383   383 I hwservicemanager: getTransport: Cannot find entry vendor.qti.hardware.servicetracker@1.0::IServicetracker/default in either framework or device manifest.
04-28 16:47:36.211  2770  4079 I Authzen : [DeviceStateSyncManager] The server is in sync with current state. Nothing to do
04-28 16:47:36.320  1002  2899 E QMI_FW  : qmi_cci_get_ref: ref count increased 2
04-28 16:47:36.320  1002  3106 E QMI_FW  : qmi_cci_get_ref: ref count increased 2
04-28 16:47:36.321   942  1301 E QMI_FW  : qmi_cci_get_ref: ref count increased 2
04-28 16:47:36.369  2718  3977 I AlarmManager: setExactAndAllowWhileIdle [name: GCM_HB_ALARM type: 2 triggerAtMillis: 92313402]
04-28 16:47:36.841  1002  1210 E QMI_FW  : qmi_cci_get_ref: ref count increased 2
04-28 16:47:36.842  1002  1083 E QMI_FW  : qmi_cci_get_ref: ref count increased 2
04-28 16:47:40.261   383   383 I hwservicemanager: getTransport: Cannot find entry vendor.qti.hardware.servicetracker@1.0::IServicetracker/default in either framework or device manifest.
04-28 16:47:40.300   383   383 I hwservicemanager: getTransport: Cannot find entry vendor.qti.hardware.servicetracker@1.0::IServicetracker/default in either framework or device manifest.
04-28 16:47:40.302  2770  2770 D BoundBrokerSvc: onUnbind: Intent { act=com.google.android.gms.safetynet.service.START pkg=com.google.android.gms }
04-28 16:47:40.302   383   383 I hwservicemanager: getTransport: Cannot find entry vendor.qti.hardware.servicetracker@1.0::IServicetracker/default in either framework or device manifest.
04-28 16:47:42.727  1002  3106 E QMI_FW  : qmi_cci_get_ref: ref count increased 2
04-28 16:47:42.727  1002  2899 E QMI_FW  : qmi_cci_get_ref: ref count increased 2
04-28 16:47:43.256   383   383 I hwservicemanager: getTransport: Cannot find entry vendor.qti.hardware.servicetracker@1.0::IServicetracker/default in either framework or device manifest.
04-28 16:47:43.342  1002  1210 E QMI_FW  : qmi_cci_get_ref: ref count increased 2
04-28 16:47:43.344  1002  1083 E QMI_FW  : qmi_cci_get_ref: ref count increased 2
04-28 16:47:46.575  1002  1083 I chatty  : uid=1001(radio) DispatcherModul identical 1 line
04-28 16:47:46.579  1002  1083 E QMI_FW  : qmi_cci_get_ref: ref count increased 2
04-28 16:47:47.215  1002  1210 E QMI_FW  : qmi_cci_get_ref: ref count increased 2
04-28 16:47:47.216  1002  1083 E QMI_FW  : qmi_cci_get_ref: ref count increased 2
04-28 16:47:48.658   870   870 I VM_BMS  : power_supply_update: ocv_uv=4313024 ibatt=-63411 soc=100 seq_num=1584
04-28 16:47:51.267   383   383 I hwservicemanager: getTransport: Cannot find entry vendor.qti.hardware.servicetracker@1.0::IServicetracker/default in either framework or device manifest.
04-28 16:47:51.378   383   383 I chatty  : uid=1000(system) hwservicemanage identical 1 line
04-28 16:47:51.380   383   383 I hwservicemanager: getTransport: Cannot find entry vendor.qti.hardware.servicetracker@1.0::IServicetracker/default in either framework or device manifest.
04-28 16:47:51.382  2718  2718 D BoundBrokerSvc: onUnbind: Intent { act=com.google.android.gms.scheduler.ACTION_PROXY_SCHEDULE dat=chimera-action: cmp=com.google.android.gms/.chimera.PersistentApiService }
04-28 16:47:55.224   383   383 I hwservicemanager: getTransport: Cannot find entry vendor.qti.hardware.servicetracker@1.0::IServicetracker/default in either framework or device manifest.
04-28 16:47:55.226  1348  3856 D CompatibilityInfo: mCompatibilityFlags - 4
04-28 16:47:55.226  1348  3856 D CompatibilityInfo: applicationDensity - 240
04-28 16:47:55.227  1348  3856 D CompatibilityInfo: applicationScale - 1.0
04-28 16:47:55.230   383   383 I hwservicemanager: getTransport: Cannot find entry vendor.qti.hardware.servicetracker@1.0::IServicetracker/default in either framework or device manifest.
04-28 16:47:55.232  2770  2770 D BoundBrokerSvc: onBind: Intent { act=com.google.android.gms.safetynet.service.START pkg=com.google.android.gms }
04-28 16:47:55.232  2770  2770 D BoundBrokerSvc: Loading bound service for intent: Intent { act=com.google.android.gms.safetynet.service.START pkg=com.google.android.gms }
04-28 16:47:55.238   383   383 I hwservicemanager: getTransport: Cannot find entry vendor.qti.hardware.servicetracker@1.0::IServicetracker/default in either framework or device manifest.
04-28 16:47:57.460  1002  1210 E QMI_FW  : qmi_cci_get_ref: ref count increased 2
04-28 16:47:57.461  1002  1083 E QMI_FW  : qmi_cci_get_ref: ref count increased 2
04-28 16:48:02.577  1002  1210 E QMI_FW  : qmi_cci_get_ref: ref count increased 2
04-28 16:48:02.579  1002  1083 E QMI_FW  : qmi_cci_get_ref: ref count increased 2
04-28 16:48:05.140  1002  1210 E QMI_FW  : qmi_cci_get_ref: ref count increased 2
04-28 16:48:05.142  1002  1083 E QMI_FW  : qmi_cci_get_ref: ref count increased 2
04-28 16:48:07.700  1002  1210 E QMI_FW  : qmi_cci_get_ref: ref count increased 2
04-28 16:48:07.701  1002  1083 E QMI_FW  : qmi_cci_get_ref: ref count increased 2
04-28 16:48:10.325   383   383 I hwservicemanager: getTransport: Cannot find entry vendor.qti.hardware.servicetracker@1.0::IServicetracker/default in either framework or device manifest.
04-28 16:48:10.338   383   383 I chatty  : uid=1000(system) hwservicemanage identical 1 line
04-28 16:48:10.340   383   383 I hwservicemanager: getTransport: Cannot find entry vendor.qti.hardware.servicetracker@1.0::IServicetracker/default in either framework or device manifest.
04-28 16:48:10.341  2770  2770 D BoundBrokerSvc: onUnbind: Intent { act=com.google.android.gms.safetynet.service.START pkg=com.google.android.gms }
04-28 16:48:12.116  1348  1882 D BatteryService: warningBatteryTemperature mHealthInfo.batteryTemperature = 303
04-28 16:48:12.119  1573  1573 D KeyguardUpdateMonitor: received broadcast android.intent.action.BATTERY_CHANGED
04-28 16:48:12.122  1573  1573 D KeyguardUpdateMonitor: handleBatteryUpdate
04-28 16:48:12.820  1002  1210 E QMI_FW  : qmi_cci_get_ref: ref count increased 2
04-28 16:48:12.821  1002  1083 E QMI_FW  : qmi_cci_get_ref: ref count increased 2
04-28 16:48:14.182   616   616 I vendor.rmt_storage: rmt_storage_connect_cb: clnt_h=0x43 conn_h=0xb2326028
04-28 16:48:14.182   616   616 I vendor.rmt_storage: rmt_storage_rw_iovec_cb: /boot/modem_fs1: req_h=0x43 msg_id=3: R/W request received (wr_count 59)
04-28 16:48:14.182   616   616 I vendor.rmt_storage: wakelock acquired: 1, error no: 42
04-28 16:48:14.182   616  1043 I vendor.rmt_storage: rmt_storage_client_thread: /boot/modem_fs1: Unblock worker thread (th_id: -1317551680)
04-28 16:48:14.256   616  1043 I vendor.rmt_storage: rmt_storage_client_thread: /boot/modem_fs1: req_h=0x43 msg_id=3: Bytes written = 1572864, wr_count 59
04-28 16:48:14.256   616  1043 I vendor.rmt_storage: rmt_storage_client_thread: /boot/modem_fs1: req_h=0x43 msg_id=3: Send response: res=0 err=0, wr_count 59
04-28 16:48:14.256   616  1043 I vendor.rmt_storage: rmt_storage_client_thread: /boot/modem_fs1: About to block rmt_storage client thread (th_id: -1317551680) wakelock released: 1, error no: 0
04-28 16:48:14.256   616  1043 I vendor.rmt_storage: 
04-28 16:48:14.258   616   616 I vendor.rmt_storage: rmt_storage_disconnect_cb: clnt_h=0x43 conn_h=0xb2326028
04-28 16:48:20.501  1002  1210 E QMI_FW  : qmi_cci_get_ref: ref count increased 2
04-28 16:48:20.502  1002  1083 E QMI_FW  : qmi_cci_get_ref: ref count increased 2
04-28 16:48:23.062  1002  1210 E QMI_FW  : qmi_cci_get_ref: ref count increased 2
04-28 16:48:23.064  1002  1083 E QMI_FW  : qmi_cci_get_ref: ref count increased 2
04-28 16:48:25.266   383   383 I hwservicemanager: getTransport: Cannot find entry vendor.qti.hardware.servicetracker@1.0::IServicetracker/default in either framework or device manifest.
04-28 16:48:25.268  1348  2471 D CompatibilityInfo: mCompatibilityFlags - 4
04-28 16:48:25.269  1348  2471 D CompatibilityInfo: applicationDensity - 240
04-28 16:48:25.269  1348  2471 D CompatibilityInfo: applicationScale - 1.0
04-28 16:48:25.272   383   383 I hwservicemanager: getTransport: Cannot find entry vendor.qti.hardware.servicetracker@1.0::IServicetracker/default in either framework or device manifest.
04-28 16:48:25.274  2770  2770 D BoundBrokerSvc: onBind: Intent { act=com.google.android.gms.safetynet.service.START pkg=com.google.android.gms }
04-28 16:48:25.274  2770  2770 D BoundBrokerSvc: Loading bound service for intent: Intent { act=com.google.android.gms.safetynet.service.START pkg=com.google.android.gms }
04-28 16:48:25.280   383   383 I hwservicemanager: getTransport: Cannot find entry vendor.qti.hardware.servicetracker@1.0::IServicetracker/default in either framework or device manifest.
04-28 16:48:35.862  1002  1210 E QMI_FW  : qmi_cci_get_ref: ref count increased 2
04-28 16:48:35.863  1002  1083 E QMI_FW  : qmi_cci_get_ref: ref count increased 2
04-28 16:48:36.849   870   870 I VM_BMS  : power_supply_update: ocv_uv=4313595 ibatt=-65785 soc=100 seq_num=1585
04-28 16:48:40.382   383   383 I hwservicemanager: getTransport: Cannot find entry vendor.qti.hardware.servicetracker@1.0::IServicetracker/default in either framework or device manifest.
04-28 16:48:40.384   383   383 I chatty  : uid=1000(system) hwservicemanage identical 1 line
04-28 16:48:40.387   383   383 I hwservicemanager: getTransport: Cannot find entry vendor.qti.hardware.servicetracker@1.0::IServicetracker/default in either framework or device manifest.
04-28 16:48:40.389  2770  2770 D BoundBrokerSvc: onUnbind: Intent { act=com.google.android.gms.safetynet.service.START pkg=com.google.android.gms }
04-28 16:48:40.980  1002  1210 E QMI_FW  : qmi_cci_get_ref: ref count increased 2
04-28 16:48:40.982  1002  1083 E QMI_FW  : qmi_cci_get_ref: ref count increased 2
04-28 16:48:48.658  1002  1210 E QMI_FW  : qmi_cci_get_ref: ref count increased 2
04-28 16:48:48.659  1002  1083 E QMI_FW  : qmi_cci_get_ref: ref count increased 2
04-28 16:48:52.498  1002  1210 E QMI_FW  : qmi_cci_get_ref: ref count increased 2
04-28 16:48:52.499  1002  1083 E QMI_FW  : qmi_cci_get_ref: ref count increased 2
04-28 16:48:55.308   383   383 I hwservicemanager: getTransport: Cannot find entry vendor.qti.hardware.servicetracker@1.0::IServicetracker/default in either framework or device manifest.
04-28 16:48:55.311  1348  2471 D CompatibilityInfo: mCompatibilityFlags - 4
04-28 16:48:55.311  1348  2471 D CompatibilityInfo: applicationDensity - 240
04-28 16:48:55.311  1348  2471 D CompatibilityInfo: applicationScale - 1.0
04-28 16:48:55.312   383   383 I hwservicemanager: getTransport: Cannot find entry vendor.qti.hardware.servicetracker@1.0::IServicetracker/default in either framework or device manifest.
04-28 16:48:55.314  2770  2770 D BoundBrokerSvc: onBind: Intent { act=com.google.android.gms.safetynet.service.START pkg=com.google.android.gms }
04-28 16:48:55.314  2770  2770 D BoundBrokerSvc: Loading bound service for intent: Intent { act=com.google.android.gms.safetynet.service.START pkg=com.google.android.gms }
04-28 16:48:55.320   383   383 I hwservicemanager: getTransport: Cannot find entry vendor.qti.hardware.servicetracker@1.0::IServicetracker/default in either framework or device manifest.
04-28 16:49:00.186  1002  1210 E QMI_FW  : qmi_cci_get_ref: ref count increased 2
04-28 16:49:00.188  1002  1083 E QMI_FW  : qmi_cci_get_ref: ref count increased 2
04-28 16:49:04.027  1002  1210 E QMI_FW  : qmi_cci_get_ref: ref count increased 2
04-28 16:49:04.030  1002  1083 E QMI_FW  : qmi_cci_get_ref: ref count increased 2
04-28 16:49:10.421   383   383 I hwservicemanager: getTransport: Cannot find entry vendor.qti.hardware.servicetracker@1.0::IServicetracker/default in either framework or device manifest.
04-28 16:49:10.425   383   383 I chatty  : uid=1000(system) hwservicemanage identical 1 line
04-28 16:49:10.428   383   383 I hwservicemanager: getTransport: Cannot find entry vendor.qti.hardware.servicetracker@1.0::IServicetracker/default in either framework or device manifest.
04-28 16:49:10.430  2770  2770 D BoundBrokerSvc: onUnbind: Intent { act=com.google.android.gms.safetynet.service.START pkg=com.google.android.gms }
04-28 16:49:11.706  1002  1210 E QMI_FW  : qmi_cci_get_ref: ref count increased 2
04-28 16:49:11.707  1002  1083 E QMI_FW  : qmi_cci_get_ref: ref count increased 2
04-28 16:49:12.118  1348  1882 D BatteryService: warningBatteryTemperature mHealthInfo.batteryTemperature = 302
04-28 16:49:12.121  1573  1573 D KeyguardUpdateMonitor: received broadcast android.intent.action.BATTERY_CHANGED
04-28 16:49:12.127  1573  1573 D KeyguardUpdateMonitor: handleBatteryUpdate
04-28 16:49:19.387  1002  1210 E QMI_FW  : qmi_cci_get_ref: ref count increased 2
04-28 16:49:19.389  1002  1083 E QMI_FW  : qmi_cci_get_ref: ref count increased 2
04-28 16:49:25.069   870   870 I VM_BMS  : power_supply_update: ocv_uv=4314125 ibatt=-61856 soc=100 seq_num=1586
04-28 16:49:25.351   383   383 I hwservicemanager: getTransport: Cannot find entry vendor.qti.hardware.servicetracker@1.0::IServicetracker/default in either framework or device manifest.
04-28 16:49:25.353  1348  2471 D CompatibilityInfo: mCompatibilityFlags - 4
04-28 16:49:25.353  1348  2471 D CompatibilityInfo: applicationDensity - 240
04-28 16:49:25.353  1348  2471 D CompatibilityInfo: applicationScale - 1.0
04-28 16:49:25.356   383   383 I hwservicemanager: getTransport: Cannot find entry vendor.qti.hardware.servicetracker@1.0::IServicetracker/default in either framework or device manifest.
04-28 16:49:25.358  2770  2770 D BoundBrokerSvc: onBind: Intent { act=com.google.android.gms.safetynet.service.START pkg=com.google.android.gms }
04-28 16:49:25.358  2770  2770 D BoundBrokerSvc: Loading bound service for intent: Intent { act=com.google.android.gms.safetynet.service.START pkg=com.google.android.gms }
04-28 16:49:25.363   383   383 I hwservicemanager: getTransport: Cannot find entry vendor.qti.hardware.servicetracker@1.0::IServicetracker/default in either framework or device manifest.
04-28 16:49:34.748  1002  1210 E QMI_FW  : qmi_cci_get_ref: ref count increased 2
04-28 16:49:34.749  1002  1083 E QMI_FW  : qmi_cci_get_ref: ref count increased 2
04-28 16:49:37.306  1002  1210 E QMI_FW  : qmi_cci_get_ref: ref count increased 2
04-28 16:49:37.308  1002  1083 E QMI_FW  : qmi_cci_get_ref: ref count increased 2
04-28 16:49:40.467   383   383 I hwservicemanager: getTransport: Cannot find entry vendor.qti.hardware.servicetracker@1.0::IServicetracker/default in either framework or device manifest.
04-28 16:49:40.469   383   383 I chatty  : uid=1000(system) hwservicemanage identical 1 line
04-28 16:49:40.472   383   383 I hwservicemanager: getTransport: Cannot find entry vendor.qti.hardware.servicetracker@1.0::IServicetracker/default in either framework or device manifest.
04-28 16:49:40.475  2770  2770 D BoundBrokerSvc: onUnbind: Intent { act=com.google.android.gms.safetynet.service.START pkg=com.google.android.gms }
04-28 16:49:44.988  1002  1210 E QMI_FW  : qmi_cci_get_ref: ref count increased 2
04-28 16:49:44.989  1002  1083 E QMI_FW  : qmi_cci_get_ref: ref count increased 2
04-28 16:49:55.393   383   383 I hwservicemanager: getTransport: Cannot find entry vendor.qti.hardware.servicetracker@1.0::IServicetracker/default in either framework or device manifest.
04-28 16:49:55.396  1348  2471 D CompatibilityInfo: mCompatibilityFlags - 4
04-28 16:49:55.396  1348  2471 D CompatibilityInfo: applicationDensity - 240
04-28 16:49:55.396  1348  2471 D CompatibilityInfo: applicationScale - 1.0
04-28 16:49:55.401   383   383 I hwservicemanager: getTransport: Cannot find entry vendor.qti.hardware.servicetracker@1.0::IServicetracker/default in either framework or device manifest.
04-28 16:49:55.402  2770  2770 D BoundBrokerSvc: onBind: Intent { act=com.google.android.gms.safetynet.service.START pkg=com.google.android.gms }
04-28 16:49:55.402  2770  2770 D BoundBrokerSvc: Loading bound service for intent: Intent { act=com.google.android.gms.safetynet.service.START pkg=com.google.android.gms }
04-28 16:49:55.409   383   383 I hwservicemanager: getTransport: Cannot find entry vendor.qti.hardware.servicetracker@1.0::IServicetracker/default in either framework or device manifest.
04-28 16:50:00.346  1002  1210 E QMI_FW  : qmi_cci_get_ref: ref count increased 2
04-28 16:50:00.348  1002  1083 E QMI_FW  : qmi_cci_get_ref: ref count increased 2
04-28 16:50:02.912  1002  1210 E QMI_FW  : qmi_cci_get_ref: ref count increased 2
04-28 16:50:02.914  1002  1083 E QMI_FW  : qmi_cci_get_ref: ref count increased 2
04-28 16:50:08.030  1002  1210 E QMI_FW  : qmi_cci_get_ref: ref count increased 2
04-28 16:50:08.032  1002  1083 E QMI_FW  : qmi_cci_get_ref: ref count increased 2
04-28 16:50:10.505   383   383 I hwservicemanager: getTransport: Cannot find entry vendor.qti.hardware.servicetracker@1.0::IServicetracker/default in either framework or device manifest.
04-28 16:50:10.509   383   383 I hwservicemanager: getTransport: Cannot find entry vendor.qti.hardware.servicetracker@1.0::IServicetracker/default in either framework or device manifest.
04-28 16:50:10.512  2770  2770 D BoundBrokerSvc: onUnbind: Intent { act=com.google.android.gms.safetynet.service.START pkg=com.google.android.gms }
04-28 16:50:10.514   383   383 I hwservicemanager: getTransport: Cannot find entry vendor.qti.hardware.servicetracker@1.0::IServicetracker/default in either framework or device manifest.
04-28 16:50:12.119  1348  1882 D BatteryService: warningBatteryTemperature mHealthInfo.batteryTemperature = 301
04-28 16:50:12.122  1573  1573 D KeyguardUpdateMonitor: received broadcast android.intent.action.BATTERY_CHANGED
04-28 16:50:12.127  1573  1573 D KeyguardUpdateMonitor: handleBatteryUpdate
04-28 16:50:13.151  1002  1210 E QMI_FW  : qmi_cci_get_ref: ref count increased 2
04-28 16:50:13.153  1002  1083 E QMI_FW  : qmi_cci_get_ref: ref count increased 2
04-28 16:50:13.276   870   870 I VM_BMS  : power_supply_update: ocv_uv=4314685 ibatt=-65340 soc=100 seq_num=1587
04-28 16:50:15.595  1348  1431 D CompatibilityInfo: mCompatibilityFlags - 4
04-28 16:50:15.595  1348  1431 D CompatibilityInfo: applicationDensity - 240
04-28 16:50:15.595  1348  1431 D CompatibilityInfo: applicationScale - 1.0
04-28 16:50:15.607   383   383 I hwservicemanager: getTransport: Cannot find entry vendor.qti.hardware.servicetracker@1.0::IServicetracker/default in either framework or device manifest.
04-28 16:50:15.610  1348  1432 D CompatibilityChangeReporter: Compat change id reported: 143937733; UID 10131; state: ENABLED
04-28 16:50:15.619  1348  1348 D CompatibilityChangeReporter: Compat change id reported: 135634846; UID 10159; state: DISABLED
04-28 16:50:15.622   383   383 I chatty  : uid=1000(system) hwservicemanage identical 4 lines
04-28 16:50:15.624   383   383 I hwservicemanager: getTransport: Cannot find entry vendor.qti.hardware.servicetracker@1.0::IServicetracker/default in either framework or device manifest.
04-28 16:50:15.626   488   488 D Zygote  : Forked child process 4089
04-28 16:50:15.627  1348  1348 D CompatibilityInfo: mCompatibilityFlags - 4
04-28 16:50:15.627  1348  1348 D CompatibilityInfo: applicationDensity - 240
04-28 16:50:15.627  1348  1348 D CompatibilityInfo: applicationScale - 1.0
04-28 16:50:15.629   383   383 I hwservicemanager: getTransport: Cannot find entry vendor.qti.hardware.servicetracker@1.0::IServicetracker/default in either framework or device manifest.
04-28 16:50:15.636  1348  1432 I ActivityManager: Start proc 4089:com.google.android.apps.nbu.files/u0a131 for service {com.google.android.apps.nbu.files/com.google.android.libraries.internal.growth.growthkit.internal.jobs.impl.GrowthKitJobService}
04-28 16:50:15.637  1348  1432 D CompatibilityChangeReporter: Compat change id reported: 143937733; UID 10159; state: ENABLED
04-28 16:50:15.640  1573  1573 D KeyguardUpdateMonitor: received broadcast android.intent.action.TIME_TICK
04-28 16:50:15.640  1573  1573 D KeyguardUpdateMonitor: handleTimeUpdate
04-28 16:50:15.655   488   488 D Zygote  : Forked child process 4095
04-28 16:50:15.657  1348  1432 I ActivityManager: Start proc 4095:com.google.android.youtube/u0a159 for service {com.google.android.youtube/androidx.work.impl.background.systemjob.SystemJobService}
04-28 16:50:15.666  4089  4089 E .apps.nbu.file: Not starting debugger since process cannot load the jdwp agent.
04-28 16:50:15.688  1348  1993 D CompatibilityInfo: mCompatibilityFlags - 4
04-28 16:50:15.688  1348  1993 D CompatibilityInfo: applicationDensity - 240
04-28 16:50:15.688  1348  1993 D CompatibilityInfo: applicationScale - 1.0
04-28 16:50:15.689  4095  4095 E android.youtub: Not starting debugger since process cannot load the jdwp agent.
04-28 16:50:15.689  1348  1993 D DiagBroadcastService: DiagBroadcastServiceImpl.broadcastDiagAppStateChanged packageName=com.google.android.apps.nbu.files, state=START
04-28 16:50:15.693  1348  1993 D CompatibilityInfo: mCompatibilityFlags - 4
04-28 16:50:15.693  1348  1993 D CompatibilityInfo: applicationDensity - 240
04-28 16:50:15.693  1348  1993 D CompatibilityInfo: applicationScale - 1.0
04-28 16:50:15.694   383   383 I hwservicemanager: getTransport: Cannot find entry vendor.qti.hardware.servicetracker@1.0::IServicetracker/default in either framework or device manifest.
04-28 16:50:15.707   383   383 I hwservicemanager: getTransport: Cannot find entry vendor.qti.hardware.servicetracker@1.0::IServicetracker/default in either framework or device manifest.
04-28 16:50:15.709  1348  2345 D CompatibilityInfo: mCompatibilityFlags - 4
04-28 16:50:15.709  1348  2345 D CompatibilityInfo: applicationDensity - 240
04-28 16:50:15.709  1348  2345 D CompatibilityInfo: applicationScale - 1.0
04-28 16:50:15.710   383   383 I hwservicemanager: getTransport: Cannot find entry vendor.qti.hardware.servicetracker@1.0::IServicetracker/default in either framework or device manifest.
04-28 16:50:15.713  1348  3856 D CompatibilityInfo: mCompatibilityFlags - 4
04-28 16:50:15.713  1348  3856 D CompatibilityInfo: applicationDensity - 240
04-28 16:50:15.713  1348  3856 D CompatibilityInfo: applicationScale - 1.0
04-28 16:50:15.715  1348  3856 D DiagBroadcastService: DiagBroadcastServiceImpl.broadcastDiagAppStateChanged packageName=com.google.android.youtube, state=START
04-28 16:50:15.717  1348  3856 D CompatibilityInfo: mCompatibilityFlags - 4
04-28 16:50:15.717  1348  3856 D CompatibilityInfo: applicationDensity - 240
04-28 16:50:15.718  1348  3856 D CompatibilityInfo: applicationScale - 1.0
04-28 16:50:15.718   383   383 I hwservicemanager: getTransport: Cannot find entry vendor.qti.hardware.servicetracker@1.0::IServicetracker/default in either framework or device manifest.
04-28 16:50:15.729  4089  4089 I .apps.nbu.file: The ClassLoaderContext is a special shared library.
04-28 16:50:15.732  2718  3855 I NetworkScheduler.Stats: Task com.google.android.gms/com.google.android.gms.checkin.CheckinService started execution. cause:4 exec_start_elapsed_seconds: 92232 [CONTEXT service_id=218 ]
04-28 16:50:15.737   383   383 I hwservicemanager: getTransport: Cannot find entry vendor.qti.hardware.servicetracker@1.0::IServicetracker/default in either framework or device manifest.
04-28 16:50:15.739  2718  4081 I NetworkScheduler.Stats: Task com.google.android.gms/com.google.android.gms.checkin.CheckinService finished executing. cause:4 result: 3 elapsed_millis: 68 uptime_millis: 68 exec_start_elapsed_seconds: 92232 [CONTEXT service_id=218 ]
04-28 16:50:15.739   383   383 I hwservicemanager: getTransport: Cannot find entry vendor.qti.hardware.servicetracker@1.0::IServicetracker/default in either framework or device manifest.
04-28 16:50:15.745  4095  4095 I android.youtub: The ClassLoaderContext is a special shared library.
04-28 16:50:15.964  4089  4089 W .apps.nbu.file: JIT profile information will not be recorded: profile file does not exist.
04-28 16:50:15.965  4089  4089 I chatty  : uid=10131(com.google.android.apps.nbu.files) identical 1 line
04-28 16:50:15.965  4089  4089 W .apps.nbu.file: JIT profile information will not be recorded: profile file does not exist.
04-28 16:50:15.989  4089  4089 I Perf    : Connecting to perf service.
04-28 16:50:16.004   383   383 I hwservicemanager: getTransport: Cannot find entry vendor.qti.hardware.servicetracker@1.0::IServicetracker/default in either framework or device manifest.
04-28 16:50:16.006  4089  4089 D NetworkSecurityConfig: Using Network Security Config from resource network_security_config debugBuild: false
04-28 16:50:16.008  4089  4089 D NetworkSecurityConfig: Using Network Security Config from resource network_security_config debugBuild: false
04-28 16:50:16.050  3999  4049 I WM-WorkerWrapper: Worker result SUCCESS for Work [ id=bee63080-6c07-4984-9432-d0c1829fc8c1, tags={ com.google.apps.tiktok.contrib.work.TikTokListenableWorker, TikTokWorker#com.google.android.apps.wellbeing.widget.WidgetFlagCheckWorker } ]
04-28 16:50:16.059   383   383 I hwservicemanager: getTransport: Cannot find entry vendor.qti.hardware.servicetracker@1.0::IServicetracker/default in either framework or device manifest.
04-28 16:50:16.061   383   383 I hwservicemanager: getTransport: Cannot find entry vendor.qti.hardware.servicetracker@1.0::IServicetracker/default in either framework or device manifest.
04-28 16:50:16.103  4095  4095 W android.youtub: JIT profile information will not be recorded: profile file does not exist.
04-28 16:50:16.103  4095  4095 I chatty  : uid=10159(com.google.android.youtube) identical 1 line
04-28 16:50:16.103  4095  4095 W android.youtub: JIT profile information will not be recorded: profile file does not exist.
04-28 16:50:16.118  4095  4095 I Perf    : Connecting to perf service.
04-28 16:50:16.130  4095  4095 D NetworkSecurityConfig: Using Network Security Config from resource network_security_config debugBuild: false
04-28 16:50:16.133  4095  4095 D NetworkSecurityConfig: Using Network Security Config from resource network_security_config debugBuild: false
04-28 16:50:16.279  4089   470 W .apps.nbu.file: Accessing hidden field Ljava/util/Collections$SynchronizedCollection;->mutex:Ljava/lang/Object; (greylist-max-o, reflection, denied)
04-28 16:50:16.279  4089   470 W .apps.nbu.file: Accessing hidden method Ljava/util/Collections$SynchronizedSet;-><init>(Ljava/util/Set;Ljava/lang/Object;)V (greylist-max-o, reflection, denied)
04-28 16:50:16.280  4089   470 W .apps.nbu.file: Accessing hidden method Ljava/util/Collections$SynchronizedCollection;-><init>(Ljava/util/Collection;Ljava/lang/Object;)V (greylist-max-o, reflection, denied)
04-28 16:50:16.295   383   383 I hwservicemanager: getTransport: Cannot find entry vendor.qti.hardware.servicetracker@1.0::IServicetracker/default in either framework or device manifest.
04-28 16:50:16.297  1348  3856 D CompatibilityInfo: mCompatibilityFlags - 4
04-28 16:50:16.297  1348  3856 D CompatibilityInfo: applicationDensity - 240
04-28 16:50:16.297  1348  3856 D CompatibilityInfo: applicationScale - 1.0
04-28 16:50:16.298   383   383 I hwservicemanager: getTransport: Cannot find entry vendor.qti.hardware.servicetracker@1.0::IServicetracker/default in either framework or device manifest.
04-28 16:50:16.300  4089   466 W DynamiteModule: Local module descriptor class for com.google.android.gms.providerinstaller.dynamite not found.
04-28 16:50:16.302  2718  2718 D BoundBrokerSvc: onBind: Intent { act=com.google.android.gms.phenotype.service.START pkg=com.google.android.gms }
04-28 16:50:16.302  2718  2718 D BoundBrokerSvc: Loading bound service for intent: Intent { act=com.google.android.gms.phenotype.service.START pkg=com.google.android.gms }
04-28 16:50:16.306   383   383 I hwservicemanager: getTransport: Cannot find entry vendor.qti.hardware.servicetracker@1.0::IServicetracker/default in either framework or device manifest.
04-28 16:50:16.311   383   383 I chatty  : uid=1000(system) hwservicemanage identical 2 lines
04-28 16:50:16.318   383   383 I hwservicemanager: getTransport: Cannot find entry vendor.qti.hardware.servicetracker@1.0::IServicetracker/default in either framework or device manifest.
04-28 16:50:16.322  2718  3909 W ProviderHelper: Unknown dynamite feature providerinstaller.dynamite
04-28 16:50:16.324  2718  2718 D BoundBrokerSvc: onBind: Intent { act=com.google.android.gms.pseudonymous.service.START pkg=com.google.android.gms }
04-28 16:50:16.324  2718  2718 D BoundBrokerSvc: Loading bound service for intent: Intent { act=com.google.android.gms.pseudonymous.service.START pkg=com.google.android.gms }
04-28 16:50:16.334  4089   466 W ProviderInstaller: Failed to load providerinstaller module: No acceptable module com.google.android.gms.providerinstaller.dynamite found. Local version is 0 and remote version is 0.
04-28 16:50:16.345  4089   466 I .apps.nbu.file: The ClassLoaderContext is a special shared library.
04-28 16:50:16.345   383   383 I hwservicemanager: getTransport: Cannot find entry vendor.qti.hardware.servicetracker@1.0::IServicetracker/default in either framework or device manifest.
04-28 16:50:16.392  4089   452 I FA      : App measurement initialized, version: 77017
04-28 16:50:16.394  4089   452 I FA      : To enable debug logging run: adb shell setprop log.tag.FA VERBOSE
04-28 16:50:16.396  4089   452 I FA      : To enable faster debug mode event logging run:
04-28 16:50:16.396  4089   452 I FA      :   adb shell setprop debug.firebase.analytics.app com.google.android.apps.nbu.files
04-28 16:50:16.482   383   383 I hwservicemanager: getTransport: Cannot find entry vendor.qti.hardware.servicetracker@1.0::IServicetracker/default in either framework or device manifest.
04-28 16:50:16.508   383   383 I hwservicemanager: getTransport: Cannot find entry vendor.qti.hardware.servicetracker@1.0::IServicetracker/default in either framework or device manifest.
04-28 16:50:16.510  1348  2471 D CompatibilityInfo: mCompatibilityFlags - 4
04-28 16:50:16.510  1348  2471 D CompatibilityInfo: applicationDensity - 240
04-28 16:50:16.510  1348  2471 D CompatibilityInfo: applicationScale - 1.0
04-28 16:50:16.512   383   383 I hwservicemanager: getTransport: Cannot find entry vendor.qti.hardware.servicetracker@1.0::IServicetracker/default in either framework or device manifest.
04-28 16:50:16.522  2770  2770 D BoundBrokerSvc: onBind: Intent { act=com.google.android.gms.measurement.START pkg=com.google.android.gms }
04-28 16:50:16.522  2770  2770 D BoundBrokerSvc: Loading bound service for intent: Intent { act=com.google.android.gms.measurement.START pkg=com.google.android.gms }
04-28 16:50:16.536   383   383 I hwservicemanager: getTransport: Cannot find entry vendor.qti.hardware.servicetracker@1.0::IServicetracker/default in either framework or device manifest.
04-28 16:50:16.567   383   383 I hwservicemanager: getTransport: Cannot find entry vendor.qti.hardware.servicetracker@1.0::IServicetracker/default in either framework or device manifest.
04-28 16:50:16.569  1348  1993 D CompatibilityInfo: mCompatibilityFlags - 4
04-28 16:50:16.569  1348  1993 D CompatibilityInfo: applicationDensity - 240
04-28 16:50:16.569  1348  1993 D CompatibilityInfo: applicationScale - 1.0
04-28 16:50:16.571   383   383 I hwservicemanager: getTransport: Cannot find entry vendor.qti.hardware.servicetracker@1.0::IServicetracker/default in either framework or device manifest.
04-28 16:50:16.583  2770   484 W AdvertisingIdSettings: Package com.google.android.apps.nbu.files failed Ad Id permission check. Apps that target Android SDK 33 or higher should declare com.google.android.gms.permission.AD_ID in the app manifest to access Ad Id.
04-28 16:50:16.585   383   383 I hwservicemanager: getTransport: Cannot find entry vendor.qti.hardware.servicetracker@1.0::IServicetracker/default in either framework or device manifest.
04-28 16:50:16.586   383   383 I hwservicemanager: getTransport: Cannot find entry vendor.qti.hardware.servicetracker@1.0::IServicetracker/default in either framework or device manifest.
04-28 16:50:16.607  4095  4095 W android.youtub: Accessing hidden field Ljava/util/Collections$SynchronizedCollection;->mutex:Ljava/lang/Object; (greylist-max-o, reflection, denied)
04-28 16:50:16.607  4095  4095 W android.youtub: Accessing hidden method Ljava/util/Collections$SynchronizedSet;-><init>(Ljava/util/Set;Ljava/lang/Object;)V (greylist-max-o, reflection, denied)
04-28 16:50:16.607  4095  4095 W android.youtub: Accessing hidden method Ljava/util/Collections$SynchronizedCollection;-><init>(Ljava/util/Collection;Ljava/lang/Object;)V (greylist-max-o, reflection, denied)
04-28 16:50:16.655  4095   493 W GooglePlayServicesUtil: Google Play services out of date for com.google.android.youtube.  Requires 231700000 but found 231417063
04-28 16:50:16.659   383   383 I hwservicemanager: getTransport: Cannot find entry vendor.qti.hardware.servicetracker@1.0::IServicetracker/default in either framework or device manifest.
04-28 16:50:16.660  1348  1993 D CompatibilityInfo: mCompatibilityFlags - 4
04-28 16:50:16.660  1348  1993 D CompatibilityInfo: applicationDensity - 240
04-28 16:50:16.660  1348  1993 D CompatibilityInfo: applicationScale - 1.0
04-28 16:50:16.661   383   383 I hwservicemanager: getTransport: Cannot find entry vendor.qti.hardware.servicetracker@1.0::IServicetracker/default in either framework or device manifest.
04-28 16:50:16.669  4095   498 I android.youtub: The ClassLoaderContext is a special shared library.
04-28 16:50:16.764  4095   492 I TetheringManager: registerTetheringEventCallback:com.google.android.youtube
04-28 16:50:16.808  1348  2471 D ConnectivityService: requestNetwork for uid/pid:10159/4095 NetworkRequest [ TRACK_DEFAULT id=404, [ Capabilities: INTERNET&NOT_RESTRICTED&TRUSTED Uid: 10159 AdministratorUids: [] RequestorUid: 10159 RequestorPackageName: com.google.android.youtube] ]
04-28 16:50:16.808  1348  1532 D ConnectivityService: NetReassign [404 : null  101]
04-28 16:50:16.809  1860  1860 D PhoneSwitcherNetworkRequstListener: got request NetworkRequest [ TRACK_DEFAULT id=404, [ Capabilities: INTERNET&NOT_RESTRICTED&TRUSTED Uid: 10159 AdministratorUids: [] RequestorUid: 10159 RequestorPackageName: com.google.android.youtube] ] with score 50 and providerId 2
04-28 16:50:16.810  1348  1528 D WifiNetworkFactory: got request NetworkRequest [ TRACK_DEFAULT id=404, [ Capabilities: INTERNET&NOT_RESTRICTED&TRUSTED Uid: 10159 AdministratorUids: [] RequestorUid: 10159 RequestorPackageName: com.google.android.youtube] ] with score 50 and providerId 2
04-28 16:50:16.810  1348  1528 D UntrustedWifiNetworkFactory: got request NetworkRequest [ TRACK_DEFAULT id=404, [ Capabilities: INTERNET&NOT_RESTRICTED&TRUSTED Uid: 10159 AdministratorUids: [] RequestorUid: 10159 RequestorPackageName: com.google.android.youtube] ] with score 50 and providerId 2
04-28 16:50:16.879  4095   507 D StrictMode: StrictMode policy violation: android.os.strictmode.NetworkViolation
04-28 16:50:16.879  4095   507 D StrictMode: 	at android.os.StrictMode$AndroidBlockGuardPolicy.onNetwork(StrictMode.java:1610)
04-28 16:50:16.879  4095   507 D StrictMode: 	at java.net.Inet6AddressImpl.lookupHostByName(Inet6AddressImpl.java:115)
04-28 16:50:16.879  4095   507 D StrictMode: 	at java.net.Inet6AddressImpl.lookupAllHostAddr(Inet6AddressImpl.java:103)
04-28 16:50:16.879  4095   507 D StrictMode: 	at java.net.InetAddress.getByName(InetAddress.java:1106)
04-28 16:50:16.879  4095   507 D StrictMode: 	at afep.bX(PG:4)
04-28 16:50:16.879  4095   507 D StrictMode: 	at fmp.run(PG:45)
04-28 16:50:16.879  4095   507 D StrictMode: 	at uxc.run(PG:7)
04-28 16:50:16.879  4095   507 D StrictMode: 	at afvi.run(PG:3)
04-28 16:50:16.879  4095   507 D StrictMode: 	at peb.run(PG:5)
04-28 16:50:16.879  4095   507 D StrictMode: 	at pef.run(PG:24)
04-28 16:50:16.879  4095   507 D StrictMode: 	at opo.run(PG:6)
04-28 16:50:16.879  4095   507 D StrictMode: 	at opo.run(PG:36)
04-28 16:50:16.879  4095   507 D StrictMode: 	at java.lang.Thread.run(Thread.java:923)
04-28 16:50:16.879  4095   507 D StrictMode: 	at pel.run(PG:5)
04-28 16:50:16.879  4095   507 D StrictMode: StrictMode policy violation: android.os.strictmode.NetworkViolation
04-28 16:50:16.879  4095   507 D StrictMode: 	at android.os.StrictMode$AndroidBlockGuardPolicy.onNetwork(StrictMode.java:1610)
04-28 16:50:16.879  4095   507 D StrictMode: 	at libcore.io.BlockGuardOs.android_getaddrinfo(BlockGuardOs.java:200)
04-28 16:50:16.879  4095   507 D StrictMode: 	at libcore.io.ForwardingOs.android_getaddrinfo(ForwardingOs.java:73)
04-28 16:50:16.879  4095   507 D StrictMode: 	at java.net.Inet6AddressImpl.lookupHostByName(Inet6AddressImpl.java:135)
04-28 16:50:16.879  4095   507 D StrictMode: 	at java.net.Inet6AddressImpl.lookupAllHostAddr(Inet6AddressImpl.java:103)
04-28 16:50:16.879  4095   507 D StrictMode: 	at java.net.InetAddress.getByName(InetAddress.java:1106)
04-28 16:50:16.879  4095   507 D StrictMode: 	at afep.bX(PG:4)
04-28 16:50:16.879  4095   507 D StrictMode: 	at fmp.run(PG:45)
04-28 16:50:16.879  4095   507 D StrictMode: 	at uxc.run(PG:7)
04-28 16:50:16.879  4095   507 D StrictMode: 	at afvi.run(PG:3)
04-28 16:50:16.879  4095   507 D StrictMode: 	at peb.run(PG:5)
04-28 16:50:16.879  4095   507 D StrictMode: 	at pef.run(PG:24)
04-28 16:50:16.879  4095   507 D StrictMode: 	at opo.run(PG:6)
04-28 16:50:16.879  4095   507 D StrictMode: 	at opo.run(PG:36)
04-28 16:50:16.879  4095   507 D StrictMode: 	at java.lang.Thread.run(Thread.java:923)
04-28 16:50:16.879  4095   507 D StrictMode: 	at pel.run(PG:5)
04-28 16:50:16.894  1002  1210 E QMI_FW  : qmi_cci_get_ref: ref count increased 2
04-28 16:50:16.897  1002  1083 E QMI_FW  : qmi_cci_get_ref: ref count increased 2
04-28 16:50:16.898   942  1301 E QMI_FW  : qmi_cci_get_ref: ref count increased 2
04-28 16:50:16.928  4095   496 W YouTube : Invalid playback type; streaming data is not playable
04-28 16:50:17.021  1002  2899 E QMI_FW  : qmi_cci_get_ref: ref count increased 2
04-28 16:50:17.021   942  1301 E QMI_FW  : qmi_cci_get_ref: ref count increased 2
04-28 16:50:17.022  1002  3106 E QMI_FW  : qmi_cci_get_ref: ref count increased 2
04-28 16:50:17.066   383   383 I hwservicemanager: getTransport: Cannot find entry vendor.qti.hardware.servicetracker@1.0::IServicetracker/default in either framework or device manifest.
04-28 16:50:17.143  1348  3856 D ConnectivityService: requestNetwork for uid/pid:10159/4095 NetworkRequest [ TRACK_DEFAULT id=405, [ Capabilities: INTERNET&NOT_RESTRICTED&TRUSTED Uid: 10159 AdministratorUids: [] RequestorUid: 10159 RequestorPackageName: com.google.android.youtube] ]
04-28 16:50:17.144  1348  1532 D ConnectivityService: NetReassign [405 : null  101]
04-28 16:50:17.145  1860  1860 D PhoneSwitcherNetworkRequstListener: got request NetworkRequest [ TRACK_DEFAULT id=405, [ Capabilities: INTERNET&NOT_RESTRICTED&TRUSTED Uid: 10159 AdministratorUids: [] RequestorUid: 10159 RequestorPackageName: com.google.android.youtube] ] with score 50 and providerId 2
04-28 16:50:17.146  1348  1528 D WifiNetworkFactory: got request NetworkRequest [ TRACK_DEFAULT id=405, [ Capabilities: INTERNET&NOT_RESTRICTED&TRUSTED Uid: 10159 AdministratorUids: [] RequestorUid: 10159 RequestorPackageName: com.google.android.youtube] ] with score 50 and providerId 2
04-28 16:50:17.146  1348  1528 D UntrustedWifiNetworkFactory: got request NetworkRequest [ TRACK_DEFAULT id=405, [ Capabilities: INTERNET&NOT_RESTRICTED&TRUSTED Uid: 10159 AdministratorUids: [] RequestorUid: 10159 RequestorPackageName: com.google.android.youtube] ] with score 50 and providerId 2
04-28 16:50:17.191  1348  1532 D ConnectivityService: NetReassign [no changes]
04-28 16:50:17.288  1348  3856 I system_server: oneway function results will be dropped but finished with status OK and parcel size 4
04-28 16:50:17.292  1348  3856 I chatty  : uid=1000(system) Binder:1348_20 identical 5 lines
04-28 16:50:17.292  1348  3856 I system_server: oneway function results will be dropped but finished with status OK and parcel size 4
04-28 16:50:17.292  1348  2471 I system_server: oneway function results will be dropped but finished with status OK and parcel size 4
04-28 16:50:17.293  1348  2471 I system_server: oneway function results will be dropped but finished with status OK and parcel size 4
04-28 16:50:17.294  1348  1993 I system_server: oneway function results will be dropped but finished with status OK and parcel size 4
04-28 16:50:17.357  4095   522 D CompatibilityChangeReporter: Compat change id reported: 147600208; UID 10159; state: ENABLED
04-28 16:50:17.362  4095   507 E libc    : Access denied finding property "vendor.camera.aux.packagelist"
