--------- beginning of crash
01-04 04:15:59.875   387   387 F libc    : Fatal signal 6 (SIGABRT), code -1 (SI_QUEUE) in tid 387 (init), pid 387 (init)
01-04 04:15:59.945   387   387 F libc    : crash_dump helper failed to exec
05-01 00:29:32.504  2166  2166 F libc    : Fatal signal 6 (SIGABRT), code -1 (SI_QUEUE) in tid 2166 (init), pid 2166 (init)
05-01 00:29:33.189  2166  2166 F libc    : crash_dump helper failed to exec
05-01 02:20:56.234  1924  1924 F libc    : Fatal signal 6 (SIGABRT), code -1 (SI_QUEUE) in tid 1924 (dex2oat), pid 1924 (dex2oat)
05-01 02:20:56.294  1936  1936 F DEBUG   : *** *** *** *** *** *** *** *** *** *** *** *** *** *** *** ***
05-01 02:20:56.294  1936  1936 F DEBUG   : Build fingerprint: 'Cat/S22FLIP/S22FLIP:11/RKQ1.210416.002/LTE_S02113.11_N_S22Flip_0.030.03:user/release-keys'
05-01 02:20:56.294  1936  1936 F DEBUG   : Revision: '0'
05-01 02:20:56.295  1936  1936 F DEBUG   : ABI: 'arm'
05-01 02:20:56.296  1936  1936 F DEBUG   : Timestamp: 2023-05-01 02:20:56-0400
05-01 02:20:56.296  1936  1936 F DEBUG   : pid: 1924, tid: 1924, name: dex2oat  >>> /apex/com.android.art/bin/dex2oat32 <<<
05-01 02:20:56.296  1936  1936 F DEBUG   : uid: 1001
05-01 02:20:56.296  1936  1936 F DEBUG   : signal 6 (SIGABRT), code -1 (SI_QUEUE), fault addr --------
05-01 02:20:56.296  1936  1936 F DEBUG   : Abort message: 'No pending exception expected: java.lang.LinkageError: Class com.gsma.rcs.cm.qcom.config.a method void com.gsma.rcs.cm.qcom.config.a.onValues(int, vendor.qti.ims.rcsconfig.V1_0.IRcsConfig) resolves differently in interface vendor.qti.data.factory.V1_0.IFactory$createRcsConfigCallback: Parameter 1 type mismatch: java.lang.Class<vendor.qti.ims.rcsconfig.V1_0.IRcsConfig,dalvik.system.PathClassLoader>(0x12e1e6c8) vs java.lang.Class<vendor.qti.ims.rcsconfig.V1_0.IRcsConfig,dalvik.system.PathClassLoader>(0x12e9e1e8) (declaration of 'com.gsma.rcs.cm.qcom.config.a' appears in RcsSDK.apk)
05-01 02:20:56.296  1936  1936 F DEBUG   : (Throwable with empty stack trace)
05-01 02:20:56.296  1936  1936 F DEBUG   : '
05-01 02:20:56.296  1936  1936 F DEBUG   :     r0  00000000  r1  00000784  r2  00000006  r3  be9da098
05-01 02:20:56.296  1936  1936 F DEBUG   :     r4  be9da0ac  r5  be9da090  r6  00000784  r7  0000016b
05-01 02:20:56.296  1936  1936 F DEBUG   :     r8  be9da098  r9  be9da0a8  r10 be9da0c8  r11 be9da0b8
05-01 02:20:56.296  1936  1936 F DEBUG   :     ip  00000784  sp  be9da068  lr  ac7b03a9  pc  ac7b03bc
05-01 02:20:56.353  1936  1936 F DEBUG   : backtrace:
05-01 02:20:56.353  1936  1936 F DEBUG   :       #00 pc 000653bc  /apex/com.android.runtime/lib/bionic/libc.so (abort+172) (BuildId: ebf64c5ac10e1302b1c8e5b0260f6438)
05-01 02:20:56.353  1936  1936 F DEBUG   :       #01 pc 003e2363  /apex/com.android.art/lib/libart.so (art::Runtime::Abort(char const*)+1802) (BuildId: 6f9494214cd0abf066dbd5579cf09128)
05-01 02:20:56.353  1936  1936 F DEBUG   :       #02 pc 0000d747  /system/lib/libbase.so (android::base::SetAborter(std::__1::function<void (char const*)>&&)::$_3::__invoke(char const*)+46) (BuildId: f974f7275c0f2e8b2fc7449714ec7456)
05-01 02:20:56.353  1936  1936 F DEBUG   :       #03 pc 0000d149  /system/lib/libbase.so (android::base::LogMessage::~LogMessage()+224) (BuildId: f974f7275c0f2e8b2fc7449714ec7456)
05-01 02:20:56.354  1936  1936 F DEBUG   :       #04 pc 004268bb  /apex/com.android.art/lib/libart.so (art::Thread::AssertNoPendingException() const+1306) (BuildId: 6f9494214cd0abf066dbd5579cf09128)
05-01 02:20:56.354  1936  1936 F DEBUG   :       #05 pc 00140811  /apex/com.android.art/lib/libart.so (art::ClassLinker::FindClass(art::Thread*, char const*, art::Handle<art::mirror::ClassLoader>)+36) (BuildId: 6f9494214cd0abf066dbd5579cf09128)
05-01 02:20:56.354  1936  1936 F DEBUG   :       #06 pc 00132b17  /apex/com.android.art/lib/libart.so (art::ClassLinker::DoResolveType(art::dex::TypeIndex, art::Handle<art::mirror::DexCache>, art::Handle<art::mirror::ClassLoader>)+122) (BuildId: 6f9494214cd0abf066dbd5579cf09128)
05-01 02:20:56.354  1936  1936 F DEBUG   :       #07 pc 00132e4f  /apex/com.android.art/lib/libart.so (art::ObjPtr<art::mirror::Class> art::ClassLinker::DoResolveType<art::ArtMethod*>(art::dex::TypeIndex, art::ArtMethod*)+238) (BuildId: 6f9494214cd0abf066dbd5579cf09128)
05-01 02:20:56.354  1936  1936 F DEBUG   :       #08 pc 000617df  /apex/com.android.art/bin/dex2oat32 (art::InitializeClassVisitor::ResolveTypesOfMethods(art::Thread*, art::ArtMethod*)+306) (BuildId: 2671f785ef1a1d5fce53d33d3de41988)
05-01 02:20:56.354  1936  1936 F DEBUG   :       #09 pc 0005ff8b  /apex/com.android.art/bin/dex2oat32 (art::InitializeClassVisitor::TryInitializeClass(art::Handle<art::mirror::Class>, art::Handle<art::mirror::ClassLoader>&)+1346) (BuildId: 2671f785ef1a1d5fce53d33d3de41988)
05-01 02:20:56.355  1936  1936 F DEBUG   :       #10 pc 0005f5e5  /apex/com.android.art/bin/dex2oat32 (art::InitializeClassVisitor::Visit(unsigned int)+692) (BuildId: 2671f785ef1a1d5fce53d33d3de41988)
05-01 02:20:56.355  1936  1936 F DEBUG   :       #11 pc 0005d321  /apex/com.android.art/bin/dex2oat32 (art::ParallelCompilationManager::ForAllClosureLambda<art::ParallelCompilationManager::ForAll(unsigned int, unsigned int, art::CompilationVisitor*, unsigned int)::'lambda'(unsigned int)>::Run(art::Thread*)+30) (BuildId: 2671f785ef1a1d5fce53d33d3de41988)
05-01 02:20:56.355  1936  1936 F DEBUG   :       #12 pc 0043be51  /apex/com.android.art/lib/libart.so (art::ThreadPool::Wait(art::Thread*, bool, bool)+116) (BuildId: 6f9494214cd0abf066dbd5579cf09128)
05-01 02:20:56.355  1936  1936 F DEBUG   :       #13 pc 0005d13d  /apex/com.android.art/bin/dex2oat32 (void art::ParallelCompilationManager::ForAllLambda<art::ParallelCompilationManager::ForAll(unsigned int, unsigned int, art::CompilationVisitor*, unsigned int)::'lambda'(unsigned int)>(unsigned int, unsigned int, art::ParallelCompilationManager::ForAll(unsigned int, unsigned int, art::CompilationVisitor*, unsigned int)::'lambda'(unsigned int), unsigned int)+148) (BuildId: 2671f785ef1a1d5fce53d33d3de41988)
05-01 02:20:56.355  1936  1936 F DEBUG   :       #14 pc 00056963  /apex/com.android.art/bin/dex2oat32 (art::CompilerDriver::PreCompile(_jobject*, std::__1::vector<art::DexFile const*, std::__1::allocator<art::DexFile const*> > const&, art::TimingLogger*, art::HashSet<std::__1::basic_string<char, std::__1::char_traits<char>, std::__1::allocator<char> >, art::DefaultEmptyFn<std::__1::basic_string<char, std::__1::char_traits<char>, std::__1::allocator<char> > >, art::DataHash, art::DefaultStringEquals, std::__1::allocator<std::__1::basic_string<char, std::__1::char_traits<char>, std::__1::allocator<char> > > >*, art::VerificationResults*)+5830) (BuildId: 2671f785ef1a1d5fce53d33d3de41988)
05-01 02:20:56.355  1936  1936 F DEBUG   :       #15 pc 000504af  /apex/com.android.art/bin/dex2oat32 (art::Dex2Oat::CompileDexFiles(std::__1::vector<art::DexFile const*, std::__1::allocator<art::DexFile const*> > const&)+1546) (BuildId: 2671f785ef1a1d5fce53d33d3de41988)
05-01 02:20:56.356  1936  1936 F DEBUG   :       #16 pc 0004e1bd  /apex/com.android.art/bin/dex2oat32 (art::Dex2Oat::Compile()+4660) (BuildId: 2671f785ef1a1d5fce53d33d3de41988)
05-01 02:20:56.356  1936  1936 F DEBUG   :       #17 pc 00041461  /apex/com.android.art/bin/dex2oat32 (art::Dex2oat(int, char**)+4336) (BuildId: 2671f785ef1a1d5fce53d33d3de41988)
05-01 02:20:56.356  1936  1936 F DEBUG   :       #18 pc 00040367  /apex/com.android.art/bin/dex2oat32 (main+2) (BuildId: 2671f785ef1a1d5fce53d33d3de41988)
05-01 02:20:56.356  1936  1936 F DEBUG   :       #19 pc 0005fbc1  /apex/com.android.runtime/lib/bionic/libc.so (__libc_init+68) (BuildId: ebf64c5ac10e1302b1c8e5b0260f6438)
--------- beginning of system
05-02 00:32:26.143  1287  1349 I chatty  : uid=1000(system) android.io expire 2 lines
05-02 00:32:26.354  1287  1350 I chatty  : uid=1000(system) android.display expire 4 lines
05-02 00:32:26.423  1287  1356 I chatty  : uid=1000(system) Binder:1287_13 expire 4 lines
05-02 00:32:27.694  1287  1366 I chatty  : uid=1000(system) android.bg expire 1 line
05-02 00:32:28.195  1287  1367 I chatty  : uid=1000(system) ActivityManager expire 4 lines
05-02 00:32:31.056  1287  1434 I chatty  : uid=1000(system) Binder:1287_15 expire 12 lines
05-02 00:32:32.083  1287  1467 I chatty  : uid=1000(system) UEventObserver expire 19 lines
05-02 00:32:32.293  1287  1434 I chatty  : uid=1000(system) Binder:1287_15 expire 12 lines
05-02 00:32:32.351  1287  1917 I chatty  : uid=1000(system) Binder:1287_9 expire 1 line
05-02 00:32:32.359  1287  1350 I chatty  : uid=1000(system) android.display expire 14 lines
05-02 00:32:32.671  1287  1351 I chatty  : uid=1000(system) android.anim expire 1 line
05-02 00:32:32.913  1287  1367 I chatty  : uid=1000(system) ActivityManager expire 3 lines
05-02 00:32:33.245  1287  1287 I chatty  : uid=1000 system_server expire 1 line
05-02 00:32:33.245  1287  2451 I chatty  : uid=1000(system) Binder:1287_18 expire 1 line
05-02 00:32:34.092  1287  1406 I chatty  : uid=1000(system) PowerManagerSer expire 11 lines
05-02 00:32:34.109  1287  1379 I chatty  : uid=1000(system) batterystats-wo expire 1 line
05-02 00:32:34.141  1287  1347 I chatty  : uid=1000(system) android.fg expire 1 line
05-02 00:32:34.154  1287  1356 I chatty  : uid=1000(system) Binder:1287_13 expire 10 lines
05-02 00:32:34.331  1287  1350 I chatty  : uid=1000(system) android.display expire 10 lines
05-02 00:32:34.923  1287  1367 I chatty  : uid=1000(system) ActivityManager expire 6 lines
05-02 00:32:39.129  1287  1379 I chatty  : uid=1000(system) batterystats-wo expire 4 lines
05-02 00:33:01.975  1287  1347 I chatty  : uid=1000(system) android.fg expire 3 lines
05-02 00:33:02.382  1287  2451 I chatty  : uid=1000(system) Binder:1287_18 expire 1 line
05-02 00:33:02.383  1287  1486 I chatty  : uid=1000(system) ConnectivitySer expire 7 lines
05-02 00:33:02.784  1287  1917 I chatty  : uid=1000(system) Binder:1287_9 expire 1 line
05-02 00:33:03.661  1287  1620 I chatty  : uid=1000(system) Binder:1287_16 expire 3 lines
05-02 00:33:03.819  1287  1287 I chatty  : uid=1000 system_server expire 8 lines
05-02 00:33:04.226  1287  1406 I chatty  : uid=1000(system) PowerManagerSer expire 8 lines
05-02 00:33:05.437  1287  1368 I chatty  : uid=1000(system) ActivityManager expire 2 lines
05-02 00:33:05.709  1287  2473 I chatty  : uid=1000(system) Binder:1287_B expire 1 line
05-02 00:33:57.417  1287  1917 I chatty  : uid=1000(system) Binder:1287_9 expire 4 lines
05-02 00:33:57.418  1287  1486 I chatty  : uid=1000(system) ConnectivitySer expire 12 lines
05-02 00:33:57.433  1287  1347 I chatty  : uid=1000(system) android.fg expire 1 line
05-02 00:33:57.443  1287  1620 I chatty  : uid=1000(system) Binder:1287_16 expire 3 lines
05-02 00:33:58.507  1287  1367 I chatty  : uid=1000(system) ActivityManager expire 8 lines
05-02 00:33:58.721  1287  1434 I chatty  : uid=1000(system) Binder:1287_15 expire 3 lines
05-02 00:33:59.027  1287  1287 I chatty  : uid=1000 system_server expire 1 line
05-02 00:33:59.210  1287  1406 I chatty  : uid=1000(system) PowerManagerSer expire 8 lines
05-02 00:33:59.214  1287  1350 I chatty  : uid=1000(system) android.display expire 6 lines
05-02 00:33:59.215  1287  1379 I chatty  : uid=1000(system) batterystats-wo expire 6 lines
05-02 00:53:11.945  1287  1366 I chatty  : uid=1000(system) android.bg expire 1 line
05-02 01:08:15.024  1287  1368 I chatty  : uid=1000(system) ActivityManager expire 8 lines
05-02 01:08:15.703  1287  1780 I chatty  : uid=1000(system) Binder:1287_1D expire 2 lines
05-02 01:08:18.193  1287  1471 I chatty  : uid=1000(system) NetworkWatchlis expire 2 lines
05-02 01:08:19.583  1287  1379 I chatty  : uid=1000(system) batterystats-wo expire 12 lines
05-02 01:23:21.422  1287  1287 I chatty  : uid=1000 system_server expire 3 lines
05-02 01:23:23.657  1287  1620 I chatty  : uid=1000(system) Binder:1287_16 expire 1 line
05-02 01:23:23.658  1287  1486 I chatty  : uid=1000(system) ConnectivitySer expire 11 lines
05-02 01:23:27.748  1287  1834 I chatty  : uid=1000(system) Binder:1287_6 expire 3 lines
05-02 01:23:27.841  1287  1917 I chatty  : uid=1000(system) Binder:1287_9 expire 4 lines
05-02 02:27:28.017  1287  1478 I chatty  : uid=1000(system) NetworkStats expire 2 lines
05-02 02:27:31.438  1287  1434 I chatty  : uid=1000(system) Binder:1287_15 expire 1 line
05-02 02:27:32.649  1287  1356 I chatty  : uid=1000(system) Binder:1287_13 expire 1 line
05-02 02:27:32.649  1287  3935 I chatty  : uid=1000(system) Binder:1287_F expire 2 lines
05-02 02:27:32.675  1287  1350 I chatty  : uid=1000(system) android.display expire 1 line
05-02 04:27:44.600  1287  1382 I chatty  : uid=1000(system) Binder:1287_1C expire 1 line
05-02 04:27:46.024  1287  1379 I chatty  : uid=1000(system) batterystats-wo expire 5 lines
05-02 05:03:16.553  1287  1486 I chatty  : uid=1000(system) ConnectivitySer expire 8 lines
05-02 05:03:16.758  1287  1367 I chatty  : uid=1000(system) ActivityManager expire 8 lines
05-02 05:46:21.596  1287  1467 I chatty  : uid=1000(system) UEventObserver expire 11 lines
05-02 05:46:21.602  1287  3935 I chatty  : uid=1000(system) Binder:1287_F expire 10 lines
05-02 05:46:21.633  1287  1406 I chatty  : uid=1000(system) PowerManagerSer expire 3 lines
05-02 05:46:21.731  1287  1348 I chatty  : uid=1000(system) android.ui expire 1 line
05-02 05:46:21.733  1287  1287 I chatty  : uid=1000 system_server expire 2 lines
05-02 05:46:21.746  1287  1917 I chatty  : uid=1000(system) Binder:1287_9 expire 4 lines
05-02 05:46:21.809  1287  1351 I chatty  : uid=1000(system) android.anim expire 1 line
05-02 05:46:21.857  1287  1350 I chatty  : uid=1000(system) android.display expire 1 line
05-02 05:46:22.048  1287  1406 I chatty  : uid=1000(system) PowerManagerSer expire 3 lines
05-02 05:46:22.056  1287  1486 I chatty  : uid=1000(system) ConnectivitySer expire 7 lines
05-02 05:46:22.057  1287  1917 I chatty  : uid=1000(system) Binder:1287_9 expire 5 lines
05-02 05:46:22.174  1287  3110 I chatty  : uid=1000(system) Binder:1287_1F expire 1 line
05-02 05:46:22.215  1287  1287 I chatty  : uid=1000 system_server expire 4 lines
05-02 05:46:22.215  1287  1348 I chatty  : uid=1000(system) android.ui expire 1 line
05-02 05:46:22.493  1287  1347 I chatty  : uid=1000(system) android.fg expire 3 lines
05-02 05:46:22.632  1287  3448 I chatty  : uid=1000(system) Binder:1287_D expire 1 line
05-02 05:46:24.653  1287  4037 I chatty  : uid=1000(system) Binder:1287_1B expire 11 lines
05-02 05:46:24.685  1287  1834 I chatty  : uid=1000(system) Binder:1287_6 expire 8 lines
05-02 05:46:25.348  1287  3935 I chatty  : uid=1000(system) Binder:1287_F expire 9 lines
05-02 05:46:25.797  1287  1367 I chatty  : uid=1000(system) ActivityManager expire 7 lines
05-02 05:46:25.816  1287  1486 I chatty  : uid=1000(system) ConnectivitySer expire 11 lines
05-02 05:46:31.127  1287  1348 I chatty  : uid=1000(system) android.ui expire 17 lines
05-02 05:46:31.540  1287  1350 I chatty  : uid=1000(system) android.display expire 4 lines
05-02 05:46:31.598  1287  4037 I chatty  : uid=1000(system) Binder:1287_1B expire 4 lines
05-02 05:46:32.920  1287  1467 I chatty  : uid=1000(system) UEventObserver expire 22 lines
05-02 05:46:33.026  1287  1356 I chatty  : uid=1000(system) Binder:1287_13 expire 12 lines
05-02 05:46:33.051  1287  1350 I chatty  : uid=1000(system) android.display expire 10 lines
05-02 05:46:33.938  1287  1834 I chatty  : uid=1000(system) Binder:1287_6 expire 4 lines
05-02 05:46:34.791  1287  1406 I chatty  : uid=1000(system) PowerManagerSer expire 10 lines
05-02 05:46:34.806  1287  1379 I chatty  : uid=1000(system) batterystats-wo expire 1 line
05-02 05:46:34.830  1287  2390 I chatty  : uid=1000(system) backup-0 expire 5 lines
05-02 05:46:34.833  1287  1406 I chatty  : uid=1000(system) PowerManagerSer expire 1 line
05-02 05:46:34.836  1287  1347 I chatty  : uid=1000(system) android.fg expire 3 lines
05-02 05:46:34.837  1287  3935 I chatty  : uid=1000(system) Binder:1287_F expire 5 lines
05-02 05:46:34.859  1287  1350 I chatty  : uid=1000(system) android.display expire 8 lines
05-02 05:46:34.951  1287  1351 I chatty  : uid=1000(system) android.anim expire 1 line
05-02 05:46:34.954  1287  1834 I chatty  : uid=1000(system) Binder:1287_6 expire 5 lines
05-02 05:46:39.828  1287  1379 I chatty  : uid=1000(system) batterystats-wo expire 10 lines
05-02 05:58:30.256  1287  1917 I chatty  : uid=1000(system) Binder:1287_9 expire 3 lines
05-02 05:58:30.261  1287  1348 I chatty  : uid=1000(system) android.ui expire 1 line
05-02 06:29:43.127  1287  3448 I chatty  : uid=1000(system) Binder:1287_D expire 1 line
05-02 06:29:43.128  1287  1368 I chatty  : uid=1000(system) ActivityManager expire 2 lines
05-02 06:51:15.287  1287  1287 I chatty  : uid=1000 system_server expire 5 lines
05-02 07:39:18.117  1287  4037 I chatty  : uid=1000(system) Binder:1287_1B expire 3 lines
05-02 07:39:18.117  1287  1486 I chatty  : uid=1000(system) ConnectivitySer expire 8 lines
05-02 07:39:18.745  1287  3448 I chatty  : uid=1000(system) Binder:1287_D expire 3 lines
05-02 07:39:19.334  1287  1382 I chatty  : uid=1000(system) Binder:1287_1C expire 1 line
05-02 07:39:19.706  1287  1287 I chatty  : uid=1000 system_server expire 6 lines
05-02 07:39:19.931  1287  1406 I chatty  : uid=1000(system) PowerManagerSer expire 11 lines
05-02 07:39:19.935  1287  1379 I chatty  : uid=1000(system) batterystats-wo expire 3 lines
05-02 07:39:19.960  1287  1350 I chatty  : uid=1000(system) android.display expire 6 lines
05-02 07:39:20.364  1287  1367 I chatty  : uid=1000(system) ActivityManager expire 6 lines
05-02 07:51:32.401  1287  1347 I chatty  : uid=1000(system) android.fg expire 2 lines
05-02 07:51:32.781  1287  1917 I chatty  : uid=1000(system) Binder:1287_9 expire 1 line
05-02 07:51:34.500  1287  1350 I chatty  : uid=1000(system) android.display expire 10 lines
05-02 07:51:34.504  1287  1379 I chatty  : uid=1000(system) batterystats-wo expire 3 lines
05-02 07:51:34.551  1287  1406 I chatty  : uid=1000(system) PowerManagerSer expire 13 lines
05-02 07:51:34.907  1287  1367 I chatty  : uid=1000(system) ActivityManager expire 9 lines
05-02 07:57:30.754  1287  1347 I chatty  : uid=1000(system) android.fg expire 2 lines
05-02 07:57:31.045  1287  1369 I chatty  : uid=1000(system) Binder:1287_14 expire 2 lines
05-02 07:57:31.081  1287  1486 I chatty  : uid=1000(system) ConnectivitySer expire 6 lines
05-02 07:57:31.136  1287  1620 I chatty  : uid=1000(system) Binder:1287_16 expire 1 line
05-02 07:57:31.448  1287  1834 I chatty  : uid=1000(system) Binder:1287_6 expire 2 lines
05-02 07:57:32.540  1287  1287 I chatty  : uid=1000 system_server expire 2 lines
05-02 07:57:38.416  1287  1379 I chatty  : uid=1000(system) batterystats-wo expire 6 lines
05-02 07:59:02.217  1287  1350 I chatty  : uid=1000(system) android.display expire 8 lines
05-02 07:59:02.220  1287  1367 I chatty  : uid=1000(system) ActivityManager expire 7 lines
05-02 09:28:42.818  1287  1347 I chatty  : uid=1000(system) android.fg expire 4 lines
05-02 09:28:43.142  1287  1917 I chatty  : uid=1000(system) Binder:1287_9 expire 2 lines
05-02 09:28:43.179  1287  1382 I chatty  : uid=1000(system) Binder:1287_1C expire 2 lines
05-02 09:28:43.180  1287  1486 I chatty  : uid=1000(system) ConnectivitySer expire 7 lines
05-02 09:28:43.205  1287  1620 I chatty  : uid=1000(system) Binder:1287_16 expire 1 line
05-02 09:28:44.365  1287  3448 I chatty  : uid=1000(system) Binder:1287_D expire 1 line
05-02 09:28:44.890  1287  1406 I chatty  : uid=1000(system) PowerManagerSer expire 8 lines
05-02 09:32:57.873  1287  1834 I chatty  : uid=1000(system) Binder:1287_6 expire 1 line
05-02 09:32:57.909  1287  1356 I chatty  : uid=1000(system) Binder:1287_13 expire 4 lines
05-02 09:32:57.965  1287  1486 I chatty  : uid=1000(system) ConnectivitySer expire 11 lines
05-02 09:32:58.005  1287  1367 I chatty  : uid=1000(system) ActivityManager expire 8 lines
05-02 09:32:58.294  1287  1834 I chatty  : uid=1000(system) Binder:1287_6 expire 1 line
05-02 09:32:59.184  1287  1382 I chatty  : uid=1000(system) Binder:1287_1C expire 2 lines
05-02 09:32:59.497  1287  1287 I chatty  : uid=1000 system_server expire 2 lines
05-02 09:32:59.748  1287  1406 I chatty  : uid=1000(system) PowerManagerSer expire 11 lines
05-02 09:32:59.752  1287  1350 I chatty  : uid=1000(system) android.display expire 6 lines
05-02 09:32:59.752  1287  1379 I chatty  : uid=1000(system) batterystats-wo expire 2 lines
05-02 09:36:49.216  1287  1347 I chatty  : uid=1000(system) android.fg expire 2 lines
05-02 09:36:50.769  1287  3448 I chatty  : uid=1000(system) Binder:1287_D expire 1 line
05-02 09:36:51.370  1287  1350 I chatty  : uid=1000(system) android.display expire 6 lines
05-02 09:36:51.372  1287  1379 I chatty  : uid=1000(system) batterystats-wo expire 4 lines
05-02 09:36:51.421  1287  1406 I chatty  : uid=1000(system) PowerManagerSer expire 5 lines
05-02 09:36:51.775  1287  1367 I chatty  : uid=1000(system) ActivityManager expire 6 lines
05-02 09:39:46.397  1287  3535 I chatty  : uid=1000(system) Binder:1287_1A expire 3 lines
05-02 09:39:46.399  1287  1368 I chatty  : uid=1000(system) ActivityManager expire 4 lines
05-02 09:39:47.119  1287  1382 I chatty  : uid=1000(system) Binder:1287_1C expire 1 line
05-02 09:39:47.120  1287  1486 I chatty  : uid=1000(system) ConnectivitySer expire 12 lines
05-02 09:39:54.940  1287  1434 I chatty  : uid=1000(system) Binder:1287_15 expire 2 lines
05-02 09:40:08.794  1287  1234 I chatty  : uid=1000(system) Binder:1287_12 expire 1 line
05-02 09:40:09.608  1287  1311 I chatty  : uid=1000(system) Binder:1287_2 expire 1 line
05-02 09:42:10.523  1287  1347 I chatty  : uid=1000(system) android.fg expire 2 lines
05-02 09:42:10.990  1287  1780 I chatty  : uid=1000(system) Binder:1287_1D expire 3 lines
05-02 09:42:12.758  1287  1287 I chatty  : uid=1000 system_server expire 2 lines
05-02 09:42:13.067  1287  1406 I chatty  : uid=1000(system) PowerManagerSer expire 12 lines
05-02 09:42:13.071  1287  1350 I chatty  : uid=1000(system) android.display expire 9 lines
05-02 09:42:13.072  1287  1379 I chatty  : uid=1000(system) batterystats-wo expire 3 lines
05-02 09:42:13.475  1287  1367 I chatty  : uid=1000(system) ActivityManager expire 8 lines
05-02 09:48:40.947  1287  1347 I chatty  : uid=1000(system) android.fg expire 2 lines
05-02 09:48:41.266  1287  3351 I chatty  : uid=1000(system) Binder:1287_19 expire 2 lines
05-02 09:48:41.301  1287  3535 I chatty  : uid=1000(system) Binder:1287_1A expire 3 lines
05-02 09:48:41.301  1287  1486 I chatty  : uid=1000(system) ConnectivitySer expire 9 lines
05-02 09:48:42.493  1287  1444 I chatty  : uid=1000(system) Binder:1287_4 expire 1 line
05-02 09:48:45.471  1287  1367 I chatty  : uid=1000(system) ActivityManager expire 8 lines
05-02 09:48:48.680  1287  1406 I chatty  : uid=1000(system) PowerManagerSer expire 12 lines
05-02 09:48:48.697  1287  1379 I chatty  : uid=1000(system) batterystats-wo expire 5 lines
05-02 09:48:48.698  1287  1350 I chatty  : uid=1000(system) android.display expire 9 lines
05-02 10:06:07.960  1287  1347 I chatty  : uid=1000(system) android.fg expire 3 lines
05-02 10:06:08.442  1287  3351 I chatty  : uid=1000(system) Binder:1287_19 expire 2 lines
05-02 10:06:08.477  1287  1434 I chatty  : uid=1000(system) Binder:1287_15 expire 2 lines
05-02 10:06:08.478  1287  1486 I chatty  : uid=1000(system) ConnectivitySer expire 6 lines
05-02 10:06:10.040  1287  3535 I chatty  : uid=1000(system) Binder:1287_1A expire 1 line
05-02 10:06:10.298  1287  1287 I chatty  : uid=1000 system_server expire 5 lines
05-02 10:06:55.571  1287  1234 I chatty  : uid=1000(system) Binder:1287_12 expire 4 lines
05-02 10:06:55.606  1287  1486 I chatty  : uid=1000(system) ConnectivitySer expire 10 lines
05-02 10:06:55.612  1287  1347 I chatty  : uid=1000(system) android.fg expire 3 lines
05-02 10:06:55.677  1287  3535 I chatty  : uid=1000(system) Binder:1287_1A expire 1 line
05-02 10:06:56.555  1287  1367 I chatty  : uid=1000(system) ActivityManager expire 8 lines
05-02 10:06:57.124  1287  1287 I chatty  : uid=1000 system_server expire 2 lines
05-02 10:06:57.343  1287  1406 I chatty  : uid=1000(system) PowerManagerSer expire 12 lines
05-02 10:06:57.347  1287  1350 I chatty  : uid=1000(system) android.display expire 9 lines
05-02 10:06:57.348  1287  1379 I chatty  : uid=1000(system) batterystats-wo expire 3 lines
05-02 10:07:14.874  1287  1382 I chatty  : uid=1000(system) Binder:1287_1C expire 3 lines
05-02 10:07:15.419  1287  1369 I chatty  : uid=1000(system) Binder:1287_14 expire 4 lines
05-02 10:07:17.146  1287  1367 I chatty  : uid=1000(system) ActivityManager expire 10 lines
05-02 10:07:18.385  1287  1191 I chatty  : uid=1000(system) Binder:1287_11 expire 2 lines
05-02 10:07:18.385  1287  1486 I chatty  : uid=1000(system) ConnectivitySer expire 10 lines
05-02 10:07:22.361  1287  1406 I chatty  : uid=1000(system) PowerManagerSer expire 12 lines
05-02 10:07:22.380  1287  1350 I chatty  : uid=1000(system) android.display expire 9 lines
05-02 10:07:22.387  1287  1379 I chatty  : uid=1000(system) batterystats-wo expire 3 lines
05-02 10:08:03.123  1287  1347 I chatty  : uid=1000(system) android.fg expire 3 lines
05-02 10:08:03.522  1287  1382 I chatty  : uid=1000(system) Binder:1287_1C expire 1 line
05-02 10:08:05.024  1287  1287 I chatty  : uid=1000 system_server expire 1 line
05-02 10:08:41.892  1287  1916 I chatty  : uid=1000(system) Binder:1287_8 expire 1 line
05-02 10:08:41.926  1287  1434 I chatty  : uid=1000(system) Binder:1287_15 expire 1 line
05-02 10:08:41.934  1287  1347 I chatty  : uid=1000(system) android.fg expire 1 line
05-02 10:08:41.988  1287  1191 I chatty  : uid=1000(system) Binder:1287_11 expire 2 lines
05-02 10:08:41.989  1287  1486 I chatty  : uid=1000(system) ConnectivitySer expire 7 lines
05-02 10:08:42.315  1287  1369 I chatty  : uid=1000(system) Binder:1287_14 expire 1 line
05-02 10:08:43.034  1287  1367 I chatty  : uid=1000(system) ActivityManager expire 6 lines
05-02 10:08:43.163  1287  3535 I chatty  : uid=1000(system) Binder:1287_1A expire 1 line
05-02 10:08:43.386  1287  3351 I chatty  : uid=1000(system) Binder:1287_19 expire 1 line
05-02 10:08:43.387  1287  1916 I chatty  : uid=1000(system) Binder:1287_8 expire 1 line
05-02 10:08:43.388  1287  1311 I chatty  : uid=1000(system) Binder:1287_2 expire 11 lines
05-02 10:08:43.456  1287  1287 I chatty  : uid=1000 system_server expire 1 line
05-02 10:08:43.700  1287  1406 I chatty  : uid=1000(system) PowerManagerSer expire 10 lines
05-02 10:08:43.705  1287  1350 I chatty  : uid=1000(system) android.display expire 6 lines
05-02 10:08:43.707  1287  1379 I chatty  : uid=1000(system) batterystats-wo expire 3 lines
05-02 10:13:36.295  1287  1467 I chatty  : uid=1000(system) UEventObserver expire 11 lines
05-02 10:13:36.413  1287  1406 I chatty  : uid=1000(system) PowerManagerSer expire 4 lines
05-02 10:13:36.431  1287  1311 I chatty  : uid=1000(system) Binder:1287_2 expire 4 lines
05-02 10:13:36.456  1287  1350 I chatty  : uid=1000(system) android.display expire 5 lines
05-02 10:13:36.457  1287  1367 I chatty  : uid=1000(system) ActivityManager expire 6 lines
05-02 10:13:36.549  1287  1351 I chatty  : uid=1000(system) android.anim expire 1 line
05-02 10:13:36.650  1287  1916 I chatty  : uid=1000(system) Binder:1287_8 expire 5 lines
05-02 10:13:36.790  1287  1486 I chatty  : uid=1000(system) ConnectivitySer expire 3 lines
05-02 10:13:36.946  1287  1287 I chatty  : uid=1000 system_server expire 2 lines
05-02 10:13:37.060  1287  1347 I chatty  : uid=1000(system) android.fg expire 3 lines
05-02 10:13:37.173  1287  1917 I chatty  : uid=1000(system) Binder:1287_9 expire 1 line
05-02 10:13:38.265  1287  3935 I chatty  : uid=1000(system) Binder:1287_F expire 16 lines
05-02 10:13:38.287  1287  1382 I chatty  : uid=1000(system) Binder:1287_1C expire 8 lines
05-02 10:13:39.973  1287  1368 I chatty  : uid=1000(system) ActivityManager expire 4 lines
05-02 10:13:57.069  1287  3535 I chatty  : uid=1000(system) Binder:1287_1A expire 1 line
05-02 10:14:14.645  1287  1486 I chatty  : uid=1000(system) ConnectivitySer expire 5 lines
05-02 10:14:15.193  1287  1367 I chatty  : uid=1000(system) ActivityManager expire 13 lines
05-02 10:14:17.160  1287  1287 I chatty  : uid=1000 system_server expire 2 lines
05-02 10:14:57.460  1287  3935 I chatty  : uid=1000(system) Binder:1287_F expire 2 lines
05-02 10:14:57.618  1287  1382 I chatty  : uid=1000(system) Binder:1287_1C expire 1 line
05-02 10:14:59.917  1287  1467 I chatty  : uid=1000(system) UEventObserver expire 22 lines
05-02 10:15:00.039  1287  1350 I chatty  : uid=1000(system) android.display expire 4 lines
05-02 10:15:00.075  1287  1871 I chatty  : uid=1000(system) Binder:1287_17 expire 12 lines
05-02 10:15:00.300  1287  1348 I chatty  : uid=1000(system) android.ui expire 3 lines
05-02 10:15:00.469  1287  1834 I chatty  : uid=1000(system) Binder:1287_6 expire 5 lines
05-02 10:15:00.469  1287  3448 I chatty  : uid=1000(system) Binder:1287_D expire 1 line
05-02 10:15:00.469  1287  3535 I chatty  : uid=1000(system) Binder:1287_1A expire 1 line
05-02 10:15:00.469  1287  3935 I chatty  : uid=1000(system) Binder:1287_F expire 1 line
05-02 10:15:00.470  1287  1486 I chatty  : uid=1000(system) ConnectivitySer expire 5 lines
05-02 10:15:00.472  1287  2474 I chatty  : uid=1000(system) Binder:1287_C expire 11 lines
05-02 10:15:00.473  1287  1382 I chatty  : uid=1000(system) Binder:1287_1C expire 1 line
05-02 10:15:00.478  1287  3110 I chatty  : uid=1000(system) Binder:1287_1F expire 1 line
05-02 10:15:00.620  1287  1287 I chatty  : uid=1000 system_server expire 1 line
05-02 10:15:00.781  1287  1350 I chatty  : uid=1000(system) android.display expire 14 lines
05-02 10:15:01.769  1287  1406 I chatty  : uid=1000(system) PowerManagerSer expire 11 lines
05-02 10:15:01.786  1287  1379 I chatty  : uid=1000(system) batterystats-wo expire 3 lines
05-02 10:15:01.813  1287  1347 I chatty  : uid=1000(system) android.fg expire 1 line
05-02 10:15:01.946  1287  1351 I chatty  : uid=1000(system) android.anim expire 1 line
05-02 10:15:02.462  1287  1367 I chatty  : uid=1000(system) ActivityManager expire 2 lines
05-02 10:16:54.747  1287  1467 I chatty  : uid=1000(system) UEventObserver expire 11 lines
05-02 10:16:54.751  1287  2474 I chatty  : uid=1000(system) Binder:1287_C expire 9 lines
05-02 10:16:54.798  1287  1406 I chatty  : uid=1000(system) PowerManagerSer expire 6 lines
05-02 10:16:54.801  1287  1379 I chatty  : uid=1000(system) batterystats-wo expire 1 line
05-02 10:16:54.828  1287  1287 I chatty  : uid=1000 system_server expire 3 lines
05-02 10:16:54.887  1287  3506 I chatty  : uid=1000(system) Binder:1287_E expire 5 lines
05-02 10:16:54.942  1287  1367 I chatty  : uid=1000(system) ActivityManager expire 4 lines
05-02 10:16:54.945  1287  1350 I chatty  : uid=1000(system) android.display expire 1 line
05-02 10:16:54.995  1287  1191 I chatty  : uid=1000(system) Binder:1287_11 expire 6 lines
05-02 10:16:55.106  1287  1486 I chatty  : uid=1000(system) ConnectivitySer expire 6 lines
05-02 10:16:55.490  1287  1347 I chatty  : uid=1000(system) android.fg expire 3 lines
05-02 10:16:55.671  1287  1234 I chatty  : uid=1000(system) Binder:1287_12 expire 2 lines
05-02 10:16:56.052  1287  1368 I chatty  : uid=1000(system) ActivityManager expire 2 lines
05-02 10:16:56.850  1287  1834 I chatty  : uid=1000(system) Binder:1287_6 expire 2 lines
05-02 10:16:58.226  1287  1486 I chatty  : uid=1000(system) ConnectivitySer expire 1 line
05-02 10:16:58.980  1287  1382 I chatty  : uid=1000(system) Binder:1287_1C expire 1 line
05-02 10:16:58.981  1287  1368 I chatty  : uid=1000(system) ActivityManager expire 7 lines
05-02 10:16:59.249  1287  1469 I chatty  : uid=1000(system) InputReader expire 17 lines
05-02 10:16:59.684  1287  1350 I chatty  : uid=1000(system) android.display expire 5 lines
05-02 10:16:59.753  1287  1191 I chatty  : uid=1000(system) Binder:1287_11 expire 4 lines
05-02 10:17:01.167  1287  1287 I chatty  : uid=1000 system_server expire 3 lines
05-02 10:17:01.171  1287  1367 I chatty  : uid=1000(system) ActivityManager expire 7 lines
05-02 10:17:04.243  1287  3448 I chatty  : uid=1000(system) Binder:1287_D expire 1 line
05-02 10:17:19.928  1287  1467 I chatty  : uid=1000(system) UEventObserver expire 22 lines
05-02 10:17:20.063  1287  1444 I chatty  : uid=1000(system) Binder:1287_4 expire 12 lines
05-02 10:17:20.108  1287  1350 I chatty  : uid=1000(system) android.display expire 12 lines
05-02 10:17:20.521  1287  1367 I chatty  : uid=1000(system) ActivityManager expire 1 line
05-02 10:17:20.968  1287  3448 I chatty  : uid=1000(system) Binder:1287_D expire 8 lines
05-02 10:17:21.819  1287  1406 I chatty  : uid=1000(system) PowerManagerSer expire 11 lines
05-02 10:17:21.835  1287  1379 I chatty  : uid=1000(system) batterystats-wo expire 1 line
05-02 10:17:21.867  1287  1347 I chatty  : uid=1000(system) android.fg expire 4 lines
05-02 10:17:21.882  1287  1350 I chatty  : uid=1000(system) android.display expire 9 lines
05-02 10:17:21.943  1287  3110 I chatty  : uid=1000(system) Binder:1287_1F expire 4 lines
05-02 10:17:21.999  1287  1351 I chatty  : uid=1000(system) android.anim expire 1 line
05-02 10:17:22.173  1287  1444 I chatty  : uid=1000(system) Binder:1287_4 expire 1 line
05-02 10:17:22.263  1287  1367 I chatty  : uid=1000(system) ActivityManager expire 6 lines
05-02 10:17:26.855  1287  1379 I chatty  : uid=1000(system) batterystats-wo expire 2 lines
05-02 10:19:33.586  1287  1382 I chatty  : uid=1000(system) Binder:1287_1C expire 3 lines
05-02 10:19:33.624  1287  1486 I chatty  : uid=1000(system) ConnectivitySer expire 4 lines
05-02 10:19:35.071  1287  3506 I chatty  : uid=1000(system) Binder:1287_E expire 1 line
05-02 10:19:35.413  1287  1287 I chatty  : uid=1000 system_server expire 5 lines
05-02 10:19:35.634  1287  1406 I chatty  : uid=1000(system) PowerManagerSer expire 7 lines
05-02 10:19:38.665  1287  1467 I chatty  : uid=1000(system) UEventObserver expire 4 lines
05-02 10:19:38.670  1287  1834 I chatty  : uid=1000(system) Binder:1287_6 expire 10 lines
05-02 10:19:38.683  1287  1467 I chatty  : uid=1000(system) UEventObserver expire 3 lines
05-02 10:19:38.828  1287  1287 I chatty  : uid=1000 system_server expire 1 line
05-02 10:19:38.836  1287  1444 I chatty  : uid=1000(system) Binder:1287_4 expire 9 lines
05-02 10:19:38.838  1287  1347 I chatty  : uid=1000(system) android.fg expire 2 lines
05-02 10:19:38.839  1287  1382 I chatty  : uid=1000(system) Binder:1287_1C expire 4 lines
05-02 10:19:38.860  1287  1367 I chatty  : uid=1000(system) ActivityManager expire 5 lines
05-02 10:19:38.880  1287  1350 I chatty  : uid=1000(system) android.display expire 8 lines
05-02 10:19:38.945  1287  3110 I chatty  : uid=1000(system) Binder:1287_1F expire 5 lines
05-02 10:19:40.681  1287  1191 I chatty  : uid=1000(system) Binder:1287_11 expire 15 lines
05-02 10:19:41.297  1287  1367 I chatty  : uid=1000(system) ActivityManager expire 2 lines
05-02 10:19:51.472  1287  1287 I chatty  : uid=1000 system_server expire 1 line
05-02 10:20:03.845  1287  1234 I chatty  : uid=1000(system) Binder:1287_12 expire 1 line
05-02 10:20:03.846  1287  1486 I chatty  : uid=1000(system) ConnectivitySer expire 4 lines
05-02 10:20:04.758  1287  2474 I chatty  : uid=1000(system) Binder:1287_C expire 1 line
05-02 10:20:39.696  1287  1444 I chatty  : uid=1000(system) Binder:1287_4 expire 23 lines
05-02 10:20:40.877  1287  1382 I chatty  : uid=1000(system) Binder:1287_1C expire 26 lines
05-02 10:20:43.024  1287  3535 I chatty  : uid=1000(system) Binder:1287_1A expire 4 lines
05-02 10:20:43.025  1287  1486 I chatty  : uid=1000(system) ConnectivitySer expire 8 lines
05-02 10:20:44.435  1287  1367 I chatty  : uid=1000(system) ActivityManager expire 12 lines
05-02 10:21:20.502  1287  1347 I chatty  : uid=1000(system) android.fg expire 2 lines
05-02 10:21:21.018  1287  1834 I chatty  : uid=1000(system) Binder:1287_6 expire 1 line
05-02 10:21:21.470  1287  3110 I chatty  : uid=1000(system) Binder:1287_1F expire 5 lines
05-02 10:21:22.388  1287  3935 I chatty  : uid=1000(system) Binder:1287_F expire 1 line
05-02 10:21:35.274  1287  1406 I chatty  : uid=1000(system) PowerManagerSer expire 12 lines
05-02 10:21:42.301  1287  1379 I chatty  : uid=1000(system) batterystats-wo expire 1 line
05-02 10:21:42.333  1287  1350 I chatty  : uid=1000(system) android.display expire 7 lines
05-02 10:21:42.485  1287  1311 I chatty  : uid=1000(system) Binder:1287_2 expire 6 lines
05-02 10:21:42.588  1287  1406 I chatty  : uid=1000(system) PowerManagerSer expire 8 lines
05-02 10:21:42.590  1287  1347 I chatty  : uid=1000(system) android.fg expire 6 lines
05-02 10:21:43.210  1287  1469 I chatty  : uid=1000(system) InputReader expire 1 line
05-02 10:21:43.234  1287  1379 I chatty  : uid=1000(system) batterystats-wo expire 1 line
05-02 10:21:43.259  1287  1367 I chatty  : uid=1000(system) ActivityManager expire 11 lines
05-02 10:21:43.302  1287  3448 I chatty  : uid=1000(system) Binder:1287_D expire 5 lines
05-02 10:21:43.511  1287  1486 I chatty  : uid=1000(system) ConnectivitySer expire 9 lines
05-02 10:21:43.882  1287  1310 I chatty  : uid=1000(system) Binder:1287_1 expire 2 lines
05-02 10:21:51.232  1287  1234 I chatty  : uid=1000(system) Binder:1287_12 expire 1 line
05-02 10:21:52.094  1287  2725 I chatty  : uid=1000(system) Binder:1287_1E expire 1 line
05-02 10:22:16.518  1287  3935 I chatty  : uid=1000(system) Binder:1287_F expire 9 lines
05-02 10:22:20.718  1287  1367 I chatty  : uid=1000(system) ActivityManager expire 10 lines
05-02 10:22:27.019  1287  1347 I chatty  : uid=1000(system) android.fg expire 3 lines
05-02 10:22:27.382  1287  2725 I chatty  : uid=1000(system) Binder:1287_1E expire 2 lines
05-02 10:22:27.418  1287  1310 I chatty  : uid=1000(system) Binder:1287_1 expire 1 line
05-02 10:22:27.419  1287  1486 I chatty  : uid=1000(system) ConnectivitySer expire 6 lines
05-02 10:22:27.753  1287  3448 I chatty  : uid=1000(system) Binder:1287_D expire 1 line
05-02 10:22:28.685  1287  1311 I chatty  : uid=1000(system) Binder:1287_2 expire 1 line
05-02 10:22:36.216  1287  1406 I chatty  : uid=1000(system) PowerManagerSer expire 14 lines
05-02 10:22:43.238  1287  1379 I chatty  : uid=1000(system) batterystats-wo expire 1 line
05-02 10:22:43.269  1287  1350 I chatty  : uid=1000(system) android.display expire 8 lines
05-02 10:22:47.171  1287  1234 I chatty  : uid=1000(system) Binder:1287_12 expire 1 line
05-02 10:22:47.172  1287  1486 I chatty  : uid=1000(system) ConnectivitySer expire 9 lines
05-02 10:22:48.265  1287  1379 I chatty  : uid=1000(system) batterystats-wo expire 2 lines
05-02 10:22:48.959  1287  1347 I chatty  : uid=1000(system) android.fg expire 7 lines
05-02 10:22:49.393  1287  1780 I chatty  : uid=1000(system) Binder:1287_1D expire 2 lines
05-02 10:22:49.572  1287  1469 I chatty  : uid=1000(system) InputReader expire 1 line
05-02 10:22:49.588  1287  1406 I chatty  : uid=1000(system) PowerManagerSer expire 6 lines
05-02 10:22:49.633  1287  1367 I chatty  : uid=1000(system) ActivityManager expire 10 lines
05-02 10:22:49.674  1287  1310 I chatty  : uid=1000(system) Binder:1287_1 expire 7 lines
05-02 10:22:50.415  1287  3448 I chatty  : uid=1000(system) Binder:1287_D expire 3 lines
05-02 10:22:51.571  1287  1834 I chatty  : uid=1000(system) Binder:1287_6 expire 3 lines
05-02 10:22:52.599  1287  1287 I chatty  : uid=1000 system_server expire 1 line
05-02 10:22:55.074  1287  1486 I chatty  : uid=1000(system) ConnectivitySer expire 22 lines
05-02 10:22:55.867  1287  1367 I chatty  : uid=1000(system) ActivityManager expire 15 lines
05-02 10:22:57.588  1287  3448 I chatty  : uid=1000(system) Binder:1287_D expire 3 lines
05-02 10:22:58.363  1287  1191 I chatty  : uid=1000(system) Binder:1287_11 expire 1 line
05-02 10:23:18.221  1287  1347 I chatty  : uid=1000(system) android.fg expire 4 lines
05-02 10:23:18.691  1287  1310 I chatty  : uid=1000(system) Binder:1287_1 expire 2 lines
05-02 10:23:18.736  1287  3935 I chatty  : uid=1000(system) Binder:1287_F expire 5 lines
05-02 10:23:24.639  1287  2725 I chatty  : uid=1000(system) Binder:1287_1E expire 3 lines
05-02 10:23:35.324  1287  1780 I chatty  : uid=1000(system) Binder:1287_1D expire 5 lines
05-02 10:23:43.422  1287  1486 I chatty  : uid=1000(system) ConnectivitySer expire 17 lines
05-02 10:23:43.730  1287  1367 I chatty  : uid=1000(system) ActivityManager expire 17 lines
05-02 10:23:49.854  1287  2725 I chatty  : uid=1000(system) Binder:1287_1E expire 3 lines
05-02 10:23:56.609  1287  1347 I chatty  : uid=1000(system) android.fg expire 6 lines
05-02 10:23:57.390  1287  3448 I chatty  : uid=1000(system) Binder:1287_D expire 3 lines
05-02 10:23:58.269  1287  1310 I chatty  : uid=1000(system) Binder:1287_1 expire 1 line
05-02 10:24:01.211  1287  1311 I chatty  : uid=1000(system) Binder:1287_2 expire 2 lines
05-02 10:24:02.133  1287  1834 I chatty  : uid=1000(system) Binder:1287_6 expire 1 line
05-02 10:24:08.719  1287  3110 I chatty  : uid=1000(system) Binder:1287_1F expire 5 lines
05-02 10:24:11.370  1287  1486 I chatty  : uid=1000(system) ConnectivitySer expire 20 lines
05-02 10:24:12.895  1287  1311 I chatty  : uid=1000(system) Binder:1287_2 expire 2 lines
05-02 10:24:20.383  1287  3448 I chatty  : uid=1000(system) Binder:1287_D expire 4 lines
05-02 10:24:20.476  1287  2725 I chatty  : uid=1000(system) Binder:1287_1E expire 1 line
05-02 10:24:21.672  1287  1367 I chatty  : uid=1000(system) ActivityManager expire 6 lines
05-02 10:26:40.360  1287  1406 I chatty  : uid=1000(system) PowerManagerSer expire 12 lines
05-02 10:26:46.653  1287  1379 I chatty  : uid=1000(system) batterystats-wo expire 2 lines
05-02 10:26:47.402  1287  3935 I chatty  : uid=1000(system) Binder:1287_F expire 4 lines
05-02 10:26:47.406  1287  1350 I chatty  : uid=1000(system) android.display expire 10 lines
05-02 10:26:47.529  1287  3935 I chatty  : uid=1000(system) Binder:1287_F expire 4 lines
05-02 10:26:47.611  1287  1287 I chatty  : uid=1000 system_server expire 5 lines
05-02 10:26:47.649  1287  1406 I chatty  : uid=1000(system) PowerManagerSer expire 20 lines
05-02 10:26:47.650  1287  1347 I chatty  : uid=1000(system) android.fg expire 4 lines
05-02 10:26:52.381  1287  1379 I chatty  : uid=1000(system) batterystats-wo expire 4 lines
05-02 10:31:19.070  1287  1469 I chatty  : uid=1000(system) InputReader expire 1 line
05-02 10:31:19.214  1287  1367 I chatty  : uid=1000(system) ActivityManager expire 4 lines
05-02 10:31:19.285  1287  3110 I chatty  : uid=1000(system) Binder:1287_1F expire 5 lines
05-02 10:31:19.660  1287  1486 I chatty  : uid=1000(system) ConnectivitySer expire 1 line
05-02 10:31:19.836  1287  1191 I chatty  : uid=1000(system) Binder:1287_11 expire 1 line
05-02 10:32:46.264  1287  1620 I chatty  : uid=1000(system) Binder:1287_16 expire 4 lines
05-02 10:32:46.286  1287  1350 I chatty  : uid=1000(system) android.display expire 6 lines
05-02 10:32:46.341  1287  1191 I chatty  : uid=1000(system) Binder:1287_11 expire 9 lines
05-02 10:32:46.505  1287  1406 I chatty  : uid=1000(system) PowerManagerSer expire 8 lines
05-02 10:32:46.507  1287  1347 I chatty  : uid=1000(system) android.fg expire 4 lines
05-02 10:32:51.225  1287  1379 I chatty  : uid=1000(system) batterystats-wo expire 2 lines
05-02 10:33:35.568  1287  1469 I chatty  : uid=1000(system) InputReader expire 1 line
05-02 10:33:35.636  1287  1367 I chatty  : uid=1000(system) ActivityManager expire 12 lines
05-02 10:33:35.980  1287  1486 I chatty  : uid=1000(system) ConnectivitySer expire 1 line
05-02 10:33:36.367  1287  1310 I chatty  : uid=1000(system) Binder:1287_1 expire 1 line
05-02 10:33:48.693  1287  1287 I chatty  : uid=1000 system_server expire 2 lines
05-02 10:35:02.560  1287  1366 I chatty  : uid=1000(system) android.bg expire 1 line
05-02 10:36:24.601  1287  1467 I chatty  : uid=1000(system) UEventObserver expire 23 lines
05-02 10:36:24.626  1287  1406 I chatty  : uid=1000(system) PowerManagerSer expire 6 lines
05-02 10:36:24.648  1287  1379 I chatty  : uid=1000(system) batterystats-wo expire 1 line
05-02 10:36:24.731  1287  1780 I chatty  : uid=1000(system) Binder:1287_1D expire 20 lines
05-02 10:36:24.839  1287  1287 I chatty  : uid=1000 system_server expire 5 lines
05-02 10:36:24.861  1287  1350 I chatty  : uid=1000(system) android.display expire 12 lines
05-02 10:36:24.880  1287  1351 I chatty  : uid=1000(system) android.anim expire 1 line
05-02 10:36:24.953  1287  1382 I chatty  : uid=1000(system) Binder:1287_1C expire 4 lines
05-02 10:36:25.038  1287  2725 I chatty  : uid=1000(system) Binder:1287_1E expire 5 lines
05-02 10:36:25.270  1287  1367 I chatty  : uid=1000(system) ActivityManager expire 4 lines
05-02 10:36:25.486  1287  1350 I chatty  : uid=1000(system) android.display expire 5 lines
05-02 10:36:25.587  1287  1406 I chatty  : uid=1000(system) PowerManagerSer expire 2 lines
05-02 10:36:25.589  1287  1347 I chatty  : uid=1000(system) android.fg expire 1 line
05-02 10:36:25.671  1287  1351 I chatty  : uid=1000(system) android.anim expire 1 line
05-02 10:39:11.324  1287  1379 I chatty  : uid=1000(system) batterystats-wo expire 4 lines
05-02 10:52:16.193  1287  1382 I chatty  : uid=1000(system) Binder:1287_1C expire 1 line
05-02 10:52:16.193  1287  1443 I chatty  : uid=1000(system) Binder:1287_3 expire 2 lines
05-02 10:52:16.194  1287  2474 I chatty  : uid=1000(system) Binder:1287_C expire 1 line
05-02 10:52:16.194  1287  1486 I chatty  : uid=1000(system) ConnectivitySer expire 5 lines
05-02 10:59:26.704  1287  1368 I chatty  : uid=1000(system) ActivityManager expire 22 lines
05-02 10:59:27.047  1287  1871 I chatty  : uid=1000(system) Binder:1287_17 expire 6 lines
05-02 10:59:28.424  1287  1916 I chatty  : uid=1000(system) Binder:1287_8 expire 4 lines
05-02 10:59:30.389  1287  1773 I chatty  : uid=1000(system) Binder:1287_5 expire 13 lines
05-02 10:59:30.745  1287  1368 I chatty  : uid=1000(system) ActivityManager expire 19 lines
05-02 10:59:31.132  1287  1379 I chatty  : uid=1000(system) batterystats-wo expire 1 line
05-02 10:59:31.357  1287  1916 I chatty  : uid=1000(system) Binder:1287_8 expire 4 lines
05-02 11:09:20.638  1287  2725 I chatty  : uid=1000(system) Binder:1287_1E expire 2 lines
05-02 11:09:20.640  1287  1366 I chatty  : uid=1000(system) android.bg expire 14 lines
05-02 11:09:20.649  1287  1287 I chatty  : uid=1000 system_server expire 11 lines
05-02 11:09:20.702  1287  2451 I chatty  : uid=1000(system) Binder:1287_18 expire 4 lines
05-02 11:09:21.091  1287  1871 I chatty  : uid=1000(system) Binder:1287_17 expire 5 lines
05-02 11:09:21.092  1287  1366 I chatty  : uid=1000(system) android.bg expire 14 lines
05-02 11:09:21.097  1287  1287 I chatty  : uid=1000 system_server expire 9 lines
05-02 11:09:21.116  1287  1773 I chatty  : uid=1000(system) Binder:1287_5 expire 10 lines
05-02 11:09:21.535  1287  1368 I chatty  : uid=1000(system) ActivityManager expire 10 lines
05-02 11:09:22.461  1287  1356 I chatty  : uid=1000(system) Binder:1287_13 expire 1 line
05-02 11:09:23.124  1287  2474 I chatty  : uid=1000(system) Binder:1287_C expire 5 lines
05-02 11:09:23.400  1287  1379 I chatty  : uid=1000(system) batterystats-wo expire 1 line
05-02 11:09:23.955  1287  2725 I chatty  : uid=1000(system) Binder:1287_1E expire 1 line
05-02 11:09:23.955  1287  1486 I chatty  : uid=1000(system) ConnectivitySer expire 1 line
05-02 11:09:25.209  1287  3506 I chatty  : uid=1000(system) Binder:1287_E expire 4 lines
05-02 11:09:25.239  1287  1367 I chatty  : uid=1000(system) ActivityManager expire 4 lines
05-02 11:09:25.246  1287  1368 I chatty  : uid=1000(system) ActivityManager expire 17 lines
05-02 11:09:25.315  1287  3535 I chatty  : uid=1000(system) Binder:1287_1A expire 7 lines
05-02 11:09:25.316  1287  1191 I chatty  : uid=1000(system) Binder:1287_11 expire 1 line
05-02 11:09:25.316  1287  1912 I chatty  : uid=1000(system) Binder:1287_7 expire 1 line
05-02 11:09:25.316  1287  3506 I chatty  : uid=1000(system) Binder:1287_E expire 1 line
05-02 11:09:25.317  1287  1486 I chatty  : uid=1000(system) ConnectivitySer expire 15 lines
05-02 11:09:25.317  1287  2725 I chatty  : uid=1000(system) Binder:1287_1E expire 1 line
05-02 11:09:25.750  1287  1916 I chatty  : uid=1000(system) Binder:1287_8 expire 4 lines
05-02 11:09:26.145  1287  2451 I chatty  : uid=1000(system) Binder:1287_18 expire 1 line
05-02 11:09:26.287  1287  2473 I chatty  : uid=1000(system) Binder:1287_B expire 4 lines
05-02 11:09:26.292  1287  1379 I chatty  : uid=1000(system) batterystats-wo expire 2 lines
05-02 11:09:26.884  1287  1773 I chatty  : uid=1000(system) Binder:1287_5 expire 3 lines
05-02 11:09:28.047  1287  3250 I chatty  : uid=1000(system) Binder:1287_20 expire 2 lines
05-02 11:09:28.466  1287  1311 I chatty  : uid=1000(system) Binder:1287_2 expire 2 lines
05-02 11:09:28.469  1287  3110 I chatty  : uid=1000(system) Binder:1287_1F expire 1 line
05-02 11:15:29.461  1287  2473 I chatty  : uid=1000(system) Binder:1287_B expire 2 lines
05-02 11:15:31.310  1287  1379 I chatty  : uid=1000(system) batterystats-wo expire 2 lines
05-02 11:15:33.385  1287  2474 I chatty  : uid=1000(system) Binder:1287_C expire 5 lines
05-02 11:18:55.539  1287  1467 I chatty  : uid=1000(system) UEventObserver expire 11 lines
05-02 11:18:55.549  1287  4037 I chatty  : uid=1000(system) Binder:1287_1B expire 10 lines
05-02 11:18:55.633  1287  1406 I chatty  : uid=1000(system) PowerManagerSer expire 4 lines
05-02 11:18:55.658  1287  1287 I chatty  : uid=1000 system_server expire 6 lines
05-02 11:18:55.735  1287  1348 I chatty  : uid=1000(system) android.ui expire 1 line
05-02 11:18:55.835  1287  1367 I chatty  : uid=1000(system) ActivityManager expire 5 lines
05-02 11:18:55.841  1287  1350 I chatty  : uid=1000(system) android.display expire 1 line
05-02 11:18:55.931  1287  1351 I chatty  : uid=1000(system) android.anim expire 1 line
05-02 11:18:55.993  1287  2451 I chatty  : uid=1000(system) Binder:1287_18 expire 5 lines
