05-17 16:44:24.446   384   384 I hwservicemanager: getTransport: Cannot find entry vendor.qti.hardware.servicetracker@1.2::IServicetracker/default in either framework or device manifest.
05-17 16:44:24.446  1287  1834 W ActivityTaskManager: servicetracker HIDL not available
05-17 16:44:24.446  1287  1834 E ActivityTaskManager: Unable to get servicetracker HAL instance
05-17 16:44:24.461  2597  2597 I Dialer  : CallLogListItemViewHolder updatePrimaryActionButton - show_rtt: %sfalse
05-17 16:44:24.474  2597  2597 I Dialer  : CallLogListItemViewHolder updatePrimaryActionButton - show_rtt: %sfalse
05-17 16:44:24.481  1287  1367 D CompatibilityInfo: mCompatibilityFlags - 4
05-17 16:44:24.482  1287  1367 D CompatibilityInfo: applicationDensity - 240
05-17 16:44:24.482  1287  1367 D CompatibilityInfo: applicationScale - 1.0
05-17 16:44:24.506  2597  2597 I Dialer  : CallLogListItemViewHolder updatePrimaryActionButton - show_rtt: %sfalse
05-17 16:44:24.654  2597  2597 I chatty  : uid=1000(system) org.codeaurora.dialer identical 11 lines
05-17 16:44:25.629  2597  2597 I Dialer  : CallLogListItemViewHolder updatePrimaryActionButton - show_rtt: %sfalse
05-17 16:44:25.841  1025  1160 E QMI_FW  : qmi_cci_get_ref: ref count increased 2
05-17 16:44:25.842  1025  1077 E QMI_FW  : qmi_cci_get_ref: ref count increased 2
05-17 16:44:26.333   384   384 I hwservicemanager: getTransport: Cannot find entry vendor.qti.hardware.servicetracker@1.0::IServicetracker/default in either framework or device manifest.
05-17 16:44:27.096  1287  1461 D CompatibilityInfo: mCompatibilityFlags - 4
05-17 16:44:27.097  1287  1461 D CompatibilityInfo: applicationDensity - 240
05-17 16:44:27.097  1287  1461 D CompatibilityInfo: applicationScale - 1.0
05-17 16:44:27.100   384   384 I hwservicemanager: getTransport: Cannot find entry vendor.qti.hardware.servicetracker@1.0::IServicetracker/default in either framework or device manifest.
05-17 16:44:27.108  1287  1485 D WifiNative: Scan trigered from WifiNative
05-17 16:44:27.110   966  2248 D LOWI-9.0.0.75: [LOWI-Scan] wait_event:Wait done with Cmd 33
05-17 16:44:27.110   966  2248 D LOWI-9.0.0.75: [LOWI-Scan] do_listen_events: Rcvd valid Netlink Cmd 0 Err 0
05-17 16:44:27.114  2131  3473 I Authzen : [DeviceStateSyncManager] The server is in sync with current state. Nothing to do
05-17 16:44:27.171  1287  1287 D DiagBroadcastService: DiagBroadcastServiceImpl.handleBroadcastMessage
05-17 16:44:27.172  1287  1287 D DiagBroadcastService: DiagBroadcastServiceImpl.handleBroadcastMessage
05-17 16:44:27.220   966  2248 D LOWI-9.0.0.75: [LOWI-Scan] wait_event:Wait done with Cmd 34
05-17 16:44:27.220   966  2248 D LOWI-9.0.0.75: [LOWI-Scan] do_listen_events: Rcvd valid Netlink Cmd 34 Err 0
05-17 16:44:27.220   966  2248 D LOWI-9.0.0.75: [LOWI-Scan]  -- associated
05-17 16:44:27.220   966  2248 D LOWI-9.0.0.75: [LOWI-Scan] 
05-17 16:44:27.220   966  2248 D LOWI-9.0.0.75: [LOWI-Scan] print_bss_handler: Report Probe TSF 1440947692853 as it greater than Beacon TSF 1376854403779
05-17 16:44:27.220   966  2248 D LOWI-9.0.0.75: [LOWI-Scan]  No Secondary channel present
05-17 16:44:27.220   966  2248 D LOWI-9.0.0.75: [LOWI-Scan] is_qcom_ie, bss_age: 5
05-17 16:44:27.220   966  2248 D LOWI-9.0.0.75: [LOWI-Scan] BSS b6:39:56:4d:e3:ea LOWI_PHY_MODE_11NG_HT20(5), Beacon Interval: 100, LOWI_ENCRYPTION_TYPE_WPA_PSK 11mcRanging: No, ANQP: No, LCI: No, Civic: No, capability(0x0431): ESS Privacy ShortPreamble ShortSlotTime
05-17 16:44:27.220   966  2248 D LOWI-9.0.0.75: [LOWI-Scan] BSS b6:39:56:4d:e3:ea FREQ: 2437, cFreq1[40:80:160] = [2437:0:0] cFreq2 = 0 Country Code =    
05-17 16:44:27.221   966  2248 D LOWI-9.0.0.75: [LOWI-Scan] BSS b6:39:56:4d:e3:ea (wlan0) ASSO: YES AddInfo: 0x0, TSF 16, 16:15:47.692, RSSI: -86, CPL: 127, AGE: 0,  SSID Onukwuknop, TSFDelta: 0x0, TXRate: 0
05-17 16:44:27.221   966  2248 D LOWI-9.0.0.75: [LOWI-Scan] 
05-17 16:44:27.221   966  2248 D LOWI-9.0.0.75: [LOWI-Scan] print_bss_handler: Report Probe TSF 1440947692913 as it greater than Beacon TSF 1440368220441
05-17 16:44:27.221   966  2248 D LOWI-9.0.0.75: [LOWI-Scan]  No Secondary channel present
05-17 16:44:27.221   966  2248 D LOWI-9.0.0.75: [LOWI-Scan] is_qcom_ie, bss_age: 2
05-17 16:44:27.221   966  2248 D LOWI-9.0.0.75: [LOWI-Scan] BSS b2:39:56:4d:e3:ea LOWI_PHY_MODE_11NG_HT20(5), Beacon Interval: 100, LOWI_ENCRYPTION_TYPE_WPA_PSK 11mcRanging: No, ANQP: No, LCI: No, Civic: No, capability(0x0431): ESS Privacy ShortPreamble ShortSlotTime
05-17 16:44:27.221   966  2248 D LOWI-9.0.0.75: [LOWI-Scan] BSS b2:39:56:4d:e3:ea FREQ: 2437, cFreq1[40:80:160] = [2437:0:0] cFreq2 = 0 Country Code =    
05-17 16:44:27.221   966  2248 D LOWI-9.0.0.75: [LOWI-Scan] BSS b2:39:56:4d:e3:ea (wlan0) ASSO: NO AddInfo: 0x0, TSF 16, 16:15:47.692, RSSI: -84, CPL: 127, AGE: 0,  SSID SmokeyBones, TSFDelta: 0x0, TXRate: 0
05-17 16:44:27.221   966  2248 D LOWI-9.0.0.75: [LOWI-Scan] 
05-17 16:44:27.221   966  2248 D LOWI-9.0.0.75: [LOWI-Scan] print_bss_handler: Report Probe TSF 1440947692929 as it greater than Beacon TSF 1440368220465
05-17 16:44:27.221   966  2248 D LOWI-9.0.0.75: [LOWI-Scan]  No Secondary channel present
05-17 16:44:27.221   966  2248 D LOWI-9.0.0.75: [LOWI-Scan] is_qcom_ie, bss_age: 4
05-17 16:44:27.221   966  2248 D LOWI-9.0.0.75: [LOWI-Scan] BSS b0:39:56:4d:e3:ea LOWI_PHY_MODE_11NG_HT20(5), Beacon Interval: 100, LOWI_ENCRYPTION_TYPE_WPA_PSK 11mcRanging: No, ANQP: No, LCI: No, Civic: No, capability(0x0431): ESS Privacy ShortPreamble ShortSlotTime
05-17 16:44:27.221   966  2248 D LOWI-9.0.0.75: [LOWI-Scan] BSS b0:39:56:4d:e3:ea FREQ: 2437, cFreq1[40:80:160] = [2437:0:0] cFreq2 = 0 Country Code =    
05-17 16:44:27.221   966  2248 D LOWI-9.0.0.75: [LOWI-Scan] BSS b0:39:56:4d:e3:ea (wlan0) ASSO: NO AddInfo: 0x0, TSF 16, 16:15:47.692, RSSI: -84, CPL: 127, AGE: 0,  SSID JodyHighroller, TSFDelta: 0x0, TXRate: 0
05-17 16:44:27.221   966  2248 D LOWI-9.0.0.75: [LOWI-Scan] 
05-17 16:44:27.221   966  2248 D LOWI-9.0.0.75: [LOWI-Scan] print_bss_handler: Report beacon TSF 1440947692944 as it greater than probe TSF 1440947692944
05-17 16:44:27.221   966  2248 D LOWI-9.0.0.75: [LOWI-Scan] is_qcom_ie, bss_age: 5
05-17 16:44:27.221   966  2248 D LOWI-9.0.0.75: [LOWI-Scan] BSS 38:a0:67:66:71:25 LOWI_PHY_MODE_11NG_HT20(5), Beacon Interval: 100, LOWI_ENCRYPTION_TYPE_WPA_PSK 11mcRanging: No, ANQP: No, LCI: No, Civic: No, capability(0x0511): ESS Privacy SpectrumMgmt ShortSlotTime
05-17 16:44:27.221   966  2248 D LOWI-9.0.0.75: [LOWI-Scan] BSS 38:a0:67:66:71:25 FREQ: 2437, cFreq1[40:80:160] = [0:0:0] cFreq2 = 0 Country Code = US 
05-17 16:44:27.221   966  2248 D LOWI-9.0.0.75: [LOWI-Scan] BSS 38:a0:67:66:71:25 (wlan0) ASSO: NO AddInfo: 0x1, TSF 16, 16:15:47.692, RSSI: -148, CPL: 127, AGE: 0,  SSID The Guestkeeper, TSFDelta: 0x0, TXRate: 0
05-17 16:44:27.221   966  2248 D LOWI-9.0.0.75: [LOWI-Scan] 
05-17 16:44:27.222   966  2248 D LOWI-9.0.0.75: [LOWI-Scan] print_bss_handler: Report beacon TSF 1440947692960 as it greater than probe TSF 1440947692960
05-17 16:44:27.222   966  2248 D LOWI-9.0.0.75: [LOWI-Scan] is_qcom_ie, bss_age: 5
05-17 16:44:27.222   966  2248 D LOWI-9.0.0.75: [LOWI-Scan] BSS 38:a0:67:66:71:24 LOWI_PHY_MODE_11NG_HT20(5), Beacon Interval: 100, LOWI_ENCRYPTION_TYPE_WPA_PSK 11mcRanging: No, ANQP: Yes, LCI: No, Civic: No, capability(0x0511): ESS Privacy SpectrumMgmt ShortSlotTime
05-17 16:44:27.222   966  2248 D LOWI-9.0.0.75: [LOWI-Scan] BSS 38:a0:67:66:71:24 FREQ: 2437, cFreq1[40:80:160] = [0:0:0] cFreq2 = 0 Country Code = US 
05-17 16:44:27.222   966  2248 D LOWI-9.0.0.75: [LOWI-Scan] BSS 38:a0:67:66:71:24 (wlan0) ASSO: NO AddInfo: 0x1, TSF 16, 16:15:47.692, RSSI: -148, CPL: 127, AGE: 0,  SSID The Gatekeeper, TSFDelta: 0x0, TXRate: 0
05-17 16:44:27.222   966  2248 D LOWI-9.0.0.75: [LOWIDiagLog] Log: lowiMeasResult->request: invalid null argument
05-17 16:44:27.222   966  2248 I LOWI-9.0.0.75: [LOWI-Scan] lowi_close_record:Scan done in 1440900348ms, 5 APs in scan results
05-17 16:44:27.222   966  2248 D LOWI-9.0.0.75: [LOWI-Scan] WipsScanUsingNL: passive scan cached 0, took 19892 ms, err 0
05-17 16:44:27.222   966  2248 D LOWI-9.0.0.75: [LOWI-Scan] lowi_proc_req_passive_scan_with_live_meas - No WLAN Frames to be parsed
05-17 16:44:27.222   966  2248 D LOWI-9.0.0.75: [LOWIScanResultReceiver] Send scan meas to listener
05-17 16:44:27.222   966  2248 D LOWI-9.0.0.75: [LOWIScanResultReceiver] Enter passive listening mode
05-17 16:44:27.222   966  2248 D LOWI-9.0.0.75: [LOWIWifiDriverInterface] getMeasurements - Passive listening mode
05-17 16:44:27.222   966  2248 D LOWI-9.0.0.75: [LOWI-Scan] WipsScanUsingNL:wait -1 sec for netlink message
05-17 16:44:27.222   966   992 D LOWI-9.0.0.75: [LOWIEventReceiver] handleEvent:FROM:NA, TO:NA, REQ:NA, IREQ:NA, REQ_ID:0, RESP:NA, INFO:NA
05-17 16:44:27.222   966   992 D LOWI-9.0.0.75: [LOWIBackgroundScanMgr] isRspForBgScanMgr: evt(LOWI_NO_EVT) - not handled
05-17 16:44:27.222  1287  1780 D WifiNl80211Manager: Scan result ready event
05-17 16:44:27.222   966   992 D LOWI-9.0.0.75: [LOWIScheduler] manageMsg: NULL results or NULL request in results
05-17 16:44:27.222   966   992 D LOWI-9.0.0.75: [LOWIController] Measurements received
05-17 16:44:27.222   966   992 D LOWI-9.0.0.75: [LOWICacheManager] putInCache:Num of Meas to add: 5
05-17 16:44:27.222  1287  1780 D WifiNative: Scan result ready event
05-17 16:44:27.223   966   992 D LOWI-9.0.0.75: [LOWIController] processMeasurementResults: No current Request. Cache measurements
05-17 16:44:27.223   966   992 D LOWI-9.0.0.75: [LOWIControllerExtn] sendLOWILpDiscoveryScanResponse: Not a discovery scan response
05-17 16:44:27.555  1287  1877 D BatteryService: warningBatteryTemperature mHealthInfo.batteryTemperature = 268
05-17 16:44:27.563  1011  1011 D KeyguardUpdateMonitor: received broadcast android.intent.action.BATTERY_CHANGED
05-17 16:44:27.569  1287  1877 D BatteryService: warningBatteryTemperature mHealthInfo.batteryTemperature = 268
05-17 16:44:27.585  1011  1011 D KeyguardUpdateMonitor: handleBatteryUpdate
05-17 16:44:27.589  1011  1011 D KeyguardUpdateMonitor: received broadcast android.intent.action.BATTERY_CHANGED
05-17 16:44:27.606  1011  1011 D KeyguardUpdateMonitor: handleBatteryUpdate
05-17 16:44:28.336   384   384 I hwservicemanager: getTransport: Cannot find entry vendor.qti.hardware.servicetracker@1.0::IServicetracker/default in either framework or device manifest.
05-17 16:44:28.338   384   384 I hwservicemanager: getTransport: Cannot find entry vendor.qti.hardware.servicetracker@1.0::IServicetracker/default in either framework or device manifest.
05-17 16:44:28.341   382   382 E lowmemorykiller: Error opening /dev/memcg/apps/uid_90000/pid_373/memory.soft_limit_in_bytes; errno=2
05-17 16:44:28.343   384   384 I hwservicemanager: getTransport: Cannot find entry vendor.qti.hardware.servicetracker@1.0::IServicetracker/default in either framework or device manifest.
05-17 16:44:28.351   384   384 I chatty  : uid=1000(system) hwservicemanage identical 1 line
05-17 16:44:28.354   384   384 I hwservicemanager: getTransport: Cannot find entry vendor.qti.hardware.servicetracker@1.0::IServicetracker/default in either framework or device manifest.
05-17 16:44:28.356  2131  2131 D BoundBrokerSvc: onUnbind: Intent { act=com.google.android.gms.checkin.START pkg=com.google.android.gms }
05-17 16:44:28.421   384   384 I hwservicemanager: getTransport: Cannot find entry vendor.qti.hardware.servicetracker@1.0::IServicetracker/default in either framework or device manifest.
05-17 16:44:28.452   384   384 I chatty  : uid=1000(system) hwservicemanage identical 1 line
05-17 16:44:28.928   384   384 I hwservicemanager: getTransport: Cannot find entry vendor.qti.hardware.servicetracker@1.0::IServicetracker/default in either framework or device manifest.
05-17 16:44:28.931  1586  1586 D BoundBrokerSvc: onUnbind: Intent { act=com.google.android.gms.phenotype.service.START dat=chimera-action: cmp=com.google.android.gms/.chimera.PersistentApiService }
05-17 16:44:29.201   384   384 I hwservicemanager: getTransport: Cannot find entry vendor.qti.hardware.servicetracker@1.0::IServicetracker/default in either framework or device manifest.
05-17 16:44:29.202   384   384 I hwservicemanager: getTransport: Cannot find entry vendor.qti.hardware.servicetracker@1.0::IServicetracker/default in either framework or device manifest.
05-17 16:44:29.205  1586  1586 D BoundBrokerSvc: onUnbind: Intent { act=com.google.android.gms.scheduler.ACTION_PROXY_SCHEDULE dat=chimera-action: cmp=com.google.android.gms/.chimera.PersistentApiService }
05-17 16:44:29.683  1025  1160 E QMI_FW  : qmi_cci_get_ref: ref count increased 2
05-17 16:44:29.685  1025  1077 E QMI_FW  : qmi_cci_get_ref: ref count increased 2
05-17 16:44:29.789   384   384 I hwservicemanager: getTransport: Cannot find entry vendor.qti.hardware.servicetracker@1.0::IServicetracker/default in either framework or device manifest.
05-17 16:44:29.888   384   384 I chatty  : uid=1000(system) hwservicemanage identical 2 lines
05-17 16:44:29.891   384   384 I hwservicemanager: getTransport: Cannot find entry vendor.qti.hardware.servicetracker@1.0::IServicetracker/default in either framework or device manifest.
05-17 16:44:29.892  2131  2131 D BoundBrokerSvc: onUnbind: Intent { act=com.google.android.mdd.service.START dat=chimera-action: cmp=com.google.android.gms/.chimera.GmsBoundBrokerService }
05-17 16:44:30.075   384   384 I hwservicemanager: getTransport: Cannot find entry vendor.qti.hardware.servicetracker@1.0::IServicetracker/default in either framework or device manifest.
05-17 16:44:30.077  1287  3448 D CompatibilityInfo: mCompatibilityFlags - 4
05-17 16:44:30.077  1287  3448 D CompatibilityInfo: applicationDensity - 240
05-17 16:44:30.077  1287  3448 D CompatibilityInfo: applicationScale - 1.0
05-17 16:44:30.078   384   384 I hwservicemanager: getTransport: Cannot find entry vendor.qti.hardware.servicetracker@1.0::IServicetracker/default in either framework or device manifest.
05-17 16:44:30.081  2131  2131 D BoundBrokerSvc: onBind: Intent { act=com.google.android.gms.safetynet.service.START pkg=com.google.android.gms }
05-17 16:44:30.081  2131  2131 D BoundBrokerSvc: Loading bound service for intent: Intent { act=com.google.android.gms.safetynet.service.START pkg=com.google.android.gms }
05-17 16:44:30.084   384   384 I hwservicemanager: getTransport: Cannot find entry vendor.qti.hardware.servicetracker@1.0::IServicetracker/default in either framework or device manifest.
05-17 16:44:33.747  1287  1287 D DiagBroadcastService: DiagBroadcastServiceImpl.handleBroadcastMessage
05-17 16:44:33.748  1287  1287 D DiagBroadcastService: DiagBroadcastServiceImpl.handleBroadcastMessage
05-17 16:44:34.158   384   384 I hwservicemanager: getTransport: Cannot find entry vendor.qti.hardware.servicetracker@1.0::IServicetracker/default in either framework or device manifest.
05-17 16:44:37.360  1025  1160 E QMI_FW  : qmi_cci_get_ref: ref count increased 2
05-17 16:44:37.361  1025  1077 E QMI_FW  : qmi_cci_get_ref: ref count increased 2
05-17 16:44:41.210  1025  1160 E QMI_FW  : qmi_cci_get_ref: ref count increased 2
05-17 16:44:41.211  1025  1077 E QMI_FW  : qmi_cci_get_ref: ref count increased 2
05-17 16:44:45.043  1025  1160 E QMI_FW  : qmi_cci_get_ref: ref count increased 2
05-17 16:44:45.044  1025  1077 E QMI_FW  : qmi_cci_get_ref: ref count increased 2
05-17 16:44:45.183   384   384 I hwservicemanager: getTransport: Cannot find entry vendor.qti.hardware.servicetracker@1.0::IServicetracker/default in either framework or device manifest.
05-17 16:44:45.188   382   382 E lowmemorykiller: Error opening /dev/memcg/apps/uid_90000/pid_373/memory.soft_limit_in_bytes; errno=2
05-17 16:44:45.190   384   384 I hwservicemanager: getTransport: Cannot find entry vendor.qti.hardware.servicetracker@1.0::IServicetracker/default in either framework or device manifest.
05-17 16:44:45.192  2131  2131 D BoundBrokerSvc: onUnbind: Intent { act=com.google.android.gms.safetynet.service.START pkg=com.google.android.gms }
05-17 16:44:45.193   384   384 I hwservicemanager: getTransport: Cannot find entry vendor.qti.hardware.servicetracker@1.0::IServicetracker/default in either framework or device manifest.
05-17 16:44:48.042  1287  1877 D BatteryService: warningBatteryTemperature mHealthInfo.batteryTemperature = 277
05-17 16:44:48.048  1011  1011 D KeyguardUpdateMonitor: received broadcast android.intent.action.BATTERY_CHANGED
05-17 16:44:48.056  1287  1877 D BatteryService: warningBatteryTemperature mHealthInfo.batteryTemperature = 277
05-17 16:44:48.066  1011  1011 D KeyguardUpdateMonitor: handleBatteryUpdate
05-17 16:44:48.070  1011  1011 D KeyguardUpdateMonitor: received broadcast android.intent.action.BATTERY_CHANGED
05-17 16:44:48.089  1011  1011 D KeyguardUpdateMonitor: handleBatteryUpdate
05-17 16:44:49.912  1287  1367 D CompatibilityInfo: mCompatibilityFlags - 4
05-17 16:44:49.912  1287  1367 D CompatibilityInfo: applicationDensity - 240
05-17 16:44:49.913  1287  1367 D CompatibilityInfo: applicationScale - 1.0
05-17 16:44:49.946  2597  2597 I Dialer  : PreCallImpl.buildIntent - No UI requested, running pre-call directly
05-17 16:44:49.960  2597  2597 I Dialer  : ConcreteCreator.createNewAssistedDialingMediator - feature not enabled
05-17 16:44:49.988  1287  3448 I Telecom : UserCallIntentProcessor: sendIntentToDestination: send intent to Telecom directly.: TSI.pC@v1U
05-17 16:44:49.988  1287  3448 I Telecom : CallIntentProcessor: onReceive - isUnknownCall: false: TSI.pC@v1U
05-17 16:44:49.993  1287  3448 I Telecom : LogUtils: EventRecord added as Call: [Call id=TC@62, state=NEW, tpac=null, cmgr=null, handle=tel:************, vidst=A, childs(0), has_parent(false), cap=[], prop=[]]: TSI.pC@v1U
05-17 16:44:49.993  1287  1287 I Telecom : TelecomSystem: CallerInfoAsyncQuery.startQuery number=*** cookie=TSI.pC->CILH.sL->CILH.sL@v1U: TSI.pC->CILH.sL@v1U
05-17 16:44:49.993  1287  3448 I Telecom : Event: RecordEntry TC@62: CREATED, org.codeaurora.dialer: TSI.pC@v1U
05-17 16:44:49.994  1287  3448 I Telecom : CallerInfoLookupHelper: There is a previously incomplete query for handle tel:************. Adding to listeners for this query.: TSI.pC@v1U
05-17 16:44:50.009  1287  1287 I Telecom : CallsManager: call outgoing call suggestion service stage: TSI.pC->CM.fOCP->CM.cOCSS@v1U
05-17 16:44:50.009  1287  1287 I Telecom : CallsManager: set outgoing call phone acct stage: TSI.pC->CM.fOCP->CM.sOCPA@v1U
05-17 16:44:50.010  1287  1287 I Telecom : CallsManager: make room for outgoing call stage: TSI.pC->CM.fOCP->CM.sOCPA->CM.dSMCP@v1U
05-17 16:44:50.018  1287  1287 I Telecom : CallsManager: dialer phone acct select stage: TSI.pC->CM.fOCP->CM.sOCPA->CM.dSMCP->CM.dSPA@v1U
05-17 16:44:50.018  1287  1287 I Telecom : CallsManager: post acct selection stage: TSI.pC->CM.fOCP->CM.sOCPA->CM.dSMCP->CM.dSPA->CM.pASP@v1U
05-17 16:44:50.019  1287  1287 I Telecom : Event: RecordEntry TC@62: SET_CONNECTING, ComponentInfo{com.android.phone/com.android.services.telephony.TelephonyConnectionService}, ***, UserHandle{0}: TSI.pC->CM.fOCP->CM.sOCPA->CM.dSMCP->CM.dSPA->CM.pASP@v1U
05-17 16:44:50.039  1287  1287 I Telecom : IncomingCallNotifier: updateIncomingCall: foundIncomingcall = null: TSI.pC->CM.fOCP->CM.sOCPA->CM.dSMCP->CM.dSPA->CM.pASP@v1U
05-17 16:44:50.040  1287  1287 I Telecom : InCallController: onCallAdded: [Call id=TC@62, state=CONNECTING, tpac=ComponentInfo{com.android.phone/com.android.services.telephony.TelephonyConnectionService}, ***, UserHandle{0}, cmgr=null, handle=tel:************, vidst=A, childs(0), has_parent(false), cap=[], prop=[]]; not bound or connected.: TSI.pC->CM.fOCP->CM.sOCPA->CM.dSMCP->CM.dSPA->CM.pASP@v1U
05-17 16:44:50.040  1287  1287 I Telecom : InCallController: defaultDialer: [ComponentInfo{org.codeaurora.dialer/com.android.incallui.InCallServiceImpl} supportsExternal? true supportsSelfMg?false]: TSI.pC->CM.fOCP->CM.sOCPA->CM.dSMCP->CM.dSPA->CM.pASP@v1U
05-17 16:44:50.040  1287  1287 I Telecom : InCallController: defaultDialer: null: TSI.pC->CM.fOCP->CM.sOCPA->CM.dSMCP->CM.dSPA->CM.pASP@v1U
05-17 16:44:50.041  1287  1287 I Telecom : CarSwappingInCallServiceConnection: chooseInitialInCallService: false => false: TSI.pC->CM.fOCP->CM.sOCPA->CM.dSMCP->CM.dSPA->CM.pASP@v1U
05-17 16:44:50.041  1287  1287 I Telecom : EmergencyCallHelper: ShouldGrantTemporaryLocationPermission, not emergency: TSI.pC->CM.fOCP->CM.sOCPA->CM.dSMCP->CM.dSPA->CM.pASP@v1U
05-17 16:44:50.041  1287  1287 I Telecom : EmergencyInCallServiceConnection: Attempting to bind to InCall [ComponentInfo{org.codeaurora.dialer/com.android.incallui.InCallServiceImpl} supportsExternal? true supportsSelfMg?false], with Intent { act=android.telecom.InCallService cmp=org.codeaurora.dialer/com.android.incallui.InCallServiceImpl (has extras) }: TSI.pC->CM.fOCP->CM.sOCPA->CM.dSMCP->CM.dSPA->CM.pASP@v1U
05-17 16:44:50.042   384   384 I hwservicemanager: getTransport: Cannot find entry vendor.qti.hardware.servicetracker@1.0::IServicetracker/default in either framework or device manifest.
05-17 16:44:50.043  1287  1287 D CompatibilityInfo: mCompatibilityFlags - 4
05-17 16:44:50.043  1287  1287 D CompatibilityInfo: applicationDensity - 240
05-17 16:44:50.043  1287  1287 D CompatibilityInfo: applicationScale - 1.0
05-17 16:44:50.045   384   384 I hwservicemanager: getTransport: Cannot find entry vendor.qti.hardware.servicetracker@1.0::IServicetracker/default in either framework or device manifest.
05-17 16:44:50.046  1287  1287 I Telecom : EmergencyInCallServiceConnection: mCall: [Call id=TC@62, state=CONNECTING, tpac=ComponentInfo{com.android.phone/com.android.services.telephony.TelephonyConnectionService}, ***, UserHandle{0}, cmgr=null, handle=tel:************, vidst=A, childs(0), has_parent(false), cap=[], prop=[]], mIsConnected: true: TSI.pC->CM.fOCP->CM.sOCPA->CM.dSMCP->CM.dSPA->CM.pASP@v1U
05-17 16:44:50.047  1287  2027 I Telecom : CallAudioRouteStateMachine: Message received: UPDATE_SYSTEM_AUDIO_ROUTE=1201, arg1=0: TSI.pC->CM.fOCP->CM.sOCPA->CM.dSMCP->CM.dSPA->CM.pASP->CARSM.pM_UPDATE_SYSTEM_AUDIO_ROUTE@v1U
05-17 16:44:50.047  1287  2027 I Telecom : QuiescentEarpieceRoute: Processing message UPDATE_SYSTEM_AUDIO_ROUTE: TSI.pC->CM.fOCP->CM.sOCPA->CM.dSMCP->CM.dSPA->CM.pASP->CARSM.pM_UPDATE_SYSTEM_AUDIO_ROUTE@v1U
05-17 16:44:50.047  1287  1287 I Telecom : TelecomWakeLock: WakeLock already released with id: 26: TSI.pC->CM.fOCP->CM.sOCPA->CM.dSMCP->CM.dSPA->CM.pASP@v1U
05-17 16:44:50.047  1287  2027 I Telecom : BluetoothRouteManager: getBluetoothAudioConnectedDevice: no service available.: TSI.pC->CM.fOCP->CM.sOCPA->CM.dSMCP->CM.dSPA->CM.pASP->CARSM.pM_UPDATE_SYSTEM_AUDIO_ROUTE@v1U
05-17 16:44:50.047  1287  1287 I Telecom : InCallWakeLockController: Releasing full wake lock: TSI.pC->CM.fOCP->CM.sOCPA->CM.dSMCP->CM.dSPA->CM.pASP@v1U
05-17 16:44:50.047  1287  2028 I Telecom : CallAudioModeStateMachine: Message received: NEW_ACTIVE_OR_DIALING_CALL.: TSI.pC->CM.fOCP->CM.sOCPA->CM.dSMCP->CM.dSPA->CM.pASP->CAMSM.pM_2001@v1U
05-17 16:44:50.047  1287  2028 I Telecom : CallAudioModeStateMachine: Audio focus entering SIM CALL state: TSI.pC->CM.fOCP->CM.sOCPA->CM.dSMCP->CM.dSPA->CM.pASP->CAMSM.pM_2001@v1U
05-17 16:44:50.048  1287  1287 I Telecom : CallRedirectionProcessorHelper: formatNumberToE164, original number: ***: TSI.pC->CIP.sNOCI@v1U
05-17 16:44:50.048  1287  2028 I MediaFocusControl: requestAudioFocus() from uid/pid 1000/1287 clientId=AudioFocus_For_Phone_Ring_And_Calls callingPack=com.android.server.telecom req=2 flags=0x4 sdk=0
05-17 16:44:50.048  1287  2028 I AS.AudioService: setMode(mode = 2, callingPackage = com.android.server.telecom, Process ID: 1287
05-17 16:44:50.049   575  1064 D audio_hw_primary: adev_set_mode: mode 2 , prev_mode 0 
05-17 16:44:50.049   601  3458 D AudioPolicyManagerCustom: setPhoneState() state 2
05-17 16:44:50.051  1287  1287 I Telecom : CallRedirectionProcessorHelper: formatNumberToE164, formatted E164 number: ***: TSI.pC->CIP.sNOCI@v1U
05-17 16:44:50.051  1287  1287 I Telecom : CallRedirectionProcessorHelper: removePostDialDigits, number after being extracted post dial digits: ***: TSI.pC->CIP.sNOCI@v1U
05-17 16:44:50.051  1287  1287 I Telecom : CallRedirectionProcessorHelper: PackageName is empty. Not performing user-defined call redirection.: TSI.pC->CIP.sNOCI@v1U
05-17 16:44:50.054   601  3458 W APM::AudioPolicyEngine: getDevicesForStrategy() unknown strategy: -1
05-17 16:44:50.056   601  3458 I chatty  : uid=1041(audioserver) Binder:601_5 identical 1 line
05-17 16:44:50.056   601  3458 W APM::AudioPolicyEngine: getDevicesForStrategy() unknown strategy: -1
05-17 16:44:50.059  1287  1234 I system_server: oneway function results will be dropped but finished with status OK and parcel size 4
05-17 16:44:50.067  1287  1287 I Telecom : CallRedirectionProcessorHelper: Cannot get carrier componentNameString.: TSI.pC->CIP.sNOCI@v1U
05-17 16:44:50.067  1287  1287 I Telecom : CallRedirectionProcessor: Can make call redirection with any available service: false: TSI.pC->CIP.sNOCI@v1U
05-17 16:44:50.067  1287  1287 I Telecom : NewOutgoingCallIntentBroadcaster: Sending NewOutgoingCallBroadcast for [Call id=TC@62, state=CONNECTING, tpac=ComponentInfo{com.android.phone/com.android.services.telephony.TelephonyConnectionService}, ***, UserHandle{0}, cmgr=null, handle=tel:************, vidst=A, childs(0), has_parent(false), cap=[], prop=[]] to UserHandle{0}: TSI.pC->CIP.sNOCI@v1U
05-17 16:44:50.068  1287  1287 W Telecom : Logging: Log.endSession was called with no session active.
05-17 16:44:50.069  1287  2027 I Telecom : CallAudioRouteStateMachine: setSystemAudioState: changing from [AudioState isMuted: false, route: EARPIECE, supportedRouteMask: EARPIECE, SPEAKER, activeBluetoothDevice: [null], supportedBluetoothDevices: []] to [AudioState isMuted: false, route: EARPIECE, supportedRouteMask: EARPIECE, SPEAKER, activeBluetoothDevice: [null], supportedBluetoothDevices: []]: TSI.pC->CM.fOCP->CM.sOCPA->CM.dSMCP->CM.dSPA->CM.pASP->CARSM.pM_UPDATE_SYSTEM_AUDIO_ROUTE@v1U
05-17 16:44:50.065  1287  1234 I chatty  : uid=1000(system) Binder:1287_12 identical 4 lines
05-17 16:44:50.065  1287  1234 I system_server: oneway function results will be dropped but finished with status OK and parcel size 4
05-17 16:44:50.073   601  3458 W APM::AudioPolicyEngine: getDevicesForStrategy() unknown strategy: -1
05-17 16:44:50.075  1287  1287 D MediaSessionService: Global priority session is updated, active=true
05-17 16:44:50.078  2423  2423 D OsAgent : onReceive: android.intent.action.NEW_OUTGOING_CALL
05-17 16:44:50.079  2423  2874 D LocSvc_NiH: onReceive: 2
05-17 16:44:50.079  2423  2874 D LocSvc_NiH: bundle != null
05-17 16:44:50.079  1287  1234 W BroadcastQueue: Permission Denial: receiving Intent { act=android.intent.action.NEW_OUTGOING_CALL flg=0x11000010 (has extras) } to com.tmobile.pr.mytmobile/.preauthentication.receivers.OutgoingCallReceiverHandler requires android.permission.PROCESS_OUTGOING_CALLS due to sender android (uid 1000)
05-17 16:44:50.080  1287  1287 I Telecom : CallerInfoLookupHelper: CI query for handle tel:************ has completed; notifying all listeners.: TSI.pC->CILH.sL->CILH.oQC@v1U
05-17 16:44:50.080  1287  1287 I Telecom : Call: CallerInfo received for tel:************: android.telecom.CallerInfo@fe69252 { name non-null, phoneNumber non-null }: TSI.pC->CILH.sL->CILH.oQC@v1U
05-17 16:44:50.081  1287  1287 I Telecom : CallerInfoLookupHelper: There is no photo for this contact, skipping photo query: TSI.pC->CILH.sL->CILH.oQC@v1U
05-17 16:44:50.083  1287  1367 D CompatibilityInfo: mCompatibilityFlags - 4
05-17 16:44:50.083  1287  1367 D CompatibilityInfo: applicationDensity - 240
05-17 16:44:50.083  1287  1367 D CompatibilityInfo: applicationScale - 1.0
05-17 16:44:50.091  1287  1369 D CompatibilityInfo: mCompatibilityFlags - 4
05-17 16:44:50.091  1287  1369 D CompatibilityInfo: applicationDensity - 240
05-17 16:44:50.091  1287  1369 D CompatibilityInfo: applicationScale - 1.0
05-17 16:44:50.092   384   384 I hwservicemanager: getTransport: Cannot find entry vendor.qti.hardware.servicetracker@1.0::IServicetracker/default in either framework or device manifest.
05-17 16:44:50.098   575   575 D audio_hw_primary: adev_create_audio_patch: enter: num sources 1, num_sinks 1, handle 1
05-17 16:44:50.098   575   575 D audio_hw_primary: adev_create_audio_patch: Playback patch from mix handle 13 to device 1
05-17 16:44:50.098   575   575 D audio_hw_primary: update_patch: enter
05-17 16:44:50.098   575   575 D audio_hw_primary: route_output_stream: enter: usecase(1: low-latency-playback) devices 1
05-17 16:44:50.098   575   575 D voice_extn: update_calls: enter:
05-17 16:44:50.098   575   575 D voice_extn: update_calls: cur_state=1 new_state=1 vsid=10c01000
05-17 16:44:50.098   575   575 D voice_extn: update_calls: cur_state=1 new_state=1 vsid=10dc1000
05-17 16:44:50.098   575   575 D voice_extn: update_calls: cur_state=1 new_state=1 vsid=10c02000
05-17 16:44:50.098   575   575 D voice_extn: update_calls: cur_state=1 new_state=1 vsid=10803000
05-17 16:44:50.098   575   575 D voice_extn: update_calls: cur_state=1 new_state=1 vsid=10002000
05-17 16:44:50.098   575   575 D voice_extn: update_calls: cur_state=1 new_state=1 vsid=11c05000
05-17 16:44:50.098   575   575 D voice_extn: update_calls: cur_state=1 new_state=1 vsid=11dc5000
05-17 16:44:50.103   601  3458 W APM::AudioPolicyEngine: getDevicesForStrategy() unknown strategy: -1
05-17 16:44:50.108   601  3458 I chatty  : uid=1041(audioserver) Binder:601_5 identical 2 lines
05-17 16:44:50.112   601  3458 W APM::AudioPolicyEngine: getDevicesForStrategy() unknown strategy: -1
05-17 16:44:50.114  1287  1369 D CompatibilityInfo: mCompatibilityFlags - 4
05-17 16:44:50.114  1287  1369 D CompatibilityInfo: applicationDensity - 240
05-17 16:44:50.114  1287  1369 D CompatibilityInfo: applicationScale - 1.0
05-17 16:44:50.115   384   384 I hwservicemanager: getTransport: Cannot find entry vendor.qti.hardware.servicetracker@1.0::IServicetracker/default in either framework or device manifest.
05-17 16:44:50.120  1287  1780 D CompatibilityInfo: mCompatibilityFlags - 4
05-17 16:44:50.120  1287  1780 D CompatibilityInfo: applicationDensity - 240
05-17 16:44:50.120  1287  1780 D CompatibilityInfo: applicationScale - 1.0
05-17 16:44:50.130  1011  1011 D PresentationScreen: VolumeReceiver onReceive action=android.media.STREAM_DEVICES_CHANGED_ACTION
05-17 16:44:50.131  2597  2597 I Dialer  : AudioModeProvider.getApproximatedAudioRoute - Routing to earpiece
05-17 16:44:50.132  1011  1011 D PresentationScreen: VolumeReceiver onReceive action=android.media.STREAM_DEVICES_CHANGED_ACTION
05-17 16:44:50.134  1011  1011 I chatty  : uid=10174(com.android.systemui) identical 1 line
05-17 16:44:50.137  1011  1011 D PresentationScreen: VolumeReceiver onReceive action=android.media.STREAM_DEVICES_CHANGED_ACTION
05-17 16:44:50.139  2597  2597 I Dialer  : ProximitySensor.updateProximitySensorMode - screenOnImmediately: false, dialPadVisible: false, offHook: false, horizontal: false, uiShowing: false, audioRoute: EARPIECE
05-17 16:44:50.139  2597  2597 I Dialer  : ProximitySensor.turnOffProximitySensor - wake lock already released
05-17 16:44:50.139  1011  1011 D PresentationScreen: VolumeReceiver onReceive action=android.media.STREAM_DEVICES_CHANGED_ACTION
05-17 16:44:50.148  2597  2597 W ContextImpl: Calling a method in the system process without a qualified user: android.app.ContextImpl.bindService:1748 android.content.ContextWrapper.bindService:756 org.codeaurora.ims.QtiImsExtConnector.bindQtiImsExtService:113 org.codeaurora.ims.QtiImsExtConnector.connect:88 com.android.incallui.BottomSheetHelper.setUp:141 
05-17 16:44:50.148  1011  1011 I chatty  : uid=10174(com.android.systemui) identical 3 lines
05-17 16:44:50.149  1011  1011 D PresentationScreen: VolumeReceiver onReceive action=android.media.STREAM_DEVICES_CHANGED_ACTION
05-17 16:44:50.151   384   384 I hwservicemanager: getTransport: Cannot find entry vendor.qti.hardware.servicetracker@1.0::IServicetracker/default in either framework or device manifest.
05-17 16:44:50.152  1287   861 D CompatibilityInfo: mCompatibilityFlags - 4
05-17 16:44:50.152  1287   861 D CompatibilityInfo: applicationDensity - 240
05-17 16:44:50.152  1287   861 D CompatibilityInfo: applicationScale - 1.0
05-17 16:44:50.155   384   384 I hwservicemanager: getTransport: Cannot find entry vendor.qti.hardware.servicetracker@1.0::IServicetracker/default in either framework or device manifest.
05-17 16:44:50.156  2597  2597 D QtiImsExtConnector: Attempt to bind QtiImsExt service returned with: true
05-17 16:44:50.156  1763  1763 I QImsService: QtiImsExtService : QtiImsExtService created!
05-17 16:44:50.158  1011  1011 D PresentationScreen: VolumeReceiver onReceive action=android.media.VOLUME_CHANGED_ACTION
05-17 16:44:50.162  1011  1011 I chatty  : uid=10174(com.android.systemui) identical 1 line
05-17 16:44:50.163  1011  1011 D PresentationScreen: VolumeReceiver onReceive action=android.media.VOLUME_CHANGED_ACTION
05-17 16:44:50.165  2597  2597 I Dialer  : InCallPresenter.onCallListChange - Phone switching state: NO_CALLS -> NO_CALLS
05-17 16:44:50.165  1011  1011 D PresentationScreen: VolumeReceiver onReceive action=android.media.VOLUME_CHANGED_ACTION
05-17 16:44:50.165  1287  2028 I AS.AudioDeviceBroker: In isBluetoothScoOnForApp(), mForcedUseForCommExt: 0
05-17 16:44:50.166   601   971 D AudioPolicyManagerCustom: setForceUse() usage 7, config 0, mPhoneState 2
05-17 16:44:50.171  1287  1497 I AS.AudioDeviceBroker: In updateSpeakerphoneOn(), mForcedUseForCommExt: 0
05-17 16:44:50.172  1287  2027 I Telecom : CallAudioRouteStateMachine: Message received: SWITCH_FOCUS=4001, arg1=2: TSI.pC->CM.fOCP->CM.sOCPA->CM.dSMCP->CM.dSPA->CM.pASP->CAMSM.pM_2001->CARSM.pM_SWITCH_FOCUS@v1U
05-17 16:44:50.172  1287  2027 I Telecom : QuiescentEarpieceRoute: Processing message SWITCH_FOCUS: TSI.pC->CM.fOCP->CM.sOCPA->CM.dSMCP->CM.dSPA->CM.pASP->CAMSM.pM_2001->CARSM.pM_SWITCH_FOCUS@v1U
05-17 16:44:50.173  1287  2027 I Telecom : Event: RecordEntry TC@62: AUDIO_ROUTE, Leaving state QuiescentEarpieceRoute: TSI.pC->CM.fOCP->CM.sOCPA->CM.dSMCP->CM.dSPA->CM.pASP->CAMSM.pM_2001->CARSM.pM_SWITCH_FOCUS@v1U
05-17 16:44:50.173  2597  2597 I Dialer  : VideoPauseController.setUp - enter
05-17 16:44:50.173  1287  1497 I AS.BtHelper: In disconnectBluetoothSco(), exceptPid: 1287
05-17 16:44:50.173  1287  1497 I AS.BtHelper: In checkScoAudioState(), mScoAudioState: 0
05-17 16:44:50.174  1287  2027 I Telecom : Event: RecordEntry TC@62: AUDIO_ROUTE, Entering state ActiveEarpieceRoute: TSI.pC->CM.fOCP->CM.sOCPA->CM.dSMCP->CM.dSPA->CM.pASP->CAMSM.pM_2001->CARSM.pM_SWITCH_FOCUS@v1U
05-17 16:44:50.174  1287  2027 I Telecom : Event: RecordEntry TC@62: AUDIO_ROUTE_EARPIECE, null: TSI.pC->CM.fOCP->CM.sOCPA->CM.dSMCP->CM.dSPA->CM.pASP->CAMSM.pM_2001->CARSM.pM_SWITCH_FOCUS@v1U
05-17 16:44:50.175  1287  2027 I Telecom : CallAudioRouteStateMachine: turning speaker phone false: TSI.pC->CM.fOCP->CM.sOCPA->CM.dSMCP->CM.dSPA->CM.pASP->CAMSM.pM_2001->CARSM.pM_SWITCH_FOCUS@v1U
05-17 16:44:50.175  1287  2027 I AudioManager: In setSpeakerphoneOn(), on: false, calling application: com.android.server.telecom
05-17 16:44:50.175  1287  2027 I AS.AudioService: In setSpeakerphoneOn(), on: false, eventSource: setSpeakerphoneOn(false) from u/pid:1000/1287
05-17 16:44:50.175  1287  2027 I AS.AudioDeviceBroker: In isSpeakerphoneOn(), mForcedUseForCommExt: 0
05-17 16:44:50.175  1287  2027 I AS.AudioDeviceBroker: In updateSpeakerphoneOn(), mForcedUseForCommExt: 0
05-17 16:44:50.175  1287  2027 I AS.AudioDeviceBroker: In isSpeakerphoneOn(), mForcedUseForCommExt: 0
05-17 16:44:50.175  1287  2027 I Telecom : CallAudioRouteStateMachine: setSystemAudioState: changing from [AudioState isMuted: false, route: EARPIECE, supportedRouteMask: EARPIECE, SPEAKER, activeBluetoothDevice: [null], supportedBluetoothDevices: []] to [AudioState isMuted: false, route: EARPIECE, supportedRouteMask: EARPIECE, SPEAKER, activeBluetoothDevice: [null], supportedBluetoothDevices: []]: TSI.pC->CM.fOCP->CM.sOCPA->CM.dSMCP->CM.dSPA->CM.pASP->CAMSM.pM_2001->CARSM.pM_SWITCH_FOCUS@v1U
05-17 16:44:50.176  1287  2027 I Telecom : BluetoothRouteManager: getBluetoothAudioConnectedDevice: no service available.: TSI.pC->CM.fOCP->CM.sOCPA->CM.dSMCP->CM.dSPA->CM.pASP->CAMSM.pM_2001->CARSM.pM_SWITCH_FOCUS@v1U
05-17 16:44:50.180   601  3458 D AudioPolicyManagerCustom: setForceUse() usage 0, config 0, mPhoneState 2
05-17 16:44:50.182   601  3755 D AudioPolicyManagerCustom: setForceUse() usage 0, config 0, mPhoneState 2
05-17 16:44:50.187  2597  2597 I Dialer  : InCallPresenter.setBoundAndWaitingForOutgoingCall - setBoundAndWaitingForOutgoingCall: true
05-17 16:44:50.188  1011  1172 I vol.Events: writeEvent level_changed STREAM_SYSTEM 4
05-17 16:44:50.189  2597  2597 W ContextImpl: Calling a method in the system process without a qualified user: android.app.ContextImpl.startActivity:993 android.content.ContextWrapper.startActivity:403 com.android.incallui.InCallPresenter.maybeStartRevealAnimation:2078 com.android.incallui.InCallServiceImpl.onBind:116 android.app.ActivityThread.handleBindService:4224 
05-17 16:44:50.190  2597  2597 W ContextImpl: Calling a method in the system process without a qualified user: android.app.ContextImpl.startActivity:1005 android.app.ContextImpl.startActivity:994 android.content.ContextWrapper.startActivity:403 com.android.incallui.InCallPresenter.maybeStartRevealAnimation:2078 com.android.incallui.InCallServiceImpl.onBind:116 
05-17 16:44:50.191  1287   861 I ActivityTaskManager: START u0 {act=android.intent.action.MAIN flg=0x10040000 cmp=org.codeaurora.dialer/com.android.incallui.InCallActivity (has extras)} from uid 1000
05-17 16:44:50.193   384   384 I hwservicemanager: getTransport: Cannot find entry vendor.qti.hardware.servicetracker@1.2::IServicetracker/default in either framework or device manifest.
05-17 16:44:50.193  1287   861 W ActivityTaskManager: servicetracker HIDL not available
05-17 16:44:50.193  1287   861 E ActivityTaskManager: Unable to get servicetracker HAL instance
05-17 16:44:50.194  1287   861 W ActivityTaskManager: servicetracker HIDL not available
05-17 16:44:50.194  1287   861 E ActivityTaskManager: Unable to get servicetracker HAL instance
05-17 16:44:50.194   384   384 I hwservicemanager: getTransport: Cannot find entry vendor.qti.hardware.servicetracker@1.2::IServicetracker/default in either framework or device manifest.
05-17 16:44:50.206  1287   861 D CompatibilityInfo: mCompatibilityFlags - 4
05-17 16:44:50.206  1287   861 D CompatibilityInfo: applicationDensity - 240
05-17 16:44:50.206  1287   861 D CompatibilityInfo: applicationScale - 1.0
05-17 16:44:50.207  1011  1172 I vol.Events: writeEvent level_changed STREAM_RING 4
05-17 16:44:50.207   384   384 I hwservicemanager: getTransport: Cannot find entry vendor.qti.hardware.servicetracker@1.2::IServicetracker/default in either framework or device manifest.
05-17 16:44:50.208  1287   861 W ActivityTaskManager: servicetracker HIDL not available
05-17 16:44:50.208  1287   861 E ActivityTaskManager: Unable to get servicetracker HAL instance
05-17 16:44:50.209   384   384 I hwservicemanager: getTransport: Cannot find entry vendor.qti.hardware.servicetracker@1.2::IServicetracker/default in either framework or device manifest.
05-17 16:44:50.209  1011  1172 I vol.Events: writeEvent level_changed STREAM_MUSIC 8
05-17 16:44:50.209  1287   861 W ActivityTaskManager: servicetracker HIDL not available
05-17 16:44:50.209  1287   861 E ActivityTaskManager: Unable to get servicetracker HAL instance
05-17 16:44:50.209  1287   861 D ActivityTrigger: ActivityTrigger activityPauseTrigger 
05-17 16:44:50.210   384   384 I hwservicemanager: getTransport: Cannot find entry vendor.qti.hardware.servicetracker@1.2::IServicetracker/default in either framework or device manifest.
05-17 16:44:50.211  1287   861 W ActivityTaskManager: servicetracker HIDL not available
05-17 16:44:50.211  1287   861 E ActivityTaskManager: Unable to get servicetracker HAL instance
05-17 16:44:50.213  1287   861 W ActivityTaskManager: servicetracker HIDL not available
05-17 16:44:50.213  1287   861 E ActivityTaskManager: Unable to get servicetracker HAL instance
05-17 16:44:50.214  1287   861 W ActivityTaskManager: servicetracker HIDL not available
05-17 16:44:50.214  1287   861 E ActivityTaskManager: Unable to get servicetracker HAL instance
05-17 16:44:50.216  1287   861 W ActivityTaskManager: servicetracker HIDL not available
05-17 16:44:50.216  1287   861 E ActivityTaskManager: Unable to get servicetracker HAL instance
05-17 16:44:50.218  1287   861 W ActivityTaskManager: servicetracker HIDL not available
05-17 16:44:50.218  1287   861 E ActivityTaskManager: Unable to get servicetracker HAL instance
05-17 16:44:50.219  1287   861 W ActivityTaskManager: servicetracker HIDL not available
05-17 16:44:50.219  1287   861 E ActivityTaskManager: Unable to get servicetracker HAL instance
05-17 16:44:50.217   384   384 I chatty  : uid=1000(system) hwservicemanage identical 4 lines
05-17 16:44:50.219   384   384 I hwservicemanager: getTransport: Cannot find entry vendor.qti.hardware.servicetracker@1.2::IServicetracker/default in either framework or device manifest.
05-17 16:44:50.229  2597  2597 I Dialer  : ReturnToCallController.hide - hide() called without calling show()
05-17 16:44:50.229  2597  2597 I Dialer  : ReturnToCallController.hide - hide() called without calling show()
05-17 16:44:50.238  2597  2597 I Dialer  : StubFeedbackModule.provideCallFeedbackListener - returning stub
05-17 16:44:50.240  1287  1287 I Telecom : InCallController: onConnected to ComponentInfo{org.codeaurora.dialer/com.android.incallui.InCallServiceImpl}: ICSBC.oSC(ocd)@v2A
05-17 16:44:50.240  1287  1287 I Telecom : InCallController: trackCallingUserInterfaceStarted: org.codeaurora.dialer is now calling UX.: ICSBC.oSC(ocd)@v2A
05-17 16:44:50.240  1287  1287 I Telecom : InCallController: Adding 1 calls to InCallService after onConnected: ComponentInfo{org.codeaurora.dialer/com.android.incallui.InCallServiceImpl}, including external calls: ICSBC.oSC(ocd)@v2A
05-17 16:44:50.242  1287  1287 I Telecom : InCallController: 1 calls sent to InCallService.: ICSBC.oSC(ocd)@v2A
05-17 16:44:50.263  1287  1287 I Telecom : NewOutgoingCallBroadcastIntentReceiver: Received new-outgoing-call-broadcast for [Call id=TC@62, state=CONNECTING, tpac=ComponentInfo{com.android.phone/com.android.services.telephony.TelephonyConnectionService}, ***, UserHandle{0}, cmgr=null, handle=tel:************, vidst=A, childs(0), has_parent(false), cap=[], prop=[]] with data ***: NOCBIR.oR@v2Q
05-17 16:44:50.264  1287  1287 I Telecom : NewOutgoingCallIntentBroadcaster: Placing call immediately instead of waiting for OutgoingCallBroadcastReceiver: NOCBIR.oR@v2Q
05-17 16:44:50.265  1287  1287 I Telecom : CallsManager: Creating a new outgoing call with handle: tel:************: NOCBIR.oR@v2Q
05-17 16:44:50.274  2597  2597 D QtiImsExtConnector: onServiceConnected
05-17 16:44:50.280  2597  2597 I Dialer  : CallLogFragment.onPause - enter
05-17 16:44:50.280  2597  2597 I Dialer  : CallLogFragment.onPageUnselected - enter
05-17 16:44:50.283  1287  1287 I Telecom : PhoneAccountRegistrar: getSimCallManager: SimCallManager for subId 1 queried, returning: null: NOCBIR.oR@v2Q
05-17 16:44:50.283  1287  1287 I Telecom : CreateConnectionProcessor: Trying attempt CallAttemptRecord(ComponentInfo{com.android.phone/com.android.services.telephony.TelephonyConnectionService}, ***, UserHandle{0},ComponentInfo{com.android.phone/com.android.services.telephony.TelephonyConnectionService}, ***, UserHandle{0}): NOCBIR.oR@v2Q
05-17 16:44:50.290  1287  2032 I Telecom : Logging.Events: Non-call EVENT: BIND_CS, ComponentInfo{com.android.phone/com.android.services.telephony.TelephonyConnectionService}: NOCBIR.oR->CSFM.rF@v2Q
05-17 16:44:50.292   384   384 I hwservicemanager: getTransport: Cannot find entry vendor.qti.hardware.servicetracker@1.0::IServicetracker/default in either framework or device manifest.
05-17 16:44:50.293  1287  2032 D CompatibilityInfo: mCompatibilityFlags - 4
05-17 16:44:50.293  1287  2032 D CompatibilityInfo: applicationDensity - 240
05-17 16:44:50.294  1287  2032 D CompatibilityInfo: applicationScale - 1.0
05-17 16:44:50.295   384   384 I hwservicemanager: getTransport: Cannot find entry vendor.qti.hardware.servicetracker@1.0::IServicetracker/default in either framework or device manifest.
05-17 16:44:50.296  1287  2032 I Telecom : ConnectionServiceWrapper: createConnection([Call id=TC@62, state=CONNECTING, tpac=ComponentInfo{com.android.phone/com.android.services.telephony.TelephonyConnectionService}, ***, UserHandle{0}, cmgr=ComponentInfo{com.android.phone/com.android.services.telephony.TelephonyConnectionService}, ***, UserHandle{0}, handle=tel:************, vidst=A, childs(0), has_parent(false), cap=[], prop=[]]) via ComponentInfo{com.android.phone/com.android.services.telephony.TelephonyConnectionService}.: NOCBIR.oR->CSFM.rF@v2Q
05-17 16:44:50.299  2597  2597 I Dialer  : MainSearchController.onActivityPause - enter
05-17 16:44:50.300  1287  1287 I Telecom : ServiceBinderConnection: Service bound ComponentInfo{com.android.phone/com.android.services.telephony.TelephonyConnectionService}: SBC.oSC(cap)@v2Y
05-17 16:44:50.300  1287  1287 I Telecom : Logging.Events: Non-call EVENT: CS_BOUND, ComponentInfo{com.android.phone/com.android.services.telephony.TelephonyConnectionService}: SBC.oSC(cap)@v2Y
05-17 16:44:50.302  1287  1287 I Telecom : Event: RecordEntry TC@62: START_CONNECTION, tel:************ via:com.android.phone: SBC.oSC(cap)@v2Y
05-17 16:44:50.306   384   384 I hwservicemanager: getTransport: Cannot find entry vendor.qti.hardware.servicetracker@1.2::IServicetracker/default in either framework or device manifest.
05-17 16:44:50.307  1287  1780 W ActivityTaskManager: servicetracker HIDL not available
05-17 16:44:50.307  1287  1780 E ActivityTaskManager: Unable to get servicetracker HAL instance
05-17 16:44:50.308  1287  1780 W ActivityTaskManager: servicetracker HIDL not available
05-17 16:44:50.308  1287  1780 E ActivityTaskManager: Unable to get servicetracker HAL instance
05-17 16:44:50.309  1287  1780 W ActivityTaskManager: servicetracker HIDL not available
05-17 16:44:50.309  1287  1780 E ActivityTaskManager: Unable to get servicetracker HAL instance
05-17 16:44:50.310  1287  1780 I ActivityTaskManager: The Process org.codeaurora.dialer Already Exists in BG. So sending its PID: 2597
05-17 16:44:50.311  1287  1780 W ActivityTaskManager: Tried to set launchTime (0) < mLastActivityLaunchTime (133774346)
05-17 16:44:50.307   384   384 I chatty  : uid=1000(system) hwservicemanage identical 1 line
05-17 16:44:50.309   384   384 I hwservicemanager: getTransport: Cannot find entry vendor.qti.hardware.servicetracker@1.2::IServicetracker/default in either framework or device manifest.
05-17 16:44:50.313  1287  1780 D CompatibilityInfo: mCompatibilityFlags - 4
05-17 16:44:50.313  1287  1780 D CompatibilityInfo: applicationDensity - 240
05-17 16:44:50.313  1287  1780 D CompatibilityInfo: applicationScale - 1.0
05-17 16:44:50.314  1287   861 I Telecom : PhoneAccountRegistrar: getSimCallManager: SimCallManager for subId 1 queried, returning: null: (...->CS.aCSA->H.CS.aCSA)->CSW.qRCS(cap)@E-E-v2Y
05-17 16:44:50.314  1287   861 W Telecom : ConnectionServiceWrapper: call provider also detected as SIM call manager: [ConnectionServiceWrapper componentName=ComponentInfo{com.android.phone/com.android.services.telephony.TelephonyConnectionService}]: (...->CS.aCSA->H.CS.aCSA)->CSW.qRCS(cap)@E-E-v2Y
05-17 16:44:50.315   384   384 I hwservicemanager: getTransport: Cannot find entry vendor.qti.hardware.servicetracker@1.2::IServicetracker/default in either framework or device manifest.
05-17 16:44:50.315  1795  1795 I Telephony: onCreateOutgoingConnection, request: ConnectionRequest xxxxxxxxxxxxxxxxxx Bundle[org.codeaurora.extra.CALL_DOMAIN=0, android.telecom.extra.START_CALL_WITH_VIDEO_STATE=0, android.telecom.extra.CALL_TELECOM_ROUTING_END_TIME_MILLIS=1440970512, android.telecom.extra.CALL_CREATED_TIME_MILLIS=1440970433, android.telecom.extra.CALL_TELECOM_ROUTING_START_TIME_MILLIS=1440970512, com.android.dialer.callintent.CALL_SPECIFIC_APP_DATA=[B@5a76d1e, ] isAdhocConf: N
05-17 16:44:50.315  1287  1780 W ActivityTaskManager: servicetracker HIDL not available
05-17 16:44:50.315  1287  1780 E ActivityTaskManager: Unable to get servicetracker HAL instance
05-17 16:44:50.315   384   384 I hwservicemanager: getTransport: Cannot find entry vendor.qti.hardware.servicetracker@1.2::IServicetracker/default in either framework or device manifest.
05-17 16:44:50.316  1287  1780 W ActivityTaskManager: servicetracker HIDL not available
05-17 16:44:50.316  1287  1780 E ActivityTaskManager: Unable to get servicetracker HAL instance
05-17 16:44:50.323  1795  1795 V Telephony: onStateChanged, state: INITIALIZING
05-17 16:44:50.324  1795  1795 D Telephony: buildConnectionCapabilities: isHoldable = false State = 0 capabilities = 0
05-17 16:44:50.324  1795  1795 I Telephony: updatePhoneAccount setPhoneAccountHandle, account = ComponentInfo{com.android.phone/com.android.services.telephony.TelephonyConnectionService}, ***, UserHandle{0}
05-17 16:44:50.345  1795  1795 D TelephonyProvider: Using old permission behavior for telephony provider compat
05-17 16:44:50.349   384   384 I hwservicemanager: getTransport: Cannot find entry vendor.qti.hardware.servicetracker@1.2::IServicetracker/default in either framework or device manifest.
05-17 16:44:50.350  1287  1350 W ActivityTaskManager: servicetracker HIDL not available
05-17 16:44:50.350  1287  1350 E ActivityTaskManager: Unable to get servicetracker HAL instance
05-17 16:44:50.350  2597  2597 I Dialer  : ImsVideoCall.isAvailable - null video call
