05-02 13:38:11.018  1287  1347 D AdbDebuggingManager: Logging key QAAAAJGu+RKPLVjxcw/M7p7UPK/bDlbccPlJobk44C4C3CisguOMHj24rRG1UAdOww6BbkRrX75lTABQQpTd5jr3vPkC28E1mbHMwHFzaqImO+IPUEIzt1FEcbGY98eppHFAzBC69zUW3qNhOhb3QwBOWQAM3wA/5lrEcxHv0NzJFALnzaqhPrSo2DtUr76rWnwSaGBbhOqLE4EnAUfFEIyKiVveLFJLPUZtLR+2z3dhIS24mA3IPYpy/ABo2qC7x5juW/+AsZei4+khModW9MpqpK5mElP0USl7N3H90csGBWiXFJy7mUKgdjsi9Q7fzbJz+OzwMmyc29LCjjWm+80ftXqwpXjNHUvqCKsG/np1xOU0Vw3tNyXamE0gZjW3Ffbl7U1K42T6smK5AVTHFh9EFcBeLJn4siw+CM+A4gyEvG+bgrGJ2Fx6TePkEnpEPpEAK+CJeBtKDU3/YucGhDBqS56rFijgAFdkJbyY0ZYXvEIV34Rx/3fUxYhVqEj7HWOkoZ4jTrdgVt2rQLTEzfH6K0H1aXl3zvZs1pJEMHO687ilz4WNbUy9yEJbWmFGdYUO3QtT8JLxMHoolDNwOjInQ3Q+hnv3y6U2mvXCx2lagxrG6XBLE5LsnuP1hwhfhJyhDG24nqR8Aj88KFw89k+M5C09HghXH2OIngU5ZfsLEec8G+UNUgEAAQA= alexknop@fedora, state = 4, alwaysAllow = true, lastConnectionTime = 1683049091016, authWindow = 604800000
05-02 13:38:11.053     0     0 W swapper/1: type=1400 audit(0.0:2072): avc: denied { kill } for capability=5 scontext=u:r:kernel:s0 tcontext=u:r:kernel:s0 tclass=capability permissive=0
05-02 13:38:11.668  1723  2882 D QCNEJ/WlanStaInfoRelay: Received action: android.net.wifi.RSSI_CHANGED
05-02 13:38:11.675  3768  3883 I CarrierServices: [1146] gms.handleMessage: RcsEngineImpl[DUAL_REG]:[ce60ff77-a89f]>Handler: handleMessage processing message:[NOTIFY_UPTIME_IGNORE_STATE_CHANGED] with [non-null]:RcsEngineImpl reference
05-02 13:38:11.679  3768  3885 I CarrierServices: [1147] fsn.c: Connected state: [1], networkType: [WIFI]
05-02 13:38:11.690  3768  3883 I CarrierServices: [1146] gjc.f: No RCS Configuration was found in Bugle for simID: redacted-pii:sim_id[chars:20,last3:635]
05-02 13:38:12.197  3768  4004 I PhenotypeProcessReaper: Memory state is: 300
05-02 13:38:12.769  1025  1160 E QMI_FW  : qmi_cci_get_ref: ref count increased 2
05-02 13:38:12.771  1025  1077 E QMI_FW  : qmi_cci_get_ref: ref count increased 2
05-02 13:38:15.010  1025  1160 E QMI_FW  : qmi_cci_get_ref: ref count increased 2
05-02 13:38:15.011  1025  1077 E QMI_FW  : qmi_cci_get_ref: ref count increased 2
05-02 13:38:17.250  1025  1160 E QMI_FW  : qmi_cci_get_ref: ref count increased 2
05-02 13:38:17.251  1025  1077 E QMI_FW  : qmi_cci_get_ref: ref count increased 2
05-02 13:38:21.053     0     0 W swapper/2: type=1400 audit(0.0:2073): avc: denied { kill } for capability=5 scontext=u:r:kernel:s0 tcontext=u:r:kernel:s0 tclass=capability permissive=0
05-02 13:38:21.373  1528  1528 I System.out: rwei=off===1
05-02 13:38:21.378  1795  2205 D TelephonyProvider: Using old permission behavior for telephony provider compat
05-02 13:38:21.382  1528  1528 D StatusBar: disable<e i a s b h r c s > disable2<q i n >
05-02 13:38:21.385  1528  1528 I System.out: rwei=off===1
05-02 13:38:21.418  1528  1528 D StatusBar: disable<e i a s b h r c s > disable2<q i n >
05-02 13:38:21.419  1528  1528 I System.out: rwei=off===1
05-02 13:38:21.426  1528  1750 E gaoshifeng: getVowifiIconGroup
05-02 13:38:21.426  1528  1750 E gaoshifeng: isVowifiAvailable() == false
05-02 13:38:21.426  1528  1750 E gaoshifeng: !isCallIdle() == true
05-02 13:38:21.426  1528  1750 E gaoshifeng: mConfig.showVowifiIcon = false
05-02 13:38:21.426  1528  1750 E gaoshifeng: vowifiIconGroup != null = false
05-02 13:38:21.426  1528  1750 E gaoshifeng: mCurrentState.enabled = true
05-02 13:38:21.426  1528  1750 E gaoshifeng: !mCurrentState.airplaneMode = true
05-02 13:38:21.429  1287  1367 I DropBoxManagerService: add tag=system_server_wtf isTagEnabled=true flags=0x2
05-02 13:38:21.436  1528  1528 I System.out: rwei=off===1
05-02 13:38:21.440  1528  1528 D StatusBar: disable<e i a s b h r c s > disable2<q i n >
05-02 13:38:21.441  1528  1528 D StatusBar: disable<e i a s b h r c s > disable2<q i n >
05-02 13:38:21.470  1528  1528 I System.out: rwei=off===1
05-02 13:38:21.486  1528  1528 I System.out: rwei=off===1
05-02 13:38:21.490  1528  1528 D PresentationScreen: mVowifiShowHideReceiver action = com.android.presentationScreen.vowifi.hide
05-02 13:38:21.503  1528  1528 I System.out: rwei=off===1
05-02 13:38:21.561  1528  1528 I chatty  : uid=10174(com.android.systemui) identical 5 lines
05-02 13:38:21.642  1795  2205 D TelephonyProvider: Using old permission behavior for telephony provider compat
05-02 13:38:21.681  1528  1750 E gaoshifeng: getVowifiIconGroup
05-02 13:38:21.681  1528  1750 E gaoshifeng: isVowifiAvailable() == false
05-02 13:38:21.681  1528  1750 E gaoshifeng: !isCallIdle() == true
05-02 13:38:21.681  1528  1750 E gaoshifeng: mConfig.showVowifiIcon = false
05-02 13:38:21.681  1528  1750 E gaoshifeng: vowifiIconGroup != null = false
05-02 13:38:21.681  1528  1750 E gaoshifeng: mCurrentState.enabled = true
05-02 13:38:21.681  1528  1750 E gaoshifeng: !mCurrentState.airplaneMode = true
05-02 13:38:21.682  1287  4037 I chatty  : uid=1000(system) Binder:1287_1B expire 2 lines
05-02 13:38:21.684  1287  1367 I chatty  : uid=1000(system) ActivityManager identical 2 lines
05-02 13:38:21.692  1528  1528 D PresentationScreen: mVowifiShowHideReceiver action = com.android.presentationScreen.vowifi.hide
05-02 13:38:21.692  1287  1367 I DropBoxManagerService: add tag=system_server_wtf isTagEnabled=true flags=0x2
05-02 13:38:21.696  1528  1528 V KeyguardUpdateMonitor: *** register callback for com.android.keyguard.CarrierTextController$2@422859
05-02 13:38:21.696  1528  1528 V KeyguardUpdateMonitor: *** unregister callback for null
05-02 13:38:21.696  1528  1528 D CarrierTextController: onRefreshCarrierInfo(), mTelephonyCapable: true
05-02 13:38:21.696  1528  1528 D CarrierTextController: updateCarrierText(): 1
05-02 13:38:21.696  1528  1528 D CarrierTextController: updateCarrierText(): 1
05-02 13:38:21.697  1528  1528 D CarrierTextController: Handling (subId=1): 5 CC Network
05-02 13:38:21.697  1528  1528 D CarrierTextController: SIM ready and in service: subId=1, ss={mVoiceRegState=0(IN_SERVICE), mDataRegState=0(IN_SERVICE), mChannelNumber=67086, duplexMode()=1, mCellBandwidths=[], mOperatorAlphaLong=CC Network, mOperatorAlphaShort=CC Network, isManualNetworkSelection=false(automatic), getRilVoiceRadioTechnology=14(LTE), getRilDataRadioTechnology=14(LTE), mCssIndicator=supported, mNetworkId=-1, mSystemId=-1, mCdmaRoamingIndicator=-1, mCdmaDefaultRoamingIndicator=-1, mIsEmergencyOnly=false, isUsingCarrierAggregation=false, mLteEarfcnRsrpBoost=0, mNetworkRegistrationInfos=[NetworkRegistrationInfo{ domain=CS transportType=WWAN registrationState=HOME roamingType=NOT_ROAMING accessNetworkTechnology=LTE rejectCause=0 emergencyEnabled=false availableServices=[VOICE,SMS,VIDEO] cellIdentity=CellIdentityLte:{ mCi=196753091 mPci=332 mTac=9993 mEarfcn=67086 mBands=[] mBandwidth=2147483647 mMcc=310 mMnc=410 mAlphaLong=CC Network mAlphaShort=CC Network mAdditionalPlmns={} mCsgInfo=null} voiceSpecificInfo=VoiceSpecificRegistrationInfo { mCssSupported=true mRoamingIndicator=1 mSystemIsInPrl=-1 mDefaultRoamingIndicator=-1} dataSpecificInfo=null nrState=NONE rRplmn=310410}, NetworkRegistrationInfo{ domain=PS transportType=WWAN registrationState=HOME roamingType=NOT_ROAMING accessNetworkTechnology=LTE rejectCause=0 emergencyEnabled=false availableServices=[DATA] cellIdentity=CellIdentityLte:{ mCi=196753091 mPci=332 mTac=9993 mEarfcn=67086 mBands=[] mBandwidth=2147483647 mMcc=310 mMnc=410 mAlphaLong=CC Network mAlphaShort=CC Network mAdditionalPlmns={} mCsgInfo=null} voiceSpecificInfo=null dataSpecificInfo=android.telephony.DataSpecificRegistrationInfo :{ maxDataCalls = 20 isDcNrRestricted = false isNrAvailable = false isEnDcAvailable = false LteVopsSupportInfo :  mVopsSupport = 2 mEmcBearerSupport = 2 mIsUsingCarrierAggregation = false } nrState=NONE rRplmn=310410}], mNrFrequencyRange=0, mOperatorAlphaLongRaw=CC Network, mOperatorAlphaShortRaw=CC Network, mIsDataRoamingFromRegistration=false, mIsIwlanPreferred=false}
05-02 13:38:21.698  1528  1528 D CarrierTextController: onTelephonyCapable() mTelephonyCapable: true
05-02 13:38:21.698  1528  1528 D CarrierTextController: updateCarrierText(): 1
05-02 13:38:21.698  1528  1528 D CarrierTextController: updateCarrierText(): 1
05-02 13:38:21.698  1528  1528 D CarrierTextController: Handling (subId=1): 5 CC Network
05-02 13:38:21.699  1528  1528 D CarrierTextController: SIM ready and in service: subId=1, ss={mVoiceRegState=0(IN_SERVICE), mDataRegState=0(IN_SERVICE), mChannelNumber=67086, duplexMode()=1, mCellBandwidths=[], mOperatorAlphaLong=CC Network, mOperatorAlphaShort=CC Network, isManualNetworkSelection=false(automatic), getRilVoiceRadioTechnology=14(LTE), getRilDataRadioTechnology=14(LTE), mCssIndicator=supported, mNetworkId=-1, mSystemId=-1, mCdmaRoamingIndicator=-1, mCdmaDefaultRoamingIndicator=-1, mIsEmergencyOnly=false, isUsingCarrierAggregation=false, mLteEarfcnRsrpBoost=0, mNetworkRegistrationInfos=[NetworkRegistrationInfo{ domain=CS transportType=WWAN registrationState=HOME roamingType=NOT_ROAMING accessNetworkTechnology=LTE rejectCause=0 emergencyEnabled=false availableServices=[VOICE,SMS,VIDEO] cellIdentity=CellIdentityLte:{ mCi=196753091 mPci=332 mTac=9993 mEarfcn=67086 mBands=[] mBandwidth=2147483647 mMcc=310 mMnc=410 mAlphaLong=CC Network mAlphaShort=CC Network mAdditionalPlmns={} mCsgInfo=null} voiceSpecificInfo=VoiceSpecificRegistrationInfo { mCssSupported=true mRoamingIndicator=1 mSystemIsInPrl=-1 mDefaultRoamingIndicator=-1} dataSpecificInfo=null nrState=NONE rRplmn=310410}, NetworkRegistrationInfo{ domain=PS transportType=WWAN registrationState=HOME roamingType=NOT_ROAMING accessNetworkTechnology=LTE rejectCause=0 emergencyEnabled=false availableServices=[DATA] cellIdentity=CellIdentityLte:{ mCi=196753091 mPci=332 mTac=9993 mEarfcn=67086 mBands=[] mBandwidth=2147483647 mMcc=310 mMnc=410 mAlphaLong=CC Network mAlphaShort=CC Network mAdditionalPlmns={} mCsgInfo=null} voiceSpecificInfo=null dataSpecificInfo=android.telephony.DataSpecificRegistrationInfo :{ maxDataCalls = 20 isDcNrRestricted = false isNrAvailable = false isEnDcAvailable = false LteVopsSupportInfo :  mVopsSupport = 2 mEmcBearerSupport = 2 mIsUsingCarrierAggregation = false } nrState=NONE rRplmn=310410}], mNrFrequencyRange=0, mOperatorAlphaLongRaw=CC Network, mOperatorAlphaShortRaw=CC Network, mIsDataRoamingFromRegistration=false, mIsIwlanPreferred=false}
05-02 13:38:21.699  1528  1528 D CarrierTextController: onSimStateChanged: Normal
05-02 13:38:21.699  1528  1528 D CarrierTextController: updateCarrierText(): 1
05-02 13:38:21.699  1528  1528 D CarrierTextController: updateCarrierText(): 1
05-02 13:38:21.699  1528  1528 D CarrierTextController: Handling (subId=1): 5 CC Network
05-02 13:38:21.700  1528  1528 D CarrierTextController: SIM ready and in service: subId=1, ss={mVoiceRegState=0(IN_SERVICE), mDataRegState=0(IN_SERVICE), mChannelNumber=67086, duplexMode()=1, mCellBandwidths=[], mOperatorAlphaLong=CC Network, mOperatorAlphaShort=CC Network, isManualNetworkSelection=false(automatic), getRilVoiceRadioTechnology=14(LTE), getRilDataRadioTechnology=14(LTE), mCssIndicator=supported, mNetworkId=-1, mSystemId=-1, mCdmaRoamingIndicator=-1, mCdmaDefaultRoamingIndicator=-1, mIsEmergencyOnly=false, isUsingCarrierAggregation=false, mLteEarfcnRsrpBoost=0, mNetworkRegistrationInfos=[NetworkRegistrationInfo{ domain=CS transportType=WWAN registrationState=HOME roamingType=NOT_ROAMING accessNetworkTechnology=LTE rejectCause=0 emergencyEnabled=false availableServices=[VOICE,SMS,VIDEO] cellIdentity=CellIdentityLte:{ mCi=196753091 mPci=332 mTac=9993 mEarfcn=67086 mBands=[] mBandwidth=2147483647 mMcc=310 mMnc=410 mAlphaLong=CC Network mAlphaShort=CC Network mAdditionalPlmns={} mCsgInfo=null} voiceSpecificInfo=VoiceSpecificRegistrationInfo { mCssSupported=true mRoamingIndicator=1 mSystemIsInPrl=-1 mDefaultRoamingIndicator=-1} dataSpecificInfo=null nrState=NONE rRplmn=310410}, NetworkRegistrationInfo{ domain=PS transportType=WWAN registrationState=HOME roamingType=NOT_ROAMING accessNetworkTechnology=LTE rejectCause=0 emergencyEnabled=false availableServices=[DATA] cellIdentity=CellIdentityLte:{ mCi=196753091 mPci=332 mTac=9993 mEarfcn=67086 mBands=[] mBandwidth=2147483647 mMcc=310 mMnc=410 mAlphaLong=CC Network mAlphaShort=CC Network mAdditionalPlmns={} mCsgInfo=null} voiceSpecificInfo=null dataSpecificInfo=android.telephony.DataSpecificRegistrationInfo :{ maxDataCalls = 20 isDcNrRestricted = false isNrAvailable = false isEnDcAvailable = false LteVopsSupportInfo :  mVopsSupport = 2 mEmcBearerSupport = 2 mIsUsingCarrierAggregation = false } nrState=NONE rRplmn=310410}], mNrFrequencyRange=0, mOperatorAlphaLongRaw=CC Network, mOperatorAlphaShortRaw=CC Network, mIsDataRoamingFromRegistration=false, mIsIwlanPreferred=false}
05-02 13:38:21.729  1025  1160 E QMI_FW  : qmi_cci_get_ref: ref count increased 2
05-02 13:38:21.731  1025  1077 E QMI_FW  : qmi_cci_get_ref: ref count increased 2
05-02 13:38:22.268  1287  4037 I ActivityTaskManager: START u0 {act=android.intent.action.MAIN flg=0x10040000 cmp=org.codeaurora.dialer/com.android.incallui.InCallActivity (has extras)} from uid 1000
05-02 13:38:22.271   384   384 I chatty  : uid=1000(system) hwservicemanage expire 5 lines
05-02 13:38:22.271  1287  4037 W ActivityTaskManager: servicetracker HIDL not available
05-02 13:38:22.271  1287  4037 E ActivityTaskManager: Unable to get servicetracker HAL instance
05-02 13:38:22.277  1287  4037 W ActivityTaskManager: servicetracker HIDL not available
05-02 13:38:22.277  1287  4037 E ActivityTaskManager: Unable to get servicetracker HAL instance
05-02 13:38:22.279  1287  4037 D DiagBroadcastService: DiagBroadcastServiceImpl.broadcastDiagAppStateChanged packageName=org.codeaurora.dialer, state=FOCUS_GAIN
05-02 13:38:22.279  1287  4037 D DiagBroadcastService: DiagBroadcastServiceImpl.broadcastDiagAppStateChanged packageName=com.android.settings, state=FOCUS_LOSS
05-02 13:38:22.280  1287  4037 D CompatibilityInfo: mCompatibilityFlags - 4
05-02 13:38:22.280  1287  4037 D CompatibilityInfo: applicationDensity - 240
05-02 13:38:22.280  1287  4037 D CompatibilityInfo: applicationScale - 1.0
05-02 13:38:22.282  1287  4037 W ActivityTaskManager: servicetracker HIDL not available
05-02 13:38:22.282  1287  4037 E ActivityTaskManager: Unable to get servicetracker HAL instance
05-02 13:38:22.282   384   384 I hwservicemanager: getTransport: Cannot find entry vendor.qti.hardware.servicetracker@1.2::IServicetracker/default in either framework or device manifest.
05-02 13:38:22.283  1287  4037 W ActivityTaskManager: servicetracker HIDL not available
05-02 13:38:22.283  1287  4037 E ActivityTaskManager: Unable to get servicetracker HAL instance
05-02 13:38:22.283  1287  4037 D ActivityTrigger: ActivityTrigger activityPauseTrigger 
05-02 13:38:22.284   384   384 I hwservicemanager: getTransport: Cannot find entry vendor.qti.hardware.servicetracker@1.2::IServicetracker/default in either framework or device manifest.
05-02 13:38:22.284  1287  4037 W ActivityTaskManager: servicetracker HIDL not available
05-02 13:38:22.284  1287  4037 E ActivityTaskManager: Unable to get servicetracker HAL instance
05-02 13:38:22.291  1528  1528 V ShadeControllerImpl: NotificationShadeWindow: com.android.systemui.statusbar.phone.NotificationShadeWindowView{117d02a V.E...... ........ 0,0-480,640} canPanelBeCollapsed(): true
05-02 13:38:22.300   384   384 I hwservicemanager: getTransport: Cannot find entry vendor.qti.hardware.servicetracker@1.2::IServicetracker/default in either framework or device manifest.
05-02 13:38:22.300  1287  1234 W ActivityTaskManager: servicetracker HIDL not available
05-02 13:38:22.300  1287  1234 E ActivityTaskManager: Unable to get servicetracker HAL instance
05-02 13:38:22.301  1287  1234 W ActivityTaskManager: servicetracker HIDL not available
05-02 13:38:22.301  1287  1234 E ActivityTaskManager: Unable to get servicetracker HAL instance
05-02 13:38:22.302  1287  1234 W ActivityTaskManager: servicetracker HIDL not available
05-02 13:38:22.302  1287  1234 E ActivityTaskManager: Unable to get servicetracker HAL instance
05-02 13:38:22.305   384   384 I hwservicemanager: getTransport: Cannot find entry vendor.qti.hardware.servicetracker@1.2::IServicetracker/default in either framework or device manifest.
05-02 13:38:22.305  1287  1234 W ActivityTaskManager: servicetracker HIDL not available
05-02 13:38:22.305  1287  1234 E ActivityTaskManager: Unable to get servicetracker HAL instance
05-02 13:38:22.307  1528  2392 D KeyguardViewMediator: setOccluded true
05-02 13:38:22.323  1528  1528 D KeyguardViewMediator: adjustStatusBarLocked: mShowing=false mOccluded=true isSecure=false force=false --> flags=0x0
05-02 13:38:22.337  3579  3579 I chatty  : uid=1000(system) org.codeaurora.dialer expire 3 lines
05-02 13:38:22.338  3579  3579 I Dialer  : ProximitySensor.updateProximitySensorMode - screenOnImmediately: false, dialPadVisible: false, offHook: true, horizontal: true, uiShowing: true, audioRoute: EARPIECE
05-02 13:38:22.338  3579  3579 I Dialer  : ProximitySensor.turnOnProximitySensor - acquiring wake lock
05-02 13:38:22.339  3579  3579 I Dialer  : StatusBarNotifier.buildAndSendNotification - showNotification isGeocoderLocationNeeded = false
05-02 13:38:22.341   587   587 E QMI_FW  : qmi_cci_get_ref: ref count increased 2
05-02 13:38:22.342  3579  3579 I Dialer  : InCallPresenter.refreshMuteState - refreshMuteStateAfterAddCall: false addCallClicked: false
05-02 13:38:22.342  3579  3579 I Dialer  : ReturnToCallController.hide - hide() called without calling show()
05-02 13:38:22.342   587   587 E QMI_FW  : qmi_cci_get_ref: ref count increased 2
05-02 13:38:22.342  3579  3579 I Dialer  : InCallZoomController - onUiShowing - showingtrue
05-02 13:38:22.344  3579  3579 I Dialer  : DialerCall.isVoipCallNotSupportedBySpeakeasy - callid was empty
05-02 13:38:22.344  3579  3579 I Dialer  : InCallActivity.showMainInCallFragment - shouldShowAnswerUi: false, shouldShowRttUi: false, shouldShowVideoUi: false, shouldShowSpeakEasyUi: false, didShowAnswerScreen: false, didShowInCallScreen: true, didShowRttCallScreen: false, didShowVideoCallScreen: false, didShowSpeakEasyScreen: false
05-02 13:38:22.344  3579  3579 I Dialer  : InCallFragment.onInCallShowDialpad - isShown: false
05-02 13:38:22.345  3579  3579 I Dialer  : InCallActivity.onNewIntent - enter
05-02 13:38:22.346  3579  3579 I Dialer  : InCallActivity.onPseudoScreenStateChanged - isOn: true
05-02 13:38:22.347  3579  3579 I Dialer  : CallCardPresenter.getLocationFragment - shouldn't show location
05-02 13:38:22.348  3579  3579 I Dialer  : InCallFragment.setPrimary - PrimaryInfo, number: +* ***-***-****, name: Redacted-16-chars, location: null, label: Mobile, photo: null, photoType: 0, isPhotoVisible: true, MultimediaData: null
05-02 13:38:22.349  3579  3579 I Dialer  : CallCardPresenter.getLocationFragment - shouldn't show location
05-02 13:38:22.424  3579  3579 E SpannableStringBuilder: SPAN_EXCLUSIVE_EXCLUSIVE spans cannot have a zero length
05-02 13:38:22.424  3579  3579 E SpannableStringBuilder: SPAN_EXCLUSIVE_EXCLUSIVE spans cannot have a zero length
05-02 13:38:22.439  1528  1528 D StatusBar: disable<e i a s b h r c s > disable2<q i n >
05-02 13:38:22.606  1528  1528 D StatusBar: disable<e i a s b h r c s > disable2<q i n >
05-02 13:38:22.629  1287  1406 I DisplayPowerController: No longer ignoring proximity [0]
05-02 13:38:22.636   384   384 I hwservicemanager: getTransport: Cannot find entry vendor.qti.hardware.servicetracker@1.2::IServicetracker/default in either framework or device manifest.
05-02 13:38:22.636  1287  1350 W ActivityTaskManager: servicetracker HIDL not available
05-02 13:38:22.636  1287  1350 E ActivityTaskManager: Unable to get servicetracker HAL instance
05-02 13:38:22.637   384   384 I hwservicemanager: getTransport: Cannot find entry vendor.qti.hardware.servicetracker@1.2::IServicetracker/default in either framework or device manifest.
05-02 13:38:22.637  1287  1350 W ActivityTaskManager: servicetracker HIDL not available
05-02 13:38:22.637  1287  1350 E ActivityTaskManager: Unable to get servicetracker HAL instance
05-02 13:38:22.671  1528  1528 D StatusBar: disable<e i a s b h r c s > disable2<q i n >
05-02 13:38:22.672   605   605 E Layer   : [Surface(name=Task=567)/@0x56f42d8 - animation-leash#0] No local sync point found
05-02 13:38:22.692  1528  1528 V KeyguardUpdateMonitor: *** unregister callback for com.android.keyguard.CarrierTextController$2@422859
05-02 13:38:22.699   384   384 I hwservicemanager: getTransport: Cannot find entry vendor.qti.hardware.servicetracker@1.2::IServicetracker/default in either framework or device manifest.
05-02 13:38:22.699  1287  1234 W ActivityTaskManager: servicetracker HIDL not available
05-02 13:38:22.700  1287  1234 E ActivityTaskManager: Unable to get servicetracker HAL instance
05-02 13:38:22.700   384   384 I hwservicemanager: getTransport: Cannot find entry vendor.qti.hardware.servicetracker@1.2::IServicetracker/default in either framework or device manifest.
05-02 13:38:22.700  1287  1234 W ActivityTaskManager: servicetracker HIDL not available
05-02 13:38:22.700  1287  1234 E ActivityTaskManager: Unable to get servicetracker HAL instance
05-02 13:38:22.722  1287  1351 W Choreographer: Frame time is 0.006236 ms in the future!  Check that graphics HAL is generating vsync timestamps using the correct timebase.
05-02 13:38:23.487  1287  1367 W BroadcastQueue: Background execution not allowed: receiving Intent { act=android.intent.action.DROPBOX_ENTRY_ADDED flg=0x10 (has extras) } to com.google.android.gms/.stats.service.DropBoxEntryAddedReceiver
05-02 13:38:23.487  1287  1367 W BroadcastQueue: Background execution not allowed: receiving Intent { act=android.intent.action.DROPBOX_ENTRY_ADDED flg=0x10 (has extras) } to com.google.android.gms/.chimera.GmsIntentOperationService$PersistentTrustedReceiver
05-02 13:38:23.491  1287  1234 D CompatibilityInfo: mCompatibilityFlags - 4
05-02 13:38:23.491  1287  1234 D CompatibilityInfo: applicationDensity - 240
05-02 13:38:23.491  1287  1234 D CompatibilityInfo: applicationScale - 1.0
05-02 13:38:23.493   384   384 I hwservicemanager: getTransport: Cannot find entry vendor.qti.hardware.servicetracker@1.0::IServicetracker/default in either framework or device manifest.
05-02 13:38:23.508  1287  1234 D CompatibilityInfo: mCompatibilityFlags - 4
05-02 13:38:23.508  1287  1234 D CompatibilityInfo: applicationDensity - 240
05-02 13:38:23.508  1287  1234 D CompatibilityInfo: applicationScale - 1.0
05-02 13:38:23.510   384   384 I hwservicemanager: getTransport: Cannot find entry vendor.qti.hardware.servicetracker@1.0::IServicetracker/default in either framework or device manifest.
05-02 13:38:23.516  1287  1234 D CompatibilityInfo: mCompatibilityFlags - 4
05-02 13:38:23.516  1287  1234 D CompatibilityInfo: applicationDensity - 240
05-02 13:38:23.517  1287  1234 D CompatibilityInfo: applicationScale - 1.0
05-02 13:38:23.525   384   384 I hwservicemanager: getTransport: Cannot find entry vendor.qti.hardware.servicetracker@1.0::IServicetracker/default in either framework or device manifest.
05-02 13:38:23.537   384   384 I chatty  : uid=1000(system) hwservicemanage identical 1 line
05-02 13:38:23.558   384   384 I hwservicemanager: getTransport: Cannot find entry vendor.qti.hardware.servicetracker@1.0::IServicetracker/default in either framework or device manifest.
05-02 13:38:24.172  3579  3579 I Dialer  : ProximitySensor.updateProximitySensorMode - screenOnImmediately: false, dialPadVisible: false, offHook: true, horizontal: false, uiShowing: true, audioRoute: EARPIECE
05-02 13:38:24.172  3579  3579 I Dialer  : ProximitySensor.turnOnProximitySensor - wake lock already acquired
05-02 13:38:24.470  1287  1406 I DisplayPowerController: No longer ignoring proximity [1]
05-02 13:38:24.472  1287  1406 V DisplayPowerController: Brightness [-1.0] reason changing to: 'screen_off', previous reason: 'manual'.
05-02 13:38:24.472  1287  1406 D DisplayPowerController: Set keyboard light, setting enabled: 1, /sys/class/leds/keyboard_light/brightness = 255
05-02 13:38:24.474  1287  1350 I DisplayManagerService: Display device changed state: "Built-in Screen", OFF
05-02 13:38:24.476   605   605 D SurfaceFlinger: Setting power mode 0 on display 0
05-02 13:38:24.476   581   633 I SDM     : DisplayBase::SetDisplayState: Set state = 0, display 0
05-02 13:38:24.477  1528  2392 I System.out: rwei=off===5
05-02 13:38:24.477  1287  1350 I InputManager-JNI: Viewport [0] to add: local:0, isActive: false
05-02 13:38:24.477  1287  1350 I InputManager-JNI: Viewport [1] to add: local:1, isActive: false
05-02 13:38:24.477  1528  2392 I System.out: rwei=====close
05-02 13:38:24.481  1287  1469 I InputReader: Reconfiguring input devices, changes=DISPLAY_INFO | 
05-02 13:38:24.481  1287  1469 I InputReader: Device reconfigured: id=5, name='chsc_cap_touch', size 480x640, orientation 0, mode 1, display id 0
05-02 13:38:24.485  3579  3579 I Dialer  : ProximitySensor.onDisplayStateChanged - isDisplayOn: false
05-02 13:38:24.485  2202  2202 I NearbyDiscovery: FastPairDisplayObserver: STATE_ON -> STATE_OFF [CONTEXT service_id=265 ]
05-02 13:38:24.487  2202  1419 I NearbyDiscovery: FastPairScanner: isScreenOn=true, scanWithScreenOff=false, isLocationEnabled=false, disableLocationRequirement=false, isDiscoveryScanningEnabled=true, during24GhzWifiWarmingUpPeriod=false [CONTEXT service_id=265 ]
05-02 13:38:24.487  2202  1419 D BluetoothAdapter: isLeEnabled(): OFF
05-02 13:38:24.488  2202  1419 I NearbyDiscovery: FastPairScanner: eventType=SCREEN_OFF_FROM_DISPLAY_OBSERVER, intReq=false, scanning=false, scanAllowed=false, bleEnabled=false, bleScanAvailable=false, lockScanRate=false, startScanningByLowPowerMode=false [CONTEXT service_id=265 ]
05-02 13:38:24.499  1287  1379 E KernelCpuSpeedReader: Failed to read cpu-freq: /sys/devices/system/cpu/cpu0/cpufreq/stats/time_in_state: open failed: ENOENT (No such file or directory)
05-02 13:38:24.510   587   587 E QMI_FW  : qmi_cci_get_ref: ref count increased 2
05-02 13:38:24.515  1025  1148 E QMI_FW  : qmi_cci_get_ref: ref count increased 2
05-02 13:38:24.518  1025  1077 E QMI_FW  : qmi_cci_get_ref: ref count increased 2
05-02 13:38:24.521  1025  1077 I chatty  : uid=1001(radio) DispatcherModul identical 2 lines
05-02 13:38:24.523  1025  1077 E QMI_FW  : qmi_cci_get_ref: ref count increased 2
05-02 13:38:24.526  1025  1132 E QMI_FW  : qmi_cci_get_ref: ref count increased 2
05-02 13:38:24.527  1025  1132 I chatty  : uid=1001(radio) DataModule-Loop identical 1 line
05-02 13:38:24.528  1025  1132 E QMI_FW  : qmi_cci_get_ref: ref count increased 2
05-02 13:38:24.746   605   605 D SurfaceFlinger: Finished setting power mode 0 on display 0
05-02 13:38:24.749  1287  1522 D SurfaceControl: Excessive delay in setPowerMode()
05-02 13:38:27.090  1287  1406 I DisplayPowerController: No longer ignoring proximity [0]
05-02 13:38:27.092  1287  1406 V DisplayPowerController: Brightness [0.27559325] reason changing to: 'manual', previous reason: 'screen_off'.
05-02 13:38:27.093  1287  1406 D DisplayPowerController: Set keyboard light, setting enabled: 1, /sys/class/leds/keyboard_light/brightness = 255
05-02 13:38:27.098  1528  2048 I System.out: rwei=off===1
05-02 13:38:27.098  1528  2048 I System.out: rwei=====close======xxx
05-02 13:38:27.101  1287  1379 E KernelCpuSpeedReader: Failed to read cpu-freq: /sys/devices/system/cpu/cpu0/cpufreq/stats/time_in_state: open failed: ENOENT (No such file or directory)
05-02 13:38:27.113  1287  1350 I DisplayManagerService: Display device changed state: "Built-in Screen", ON
05-02 13:38:27.114   605   605 D SurfaceFlinger: Setting power mode 2 on display 0
05-02 13:38:27.114   581   633 I SDM     : DisplayBase::SetDisplayState: Set state = 1, display 0
05-02 13:38:27.115  1287  1350 I InputManager-JNI: Viewport [0] to add: local:0, isActive: true
05-02 13:38:27.115  1287  1350 I InputManager-JNI: Viewport [1] to add: local:1, isActive: false
05-02 13:38:27.124  2202  2202 I NearbyDiscovery: FastPairDisplayObserver: STATE_OFF -> STATE_ON [CONTEXT service_id=265 ]
05-02 13:38:27.125  3579  3579 I Dialer  : ProximitySensor.onDisplayStateChanged - isDisplayOn: true
05-02 13:38:27.125  2202  1419 I NearbyDiscovery: FastPairScanner: isScreenOn=true, scanWithScreenOff=false, isLocationEnabled=false, disableLocationRequirement=false, isDiscoveryScanningEnabled=true, during24GhzWifiWarmingUpPeriod=false [CONTEXT service_id=265 ]
05-02 13:38:27.126  2202  1419 D BluetoothAdapter: isLeEnabled(): OFF
05-02 13:38:27.127  2202  1419 I NearbyDiscovery: FastPairScanner: eventType=SCREEN_ON_FROM_DISPLAY_OBSERVER, intReq=false, scanning=false, scanAllowed=false, bleEnabled=false, bleScanAvailable=false, lockScanRate=false, startScanningByLowPowerMode=false [CONTEXT service_id=265 ]
05-02 13:38:27.127  1287  1469 I InputReader: Reconfiguring input devices, changes=DISPLAY_INFO | 
05-02 13:38:27.127  1287  1469 I InputReader: Device reconfigured: id=5, name='chsc_cap_touch', size 480x640, orientation 0, mode 1, display id 0
05-02 13:38:27.131   587   587 E QMI_FW  : qmi_cci_get_ref: ref count increased 2
05-02 13:38:27.132   587   587 I chatty  : uid=1000(system) sensors@1.0-ser identical 1 line
05-02 13:38:27.134   587   587 E QMI_FW  : qmi_cci_get_ref: ref count increased 2
05-02 13:38:27.138  1025  1148 E QMI_FW  : qmi_cci_get_ref: ref count increased 2
05-02 13:38:27.140  1025  1077 E QMI_FW  : qmi_cci_get_ref: ref count increased 2
05-02 13:38:27.157  1025  1077 I chatty  : uid=1001(radio) DispatcherModul identical 8 lines
05-02 13:38:27.162  1025  1077 E QMI_FW  : qmi_cci_get_ref: ref count increased 2
05-02 13:38:27.165  1025  1132 E QMI_FW  : qmi_cci_get_ref: ref count increased 2
05-02 13:38:27.172  1025  1132 I chatty  : uid=1001(radio) DataModule-Loop identical 3 lines
05-02 13:38:27.173  1025  1132 E QMI_FW  : qmi_cci_get_ref: ref count increased 2
05-02 13:38:27.190  1025  1664 E QMI_FW  : qmi_cci_get_ref: ref count increased 2
05-02 13:38:27.195  1025  1732 E QMI_FW  : qmi_cci_get_ref: ref count increased 2
05-02 13:38:27.203  1025  1732 I chatty  : uid=1001(radio) main identical 6 lines
05-02 13:38:27.205  1025  1732 E QMI_FW  : qmi_cci_get_ref: ref count increased 2
05-02 13:38:27.208  1025  1744 E QMI_FW  : qmi_cci_get_ref: ref count increased 2
05-02 13:38:27.221  1025  1744 I chatty  : uid=1001(radio) main identical 6 lines
05-02 13:38:27.222  1025  1744 E QMI_FW  : qmi_cci_get_ref: ref count increased 2
05-02 13:38:27.249  1025  1729 E QMI_FW  : qmi_cci_get_ref: ref count increased 2
05-02 13:38:27.255  1025  1746 E QMI_FW  : qmi_cci_get_ref: ref count increased 2
05-02 13:38:27.265  1025  1746 I chatty  : uid=1001(radio) DedicatedThread identical 6 lines
05-02 13:38:27.267  1025  1746 E QMI_FW  : qmi_cci_get_ref: ref count increased 2
05-02 13:38:27.269  1025  1747 E QMI_FW  : qmi_cci_get_ref: ref count increased 2
05-02 13:38:27.279  1025  1747 I chatty  : uid=1001(radio) main identical 6 lines
05-02 13:38:27.281  1025  1747 E QMI_FW  : qmi_cci_get_ref: ref count increased 2
05-02 13:38:27.726   605   605 D SurfaceFlinger: Finished setting power mode 2 on display 0
05-02 13:38:27.727  1287  1522 D SurfaceControl: Excessive delay in setPowerMode()
05-02 13:38:28.060  3579  3579 I Dialer  : ProximitySensor.updateProximitySensorMode - screenOnImmediately: false, dialPadVisible: false, offHook: true, horizontal: true, uiShowing: true, audioRoute: EARPIECE
05-02 13:38:28.060  3579  3579 I Dialer  : ProximitySensor.turnOnProximitySensor - wake lock already acquired
05-02 13:38:28.518  3579  3579 I Dialer  : CallButtonPresenter.setAudioRoute - sending new audio route: SPEAKER
05-02 13:38:28.522  1287  2027 I Telecom : CallAudioRouteStateMachine: Message received: USER_SWITCH_SPEAKER=1104, arg1=0: ICA.sAR->CARSM.pM_USER_SWITCH_SPEAKER(ocd)@Em4
05-02 13:38:28.522  1287  2027 I Telecom : ActiveEarpieceRoute: Processing message USER_SWITCH_SPEAKER: ICA.sAR->CARSM.pM_USER_SWITCH_SPEAKER(ocd)@Em4
05-02 13:38:28.522  1287  2027 I Telecom : CallAudioRouteStateMachine: turning speaker phone true: ICA.sAR->CARSM.pM_USER_SWITCH_SPEAKER(ocd)@Em4
05-02 13:38:28.522  1287  2027 I AudioManager: In setSpeakerphoneOn(), on: true, calling application: com.android.server.telecom
05-02 13:38:28.522  1287  2027 I AS.AudioService: In setSpeakerphoneOn(), on: true, eventSource: setSpeakerphoneOn(true) from u/pid:1000/1287
05-02 13:38:28.522  1287  2027 I AS.AudioDeviceBroker: In isSpeakerphoneOn(), mForcedUseForCommExt: 0
05-02 13:38:28.522  1287  2027 I AS.AudioDeviceBroker: In updateSpeakerphoneOn(), mForcedUseForCommExt: 1
05-02 13:38:28.522  1287  2027 I AS.AudioDeviceBroker: In isSpeakerphoneOn(), mForcedUseForCommExt: 1
05-02 13:38:28.524   601   972 D AudioPolicyManagerCustom: setForceUse() usage 0, config 1, mPhoneState 2
05-02 13:38:28.524  1287  2027 I Telecom : Event: RecordEntry TC@5: AUDIO_ROUTE, Leaving state ActiveEarpieceRoute: ICA.sAR->CARSM.pM_USER_SWITCH_SPEAKER(ocd)@Em4
05-02 13:38:28.525  1287  2027 I Telecom : Event: RecordEntry TC@5: AUDIO_ROUTE, Entering state ActiveSpeakerRoute: ICA.sAR->CARSM.pM_USER_SWITCH_SPEAKER(ocd)@Em4
05-02 13:38:28.526  1287  2027 I Telecom : Event: RecordEntry TC@5: AUDIO_ROUTE_SPEAKER, null: ICA.sAR->CARSM.pM_USER_SWITCH_SPEAKER(ocd)@Em4
05-02 13:38:28.526  1287  2027 I Telecom : CallAudioRouteStateMachine: setSystemAudioState: changing from [AudioState isMuted: false, route: EARPIECE, supportedRouteMask: EARPIECE, SPEAKER, activeBluetoothDevice: [null], supportedBluetoothDevices: []] to [AudioState isMuted: false, route: SPEAKER, supportedRouteMask: EARPIECE, SPEAKER, activeBluetoothDevice: [null], supportedBluetoothDevices: []]: ICA.sAR->CARSM.pM_USER_SWITCH_SPEAKER(ocd)@Em4
05-02 13:38:28.526  1287  2027 I Telecom : InCallController: Calling onAudioStateChanged, audioState: [AudioState isMuted: false, route: EARPIECE, supportedRouteMask: EARPIECE, SPEAKER, activeBluetoothDevice: [null], supportedBluetoothDevices: []] -> [AudioState isMuted: false, route: SPEAKER, supportedRouteMask: EARPIECE, SPEAKER, activeBluetoothDevice: [null], supportedBluetoothDevices: []]: ICA.sAR->CARSM.pM_USER_SWITCH_SPEAKER(ocd)@Em4
05-02 13:38:28.527  1287  1287 I AudioManager: In isSpeakerphoneOn(), calling application: com.android.server.telecom
05-02 13:38:28.527  1287  1287 I AS.AudioDeviceBroker: In isSpeakerphoneOn(), mForcedUseForCommExt: 1
05-02 13:38:28.527  3579  3579 I Dialer  : ProximitySensor.updateProximitySensorMode - screenOnImmediately: true, dialPadVisible: false, offHook: true, horizontal: true, uiShowing: true, audioRoute: SPEAKER
05-02 13:38:28.527  3579  3579 I Dialer  : ProximitySensor.turnOffProximitySensor - releasing wake lock
05-02 13:38:28.527  1287  2027 I Telecom : BluetoothRouteManager: getBluetoothAudioConnectedDevice: no service available.: ICA.sAR->CARSM.pM_USER_SWITCH_SPEAKER(ocd)@Em4
05-02 13:38:28.528  1287  2027 I Telecom : CallAudioRouteStateMachine: Message received: SPEAKER_ON=1006, arg1=0: CARSM.mSPCR->CARSM.pM_SPEAKER_ON@Em8
05-02 13:38:28.528  1287  2027 I Telecom : ActiveSpeakerRoute: Processing message SPEAKER_ON: CARSM.mSPCR->CARSM.pM_SPEAKER_ON@Em8
05-02 13:38:28.528  1795  1795 I TelecomFramework: TelephonyConnectionService: onAudioStateChanged TC@5_1 [AudioState isMuted: false, route: SPEAKER, supportedRouteMask: EARPIECE, SPEAKER, activeBluetoothDevice: [null], supportedBluetoothDevices: []]: (ICA.sAR->CARSM.pM_USER_SWITCH_SPEAKER)->CS.cASC->H.CS.cASC(ocd/cast)@E-Em4
05-02 13:38:28.528  3579  3579 I Dialer  : StatusBarNotifier.buildAndSendNotification - showNotification isGeocoderLocationNeeded = false
05-02 13:38:28.528   587   587 E QMI_FW  : qmi_cci_get_ref: ref count increased 2
05-02 13:38:28.530   601   972 W APM::AudioPolicyEngine: getDevicesForStrategy() unknown strategy: -1
05-02 13:38:28.533  3579  3579 I Dialer  : StatusBarNotifier.buildAndSendNotification - notificationType=1
05-02 13:38:28.533   601   972 W APM::AudioPolicyEngine: getDevicesForStrategy() unknown strategy: -1
05-02 13:38:28.533   601   972 W APM::AudioPolicyEngine: getDevicesForStrategy() unknown strategy: -1
05-02 13:38:28.535  3579  3579 I Dialer  : StatusBarNotifier.buildAndSendNotification - displaying notification for 1
05-02 13:38:28.539  3579  3579 I Dialer  : ReturnToCallController.hide - hide() called without calling show()
05-02 13:38:28.539  3579  3579 I Dialer  : InCallFragment.setAudioState - audioState: [AudioState isMuted: false, route: SPEAKER, supportedRouteMask: EARPIECE, SPEAKER, activeBluetoothDevice: [null], supportedBluetoothDevices: []]
05-02 13:38:28.539  3579  3579 I Dialer  : InCallFragment.updateVolumeBoostButton - avail = falsestate = false
05-02 13:38:28.539   601   972 W APM::AudioPolicyEngine: getDevicesForStrategy() unknown strategy: -1
05-02 13:38:28.637  1287  1916 I system_server: oneway function results will be dropped but finished with status OK and parcel size 4
05-02 13:38:28.638  1287  1834 I system_server: oneway function results will be dropped but finished with status OK and parcel size 4
05-02 13:38:28.665   575   575 D audio_hw_primary: adev_create_audio_patch: enter: num sources 1, num_sinks 1, handle 1
05-02 13:38:28.665   575   575 D audio_hw_primary: adev_create_audio_patch: Playback patch from mix handle 13 to device 2
05-02 13:38:28.665   575   575 D audio_hw_primary: update_patch: enter
05-02 13:38:28.665   575   575 D audio_hw_primary: route_output_stream: enter: usecase(1: low-latency-playback) devices 2
05-02 13:38:28.665   575   575 D audio_hw_primary: select_devices for use case (voicemmode1-call)
05-02 13:38:28.665   575   575 D msm8974_platform: platform_get_output_snd_device: enter: output devices(0x2)
05-02 13:38:28.665   575   575 D audio_hw_primary: select_devices: changing use case voicemmode1-call output device from(26: voice-handset, acdb 7) to (27: voice-speaker, acdb 14)
05-02 13:38:28.665   575   575 D audio_hw_primary: select_devices: changing use case voicemmode1-call input device from(184: voice-dmic-ef, acdb 41) to (167: voice-speaker-mic, acdb 11)
05-02 13:38:28.665   575   575 D voice   : voice_set_sidetone: disable, out_snd_device: 26
05-02 13:38:28.665   575   575 D msm8974_platform: platform_get_island_cfg_on_device:island cfg status on snd_device = (voice-dmic-ef 0)
05-02 13:38:28.665   575   575 D msm8974_platform: platform_get_island_cfg_on_device:island cfg status on snd_device = (voice-handset 0)
05-02 13:38:28.665   575   575 D audio_hw_primary: disable_audio_route: reset and update mixer path: voicemmode1-call handset
05-02 13:38:28.665   575   575 E audio_route: Disable path: voicemmode1-call handset
05-02 13:38:28.665   575   575 E audio_route: Path: voicemmode1-call handset, length: 2
05-02 13:38:28.665   575   575 E audio_route:   id=0: ctl=PRI_MI2S_RX_Voice Mixer VoiceMMode1
05-02 13:38:28.665   575   575 E audio_route:     id=0 value=1
05-02 13:38:28.665   575   575 E audio_route:     id=1 value=1
05-02 13:38:28.665   575   575 E audio_route:   id=1: ctl=VoiceMMode1_Tx Mixer TERT_MI2S_TX_MMode1
05-02 13:38:28.666   575   575 E audio_route:     id=0 value=1
05-02 13:38:28.666   575   575 E audio_route:     id=1 value=1
05-02 13:38:28.745   575   575 D soundtrigger: audio HAL using same device 184 as ST
05-02 13:38:28.745   575   575 D soundtrigger: audio_extn_sound_trigger_update_stream_status: uc_info->id 41 of type 2 for Event 2, with Raise=1
05-02 13:38:28.745   575   575 D soundtrigger: audio_extn_sound_trigger_update_stream_status: send event 12: usecase id 41, type 2
05-02 13:38:28.745   575   575 I sound_trigger_platform: platform_stdev_check_and_update_concurrency: Received STREAM event, event type 12, usecase type 2
05-02 13:38:28.745   575   575 D sound_trigger_platform: platform_stdev_check_and_update_concurrency: dedicated path 0, reset backend 1, tx 1, rx 0,concurrency session not allowed
05-02 13:38:28.745   575   575 D hardware_info: hw_info_append_hw_type : device_name = voice-handset
05-02 13:38:28.745   575   575 D audio_hw_primary: disable_snd_device: snd_device(26: voice-handset)
05-02 13:38:28.745   575   575 D msm8974_platform: platform_split_snd_device: snd_device(26) num devices(0) new_snd_devices(0)
05-02 13:38:28.745   575   575 E audio_route: Disable path: voice-handset
05-02 13:38:28.745   575   575 E audio_route: Path: voice-handset, length: 5
05-02 13:38:28.745   575   575 E audio_route:   id=0: ctl=RX1 MIX1 INP1
05-02 13:38:28.745   575   575 E audio_route:     id=0 value=3
05-02 13:38:28.745   575   575 E audio_route:   id=1: ctl=RDAC2 MUX
05-02 13:38:28.745   575   575 E audio_route:     id=0 value=2
05-02 13:38:28.745   575   575 E audio_route:   id=2: ctl=RX1 Digital Volume
05-02 13:38:28.745   575   575 E audio_route:     id=0 value=84
05-02 13:38:28.745   575   575 E audio_route:   id=3: ctl=EAR PA Gain
05-02 13:38:28.745   575   575 E audio_route:     id=0 value=3
05-02 13:38:28.745   575   575 E audio_route:   id=4: ctl=EAR_S
05-02 13:38:28.745   575   575 E audio_route:     id=0 value=1
05-02 13:38:28.753  1528  1528 D InterruptionStateProvider: No bubble up: not allowed to bubble: 0|org.codeaurora.dialer|1|null|1000
05-02 13:38:28.754  1528  1528 D InterruptionStateProvider: No heads up: unimportant notification: 0|org.codeaurora.dialer|1|null|1000
05-02 13:38:28.759  1528  1528 D PresentationScreen: onNotificationPosted pkg=org.codeaurora.dialer ,channelId=phone_ongoing_call
05-02 13:38:28.790   575   575 I soundtrigger: audio_extn_sound_trigger_update_device_status: device 0x1a of type 0 for Event 0, with Raise=0
05-02 13:38:28.790   575   575 D msm8974_platform: platform_get_island_cfg_on_device:island cfg status on snd_device = (voice-dmic-ef 0)
05-02 13:38:28.790   575   575 D msm8974_platform: platform_get_island_cfg_on_device:island cfg status on snd_device = (voice-handset 0)
05-02 13:38:28.790   575   575 D audio_hw_primary: disable_audio_route: reset and update mixer path: voicemmode1-call handset
05-02 13:38:28.790   575   575 E audio_route: Disable path: voicemmode1-call handset
05-02 13:38:28.790   575   575 E audio_route: Path: voicemmode1-call handset, length: 2
05-02 13:38:28.790   575   575 E audio_route:   id=0: ctl=PRI_MI2S_RX_Voice Mixer VoiceMMode1
05-02 13:38:28.790   575   575 E audio_route:     id=0 value=1
05-02 13:38:28.790   575   575 E audio_route:     id=1 value=1
05-02 13:38:28.790   575   575 E audio_route:   id=1: ctl=VoiceMMode1_Tx Mixer TERT_MI2S_TX_MMode1
05-02 13:38:28.790   575   575 E audio_route:     id=0 value=1
05-02 13:38:28.790   575   575 E audio_route:     id=1 value=1
05-02 13:38:28.790   575   575 D soundtrigger: audio HAL using same device 184 as ST
05-02 13:38:28.790   575   575 D soundtrigger: audio_extn_sound_trigger_update_stream_status: uc_info->id 41 of type 2 for Event 2, with Raise=1
05-02 13:38:28.790   575   575 D soundtrigger: audio_extn_sound_trigger_update_stream_status: send event 12: usecase id 41, type 2
05-02 13:38:28.790   575   575 I sound_trigger_platform: platform_stdev_check_and_update_concurrency: Received STREAM event, event type 12, usecase type 2
05-02 13:38:28.790   575   575 D sound_trigger_platform: platform_stdev_check_and_update_concurrency: dedicated path 0, reset backend 1, tx 1, rx 0,concurrency session not allowed
05-02 13:38:28.790   575   575 D hardware_info: hw_info_append_hw_type : device_name = voice-dmic-ef
05-02 13:38:28.790   575   575 D audio_hw_primary: disable_snd_device: snd_device(184: voice-dmic-ef)
05-02 13:38:28.790   575   575 D msm8974_platform: platform_split_snd_device: snd_device(184) num devices(0) new_snd_devices(0)
05-02 13:38:28.790   575   575 E audio_route: Disable path: voice-dmic-ef
05-02 13:38:28.790   575   575 E audio_route: Path: voice-dmic-ef, length: 7
05-02 13:38:28.790   575   575 E audio_route:   id=0: ctl=ADC1 Volume
05-02 13:38:28.790   575   575 E audio_route:     id=0 value=6
05-02 13:38:28.790   575   575 E audio_route:   id=1: ctl=DEC1 MUX
05-02 13:38:28.790   575   575 E audio_route:     id=0 value=1
05-02 13:38:28.790   575   575 E audio_route:   id=2: ctl=ADC1_INP1 Switch
05-02 13:38:28.790   575   575 E audio_route:     id=0 value=1
05-02 13:38:28.790   575   575 E audio_route:   id=3: ctl=ADC3 Volume
05-02 13:38:28.790   575   575 E audio_route:     id=0 value=6
05-02 13:38:28.790   575   575 E audio_route:   id=4: ctl=DEC2 MUX
05-02 13:38:28.790   575   575 E audio_route:     id=0 value=2
05-02 13:38:28.790   575   575 E audio_route:   id=5: ctl=MI2S_TX Channels
05-02 13:38:28.790   575   575 E audio_route:     id=0 value=1
05-02 13:38:28.791   575   575 E audio_route:   id=6: ctl=ADC2 MUX
05-02 13:38:28.791   575   575 E audio_route:     id=0 value=2
05-02 13:38:28.797   575   575 D soundtrigger: audio HAL using same device 184 as ST
05-02 13:38:28.797   575   575 I soundtrigger: audio_extn_sound_trigger_update_device_status: device 0xb8 of type 1 for Event 0, with Raise=1
05-02 13:38:28.797   575   575 D sound_trigger_platform: platform_stdev_check_and_update_concurrency: Received DEVICE event, event type 0
05-02 13:38:28.797   575   575 D sound_trigger_platform: platform_stdev_check_and_update_concurrency: dedicated path 0, reset backend 1, tx 0, rx 0,concurrency session allowed
05-02 13:38:28.797   575   575 I msm8974_platform: platform_check_and_set_codec_backend_cfg:becf: afe: bitwidth 16, samplerate 48000 channels 2, backend_idx 0 usecase = 41 device (voice-speaker)
05-02 13:38:28.797   575   575 D msm8974_platform: platform_split_snd_device: snd_device(27) num devices(1) new_snd_devices(0)
05-02 13:38:28.797   575   575 I msm8974_platform: platform_check_and_set_codec_backend_cfg: new_snd_devices[0] is 27
05-02 13:38:28.797   575   575 I msm8974_platform: platform_check_codec_backend_cfg:becf: afe: bitwidth 16, samplerate 48000 channels 2, backend_idx 0 usecase = 41 device (voice-speaker)
05-02 13:38:28.797   575   575 D msm8974_platform: platform_get_output_snd_device: enter: output devices(0x2)
05-02 13:38:28.797   575   575 W msm8974_platform: platform_check_codec_backend_cfg:becf: afe:Use default bw and sr for voice/voip calls 
05-02 13:38:28.797   575   575 D msm8974_platform: platform_get_output_snd_device: enter: output devices(0x2)
05-02 13:38:28.797   575   575 D msm8974_platform: platform_check_codec_backend_cfg:becf: afe: playback on codec device not supporting native playback set default Sample Rate(48k)
05-02 13:38:28.797   575   575 I msm8974_platform: platform_check_codec_backend_cfg:becf: afe: Codec selected backend: 0 updated bit width: 16 and sample rate: 48000
05-02 13:38:28.797   575   575 D audio_hw_primary: check_usecases_codec_backend:becf: force routing 0
05-02 13:38:28.797   575   575 D audio_hw_primary: check_usecases_codec_backend:becf: (78) check_usecases curr device: voice-speaker, usecase device:voice-handset backends match 0
05-02 13:38:28.797   575   575 D audio_hw_primary: check_usecases_codec_backend:becf: check_usecases num.of Usecases to switch 0
05-02 13:38:28.797   575   575 D hardware_info: hw_info_append_hw_type : device_name = voice-speaker
05-02 13:38:28.797   575   575 D msm8974_platform: platform_split_snd_device: snd_device(27) num devices(0) new_snd_devices(0)
05-02 13:38:28.797   575   575 D audio_hw_primary: enable_snd_device: snd_device(27: voice-speaker)
05-02 13:38:28.797   575   575 D msm8974_platform: platform_get_island_cfg_on_device:island cfg status on snd_device = (voice-speaker 0)
05-02 13:38:28.797   575   575 I soundtrigger: audio_extn_sound_trigger_update_device_status: device 0x1b of type 0 for Event 1, with Raise=0
05-02 13:38:28.797   575   575 D audio_route: Apply path: voice-speaker
05-02 13:38:28.797   575   575 E audio_route: Enable path: voice-speaker
05-02 13:38:28.797   575   575 E audio_route: Path: voice-speaker, length: 0
05-02 13:38:28.797   575   575 I msm8974_platform: platform_check_and_set_capture_codec_backend_cfg:txbecf: afe: bitwidth 16, samplerate 48000, channel 1 format 1, backend_idx 8 usecase = 41 device (voice-speaker-mic)
05-02 13:38:28.797   575   575 I msm8974_platform: platform_check_capture_codec_backend_cfg:txbecf: afe: Codec selected backend: 8 current bit width: 16 and sample rate: 48000, channels 1 format 1
05-02 13:38:28.797   575   575 W msm8974_platform: platform_check_capture_codec_backend_cfg:txbecf: afe: Use default bw and sr for voice/voip calls and for unprocessed/camera source
05-02 13:38:28.797   575   575 I msm8974_platform: platform_check_capture_codec_backend_cfg:txbecf: afe: current backend bit_width 16 sample_rate 48000 channels 1, format 0
05-02 13:38:28.797   575   575 I msm8974_platform: platform_check_capture_codec_backend_cfg:txbecf: afe: Codec backend needs to be updated. new bit width: 16 new sample rate: 48000 new channel: 1 new format: 1
05-02 13:38:28.797   575   575 I msm8974_platform: platform_set_codec_backend_cfg:becf: afe: bitwidth 16, samplerate 48000 channels 1 format 1, backend_idx 8 device (voice-speaker-mic)
05-02 13:38:28.797   575   575 D audio_hw_primary: check_usecases_capture_codec_backend:becf: force routing 0
05-02 13:38:28.797   575   575 D hardware_info: hw_info_append_hw_type : device_name = voice-speaker-mic
05-02 13:38:28.797   575   575 D msm8974_platform: platform_split_snd_device: snd_device(167) num devices(0) new_snd_devices(0)
05-02 13:38:28.797   575   575 D audio_hw_primary: enable_snd_device: snd_device(167: voice-speaker-mic)
05-02 13:38:28.797   575   575 D msm8974_platform: platform_get_island_cfg_on_device:island cfg status on snd_device = (voice-speaker-mic 0)
05-02 13:38:28.798   575   575 D soundtrigger: audio HAL using same device 167 as ST
05-02 13:38:28.798   575   575 I soundtrigger: audio_extn_sound_trigger_update_device_status: device 0xa7 of type 1 for Event 1, with Raise=1
05-02 13:38:28.798   575   575 D sound_trigger_platform: platform_stdev_check_and_update_concurrency: Received DEVICE event, event type 1
