05-02 13:16:50.671  1287  1379 I chatty  : uid=1000(system) batterystats-wo expire 2 lines
05-02 13:17:00.081  1287  1406 I chatty  : uid=1000(system) PowerManagerSer expire 5 lines
05-02 13:17:00.124  1287  1350 I chatty  : uid=1000(system) android.display expire 1 line
05-02 13:17:01.647  1287  2027 I chatty  : uid=1000(system) uteStateMachine expire 12 lines
05-02 13:17:01.656  1795  1795 I TelecomFramework: TelephonyConnectionService: onAudioStateChanged TC@4_1 [AudioState isMuted: false, route: SPEAKER, supportedRouteMask: EARPIECE, SPEAKER, activeBluetoothDevice: [null], supportedBluetoothDevices: []]: (ICA.sAR->CARSM.pM_USER_SWITCH_SPEAKER)->CS.cASC->H.CS.cASC(ocd/cast)@E-ENI
05-02 13:17:22.327  1287  4037 I chatty  : uid=1000(system) Binder:1287_1B expire 2 lines
05-02 13:17:22.379  1287  2725 I chatty  : uid=1000(system) Binder:1287_1E expire 16 lines
05-02 13:17:22.385  1287  2027 I chatty  : uid=1000(system) uteStateMachine expire 6 lines
05-02 13:17:22.408  1287  2028 I chatty  : uid=1000(system) CallAudioModeSt expire 3 lines
05-02 13:17:22.408  1287  2023 I chatty  : uid=1000(system) BluetoothRouteM expire 1 line
05-02 13:17:22.411  1287  3934 I chatty  : uid=1000 system_server expire 1 line
05-02 13:17:22.473  1287  1287 I chatty  : uid=1000 system_server expire 13 lines
05-02 13:17:22.549  1287  4037 I chatty  : uid=1000(system) Binder:1287_1B expire 2 lines
05-02 13:17:22.759  1287  1367 I chatty  : uid=1000(system) ActivityManager expire 1 line
05-02 13:17:22.760  1287  1368 I chatty  : uid=1000(system) ActivityManager expire 2 lines
05-02 13:17:23.598  1287  1287 I chatty  : uid=1000 system_server expire 6 lines
05-02 13:17:23.621  1287  2028 I chatty  : uid=1000(system) CallAudioModeSt expire 3 lines
05-02 13:17:23.621  1287  2027 I chatty  : uid=1000(system) uteStateMachine expire 9 lines
05-02 13:17:24.130  1287  1367 I chatty  : uid=1000(system) ActivityManager expire 3 lines
05-02 13:17:24.571  1287  4037 I chatty  : uid=1000(system) Binder:1287_1B expire 17 lines
05-02 13:17:24.587  3579  3579 W ContextImpl: Calling a method in the system process without a qualified user: android.app.ContextImpl.sendBroadcast:1126 android.content.ContextWrapper.sendBroadcast:473 com.android.incallui.MotorolaInCallUiNotifier.sendInCallUiBroadcast:75 com.android.incallui.MotorolaInCallUiNotifier.onStateChange:64 com.android.incallui.InCallPresenter.onCallListChange:1116 
05-02 13:17:24.861  3579  3643 W ContextImpl: Calling a method in the system process without a qualified user: android.app.ContextImpl.sendBroadcast:1111 android.content.ContextWrapper.sendBroadcast:468 com.android.dialer.database.DialerDatabaseHelper.updateSmartDialDatabase:884 com.android.dialer.database.DialerDatabaseHelper.lambda$startSmartDialUpdateThread$0$DialerDatabaseHelper:358 com.android.dialer.database.-$$Lambda$DialerDatabaseHelper$PmaZioZincgK-Q97aU7q5zBCRZ0.call:4 
05-02 13:17:25.106  1287  1350 I chatty  : uid=1000(system) android.display expire 8 lines
05-02 13:17:25.136  1287  1367 I chatty  : uid=1000(system) ActivityManager expire 4 lines
05-02 13:17:25.168  1287  1434 I chatty  : uid=1000(system) Binder:1287_15 expire 4 lines
05-02 13:17:28.373  1287  4037 I chatty  : uid=1000(system) Binder:1287_1B expire 18 lines
05-02 13:17:28.389  1287  1287 I chatty  : uid=1000 system_server expire 8 lines
05-02 13:17:28.498  1287  4037 I chatty  : uid=1000(system) Binder:1287_1B expire 13 lines
05-02 13:17:28.511  1287  1310 I chatty  : uid=1000(system) Binder:1287_1 expire 17 lines
05-02 13:17:28.725  1287  4087 I chatty  : uid=1000 system_server expire 19 lines
05-02 13:17:28.732  1287  4037 I chatty  : uid=1000(system) Binder:1287_1B expire 12 lines
05-02 13:17:28.749  1795  1795 I TelecomFramework: TelephonyConnectionService: notifyCreateConnectionComplete TC@5_1: (...->CSW.hCCC)->CS.crCoC->H.CS.crCoC(cap/cast)@E-E-E-EWk
05-02 13:17:28.751  1287  1434 I chatty  : uid=1000(system) Binder:1287_15 expire 4 lines
05-02 13:17:28.774  1287  1287 I chatty  : uid=1000 system_server expire 3 lines
05-02 13:17:28.810  1287  4088 I chatty  : uid=1000 system_server expire 1 line
05-02 13:17:28.842  1287  4087 I chatty  : uid=1000 system_server expire 12 lines
05-02 13:17:28.855  1287  2027 I chatty  : uid=1000(system) uteStateMachine expire 12 lines
05-02 13:17:28.855  1287  2028 I chatty  : uid=1000(system) CallAudioModeSt expire 7 lines
05-02 13:17:28.895  1795  1795 I TelecomFramework: TelephonyConnectionService: onAudioStateChanged TC@5_1 [AudioState isMuted: false, route: EARPIECE, supportedRouteMask: EARPIECE, SPEAKER, activeBluetoothDevice: [null], supportedBluetoothDevices: []]: (...->CSW.hCCC->ICFG.sF->ICFG.sF->CILH.sL->CILH.oQC->BCF.gBS->BCF.gBS->ICFG.sF->ICFG.sF->ICFG.sF->ICFG.sF->ICFG.sF->ICFG.sF->ICFG.sF->CARSM.pM_UPDATE_SYSTEM_AUDIO_ROUTE)->CS.cASC->H.CS.cASC(cap/cast/cast)@E-E-E-EWk
05-02 13:17:28.902  1287  4037 I chatty  : uid=1000(system) Binder:1287_1B expire 1 line
05-02 13:17:28.956  3579  3663 W ContextImpl: Calling a method in the system process without a qualified user: android.app.ContextImpl.sendBroadcast:1111 android.content.ContextWrapper.sendBroadcast:468 com.android.dialer.database.DialerDatabaseHelper.updateSmartDialDatabase:884 com.android.dialer.database.DialerDatabaseHelper.lambda$startSmartDialUpdateThread$0$DialerDatabaseHelper:358 com.android.dialer.database.-$$Lambda$DialerDatabaseHelper$PmaZioZincgK-Q97aU7q5zBCRZ0.call:4 
05-02 13:17:29.035  1287   396 I chatty  : uid=1000 system_server expire 4 lines
05-02 13:17:29.053  1287  1347 I chatty  : uid=1000(system) android.fg expire 1 line
05-02 13:17:29.189  3579  3579 W ContextImpl: Calling a method in the system process without a qualified user: android.app.ContextImpl.bindService:1748 android.content.ContextWrapper.bindService:756 org.codeaurora.ims.QtiImsExtConnector.bindQtiImsExtService:113 org.codeaurora.ims.QtiImsExtConnector.connect:88 com.android.incallui.BottomSheetHelper.setUp:141 
05-02 13:17:29.219  1795  1795 I TelecomFramework: TelephonyConnectionService: onAudioStateChanged TC@5_1 [AudioState isMuted: false, route: EARPIECE, supportedRouteMask: EARPIECE, SPEAKER, activeBluetoothDevice: [null], supportedBluetoothDevices: []]: (...->CSW.hCCC->ICFG.sF->ICFG.sF->CILH.sL->CILH.oQC->BCF.gBS->BCF.gBS->ICFG.sF->ICFG.sF->ICFG.sF->ICFG.sF->ICFG.sF->ICFG.sF->ICFG.sF->CAMSM.pM_2002->CARSM.pM_SWITCH_FOCUS)->CS.cASC->H.CS.cASC(cap/cast/cast)@E-E-E-EWk
05-02 13:17:29.222  1287  1287 I chatty  : uid=1000 system_server expire 5 lines
05-02 13:17:29.241  1287   396 I chatty  : uid=1000 system_server expire 3 lines
05-02 13:17:29.276  1287  1347 I chatty  : uid=1000(system) android.fg expire 3 lines
05-02 13:17:31.012  3579  3579 W ContextImpl: Calling a method in the system process without a qualified user: android.app.ContextImpl.startActivity:993 android.content.ContextWrapper.startActivity:403 com.android.incallui.InCallPresenter.showInCall:2031 com.android.incallui.NotificationBroadcastReceiver.answerIncomingCallCallback:211 com.android.incallui.NotificationBroadcastReceiver.access$000:43 
05-02 13:17:31.012  3579  3579 W ContextImpl: Calling a method in the system process without a qualified user: android.app.ContextImpl.startActivity:1005 android.app.ContextImpl.startActivity:994 android.content.ContextWrapper.startActivity:403 com.android.incallui.InCallPresenter.showInCall:2031 com.android.incallui.NotificationBroadcastReceiver.answerIncomingCallCallback:211 
05-02 13:17:31.015  1287  3351 I chatty  : uid=1000(system) Binder:1287_19 expire 11 lines
05-02 13:17:31.016  1287  2027 I chatty  : uid=1000(system) uteStateMachine expire 5 lines
05-02 13:17:31.020  1287  2032 I chatty  : uid=1000(system) ConnectionSvrFo expire 13 lines
05-02 13:17:31.024  1795  1795 I TelecomFramework: TelephonyConnectionService: answer TC@5_1: (ICA.aC->CSFM.rF)->CS.an->H.CS.an(ocd/cast)@E-EcI
05-02 13:17:31.048  1287  2028 I chatty  : uid=1000(system) CallAudioModeSt expire 2 lines
05-02 13:17:31.056  1287  1382 I chatty  : uid=1000(system) Binder:1287_1C expire 12 lines
05-02 13:17:31.106  3579  3579 W ContextImpl: Calling a method in the system process without a qualified user: android.app.ContextImpl.sendBroadcast:1111 android.content.ContextWrapper.sendBroadcast:468 com.android.incallui.InCallActivity.onCreate:296 android.app.Activity.performCreate:8161 android.app.Activity.performCreate:8145 
05-02 13:17:31.249  1287  1310 I chatty  : uid=1000(system) Binder:1287_1 expire 5 lines
05-02 13:17:31.307  1287  2474 I chatty  : uid=1000(system) Binder:1287_C expire 18 lines
05-02 13:17:31.336  3579  3579 W ContextImpl: Calling a method in the system process without a qualified user: android.app.ContextImpl.sendBroadcast:1126 android.content.ContextWrapper.sendBroadcast:473 com.android.incallui.MotorolaInCallUiNotifier.sendInCallUiBroadcast:75 com.android.incallui.MotorolaInCallUiNotifier.onUiShowing:55 com.android.incallui.InCallPresenter.onUiShowing:1527 
05-02 13:17:31.347  1287  4037 I chatty  : uid=1000(system) Binder:1287_1B expire 1 line
05-02 13:17:31.461  1287  3351 I chatty  : uid=1000(system) Binder:1287_19 expire 11 lines
05-02 13:17:31.480  1287  2028 I chatty  : uid=1000(system) CallAudioModeSt expire 3 lines
05-02 13:17:31.480  1287  2027 I chatty  : uid=1000(system) uteStateMachine expire 37 lines
05-02 13:17:32.161  1287  1406 I chatty  : uid=1000(system) PowerManagerSer expire 8 lines
05-02 13:17:32.613  1795  1795 I TelecomFramework: TelephonyConnectionService: onAudioStateChanged TC@5_1 [AudioState isMuted: false, route: SPEAKER, supportedRouteMask: EARPIECE, SPEAKER, activeBluetoothDevice: [null], supportedBluetoothDevices: []]: (ICA.sAR->CARSM.pM_USER_SWITCH_SPEAKER)->CS.cASC->H.CS.cASC(ocd/cast)@E-Eik
05-02 13:17:36.339  1795  1795 I TelecomFramework: TelephonyConnectionService: onAudioStateChanged TC@5_1 [AudioState isMuted: false, route: EARPIECE, supportedRouteMask: EARPIECE, SPEAKER, activeBluetoothDevice: [null], supportedBluetoothDevices: []]: (ICA.sAR->CARSM.pM_USER_SWITCH_BASELINE_ROUTE->CARSM.pM_USER_SWITCH_EARPIECE)->CS.cASC->H.CS.cASC(ocd/cast)@E-Eis
05-02 13:17:37.322  1287  1350 I chatty  : uid=1000(system) android.display expire 2 lines
05-02 13:17:37.325  1287  1379 I chatty  : uid=1000(system) batterystats-wo expire 2 lines
05-02 13:17:41.603  1795  1795 I TelecomFramework: TelephonyConnectionService: onAudioStateChanged TC@5_1 [AudioState isMuted: false, route: SPEAKER, supportedRouteMask: EARPIECE, SPEAKER, activeBluetoothDevice: [null], supportedBluetoothDevices: []]: (ICA.sAR->CARSM.pM_USER_SWITCH_SPEAKER)->CS.cASC->H.CS.cASC(ocd/cast)@E-Ei0
05-02 13:17:45.311  1287  1367 I chatty  : uid=1000(system) ActivityManager expire 4 lines
05-02 13:17:46.337  1287  2027 I chatty  : uid=1000(system) uteStateMachine expire 22 lines
05-02 13:17:46.345  1795  1795 I TelecomFramework: TelephonyConnectionService: onAudioStateChanged TC@5_1 [AudioState isMuted: false, route: EARPIECE, supportedRouteMask: EARPIECE, SPEAKER, activeBluetoothDevice: [null], supportedBluetoothDevices: []]: (ICA.sAR->CARSM.pM_USER_SWITCH_BASELINE_ROUTE->CARSM.pM_USER_SWITCH_EARPIECE)->CS.cASC->H.CS.cASC(ocd/cast)@E-Ei8
05-02 13:17:46.631  1287  1406 I chatty  : uid=1000(system) PowerManagerSer expire 7 lines
05-02 13:17:49.958  1287  1379 I chatty  : uid=1000(system) batterystats-wo expire 2 lines
05-02 13:17:49.964  1287  1350 I chatty  : uid=1000(system) android.display expire 2 lines
05-02 13:18:12.871  1795  1795 I TelecomFramework: TelephonyConnectionService: onAudioStateChanged TC@5_1 [AudioState isMuted: false, route: SPEAKER, supportedRouteMask: EARPIECE, SPEAKER, activeBluetoothDevice: [null], supportedBluetoothDevices: []]: (ICA.sAR->CARSM.pM_USER_SWITCH_SPEAKER)->CS.cASC->H.CS.cASC(ocd/cast)@E-EjE
05-02 13:18:12.871  1287  2027 I chatty  : uid=1000(system) uteStateMachine expire 24 lines
05-02 13:18:16.763  1795  1795 I TelecomFramework: TelephonyConnectionService: onAudioStateChanged TC@5_1 [AudioState isMuted: false, route: EARPIECE, supportedRouteMask: EARPIECE, SPEAKER, activeBluetoothDevice: [null], supportedBluetoothDevices: []]: (ICA.sAR->CARSM.pM_USER_SWITCH_BASELINE_ROUTE->CARSM.pM_USER_SWITCH_EARPIECE)->CS.cASC->H.CS.cASC(ocd/cast)@E-EjM
05-02 13:18:17.049  1287  1406 I chatty  : uid=1000(system) PowerManagerSer expire 1 line
05-02 13:18:23.508  1287  1287 I chatty  : uid=1000 system_server expire 4 lines
05-02 13:18:23.512  1287  1367 I chatty  : uid=1000(system) ActivityManager expire 7 lines
05-02 13:18:31.819  1795  1795 I TelecomFramework: TelephonyConnectionService: onAudioStateChanged TC@5_1 [AudioState isMuted: false, route: SPEAKER, supportedRouteMask: EARPIECE, SPEAKER, activeBluetoothDevice: [null], supportedBluetoothDevices: []]: (ICA.sAR->CARSM.pM_USER_SWITCH_SPEAKER)->CS.cASC->H.CS.cASC(ocd/cast)@E-EkM
05-02 13:18:31.819  1287  2027 I chatty  : uid=1000(system) uteStateMachine expire 2 lines
05-02 13:18:33.975  1287  4037 I chatty  : uid=1000(system) Binder:1287_1B expire 11 lines
05-02 13:18:34.011  1287  3351 I chatty  : uid=1000(system) Binder:1287_19 expire 12 lines
05-02 13:18:34.040  1287  1350 I chatty  : uid=1000(system) android.display expire 1 line
05-02 13:18:34.840  1287  1366 I chatty  : uid=1000(system) android.bg expire 1 line
05-02 13:18:38.724  1287  1620 I chatty  : uid=1000(system) Binder:1287_16 expire 7 lines
05-02 13:18:38.750  1287  1620 E ActivityTaskManager: Unable to get servicetracker HAL instance
05-02 13:18:38.751  1287  1620 W ActivityTaskManager: servicetracker HIDL not available
05-02 13:18:38.751  1287  1620 E ActivityTaskManager: Unable to get servicetracker HAL instance
05-02 13:18:38.752  1287  1620 W ActivityTaskManager: servicetracker HIDL not available
05-02 13:18:38.752  1287  1620 E ActivityTaskManager: Unable to get servicetracker HAL instance
05-02 13:18:38.774  1287  2725 W ActivityTaskManager: servicetracker HIDL not available
05-02 13:18:38.774  1287  2725 E ActivityTaskManager: Unable to get servicetracker HAL instance
05-02 13:18:38.775  1287  2725 W ActivityTaskManager: servicetracker HIDL not available
05-02 13:18:38.775  1287  2725 E ActivityTaskManager: Unable to get servicetracker HAL instance
05-02 13:18:38.778  1287  2725 W ActivityTaskManager: servicetracker HIDL not available
05-02 13:18:38.778  1287  2725 E ActivityTaskManager: Unable to get servicetracker HAL instance
05-02 13:18:38.781  1287  2725 W ActivityTaskManager: servicetracker HIDL not available
05-02 13:18:38.781  1287  2725 E ActivityTaskManager: Unable to get servicetracker HAL instance
05-02 13:18:38.783  1287  2725 W ActivityTaskManager: servicetracker HIDL not available
05-02 13:18:38.783  1287  2725 E ActivityTaskManager: Unable to get servicetracker HAL instance
05-02 13:18:38.784  1287  2725 I ActivityTaskManager: The Process com.android.settings Already Exists in BG. So sending its PID: 3468
05-02 13:18:38.785  1287  2725 W ActivityTaskManager: Tried to set launchTime (0) < mLastActivityLaunchTime (13243342)
05-02 13:18:38.788  1287  2725 W ActivityTaskManager: servicetracker HIDL not available
05-02 13:18:38.788  1287  2725 E ActivityTaskManager: Unable to get servicetracker HAL instance
05-02 13:18:38.789  1287  2725 W ActivityTaskManager: servicetracker HIDL not available
05-02 13:18:38.789  1287  2725 E ActivityTaskManager: Unable to get servicetracker HAL instance
05-02 13:18:38.837  3468  3996 E ActivityThread: Failed to find provider info for com.qti.smq.Feedback.provider
05-02 13:18:38.970  1287  4037 E UserRestrictionsUtils: Unknown restriction queried by uid 1000 (com.teleepoch.AutoTests et al): null
05-02 13:18:38.980  1287  4037 I chatty  : uid=1000(system) Binder:1287_1B identical 4 lines
05-02 13:18:38.981  1287  4037 E UserRestrictionsUtils: Unknown restriction queried by uid 1000 (com.teleepoch.AutoTests et al): null
05-02 13:18:39.956  1287  1350 W ActivityTaskManager: servicetracker HIDL not available
05-02 13:18:39.956  1287  1350 E ActivityTaskManager: Unable to get servicetracker HAL instance
05-02 13:18:39.957  1287  1350 W ActivityTaskManager: servicetracker HIDL not available
05-02 13:18:39.957  1287  1350 E ActivityTaskManager: Unable to get servicetracker HAL instance
05-02 13:18:39.960  1287  1350 W ActivityTaskManager: servicetracker HIDL not available
05-02 13:18:39.960  1287  1350 E ActivityTaskManager: Unable to get servicetracker HAL instance
05-02 13:18:39.961  1287  1350 W ActivityTaskManager: servicetracker HIDL not available
05-02 13:18:39.961  1287  1350 E ActivityTaskManager: Unable to get servicetracker HAL instance
05-02 13:18:39.963  1287  1350 W ActivityTaskManager: servicetracker HIDL not available
05-02 13:18:39.963  1287  1350 E ActivityTaskManager: Unable to get servicetracker HAL instance
05-02 13:18:39.964  1287  1350 W ActivityTaskManager: servicetracker HIDL not available
05-02 13:18:39.964  1287  1350 E ActivityTaskManager: Unable to get servicetracker HAL instance
05-02 13:18:40.014  1287  2725 W ActivityTaskManager: servicetracker HIDL not available
05-02 13:18:40.014  1287  2725 E ActivityTaskManager: Unable to get servicetracker HAL instance
05-02 13:18:40.016  1287  2725 W ActivityTaskManager: servicetracker HIDL not available
05-02 13:18:40.016  1287  2725 E ActivityTaskManager: Unable to get servicetracker HAL instance
05-02 13:18:40.019  1287  2474 W ActivityTaskManager: servicetracker HIDL not available
05-02 13:18:40.019  1287  2474 E ActivityTaskManager: Unable to get servicetracker HAL instance
05-02 13:18:40.020  1287  2474 W ActivityTaskManager: servicetracker HIDL not available
05-02 13:18:40.020  1287  2474 E ActivityTaskManager: Unable to get servicetracker HAL instance
05-02 13:18:44.586  1287  2725 W ActivityTaskManager: servicetracker HIDL not available
05-02 13:18:44.586  1287  2725 E ActivityTaskManager: Unable to get servicetracker HAL instance
05-02 13:18:44.588  1287  2725 W ActivityTaskManager: servicetracker HIDL not available
05-02 13:18:44.588  1287  2725 E ActivityTaskManager: Unable to get servicetracker HAL instance
05-02 13:18:44.630  1287  1434 W ActivityTaskManager: servicetracker HIDL not available
05-02 13:18:44.630  1287  1434 E ActivityTaskManager: Unable to get servicetracker HAL instance
05-02 13:18:44.631  1287  1434 W ActivityTaskManager: servicetracker HIDL not available
05-02 13:18:44.631  1287  1434 E ActivityTaskManager: Unable to get servicetracker HAL instance
05-02 13:18:44.632  1287  1434 W ActivityTaskManager: servicetracker HIDL not available
05-02 13:18:44.632  1287  1434 E ActivityTaskManager: Unable to get servicetracker HAL instance
05-02 13:18:44.633  1287  1434 W ActivityTaskManager: servicetracker HIDL not available
05-02 13:18:44.633  1287  1434 E ActivityTaskManager: Unable to get servicetracker HAL instance
05-02 13:18:44.635  1287  1434 W ActivityTaskManager: servicetracker HIDL not available
05-02 13:18:44.635  1287  1434 E ActivityTaskManager: Unable to get servicetracker HAL instance
05-02 13:18:44.637  1287  1434 W ActivityTaskManager: servicetracker HIDL not available
05-02 13:18:44.637  1287  1434 E ActivityTaskManager: Unable to get servicetracker HAL instance
05-02 13:18:44.734  1287  2725 W ActivityTaskManager: servicetracker HIDL not available
05-02 13:18:44.734  1287  2725 E ActivityTaskManager: Unable to get servicetracker HAL instance
05-02 13:18:44.735  1287  2725 W ActivityTaskManager: servicetracker HIDL not available
05-02 13:18:44.735  1287  2725 E ActivityTaskManager: Unable to get servicetracker HAL instance
05-02 13:18:44.737  1287  2725 W ActivityTaskManager: servicetracker HIDL not available
05-02 13:18:44.737  1287  2725 E ActivityTaskManager: Unable to get servicetracker HAL instance
05-02 13:18:44.738  1287  2725 W ActivityTaskManager: servicetracker HIDL not available
05-02 13:18:44.738  1287  2725 E ActivityTaskManager: Unable to get servicetracker HAL instance
05-02 13:18:44.772  1287  4037 W ActivityTaskManager: servicetracker HIDL not available
05-02 13:18:44.772  1287  4037 E ActivityTaskManager: Unable to get servicetracker HAL instance
05-02 13:18:44.773  1287  4037 W ActivityTaskManager: servicetracker HIDL not available
05-02 13:18:44.773  1287  4037 E ActivityTaskManager: Unable to get servicetracker HAL instance
05-02 13:18:45.745  1287  2027 I Telecom : CallAudioRouteStateMachine: Message received: USER_SWITCH_BASELINE_ROUTE=1105, arg1=0: ICA.sAR->CARSM.pM_USER_SWITCH_BASELINE_ROUTE(ocd)@ElI
05-02 13:18:45.745  1287  2027 I Telecom : ActiveSpeakerRoute: Processing message USER_SWITCH_BASELINE_ROUTE: ICA.sAR->CARSM.pM_USER_SWITCH_BASELINE_ROUTE(ocd)@ElI
05-02 13:18:45.746  1287  2027 I Telecom : CallAudioRouteStateMachine: Message received: USER_SWITCH_EARPIECE=1101, arg1=0: ICA.sAR->CARSM.pM_USER_SWITCH_BASELINE_ROUTE->CARSM.pM_USER_SWITCH_EARPIECE(ocd)@ElI
05-02 13:18:45.746  1287  2027 I Telecom : ActiveSpeakerRoute: Processing message USER_SWITCH_EARPIECE: ICA.sAR->CARSM.pM_USER_SWITCH_BASELINE_ROUTE->CARSM.pM_USER_SWITCH_EARPIECE(ocd)@ElI
05-02 13:18:45.746  1287  2027 I Telecom : Event: RecordEntry TC@5: AUDIO_ROUTE, Leaving state ActiveSpeakerRoute: ICA.sAR->CARSM.pM_USER_SWITCH_BASELINE_ROUTE->CARSM.pM_USER_SWITCH_EARPIECE(ocd)@ElI
05-02 13:18:45.748  1287  2027 I Telecom : Event: RecordEntry TC@5: AUDIO_ROUTE, Entering state ActiveEarpieceRoute: ICA.sAR->CARSM.pM_USER_SWITCH_BASELINE_ROUTE->CARSM.pM_USER_SWITCH_EARPIECE(ocd)@ElI
05-02 13:18:45.749  1287  2027 I Telecom : Event: RecordEntry TC@5: AUDIO_ROUTE_EARPIECE, null: ICA.sAR->CARSM.pM_USER_SWITCH_BASELINE_ROUTE->CARSM.pM_USER_SWITCH_EARPIECE(ocd)@ElI
05-02 13:18:45.749  1287  2027 I Telecom : CallAudioRouteStateMachine: turning speaker phone false: ICA.sAR->CARSM.pM_USER_SWITCH_BASELINE_ROUTE->CARSM.pM_USER_SWITCH_EARPIECE(ocd)@ElI
05-02 13:18:45.751  1287  2027 I Telecom : CallAudioRouteStateMachine: setSystemAudioState: changing from [AudioState isMuted: false, route: SPEAKER, supportedRouteMask: EARPIECE, SPEAKER, activeBluetoothDevice: [null], supportedBluetoothDevices: []] to [AudioState isMuted: false, route: EARPIECE, supportedRouteMask: EARPIECE, SPEAKER, activeBluetoothDevice: [null], supportedBluetoothDevices: []]: ICA.sAR->CARSM.pM_USER_SWITCH_BASELINE_ROUTE->CARSM.pM_USER_SWITCH_EARPIECE(ocd)@ElI
05-02 13:18:45.752  1287  2027 I Telecom : InCallController: Calling onAudioStateChanged, audioState: [AudioState isMuted: false, route: SPEAKER, supportedRouteMask: EARPIECE, SPEAKER, activeBluetoothDevice: [null], supportedBluetoothDevices: []] -> [AudioState isMuted: false, route: EARPIECE, supportedRouteMask: EARPIECE, SPEAKER, activeBluetoothDevice: [null], supportedBluetoothDevices: []]: ICA.sAR->CARSM.pM_USER_SWITCH_BASELINE_ROUTE->CARSM.pM_USER_SWITCH_EARPIECE(ocd)@ElI
05-02 13:18:45.753  1287  2027 I Telecom : BluetoothRouteManager: getBluetoothAudioConnectedDevice: no service available.: ICA.sAR->CARSM.pM_USER_SWITCH_BASELINE_ROUTE->CARSM.pM_USER_SWITCH_EARPIECE(ocd)@ElI
05-02 13:18:45.753  1287  2027 I Telecom : CallAudioRouteStateMachine: Message received: SPEAKER_OFF=1007, arg1=0: CARSM.mSPCR->CARSM.pM_SPEAKER_OFF@ElM
05-02 13:18:45.753  1287  2027 I Telecom : ActiveEarpieceRoute: Processing message SPEAKER_OFF: CARSM.mSPCR->CARSM.pM_SPEAKER_OFF@ElM
05-02 13:18:45.754  1795  1795 I TelecomFramework: TelephonyConnectionService: onAudioStateChanged TC@5_1 [AudioState isMuted: false, route: EARPIECE, supportedRouteMask: EARPIECE, SPEAKER, activeBluetoothDevice: [null], supportedBluetoothDevices: []]: (ICA.sAR->CARSM.pM_USER_SWITCH_BASELINE_ROUTE->CARSM.pM_USER_SWITCH_EARPIECE)->CS.cASC->H.CS.cASC(ocd/cast)@E-ElI
05-02 13:18:46.041  1287  1406 I DisplayPowerController: No longer ignoring proximity [0]
05-02 13:18:46.842  1287  1406 I DisplayPowerController: No longer ignoring proximity [1]
05-02 13:18:46.857  1287  1406 V DisplayPowerController: Brightness [-1.0] reason changing to: 'screen_off', previous reason: 'manual'.
05-02 13:18:46.858  1287  1406 D DisplayPowerController: Set keyboard light, setting enabled: 1, /sys/class/leds/keyboard_light/brightness = 255
05-02 13:18:46.862  1287  1379 E KernelCpuSpeedReader: Failed to read cpu-freq: /sys/devices/system/cpu/cpu0/cpufreq/stats/time_in_state: open failed: ENOENT (No such file or directory)
05-02 13:18:46.869  1287  1350 I DisplayManagerService: Display device changed state: "Built-in Screen", OFF
05-02 13:18:47.446  1287  1406 I DisplayPowerController: No longer ignoring proximity [0]
05-02 13:18:47.461  1287  1406 V DisplayPowerController: Brightness [0.27559325] reason changing to: 'manual', previous reason: 'screen_off'.
05-02 13:18:47.462  1287  1379 E KernelCpuSpeedReader: Failed to read cpu-freq: /sys/devices/system/cpu/cpu0/cpufreq/stats/time_in_state: open failed: ENOENT (No such file or directory)
05-02 13:18:47.462  1287  1406 D DisplayPowerController: Set keyboard light, setting enabled: 1, /sys/class/leds/keyboard_light/brightness = 255
05-02 13:18:47.478  1287  1350 I DisplayManagerService: Display device changed state: "Built-in Screen", ON
05-02 13:18:48.150  1287  1406 I DisplayPowerController: No longer ignoring proximity [1]
05-02 13:18:48.166  1287  1406 V DisplayPowerController: Brightness [-1.0] reason changing to: 'screen_off', previous reason: 'manual'.
05-02 13:18:48.167  1287  1406 D DisplayPowerController: Set keyboard light, setting enabled: 1, /sys/class/leds/keyboard_light/brightness = 255
05-02 13:18:48.168  1287  1350 I DisplayManagerService: Display device changed state: "Built-in Screen", OFF
05-02 13:18:48.171  1287  1379 E KernelCpuSpeedReader: Failed to read cpu-freq: /sys/devices/system/cpu/cpu0/cpufreq/stats/time_in_state: open failed: ENOENT (No such file or directory)
05-02 13:19:51.205  1287  1379 E KernelCpuSpeedReader: Failed to read cpu-freq: /sys/devices/system/cpu/cpu0/cpufreq/stats/time_in_state: open failed: ENOENT (No such file or directory)
05-02 13:19:52.023  1287  1367 I DropBoxManagerService: add tag=system_server_wtf isTagEnabled=true flags=0x2
05-02 13:19:53.028  1287  1367 I chatty  : uid=1000(system) ActivityManager identical 2 lines
05-02 13:19:53.037  1287  1367 I DropBoxManagerService: add tag=system_server_wtf isTagEnabled=true flags=0x2
05-02 13:20:06.438  1287  1406 I DisplayPowerController: No longer ignoring proximity [0]
05-02 13:20:06.453  1287  1406 V DisplayPowerController: Brightness [0.27559325] reason changing to: 'manual', previous reason: 'screen_off'.
05-02 13:20:06.454  1287  1406 D DisplayPowerController: Set keyboard light, setting enabled: 1, /sys/class/leds/keyboard_light/brightness = 255
05-02 13:20:06.457  1287  1379 E KernelCpuSpeedReader: Failed to read cpu-freq: /sys/devices/system/cpu/cpu0/cpufreq/stats/time_in_state: open failed: ENOENT (No such file or directory)
05-02 13:20:06.474  1287  1350 I DisplayManagerService: Display device changed state: "Built-in Screen", ON
05-02 13:20:06.813  1287  1367 W BroadcastQueue: Background execution not allowed: receiving Intent { act=android.intent.action.DROPBOX_ENTRY_ADDED flg=0x10 (has extras) } to com.google.android.gms/.stats.service.DropBoxEntryAddedReceiver
05-02 13:20:06.813  1287  1367 W BroadcastQueue: Background execution not allowed: receiving Intent { act=android.intent.action.DROPBOX_ENTRY_ADDED flg=0x10 (has extras) } to com.google.android.gms/.chimera.GmsIntentOperationService$PersistentTrustedReceiver
05-02 13:20:09.522  1287  1406 I DisplayPowerController: No longer ignoring proximity [1]
05-02 13:20:09.537  1287  1406 V DisplayPowerController: Brightness [-1.0] reason changing to: 'screen_off', previous reason: 'manual'.
05-02 13:20:09.538  1287  1406 D DisplayPowerController: Set keyboard light, setting enabled: 1, /sys/class/leds/keyboard_light/brightness = 255
05-02 13:20:09.540  1287  1350 I DisplayManagerService: Display device changed state: "Built-in Screen", OFF
05-02 13:20:09.552  1287  1379 E KernelCpuSpeedReader: Failed to read cpu-freq: /sys/devices/system/cpu/cpu0/cpufreq/stats/time_in_state: open failed: ENOENT (No such file or directory)
05-02 13:20:09.616   926   926 W wificond: Scan is not started. Ignore abort request
05-02 13:20:09.776  1287  1482 D ConnectivityService: registerNetworkAgent NetworkAgentInfo{ ni{[type: WIFI[], state: UNKNOWN/IDLE, reason: (unspecified), extra: , failover: false, available: true, roaming: false]}  network{111}  nethandle{480147066893}  lp{{InterfaceName: wlan0 LinkAddresses: [ ] DnsAddresses: [ ] Domains: null MTU: 0 Routes: [ ]}}  nc{[ Transports: WIFI Capabilities: NOT_METERED&INTERNET&NOT_RESTRICTED&TRUSTED&NOT_VPN&NOT_ROAMING&FOREGROUND&NOT_CONGESTED&NOT_SUSPENDED LinkUpBandwidth>=72000Kbps LinkDnBandwidth>=72000Kbps OwnerUid: 1000 SSID: "Onukwuknop" RequestorUid: -1 RequestorPackageName: null]}  Score{20}  everValidated{false}  lastValidated{false}  created{false} lingering{false} explicitlySelected{false} acceptUnvalidated{false} everCaptivePortalDetected{false} lastCaptivePortalDetected{false} partialConnectivity{false} acceptPartialConnectivity{false} clat{mBaseIface: null, mIface: null, mState: IDLE} }
05-02 13:20:09.790  1287  1486 D ConnectivityService: [111 WIFI] EVENT_NETWORK_INFO_CHANGED, going from UNKNOWN to UNKNOWN
05-02 13:20:09.852  1287  1486 D ConnectivityService: NetReassign [no changes]
05-02 13:20:09.868  1287  1486 I Nat464Xlat: Android Xlat is disabled
05-02 13:20:09.868  1287  1486 I Nat464Xlat: Android Xlat is disabled
05-02 13:20:10.003  1287  1486 E ConnectivityService: Exception in networkAddRouteParcel for non-gateway: android.os.ServiceSpecificException: Machine is not on the network (code 64)
05-02 13:20:10.004  1287  1486 E ConnectivityService: Exception in networkAddRouteParcel for gateway: android.os.ServiceSpecificException: Machine is not on the network (code 64)
05-02 13:20:10.004  1287  1486 D ConnectivityService: Setting DNS servers for network 111 to []
05-02 13:20:10.005  1287  1486 I Nat464Xlat: Android Xlat is disabled
05-02 13:20:10.005  1287  1486 I Nat464Xlat: Android Xlat is disabled
05-02 13:20:10.076  1287  1486 D ConnectivityService: Setting DNS servers for network 111 to [/192.168.1.2]
05-02 13:20:10.077  1287  1486 I Nat464Xlat: Android Xlat is disabled
05-02 13:20:10.077  1287  1486 I Nat464Xlat: Android Xlat is disabled
05-02 13:20:10.156  1287  1486 D ConnectivityService: [111 WIFI] EVENT_NETWORK_INFO_CHANGED, going from UNKNOWN to CONNECTED
05-02 13:20:10.158  1287  1486 D DnsManager: sendDnsConfigurationForNetwork(111, [192.168.1.2], [home.arpa], 1800, 25, 8, 64, 0, 0, , [])
05-02 13:20:10.159  1287  1486 W DnsManager: updatePrivateDns(111, PrivateDnsConfig{true:/[]})
05-02 13:20:10.160  1287  1486 D ConnectivityService: Setting DNS servers for network 111 to [/192.168.1.2]
05-02 13:20:10.160  1287  1486 D DnsManager: sendDnsConfigurationForNetwork(111, [192.168.1.2], [home.arpa], 1800, 25, 8, 64, 0, 0, , [192.168.1.2])
05-02 13:20:10.162  1287  1486 D ConnectivityService: Adding iface wlan0 to network 111
05-02 13:20:10.214  1287  1486 D ConnectivityService: Setting DNS servers for network 111 to [/192.168.1.2]
05-02 13:20:10.215  1287  1486 D DnsManager: sendDnsConfigurationForNetwork(111, [192.168.1.2], [home.arpa], 1800, 25, 8, 64, 0, 0, , [192.168.1.2])
05-02 13:20:10.217  1287  1486 I Nat464Xlat: Android Xlat is disabled
05-02 13:20:10.217  1287  1486 I Nat464Xlat: Android Xlat is disabled
05-02 13:20:10.277  1287  1486 D ConnectivityService: NetReassign [no changes]
05-02 13:20:10.630  1287  1486 D ConnectivityService: [111 WIFI] validation passed
05-02 13:20:10.631  1287  1486 D ConnectivityService: NetReassign [1258 : 109  111, 1237 : 109  111, 58 : 109  111, 69 : 109  111, 30 : 109  111, 1234 : 109  111, 1292 : 109  111, 12 : 109  111, 18 : 109  111, 10 : 109  111, 1235 : 109  111, 14 : 109  111, 1256 : 109  111, 9 : 109  111, 217 : 109  111, 286 : 109  111, 15 : 109  111, 780 : 109  111, 1 : 109  111, 1290 : 109  111, 216 : 109  111, 1233 : 109  111, 777 : 109  111, 29 : 109  111]
05-02 13:20:10.635   487   538 E NetlinkEvent: NetlinkEvent::FindParam(): Parameter 'INTERFACE' not found
05-02 13:20:10.635   487   538 E NetlinkEvent: NetlinkEvent::FindParam(): Parameter 'STATE' not found
05-02 13:20:10.635   487   538 E NetlinkEvent: NetlinkEvent::FindParam(): Parameter 'TIME_NS' not found
05-02 13:20:10.635   487   538 E NetlinkEvent: NetlinkEvent::FindParam(): Parameter 'UID' not found
05-02 13:20:10.645  1287  1486 D ConnectivityService: Switching to new default network: NetworkAgentInfo{ ni{[type: WIFI[], state: CONNECTED/CONNECTED, reason: (unspecified), extra: , failover: false, available: true, roaming: false]}  network{111}  nethandle{480147066893}  lp{{InterfaceName: wlan0 LinkAddresses: [ fe80::48c5:1ff:fea7:cc5b/64,192.168.1.14/28 ] DnsAddresses: [ /192.168.1.2 ] Domains: home.arpa MTU: 0 ServerAddress: /192.168.1.1 TcpBufferSizes: 524288,1048576,2097152,262144,524288,1048576 Routes: [ fe80::/64 -> :: wlan0 mtu 0,192.168.1.0/28 -> 0.0.0.0 wlan0 mtu 0,0.0.0.0/0 -> 192.168.1.1 wlan0 mtu 0 ]}}  nc{[ Transports: WIFI Capabilities: NOT_METERED&INTERNET&NOT_RESTRICTED&TRUSTED&NOT_VPN&VALIDATED&NOT_ROAMING&FOREGROUND&NOT_CONGESTED&NOT_SUSPENDED LinkUpBandwidth>=49000Kbps LinkDnBandwidth>=49000Kbps SignalStrength: -48 OwnerUid: 1000 SSID: "Onukwuknop" RequestorUid: -1 RequestorPackageName: null]}  Score{60}  everValidated{true}  lastValidated{true}  created{true} lingering{false} explicitlySelected{false} acceptUnvalidated{false} everCaptivePortalDetected{false} lastCaptivePortalDetected{false} partialConnectivity{false} acceptPartialConnectivity{false} clat{mBaseIface: null, mIface: null, mState: IDLE} }
05-02 13:20:10.801  1287  4037 D ConnectivityService: Returning BLOCKED NetworkInfo to uid=10131
05-02 13:20:10.802  1287  1347 W SimpleTimeDetectorStrategy: Existing suggestion found to be invalid  elapsedRealtimeMillis=132693291, timeSuggestion=TelephonyTimeSuggestion{mSlotIndex='0', mUtcTime=TimestampedValue{mReferenceTimeMillis=53947, mValue=1682915372000}, mDebugInfo=[Sending new time suggestion nitzSignal=TimestampedValue{mReferenceTimeMillis=53947, mValue=NitzData{mOriginalString=23/05/01,04:29:32-16,01, mZoneOffset=-14400000, mDstOffset=3600000, mCurrentTimeMillis=1682915372000, mEmulatorHostTimeZone=null}}, reason=handleNitzReceived(TimestampedValue{mReferenceTimeMillis=53947, mValue=NitzData{mOriginalString=23/05/01,04:29:32-16,01, mZoneOffset=-14400000, mDstOffset=3600000, mCurrentTimeMillis=1682915372000, mEmulatorHostTimeZone=null}})]}
05-02 13:20:10.803  1287  1486 D ConnectivityService: Lingering [109 CELLULAR] for 30000ms
05-02 13:20:10.808  1287  1486 D ConnectivityService: Sending DISCONNECTED broadcast for type 0 [109 CELLULAR] isDefaultNetwork=true
05-02 13:20:10.810  1287  1486 D ConnectivityService: Sending CONNECTED broadcast for type 1 [111 WIFI] isDefaultNetwork=true
05-02 13:20:10.857  1287  1780 W ActivityManager: Background start not allowed: service Intent { cmp=com.google.android.apps.messaging/.shared.datamodel.action.execution.ActionExecutorImpl$EmptyService (has extras) } to com.google.android.apps.messaging/.shared.datamodel.action.execution.ActionExecutorImpl$EmptyService from pid=3115 uid=10145 pkg=com.google.android.apps.messaging startFg?=false
05-02 13:20:10.876  1287  1486 D ConnectivityService: Setting DNS servers for network 111 to [/192.168.1.2]
05-02 13:20:10.877  1287  1486 D DnsManager: sendDnsConfigurationForNetwork(111, [192.168.1.2], [home.arpa], 1800, 25, 8, 64, 0, 0, , [192.168.1.2])
05-02 13:20:10.949  1287  4037 W ActivityManager: Background start not allowed: service Intent { cmp=com.google.android.apps.messaging/.shared.datamodel.action.execution.ActionExecutorImpl$EmptyService (has extras) } to com.google.android.apps.messaging/.shared.datamodel.action.execution.ActionExecutorImpl$EmptyService from pid=3115 uid=10145 pkg=com.google.android.apps.messaging startFg?=false
05-02 13:20:11.058  1287  1367 I DropBoxManagerService: add tag=system_server_wtf isTagEnabled=true flags=0x2
05-02 13:20:11.862  1287  1367 I chatty  : uid=1000(system) ActivityManager identical 3 lines
05-02 13:20:12.858  1287  1367 I DropBoxManagerService: add tag=system_server_wtf isTagEnabled=true flags=0x2
05-02 13:20:13.065  1287  1367 W BroadcastQueue: Background execution not allowed: receiving Intent { act=android.intent.action.DROPBOX_ENTRY_ADDED flg=0x10 (has extras) } to com.google.android.gms/.stats.service.DropBoxEntryAddedReceiver
05-02 13:20:13.065  1287  1367 W BroadcastQueue: Background execution not allowed: receiving Intent { act=android.intent.action.DROPBOX_ENTRY_ADDED flg=0x10 (has extras) } to com.google.android.gms/.chimera.GmsIntentOperationService$PersistentTrustedReceiver
05-02 13:20:14.581  1287  1379 E KernelCpuSpeedReader: Failed to read cpu-freq: /sys/devices/system/cpu/cpu0/cpufreq/stats/time_in_state: open failed: ENOENT (No such file or directory)
05-02 13:20:15.462  1287  1406 I DisplayPowerController: No longer ignoring proximity [0]
05-02 13:20:15.479  1287  1406 V DisplayPowerController: Brightness [0.27559325] reason changing to: 'manual', previous reason: 'screen_off'.
05-02 13:20:15.480  1287  1379 E KernelCpuSpeedReader: Failed to read cpu-freq: /sys/devices/system/cpu/cpu0/cpufreq/stats/time_in_state: open failed: ENOENT (No such file or directory)
05-02 13:20:15.480  1287  1406 D DisplayPowerController: Set keyboard light, setting enabled: 1, /sys/class/leds/keyboard_light/brightness = 255
05-02 13:20:15.497  1287  1350 I DisplayManagerService: Display device changed state: "Built-in Screen", ON
05-02 13:20:17.930  1287  1406 I DisplayPowerController: No longer ignoring proximity [1]
05-02 13:20:17.946  1287  1406 V DisplayPowerController: Brightness [-1.0] reason changing to: 'screen_off', previous reason: 'manual'.
05-02 13:20:17.947  1287  1406 D DisplayPowerController: Set keyboard light, setting enabled: 1, /sys/class/leds/keyboard_light/brightness = 255
05-02 13:20:17.950  1287  1350 I DisplayManagerService: Display device changed state: "Built-in Screen", OFF
05-02 13:20:17.953  1287  1379 E KernelCpuSpeedReader: Failed to read cpu-freq: /sys/devices/system/cpu/cpu0/cpufreq/stats/time_in_state: open failed: ENOENT (No such file or directory)
05-02 13:20:23.005  1287  1406 I DisplayPowerController: No longer ignoring proximity [0]
05-02 13:20:23.023  1287  1406 V DisplayPowerController: Brightness [0.27559325] reason changing to: 'manual', previous reason: 'screen_off'.
05-02 13:20:23.023  1287  1406 D DisplayPowerController: Set keyboard light, setting enabled: 1, /sys/class/leds/keyboard_light/brightness = 255
05-02 13:20:23.027  1287  1379 E KernelCpuSpeedReader: Failed to read cpu-freq: /sys/devices/system/cpu/cpu0/cpufreq/stats/time_in_state: open failed: ENOENT (No such file or directory)
05-02 13:20:23.045  1287  1350 I DisplayManagerService: Display device changed state: "Built-in Screen", ON
05-02 13:20:23.972  1287  1406 I DisplayPowerController: No longer ignoring proximity [1]
05-02 13:20:23.987  1287  1406 V DisplayPowerController: Brightness [-1.0] reason changing to: 'screen_off', previous reason: 'manual'.
05-02 13:20:23.987  1287  1379 E KernelCpuSpeedReader: Failed to read cpu-freq: /sys/devices/system/cpu/cpu0/cpufreq/stats/time_in_state: open failed: ENOENT (No such file or directory)
05-02 13:20:23.988  1287  1406 D DisplayPowerController: Set keyboard light, setting enabled: 1, /sys/class/leds/keyboard_light/brightness = 255
05-02 13:20:23.991  1287  1350 I DisplayManagerService: Display device changed state: "Built-in Screen", OFF
05-02 13:20:42.109  1287  1486 D ConnectivityService: handleLingerComplete for [109 CELLULAR]
05-02 13:20:59.652  1287  1406 I DisplayPowerController: No longer ignoring proximity [0]
05-02 13:20:59.667  1287  1406 V DisplayPowerController: Brightness [0.27559325] reason changing to: 'manual', previous reason: 'screen_off'.
05-02 13:20:59.667  1287  1406 D DisplayPowerController: Set keyboard light, setting enabled: 1, /sys/class/leds/keyboard_light/brightness = 255
05-02 13:20:59.671  1287  1350 I DisplayManagerService: Display device changed state: "Built-in Screen", ON
05-02 13:20:59.674  1287  1379 E KernelCpuSpeedReader: Failed to read cpu-freq: /sys/devices/system/cpu/cpu0/cpufreq/stats/time_in_state: open failed: ENOENT (No such file or directory)
05-02 13:20:59.675  1287  1406 I DisplayPowerController: No longer ignoring proximity [1]
05-02 13:20:59.712  1287  1406 V DisplayPowerController: Brightness [-1.0] reason changing to: 'screen_off', previous reason: 'manual'.
05-02 13:20:59.712  1287  1406 D DisplayPowerController: Set keyboard light, setting enabled: 1, /sys/class/leds/keyboard_light/brightness = 255
05-02 13:20:59.713  1287  1379 E KernelCpuSpeedReader: Failed to read cpu-freq: /sys/devices/system/cpu/cpu0/cpufreq/stats/time_in_state: open failed: ENOENT (No such file or directory)
05-02 13:21:00.285  1287  1350 I DisplayManagerService: Display device changed state: "Built-in Screen", OFF
05-02 13:24:23.915  1287  1379 E KernelCpuSpeedReader: Failed to read cpu-freq: /sys/devices/system/cpu/cpu0/cpufreq/stats/time_in_state: open failed: ENOENT (No such file or directory)
05-02 13:25:55.799  1287  1406 I DisplayPowerController: No longer ignoring proximity [0]
05-02 13:25:55.814  1287  1406 V DisplayPowerController: Brightness [0.27559325] reason changing to: 'manual', previous reason: 'screen_off'.
05-02 13:25:55.815  1287  1406 D DisplayPowerController: Set keyboard light, setting enabled: 1, /sys/class/leds/keyboard_light/brightness = 255
05-02 13:25:55.816  1287  1406 I DisplayPowerController: No longer ignoring proximity [1]
05-02 13:25:55.819  1287  1379 E KernelCpuSpeedReader: Failed to read cpu-freq: /sys/devices/system/cpu/cpu0/cpufreq/stats/time_in_state: open failed: ENOENT (No such file or directory)
05-02 13:25:55.849  1287  1406 V DisplayPowerController: Brightness [-1.0] reason changing to: 'screen_off', previous reason: 'manual'.
05-02 13:25:55.850  1287  1379 E KernelCpuSpeedReader: Failed to read cpu-freq: /sys/devices/system/cpu/cpu0/cpufreq/stats/time_in_state: open failed: ENOENT (No such file or directory)
05-02 13:25:55.850  1287  1406 D DisplayPowerController: Set keyboard light, setting enabled: 1, /sys/class/leds/keyboard_light/brightness = 255
05-02 13:25:56.895  1287  1406 I DisplayPowerController: No longer ignoring proximity [0]
05-02 13:25:56.911  1287  1406 V DisplayPowerController: Brightness [0.27559325] reason changing to: 'manual', previous reason: 'screen_off'.
05-02 13:25:56.912  1287  1406 D DisplayPowerController: Set keyboard light, setting enabled: 1, /sys/class/leds/keyboard_light/brightness = 255
05-02 13:25:56.915  1287  1379 E KernelCpuSpeedReader: Failed to read cpu-freq: /sys/devices/system/cpu/cpu0/cpufreq/stats/time_in_state: open failed: ENOENT (No such file or directory)
05-02 13:25:56.937  1287  1350 I DisplayManagerService: Display device changed state: "Built-in Screen", ON
05-02 13:25:57.053  1287  1367 I DropBoxManagerService: add tag=system_server_wtf isTagEnabled=true flags=0x2
05-02 13:25:57.059  1287  1367 I DropBoxManagerService: add tag=system_server_wtf isTagEnabled=true flags=0x2
05-02 13:25:57.315  1287  1406 I DisplayPowerController: No longer ignoring proximity [1]
05-02 13:25:57.329  1287  1406 V DisplayPowerController: Brightness [-1.0] reason changing to: 'screen_off', previous reason: 'manual'.
05-02 13:25:57.330  1287  1379 E KernelCpuSpeedReader: Failed to read cpu-freq: /sys/devices/system/cpu/cpu0/cpufreq/stats/time_in_state: open failed: ENOENT (No such file or directory)
05-02 13:25:57.330  1287  1406 D DisplayPowerController: Set keyboard light, setting enabled: 1, /sys/class/leds/keyboard_light/brightness = 255
05-02 13:25:57.547  1287  1350 I DisplayManagerService: Display device changed state: "Built-in Screen", OFF
05-02 13:26:02.291  1287  1406 I DisplayPowerController: No longer ignoring proximity [0]
05-02 13:26:02.307  1287  1406 V DisplayPowerController: Brightness [0.27559325] reason changing to: 'manual', previous reason: 'screen_off'.
05-02 13:26:02.308  1287  1406 D DisplayPowerController: Set keyboard light, setting enabled: 1, /sys/class/leds/keyboard_light/brightness = 255
05-02 13:26:02.311  1287  1379 E KernelCpuSpeedReader: Failed to read cpu-freq: /sys/devices/system/cpu/cpu0/cpufreq/stats/time_in_state: open failed: ENOENT (No such file or directory)
05-02 13:26:02.331  1287  1350 I DisplayManagerService: Display device changed state: "Built-in Screen", ON
05-02 13:26:02.973  1287  1367 W BroadcastQueue: Background execution not allowed: receiving Intent { act=android.intent.action.DROPBOX_ENTRY_ADDED flg=0x10 (has extras) } to com.google.android.gms/.stats.service.DropBoxEntryAddedReceiver
05-02 13:26:02.973  1287  1367 W BroadcastQueue: Background execution not allowed: receiving Intent { act=android.intent.action.DROPBOX_ENTRY_ADDED flg=0x10 (has extras) } to com.google.android.gms/.chimera.GmsIntentOperationService$PersistentTrustedReceiver
05-02 13:26:07.740  1287  1406 I DisplayPowerController: No longer ignoring proximity [1]
05-02 13:26:07.756  1287  1406 V DisplayPowerController: Brightness [-1.0] reason changing to: 'screen_off', previous reason: 'manual'.
05-02 13:26:07.757  1287  1406 D DisplayPowerController: Set keyboard light, setting enabled: 1, /sys/class/leds/keyboard_light/brightness = 255
05-02 13:26:07.761  1287  1379 E KernelCpuSpeedReader: Failed to read cpu-freq: /sys/devices/system/cpu/cpu0/cpufreq/stats/time_in_state: open failed: ENOENT (No such file or directory)
05-02 13:26:07.762  1287  1350 I DisplayManagerService: Display device changed state: "Built-in Screen", OFF
05-02 13:26:10.142  1287  1406 I DisplayPowerController: No longer ignoring proximity [0]
05-02 13:26:10.157  1287  1406 V DisplayPowerController: Brightness [0.27559325] reason changing to: 'manual', previous reason: 'screen_off'.
05-02 13:26:10.158  1287  1406 D DisplayPowerController: Set keyboard light, setting enabled: 1, /sys/class/leds/keyboard_light/brightness = 255
05-02 13:26:10.161  1287  1379 E KernelCpuSpeedReader: Failed to read cpu-freq: /sys/devices/system/cpu/cpu0/cpufreq/stats/time_in_state: open failed: ENOENT (No such file or directory)
05-02 13:26:10.181  1287  1350 I DisplayManagerService: Display device changed state: "Built-in Screen", ON
05-02 13:26:14.036  1287  1406 I DisplayPowerController: No longer ignoring proximity [1]
05-02 13:26:14.051  1287  1406 V DisplayPowerController: Brightness [-1.0] reason changing to: 'screen_off', previous reason: 'manual'.
05-02 13:26:14.052  1287  1406 D DisplayPowerController: Set keyboard light, setting enabled: 1, /sys/class/leds/keyboard_light/brightness = 255
05-02 13:26:14.054  1287  1350 I DisplayManagerService: Display device changed state: "Built-in Screen", OFF
05-02 13:26:14.056  1287  1379 E KernelCpuSpeedReader: Failed to read cpu-freq: /sys/devices/system/cpu/cpu0/cpufreq/stats/time_in_state: open failed: ENOENT (No such file or directory)
05-02 13:26:21.065  1287  1406 I DisplayPowerController: No longer ignoring proximity [0]
05-02 13:26:21.080  1287  1406 V DisplayPowerController: Brightness [0.27559325] reason changing to: 'manual', previous reason: 'screen_off'.
05-02 13:26:21.081  1287  1406 D DisplayPowerController: Set keyboard light, setting enabled: 1, /sys/class/leds/keyboard_light/brightness = 255
05-02 13:26:21.084  1287  1350 I DisplayManagerService: Display device changed state: "Built-in Screen", ON
05-02 13:26:21.097  1287  1379 E KernelCpuSpeedReader: Failed to read cpu-freq: /sys/devices/system/cpu/cpu0/cpufreq/stats/time_in_state: open failed: ENOENT (No such file or directory)
05-02 13:26:21.185  1287  1406 I DisplayPowerController: No longer ignoring proximity [1]
05-02 13:26:21.199  1287  1406 V DisplayPowerController: Brightness [-1.0] reason changing to: 'screen_off', previous reason: 'manual'.
05-02 13:26:21.200  1287  1379 E KernelCpuSpeedReader: Failed to read cpu-freq: /sys/devices/system/cpu/cpu0/cpufreq/stats/time_in_state: open failed: ENOENT (No such file or directory)
05-02 13:26:21.200  1287  1406 D DisplayPowerController: Set keyboard light, setting enabled: 1, /sys/class/leds/keyboard_light/brightness = 255
05-02 13:26:21.700  1287  1350 I DisplayManagerService: Display device changed state: "Built-in Screen", OFF
05-02 13:26:22.040  1287  1406 I DisplayPowerController: No longer ignoring proximity [0]
05-02 13:26:22.057  1287  1406 V DisplayPowerController: Brightness [0.27559325] reason changing to: 'manual', previous reason: 'screen_off'.
05-02 13:26:22.057  1287  1379 E KernelCpuSpeedReader: Failed to read cpu-freq: /sys/devices/system/cpu/cpu0/cpufreq/stats/time_in_state: open failed: ENOENT (No such file or directory)
05-02 13:26:22.057  1287  1406 D DisplayPowerController: Set keyboard light, setting enabled: 1, /sys/class/leds/keyboard_light/brightness = 255
05-02 13:26:22.072  1287  1350 I DisplayManagerService: Display device changed state: "Built-in Screen", ON
05-02 13:26:22.291  1287  1406 I DisplayPowerController: No longer ignoring proximity [1]
05-02 13:26:22.306  1287  1406 V DisplayPowerController: Brightness [-1.0] reason changing to: 'screen_off', previous reason: 'manual'.
05-02 13:26:22.307  1287  1406 D DisplayPowerController: Set keyboard light, setting enabled: 1, /sys/class/leds/keyboard_light/brightness = 255
05-02 13:26:22.311  1287  1379 E KernelCpuSpeedReader: Failed to read cpu-freq: /sys/devices/system/cpu/cpu0/cpufreq/stats/time_in_state: open failed: ENOENT (No such file or directory)
05-02 13:26:22.690  1287  1350 I DisplayManagerService: Display device changed state: "Built-in Screen", OFF
05-02 13:27:18.606  1287  1379 E KernelCpuSpeedReader: Failed to read cpu-freq: /sys/devices/system/cpu/cpu0/cpufreq/stats/time_in_state: open failed: ENOENT (No such file or directory)
05-02 13:27:19.329  1287  1406 I DisplayPowerController: No longer ignoring proximity [0]
