05-17 12:40:20.922  1795  1795 I TelecomFramework: TelephonyConnectionService: onAudioStateChanged TC@60_1 [AudioState isMuted: false, route: EARPIECE, supportedRouteMask: EARPIECE, SPEAKER, activeBluetoothDevice: [null], supportedBluetoothDevices: []]: (...->CSW.hCCC->CARSM.pM_UPDATE_SYSTEM_AUDIO_ROUTE)->CS.cASC->H.CS.cASC(cap/cast/cast)@E-E-E-um4
05-17 12:40:21.118  1287  1287 I chatty  : uid=1000 system_server expire 1 line
05-17 12:40:22.372  1287  2028 I chatty  : uid=1000(system) CallAudioModeSt expire 1 line
05-17 12:40:22.374  1287  2023 I chatty  : uid=1000(system) BluetoothRouteM expire 1 line
05-17 12:40:22.389  1287  1847 I chatty  : uid=1000 system_server expire 1 line
05-17 12:40:22.415  1287  1367 I chatty  : uid=1000(system) ActivityManager expire 4 lines
05-17 12:40:22.603  1287  2027 I chatty  : uid=1000(system) uteStateMachine expire 1 line
05-17 12:40:22.603  1795  1795 I TelecomFramework: TelephonyConnectionService: onAudioStateChanged TC@60_1 [AudioState isMuted: false, route: SPEAKER, supportedRouteMask: EARPIECE, SPEAKER, activeBluetoothDevice: [null], supportedBluetoothDevices: []]: (ICA.sAR->CARSM.pM_USER_SWITCH_SPEAKER)->CS.cASC->H.CS.cASC(ocd/cast)@E-u08
05-17 12:40:23.157  1287  2725 I chatty  : uid=1000(system) Binder:1287_1E expire 25 lines
05-17 12:40:23.191  1287  3110 I chatty  : uid=1000(system) Binder:1287_1F expire 9 lines
05-17 12:40:23.195  1287  1773 I chatty  : uid=1000(system) Binder:1287_5 expire 10 lines
05-17 12:40:23.243  1287  2028 I chatty  : uid=1000(system) CallAudioModeSt expire 2 lines
05-17 12:40:23.341  1287  3448 I chatty  : uid=1000(system) Binder:1287_D expire 6 lines
05-17 12:40:23.529  1287  1773 I chatty  : uid=1000(system) Binder:1287_5 expire 1 line
05-17 12:40:24.549  1287  1367 I chatty  : uid=1000(system) ActivityManager expire 12 lines
05-17 12:41:09.660  1287  1366 I chatty  : uid=1000(system) android.bg expire 1 line
05-17 12:41:15.539  1287  1406 I chatty  : uid=1000(system) PowerManagerSer expire 14 lines
05-17 12:41:22.554  1287  1379 I chatty  : uid=1000(system) batterystats-wo expire 2 lines
05-17 12:41:22.589  1287  2415 I chatty  : uid=1000(system) Binder:1287_A expire 4 lines
05-17 12:41:22.597  1287  1350 I chatty  : uid=1000(system) android.display expire 6 lines
05-17 12:41:22.864  1287  1347 I chatty  : uid=1000(system) android.fg expire 1 line
05-17 12:41:41.550  1287  1287 I chatty  : uid=1000 system_server expire 2 lines
05-17 12:42:48.964  1287  1469 I chatty  : uid=1000(system) InputReader expire 9 lines
05-17 12:42:48.966  1795  1795 I TelecomFramework: TelephonyConnectionService: disconnect TC@60_1: (TSI.eC)->CS.d->H.CS.d(cast)@E-vHw
05-17 12:42:48.968  1287  2028 I chatty  : uid=1000(system) CallAudioModeSt expire 4 lines
05-17 12:42:49.019  1287  1367 I chatty  : uid=1000(system) ActivityManager expire 1 line
05-17 12:42:49.020  1287  1871 I chatty  : uid=1000(system) Binder:1287_17 expire 2 lines
05-17 12:42:49.054  1287  1406 I chatty  : uid=1000(system) PowerManagerSer expire 9 lines
05-17 12:42:49.066  1287  1379 I chatty  : uid=1000(system) batterystats-wo expire 1 line
05-17 12:42:49.144  1287  2725 I chatty  : uid=1000(system) Binder:1287_1E expire 1 line
05-17 12:42:49.153  1287  1469 I chatty  : uid=1000(system) InputReader expire 16 lines
05-17 12:42:49.177  1287  1350 I chatty  : uid=1000(system) android.display expire 1 line
05-17 12:42:49.276  1287  1287 I chatty  : uid=1000 system_server expire 1 line
05-17 12:42:49.332  1287  3935 I chatty  : uid=1000(system) Binder:1287_F expire 1 line
05-17 12:42:49.385  1287  1356 I chatty  : uid=1000(system) Binder:1287_13 expire 6 lines
05-17 12:42:49.392  1795  1795 I TelecomFramework: TelephonyConnectionService: disconnect TC@60_1: (TSI.eC)->CS.d->H.CS.d(cast)@E-vII
05-17 12:42:49.444  1287  3448 I chatty  : uid=1000(system) Binder:1287_D expire 11 lines
05-17 12:42:49.449  1287  2027 I chatty  : uid=1000(system) uteStateMachine expire 14 lines
05-17 12:42:49.471  1287  3448 I chatty  : uid=1000(system) Binder:1287_D expire 2 lines
05-17 12:42:49.480  1287  2725 I chatty  : uid=1000(system) Binder:1287_1E expire 2 lines
05-17 12:42:49.485  1795  1795 I TelecomFramework: TelephonyConnectionService: disconnect TC@60_1: (TSI.eC)->CS.d->H.CS.d(cast)@E-vIU
05-17 12:42:49.485  1795  1795 W TelecomFramework: TelephonyConnectionService: disconnect - Cannot find conference TC@60_1: (TSI.eC)->CS.d->H.CS.d(cast)@E-vIU
05-17 12:42:49.508  1287  1356 I chatty  : uid=1000(system) Binder:1287_13 expire 4 lines
05-17 12:42:49.511  1287  1287 I chatty  : uid=1000 system_server expire 12 lines
05-17 12:42:49.575  1287  2028 I chatty  : uid=1000(system) CallAudioModeSt expire 2 lines
05-17 12:42:49.587  1287  1469 I chatty  : uid=1000(system) InputReader expire 20 lines
05-17 12:42:49.588  1287  1347 I chatty  : uid=1000(system) android.fg expire 3 lines
05-17 12:42:49.733  1287  1367 I chatty  : uid=1000(system) ActivityManager expire 2 lines
05-17 12:42:49.751  1287  1406 I chatty  : uid=1000(system) PowerManagerSer expire 1 line
05-17 12:42:49.953  1287  1287 I chatty  : uid=1000 system_server expire 1 line
05-17 12:42:49.957  1287  1469 I chatty  : uid=1000(system) InputReader expire 2 lines
05-17 12:42:49.976  1287  1350 I chatty  : uid=1000(system) android.display expire 5 lines
05-17 12:42:50.001  1287  3448 I chatty  : uid=1000(system) Binder:1287_D expire 31 lines
05-17 12:42:50.051  1287  2725 I chatty  : uid=1000(system) Binder:1287_1E expire 8 lines
05-17 12:42:50.052  2597  2597 W ContextImpl: Calling a method in the system process without a qualified user: android.app.ContextImpl.sendBroadcast:1126 android.content.ContextWrapper.sendBroadcast:473 com.android.incallui.MotorolaInCallUiNotifier.sendInCallUiBroadcast:75 com.android.incallui.MotorolaInCallUiNotifier.onStateChange:64 com.android.incallui.InCallPresenter.onCallListChange:1116 
05-17 12:42:50.060  1287  1367 I chatty  : uid=1000(system) ActivityManager expire 1 line
05-17 12:42:50.076  1287  1368 I chatty  : uid=1000(system) ActivityManager expire 3 lines
05-17 12:42:50.119  1287  3506 I chatty  : uid=1000(system) Binder:1287_E expire 6 lines
05-17 12:42:50.179  1287  1356 I chatty  : uid=1000(system) Binder:1287_13 expire 19 lines
05-17 12:42:50.476  1287  2725 I chatty  : uid=1000(system) Binder:1287_1E expire 12 lines
05-17 12:42:50.548  1287  1350 I chatty  : uid=1000(system) android.display expire 12 lines
05-17 12:42:50.559  1287  1351 I chatty  : uid=1000(system) android.anim expire 1 line
05-17 12:42:50.566  1287  2415 I chatty  : uid=1000(system) Binder:1287_A expire 4 lines
05-17 12:42:50.690  1287  1469 I chatty  : uid=1000(system) InputReader expire 17 lines
05-17 12:42:50.822  1287  1356 I chatty  : uid=1000(system) Binder:1287_13 expire 8 lines
05-17 12:42:51.088  1287  1350 I chatty  : uid=1000(system) android.display expire 4 lines
05-17 12:42:51.139  1287  2725 I chatty  : uid=1000(system) Binder:1287_1E expire 4 lines
05-17 12:42:51.518  1287  1287 I chatty  : uid=1000 system_server expire 5 lines
05-17 12:42:51.738  1287  1367 I chatty  : uid=1000(system) ActivityManager expire 2 lines
05-17 12:42:52.376  1287  1467 I chatty  : uid=1000(system) UEventObserver expire 22 lines
05-17 12:42:52.469  1287  2415 I chatty  : uid=1000(system) Binder:1287_A expire 13 lines
05-17 12:42:52.518  1287  1350 I chatty  : uid=1000(system) android.display expire 18 lines
05-17 12:42:52.929  1287  1367 I chatty  : uid=1000(system) ActivityManager expire 4 lines
05-17 12:42:53.309  1287  2725 I chatty  : uid=1000(system) Binder:1287_1E expire 8 lines
05-17 12:42:54.262  1287  1406 I chatty  : uid=1000(system) PowerManagerSer expire 11 lines
05-17 12:42:54.280  1287  1379 I chatty  : uid=1000(system) batterystats-wo expire 9 lines
05-17 12:42:54.315  1287  1347 I chatty  : uid=1000(system) android.fg expire 1 line
05-17 12:42:54.326  1287  1356 I chatty  : uid=1000(system) Binder:1287_13 expire 4 lines
05-17 12:42:54.428  1287  1351 I chatty  : uid=1000(system) android.anim expire 1 line
05-17 12:50:56.915  1287  3448 I chatty  : uid=1000(system) Binder:1287_D expire 1 line
05-17 13:18:21.959  1287  1287 I chatty  : uid=1000 system_server expire 1 line
05-17 13:18:25.218  1287  1471 I chatty  : uid=1000(system) NetworkWatchlis expire 2 lines
05-17 13:18:33.192  1287  1368 I chatty  : uid=1000(system) ActivityManager expire 14 lines
05-17 13:18:33.490  3992  2555 E ActivityThread: Failed to find provider info for androidx.car.app.connection
05-17 13:18:33.599  1287  1356 I chatty  : uid=1000(system) Binder:1287_13 expire 2 lines
05-17 13:18:34.614  1287  3448 I chatty  : uid=1000(system) Binder:1287_D expire 1 line
05-17 13:18:34.781  1287  3935 I chatty  : uid=1000(system) Binder:1287_F expire 1 line
05-17 13:18:35.872  2706  2776 E ActivityThread: Failed to find provider info for com.google.android.apps.messaging.shared.datamodel.provider.sharedstorage.SharedStorageProvider
05-17 13:18:38.035  1287  1379 I chatty  : uid=1000(system) batterystats-wo expire 8 lines
05-17 13:18:41.275  1287  1367 I chatty  : uid=1000(system) ActivityManager expire 2 lines
05-17 13:18:41.275  1287  1424 I chatty  : uid=1000(system) PackageManager expire 1 line
05-17 13:18:42.506  1287  1287 I chatty  : uid=1000 system_server expire 8 lines
05-17 13:18:43.194  1287  1347 I chatty  : uid=1000(system) android.fg expire 9 lines
05-17 13:18:45.051  1287  1348 I chatty  : uid=1000(system) android.ui expire 4 lines
05-17 13:18:47.865  1287  1310 I chatty  : uid=1000(system) Binder:1287_1 expire 3 lines
05-17 13:21:25.849  1287  2415 I chatty  : uid=1000(system) Binder:1287_A expire 3 lines
05-17 13:37:23.825  1287  3110 I chatty  : uid=1000(system) Binder:1287_1F expire 1 line
05-17 13:42:53.087  1287  1443 I chatty  : uid=1000(system) Binder:1287_3 expire 1 line
05-17 13:52:35.361  1287  1912 I chatty  : uid=1000(system) Binder:1287_7 expire 1 line
05-17 13:52:35.361  1287  1486 I chatty  : uid=1000(system) ConnectivitySer expire 1 line
05-17 13:59:29.629  1287  3351 I chatty  : uid=1000(system) Binder:1287_19 expire 4 lines
05-17 13:59:29.633  1287  1311 I chatty  : uid=1000(system) Binder:1287_2 expire 4 lines
05-17 13:59:29.660  1287  1486 I chatty  : uid=1000(system) ConnectivitySer expire 5 lines
05-17 13:59:32.023  1287  3935 I chatty  : uid=1000(system) Binder:1287_F expire 1 line
05-17 13:59:32.042  1287  1780 I chatty  : uid=1000(system) Binder:1287_1D expire 2 lines
05-17 13:59:32.106  1287  1287 I chatty  : uid=1000 system_server expire 10 lines
05-17 13:59:32.135  1287  1367 I chatty  : uid=1000(system) ActivityManager expire 11 lines
05-17 13:59:32.172  1287  1406 I chatty  : uid=1000(system) PowerManagerSer expire 6 lines
05-17 13:59:32.175  1287  1350 I chatty  : uid=1000(system) android.display expire 3 lines
05-17 13:59:32.180  1287  1379 I chatty  : uid=1000(system) batterystats-wo expire 1 line
05-17 13:59:32.299  1287  1356 I chatty  : uid=1000(system) Binder:1287_13 expire 1 line
05-17 13:59:32.398  1287  1912 I chatty  : uid=1000(system) Binder:1287_7 expire 7 lines
05-17 13:59:32.668  1287  1347 I chatty  : uid=1000(system) android.fg expire 3 lines
05-17 13:59:34.270  1287  1368 I chatty  : uid=1000(system) ActivityManager expire 6 lines
05-17 13:59:35.880  1287  1366 I chatty  : uid=1000(system) android.bg expire 30 lines
05-17 13:59:35.904  1287  1287 I chatty  : uid=1000 system_server expire 19 lines
05-17 13:59:35.955  1287  1234 I chatty  : uid=1000(system) Binder:1287_12 expire 15 lines
05-17 13:59:36.254  1287  1311 I chatty  : uid=1000(system) Binder:1287_2 expire 1 line
05-17 13:59:36.255  1287  1368 I chatty  : uid=1000(system) ActivityManager expire 12 lines
05-17 13:59:36.390  1287  1287 I chatty  : uid=1000 system_server expire 1 line
05-17 13:59:36.394  1287  3351 I chatty  : uid=1000(system) Binder:1287_19 expire 13 lines
05-17 13:59:36.441  1287  1234 I chatty  : uid=1000(system) Binder:1287_12 expire 3 lines
05-17 13:59:37.174  1287  1311 I chatty  : uid=1000(system) Binder:1287_2 expire 4 lines
05-17 13:59:37.920  1287  2725 I chatty  : uid=1000(system) Binder:1287_1E expire 2 lines
05-17 13:59:37.920  1287  1486 I chatty  : uid=1000(system) ConnectivitySer expire 5 lines
05-17 13:59:37.921  1287  1912 I chatty  : uid=1000(system) Binder:1287_7 expire 1 line
05-17 13:59:37.924  1287  3250 I chatty  : uid=1000(system) Binder:1287_20 expire 3 lines
05-17 13:59:37.924  1287  1382 I chatty  : uid=1000(system) Binder:1287_1C expire 11 lines
05-17 13:59:38.459  1287  1467 I chatty  : uid=1000(system) UEventObserver expire 6 lines
05-17 13:59:38.470  1287  3110 I chatty  : uid=1000(system) Binder:1287_1F expire 5 lines
05-17 13:59:38.610  1287  1382 I chatty  : uid=1000(system) Binder:1287_1C expire 4 lines
05-17 13:59:38.646  1287  1350 I chatty  : uid=1000(system) android.display expire 12 lines
05-17 13:59:39.345  1287  4037 I chatty  : uid=1000(system) Binder:1287_1B expire 4 lines
05-17 13:59:39.346  1287  1486 I chatty  : uid=1000(system) ConnectivitySer expire 8 lines
05-17 13:59:39.492  1287  3535 I chatty  : uid=1000(system) Binder:1287_1A expire 1 line
05-17 13:59:42.416  1287  1369 I chatty  : uid=1000(system) Binder:1287_14 expire 14 lines
05-17 13:59:43.038  1287  1368 I chatty  : uid=1000(system) ActivityManager expire 3 lines
05-17 13:59:43.567  1287  1912 I chatty  : uid=1000(system) Binder:1287_7 expire 12 lines
05-17 13:59:43.919  1287  3506 I chatty  : uid=1000(system) Binder:1287_E expire 2 lines
05-17 13:59:44.017  1287  2725 I chatty  : uid=1000(system) Binder:1287_1E expire 4 lines
05-17 13:59:44.077  1287  3110 I chatty  : uid=1000(system) Binder:1287_1F expire 5 lines
05-17 13:59:44.216  1287  1368 I chatty  : uid=1000(system) ActivityManager expire 6 lines
05-17 13:59:44.379  1287  1367 I chatty  : uid=1000(system) ActivityManager expire 7 lines
05-17 13:59:44.616  1287  1287 I chatty  : uid=1000 system_server expire 5 lines
05-17 13:59:44.717  1287  3506 I chatty  : uid=1000(system) Binder:1287_E expire 1 line
05-17 13:59:44.823  1287  3535 I chatty  : uid=1000(system) Binder:1287_1A expire 24 lines
05-17 13:59:44.824  1287  1486 I chatty  : uid=1000(system) ConnectivitySer expire 3 lines
05-17 13:59:44.924  1287  1443 I chatty  : uid=1000(system) Binder:1287_3 expire 8 lines
05-17 13:59:45.882  1287  1350 I chatty  : uid=1000(system) android.display expire 12 lines
05-17 13:59:47.668  1287  3535 I chatty  : uid=1000(system) Binder:1287_1A expire 5 lines
05-17 13:59:47.679  1287  2725 I chatty  : uid=1000(system) Binder:1287_1E expire 12 lines
05-17 13:59:48.316  1287  2451 I chatty  : uid=1000(system) Binder:1287_18 expire 37 lines
05-17 13:59:53.030  1287  1443 I chatty  : uid=1000(system) Binder:1287_3 expire 4 lines
05-17 13:59:58.406  1287  1367 I chatty  : uid=1000(system) ActivityManager expire 2 lines
05-17 14:00:00.220  1287  1348 I chatty  : uid=1000(system) android.ui expire 17 lines
05-17 14:00:00.293  1287  1912 I chatty  : uid=1000(system) Binder:1287_7 expire 1 line
05-17 14:00:00.411  1287  1367 I chatty  : uid=1000(system) ActivityManager expire 2 lines
05-17 14:00:00.645  1287  1350 I chatty  : uid=1000(system) android.display expire 8 lines
05-17 14:00:00.705  1287  1443 I chatty  : uid=1000(system) Binder:1287_3 expire 16 lines
05-17 14:00:00.834  1287  1467 I chatty  : uid=1000(system) UEventObserver expire 22 lines
05-17 14:00:00.968  1287  1443 I chatty  : uid=1000(system) Binder:1287_3 expire 4 lines
05-17 14:00:00.996  1287  1350 I chatty  : uid=1000(system) android.display expire 18 lines
05-17 14:00:01.412  1287  1367 I chatty  : uid=1000(system) ActivityManager expire 5 lines
05-17 14:00:01.740  1287  1444 I chatty  : uid=1000(system) Binder:1287_4 expire 6 lines
05-17 14:00:02.693  1287  1406 I chatty  : uid=1000(system) PowerManagerSer expire 11 lines
05-17 14:00:02.712  1287  1379 I chatty  : uid=1000(system) batterystats-wo expire 3 lines
05-17 14:00:02.744  1287  1347 I chatty  : uid=1000(system) android.fg expire 3 lines
05-17 14:00:02.759  1287  1912 I chatty  : uid=1000(system) Binder:1287_7 expire 9 lines
05-17 14:00:02.898  1287  1351 I chatty  : uid=1000(system) android.anim expire 1 line
05-17 14:03:43.007  1287  4037 I chatty  : uid=1000(system) Binder:1287_1B expire 1 line
05-17 14:08:14.960  1287  1287 I chatty  : uid=1000 system_server expire 1 line
05-17 14:08:15.664  1287  1486 I chatty  : uid=1000(system) ConnectivitySer expire 2 lines
05-17 14:08:16.952  1287  1287 I chatty  : uid=1000 system_server expire 5 lines
05-17 14:08:16.979  1287  1367 I chatty  : uid=1000(system) ActivityManager expire 10 lines
05-17 14:08:16.988  1287  2725 I chatty  : uid=1000(system) Binder:1287_1E expire 1 line
05-17 14:08:17.006  1287  1406 I chatty  : uid=1000(system) PowerManagerSer expire 17 lines
05-17 14:08:17.012  1287  1379 I chatty  : uid=1000(system) batterystats-wo expire 2 lines
05-17 14:08:17.030  1287  1350 I chatty  : uid=1000(system) android.display expire 8 lines
05-17 14:08:17.248  1287  2451 I chatty  : uid=1000(system) Binder:1287_18 expire 10 lines
05-17 14:08:17.419  1287  1368 I chatty  : uid=1000(system) ActivityManager expire 7 lines
05-17 14:08:17.524  1287  1347 I chatty  : uid=1000(system) android.fg expire 3 lines
05-17 14:08:25.017  1287  1311 I chatty  : uid=1000(system) Binder:1287_2 expire 7 lines
05-17 14:08:25.121  1287  1406 I chatty  : uid=1000(system) PowerManagerSer expire 16 lines
05-17 14:08:25.122  1287  1347 I chatty  : uid=1000(system) android.fg expire 6 lines
05-17 14:08:25.256  1287  1350 I chatty  : uid=1000(system) android.display expire 7 lines
05-17 14:08:25.467  1287  1367 I chatty  : uid=1000(system) ActivityManager expire 14 lines
05-17 14:08:30.020  1287  1379 I chatty  : uid=1000(system) batterystats-wo expire 4 lines
05-17 14:16:11.969  1287  1287 I chatty  : uid=1000 system_server expire 6 lines
05-17 14:31:52.416  1287  1444 I chatty  : uid=1000(system) Binder:1287_4 expire 1 line
05-17 14:31:52.435  1287  1486 I chatty  : uid=1000(system) ConnectivitySer expire 2 lines
05-17 14:31:53.693  1287  3506 I chatty  : uid=1000(system) Binder:1287_E expire 1 line
05-17 14:31:53.949  1287  1369 I chatty  : uid=1000(system) Binder:1287_14 expire 5 lines
05-17 14:31:54.284  1287  1871 I chatty  : uid=1000(system) Binder:1287_17 expire 1 line
05-17 14:32:01.725  1287  1406 I chatty  : uid=1000(system) PowerManagerSer expire 4 lines
05-17 14:32:01.725  1287  1379 I chatty  : uid=1000(system) batterystats-wo expire 10 lines
05-17 14:32:01.726  1287  1444 I chatty  : uid=1000(system) Binder:1287_4 expire 5 lines
05-17 14:32:01.742  1287  1350 I chatty  : uid=1000(system) android.display expire 9 lines
05-17 14:32:01.785  1287  1434 I chatty  : uid=1000(system) Binder:1287_15 expire 5 lines
05-17 14:32:01.827  1287  1347 I chatty  : uid=1000(system) android.fg expire 5 lines
05-17 14:35:03.000  1287  1287 I chatty  : uid=1000 system_server expire 3 lines
05-17 14:54:48.201  1287  1368 I chatty  : uid=1000(system) ActivityManager expire 4 lines
05-17 14:54:48.333  1287  2725 I chatty  : uid=1000(system) Binder:1287_1E expire 1 line
05-17 15:09:56.866  1287  1834 I chatty  : uid=1000(system) Binder:1287_6 expire 1 line
05-17 15:21:55.101  1287  1467 I chatty  : uid=1000(system) UEventObserver expire 9 lines
05-17 15:21:55.108  1287  1773 I chatty  : uid=1000(system) Binder:1287_5 expire 12 lines
05-17 15:21:55.203  1287  1467 I chatty  : uid=1000(system) UEventObserver expire 2 lines
05-17 15:21:55.211  1287  1406 I chatty  : uid=1000(system) PowerManagerSer expire 5 lines
05-17 15:21:55.218  1287  1350 I chatty  : uid=1000(system) android.display expire 1 line
05-17 15:21:55.222  1287  1348 I chatty  : uid=1000(system) android.ui expire 1 line
05-17 15:21:55.274  1287  2725 I chatty  : uid=1000(system) Binder:1287_1E expire 5 lines
05-17 15:21:55.315  1287  1367 I chatty  : uid=1000(system) ActivityManager expire 11 lines
05-17 15:21:55.347  1287  1351 I chatty  : uid=1000(system) android.anim expire 1 line
05-17 15:21:55.398  1287  1434 I chatty  : uid=1000(system) Binder:1287_15 expire 16 lines
05-17 15:21:55.888  1287  1347 I chatty  : uid=1000(system) android.fg expire 3 lines
05-17 15:21:56.011  1287  1834 I chatty  : uid=1000(system) Binder:1287_6 expire 6 lines
05-17 15:21:56.070  1287  1444 I chatty  : uid=1000(system) Binder:1287_4 expire 1 line
05-17 15:21:56.092  1287  1191 I chatty  : uid=1000(system) Binder:1287_11 expire 1 line
05-17 15:21:56.093  1287  1486 I chatty  : uid=1000(system) ConnectivitySer expire 1 line
05-17 15:21:57.683  1287  1287 I chatty  : uid=1000 system_server expire 14 lines
05-17 15:21:57.866  1287  1369 I chatty  : uid=1000(system) Binder:1287_14 expire 1 line
05-17 15:22:04.474  1287  1834 I chatty  : uid=1000(system) Binder:1287_6 expire 12 lines
05-17 15:22:04.764  1287  1350 I chatty  : uid=1000(system) android.display expire 12 lines
05-17 15:22:05.141  1287  1287 I chatty  : uid=1000 system_server expire 10 lines
05-17 15:22:06.715  1287  1367 I chatty  : uid=1000(system) ActivityManager expire 5 lines
05-17 15:22:07.045  1287  2725 I chatty  : uid=1000(system) Binder:1287_1E expire 20 lines
05-17 15:22:08.051  1287  2473 I chatty  : uid=1000(system) Binder:1287_B expire 32 lines
05-17 15:22:08.077  1287  1834 I chatty  : uid=1000(system) Binder:1287_6 expire 7 lines
05-17 15:22:08.672  1287  1350 I chatty  : uid=1000(system) android.display expire 4 lines
05-17 15:22:08.718  1287  1434 I chatty  : uid=1000(system) Binder:1287_15 expire 4 lines
05-17 15:22:08.757  1287  1367 I chatty  : uid=1000(system) ActivityManager expire 11 lines
05-17 15:22:15.476  1287  1486 I chatty  : uid=1000(system) ConnectivitySer expire 3 lines
05-17 15:22:18.024  1287  1369 I chatty  : uid=1000(system) Binder:1287_14 expire 12 lines
05-17 15:22:18.165  1287  1871 I chatty  : uid=1000(system) Binder:1287_17 expire 4 lines
05-17 15:22:42.990  1287  1367 I chatty  : uid=1000(system) ActivityManager expire 23 lines
05-17 15:23:11.492  1287  1366 I chatty  : uid=1000(system) android.bg expire 1 line
05-17 15:23:14.593  1287  1406 I chatty  : uid=1000(system) PowerManagerSer expire 14 lines
05-17 15:23:21.613  1287  1379 I chatty  : uid=1000(system) batterystats-wo expire 1 line
05-17 15:23:21.651  1287  2473 I chatty  : uid=1000(system) Binder:1287_B expire 4 lines
05-17 15:23:21.661  1287  1350 I chatty  : uid=1000(system) android.display expire 11 lines
05-17 15:23:21.801  1287  2725 I chatty  : uid=1000(system) Binder:1287_1E expire 8 lines
05-17 15:23:21.906  1287  1347 I chatty  : uid=1000(system) android.fg expire 1 line
05-17 15:23:21.996  1287  1351 I chatty  : uid=1000(system) android.anim expire 1 line
05-17 15:23:23.055  1287  1469 I chatty  : uid=1000(system) InputReader expire 1 line
05-17 15:23:23.076  1287  1406 I chatty  : uid=1000(system) PowerManagerSer expire 6 lines
05-17 15:23:23.086  1287  1379 I chatty  : uid=1000(system) batterystats-wo expire 1 line
05-17 15:23:23.115  1287  1350 I chatty  : uid=1000(system) android.display expire 1 line
05-17 15:23:23.147  1287  1367 I chatty  : uid=1000(system) ActivityManager expire 4 lines
05-17 15:23:23.215  1287  1444 I chatty  : uid=1000(system) Binder:1287_4 expire 9 lines
05-17 15:23:23.470  1287  1486 I chatty  : uid=1000(system) ConnectivitySer expire 1 line
05-17 15:23:23.729  1287  1347 I chatty  : uid=1000(system) android.fg expire 3 lines
05-17 15:23:23.764  1287  3110 I chatty  : uid=1000(system) Binder:1287_1F expire 19 lines
05-17 15:23:25.590  1287  3448 I chatty  : uid=1000(system) Binder:1287_D expire 4 lines
05-17 15:23:25.682  1287  3535 I chatty  : uid=1000(system) Binder:1287_1A expire 4 lines
05-17 15:23:27.610  1287  1287 I chatty  : uid=1000 system_server expire 2 lines
05-17 15:23:36.138  1287  2725 I chatty  : uid=1000(system) Binder:1287_1E expire 16 lines
05-17 15:23:36.702  1287  1350 I chatty  : uid=1000(system) android.display expire 12 lines
05-17 15:23:36.752  1287  1773 I chatty  : uid=1000(system) Binder:1287_5 expire 27 lines
05-17 15:23:37.908  1287  1367 I chatty  : uid=1000(system) ActivityManager expire 12 lines
05-17 15:23:38.609  1287  3110 I chatty  : uid=1000(system) Binder:1287_1F expire 16 lines
05-17 15:23:51.354  1287  1367 I chatty  : uid=1000(system) ActivityManager expire 12 lines
05-17 15:24:05.414  1287  1287 I chatty  : uid=1000 system_server expire 1 line
05-17 15:24:19.685  1287  1467 I chatty  : uid=1000(system) UEventObserver expire 22 lines
05-17 15:24:19.874  1287  1350 I chatty  : uid=1000(system) android.display expire 9 lines
05-17 15:24:20.615  1287  1780 I chatty  : uid=1000(system) Binder:1287_1D expire 4 lines
05-17 15:24:21.556  1287  1406 I chatty  : uid=1000(system) PowerManagerSer expire 15 lines
05-17 15:24:21.581  1287  1379 I chatty  : uid=1000(system) batterystats-wo expire 3 lines
05-17 15:24:21.603  1287  1350 I chatty  : uid=1000(system) android.display expire 12 lines
05-17 15:24:21.610  1287  1347 I chatty  : uid=1000(system) android.fg expire 1 line
05-17 15:24:21.624  1287  1369 I chatty  : uid=1000(system) Binder:1287_14 expire 8 lines
05-17 15:24:22.008  1287  1367 I chatty  : uid=1000(system) ActivityManager expire 10 lines
05-17 15:26:41.246  1287  1469 I chatty  : uid=1000(system) InputReader expire 1 line
05-17 15:26:41.401  1287  1773 I chatty  : uid=1000(system) Binder:1287_5 expire 9 lines
05-17 15:26:41.734  1287  1367 I chatty  : uid=1000(system) ActivityManager expire 6 lines
05-17 15:26:41.825  1287  1406 I chatty  : uid=1000(system) PowerManagerSer expire 16 lines
05-17 15:26:41.827  1287  1347 I chatty  : uid=1000(system) android.fg expire 6 lines
05-17 15:26:41.951  1287  1369 I chatty  : uid=1000(system) Binder:1287_14 expire 1 line
05-17 15:26:49.616  1287  1379 I chatty  : uid=1000(system) batterystats-wo expire 2 lines
05-17 15:26:49.643  1287  1350 I chatty  : uid=1000(system) android.display expire 9 lines
05-17 15:26:49.714  1287  3535 I chatty  : uid=1000(system) Binder:1287_1A expire 4 lines
05-17 15:28:27.611  1287  1287 I chatty  : uid=1000 system_server expire 5 lines
05-17 15:28:27.643  1287  3110 I chatty  : uid=1000(system) Binder:1287_1F expire 6 lines
05-17 15:28:27.660  1287  1406 I chatty  : uid=1000(system) PowerManagerSer expire 14 lines
05-17 15:28:27.667  1287  1350 I chatty  : uid=1000(system) android.display expire 8 lines
05-17 15:28:27.679  1287  1367 I chatty  : uid=1000(system) ActivityManager expire 9 lines
05-17 15:28:27.686  1287  1379 I chatty  : uid=1000(system) batterystats-wo expire 2 lines
05-17 15:28:27.912  1287  1369 I chatty  : uid=1000(system) Binder:1287_14 expire 5 lines
05-17 15:28:28.153  1287  1347 I chatty  : uid=1000(system) android.fg expire 3 lines
05-17 15:28:35.689  1287  1444 I chatty  : uid=1000(system) Binder:1287_4 expire 4 lines
05-17 15:28:35.781  1287  1406 I chatty  : uid=1000(system) PowerManagerSer expire 5 lines
05-17 15:28:35.783  1287  1347 I chatty  : uid=1000(system) android.fg expire 1 line
05-17 15:28:35.893  1287  1350 I chatty  : uid=1000(system) android.display expire 5 lines
05-17 15:28:40.682  1287  1379 I chatty  : uid=1000(system) batterystats-wo expire 5 lines
05-17 15:31:37.044  1287  2725 I chatty  : uid=1000(system) Binder:1287_1E expire 1 line
05-17 15:52:34.997  1287  1287 I chatty  : uid=1000 system_server expire 1 line
05-17 15:52:43.727  1287  1467 I chatty  : uid=1000(system) UEventObserver expire 11 lines
05-17 15:52:43.733  1287  1773 I chatty  : uid=1000(system) Binder:1287_5 expire 14 lines
05-17 15:52:43.860  1287  1348 I chatty  : uid=1000(system) android.ui expire 1 line
05-17 15:52:43.885  1287  1367 I chatty  : uid=1000(system) ActivityManager expire 18 lines
05-17 15:52:44.043  1287  3110 I chatty  : uid=1000(system) Binder:1287_1F expire 5 lines
05-17 15:52:44.114  1287  1351 I chatty  : uid=1000(system) android.anim expire 1 line
05-17 15:52:44.214  1287  1406 I chatty  : uid=1000(system) PowerManagerSer expire 3 lines
05-17 15:52:44.477  1287  1347 I chatty  : uid=1000(system) android.fg expire 3 lines
05-17 15:52:44.488  1287  1444 I chatty  : uid=1000(system) Binder:1287_4 expire 13 lines
05-17 15:52:46.500  1287  1191 I chatty  : uid=1000(system) Binder:1287_11 expire 1 line
05-17 15:52:47.235  1287  1287 I chatty  : uid=1000 system_server expire 2 lines
05-17 15:53:02.440  1287  3448 I chatty  : uid=1000(system) Binder:1287_D expire 8 lines
05-17 15:53:03.006  1287  1350 I chatty  : uid=1000(system) android.display expire 12 lines
05-17 15:53:04.095  1287  1367 I chatty  : uid=1000(system) ActivityManager expire 2 lines
05-17 15:53:04.515  1287  1348 I chatty  : uid=1000(system) android.ui expire 17 lines
05-17 15:53:04.555  1287  1444 I chatty  : uid=1000(system) Binder:1287_4 expire 1 line
05-17 15:53:04.962  1287  1191 I chatty  : uid=1000(system) Binder:1287_11 expire 4 lines
05-17 15:53:06.053  1287  1467 I chatty  : uid=1000(system) UEventObserver expire 22 lines
05-17 15:53:06.160  1287  1350 I chatty  : uid=1000(system) android.display expire 8 lines
05-17 15:53:06.162  1287  1191 I chatty  : uid=1000(system) Binder:1287_11 expire 12 lines
05-17 15:53:06.581  1287  1367 I chatty  : uid=1000(system) ActivityManager expire 1 line
05-17 15:53:07.053  1287  3448 I chatty  : uid=1000(system) Binder:1287_D expire 8 lines
05-17 15:53:07.901  1287  1350 I chatty  : uid=1000(system) android.display expire 10 lines
05-17 15:53:07.904  1287  1406 I chatty  : uid=1000(system) PowerManagerSer expire 11 lines
05-17 15:53:07.927  1287  1379 I chatty  : uid=1000(system) batterystats-wo expire 2 lines
05-17 15:53:07.960  1287  1347 I chatty  : uid=1000(system) android.fg expire 1 line
05-17 15:53:07.969  1287  1191 I chatty  : uid=1000(system) Binder:1287_11 expire 4 lines
05-17 15:53:08.076  1287  1351 I chatty  : uid=1000(system) android.anim expire 1 line
05-17 15:53:08.353  1287  1367 I chatty  : uid=1000(system) ActivityManager expire 3 lines
05-17 15:56:04.884  1287  1780 I chatty  : uid=1000(system) Binder:1287_1D expire 2 lines
05-17 15:56:04.909  1287  1287 I chatty  : uid=1000 system_server expire 7 lines
05-17 15:56:04.923  1287  1780 I chatty  : uid=1000(system) Binder:1287_1D expire 6 lines
05-17 15:56:04.965  1287  1191 I chatty  : uid=1000(system) Binder:1287_11 expire 19 lines
05-17 15:56:05.195  1287  2473 I chatty  : uid=1000(system) Binder:1287_B expire 6 lines
05-17 15:56:05.212  1287  2511 I chatty  : uid=1000 system_server expire 11 lines
05-17 15:56:05.214  1287  1287 I chatty  : uid=1000 system_server expire 4 lines
05-17 15:56:05.219  1287  1191 I chatty  : uid=1000(system) Binder:1287_11 expire 12 lines
05-17 15:56:05.229  1287  1350 I chatty  : uid=1000(system) android.display expire 8 lines
05-17 15:56:05.230  1795  1795 I TelecomFramework: TelephonyConnectionService: notifyCreateConnectionComplete TC@61_1: (...->CSW.hCCC)->CS.crCoC->H.CS.crCoC(cap/cast)@E-E-E-vbg
05-17 15:56:05.429  1287  2513 I chatty  : uid=1000 system_server expire 1 line
05-17 15:56:05.431  1287  2511 I chatty  : uid=1000 system_server expire 20 lines
05-17 15:56:05.453  1287  2027 I chatty  : uid=1000(system) uteStateMachine expire 4 lines
05-17 15:56:05.453  1287  2028 I chatty  : uid=1000(system) CallAudioModeSt expire 8 lines
05-17 15:56:05.462  1287  1367 I chatty  : uid=1000(system) ActivityManager expire 1 line
05-17 15:56:05.462  1287  1368 I chatty  : uid=1000(system) ActivityManager expire 2 lines
05-17 15:56:05.469  1795  1795 I TelecomFramework: TelephonyConnectionService: onAudioStateChanged TC@61_1 [AudioState isMuted: false, route: EARPIECE, supportedRouteMask: EARPIECE, SPEAKER, activeBluetoothDevice: [null], supportedBluetoothDevices: []]: (...->CSW.hCCC->ICFG.sF->ICFG.sF->ICFG.sF->CILH.sL->CILH.oQC->BCF.gBS->BCF.gBS->ICFG.sF->ICFG.sF->ICFG.sF->ICFG.sF->ICFG.sF->ICFG.sF->ICFG.sF->CARSM.pM_UPDATE_SYSTEM_AUDIO_ROUTE)->CS.cASC->H.CS.cASC(cap/cast/cast)@E-E-E-vbg
05-17 15:56:05.549  2597  2597 W ContextImpl: Calling a method in the system process without a qualified user: android.app.ContextImpl.bindService:1748 android.content.ContextWrapper.bindService:756 org.codeaurora.ims.QtiImsExtConnector.bindQtiImsExtService:113 org.codeaurora.ims.QtiImsExtConnector.connect:88 com.android.incallui.BottomSheetHelper.setUp:141 
05-17 15:56:05.657  1287  1347 I chatty  : uid=1000(system) android.fg expire 5 lines
05-17 15:56:05.659  1287  2028 I chatty  : uid=1000(system) CallAudioModeSt expire 1 line
05-17 15:56:05.704  1287  1287 I chatty  : uid=1000 system_server expire 5 lines
05-17 15:56:05.792  1287  3448 I chatty  : uid=1000(system) Binder:1287_D expire 2 lines
05-17 15:56:05.965  1287  1191 I chatty  : uid=1000(system) Binder:1287_11 expire 20 lines
05-17 15:56:06.202  1287  1406 I chatty  : uid=1000(system) PowerManagerSer expire 1 line
05-17 15:56:06.220  1287  2473 I chatty  : uid=1000(system) Binder:1287_B expire 5 lines
05-17 15:56:06.299  2597  2597 W ContextImpl: Calling a method in the system process without a qualified user: android.app.ContextImpl.sendBroadcast:1111 android.content.ContextWrapper.sendBroadcast:468 com.android.incallui.InCallActivity.onCreate:296 android.app.Activity.performCreate:8161 android.app.Activity.performCreate:8145 
05-17 15:56:06.302  1287  1367 I chatty  : uid=1000(system) ActivityManager expire 2 lines
05-17 15:56:06.470  2597  2597 W ContextImpl: Calling a method in the system process without a qualified user: android.app.ContextImpl.sendBroadcast:1126 android.content.ContextWrapper.sendBroadcast:473 com.android.incallui.MotorolaInCallUiNotifier.sendInCallUiBroadcast:75 com.android.incallui.MotorolaInCallUiNotifier.onUiShowing:55 com.android.incallui.InCallPresenter.onUiShowing:1527 
05-17 15:56:06.491  1287  1310 I chatty  : uid=1000(system) Binder:1287_1 expire 9 lines
05-17 15:56:06.516  1287  1406 I chatty  : uid=1000(system) PowerManagerSer expire 6 lines
05-17 15:56:06.533  1287  1379 I chatty  : uid=1000(system) batterystats-wo expire 1 line
05-17 15:56:06.561  1287  1367 I chatty  : uid=1000(system) ActivityManager expire 7 lines
05-17 15:56:06.636  1287  1350 I chatty  : uid=1000(system) android.display expire 3 lines
05-17 15:56:10.238  1287  1467 I chatty  : uid=1000(system) UEventObserver expire 4 lines
05-17 15:56:10.242  1287  2473 I chatty  : uid=1000(system) Binder:1287_B expire 10 lines
05-17 15:56:10.251  1287  2032 I chatty  : uid=1000(system) ConnectionSvrFo expire 1 line
05-17 15:56:10.251  1287  2027 I chatty  : uid=1000(system) uteStateMachine expire 5 lines
05-17 15:56:10.253  1287  2032 I chatty  : uid=1000(system) ConnectionSvrFo expire 11 lines
05-17 15:56:10.253  1795  1795 I TelecomFramework: TelephonyConnectionService: answer TC@61_1: (TSI.aRC->CSFM.rF)->CS.an->H.CS.an(cast)@E-ve0
05-17 15:56:10.255  1287  1467 I chatty  : uid=1000(system) UEventObserver expire 7 lines
05-17 15:56:10.257  1287  2028 I chatty  : uid=1000(system) CallAudioModeSt expire 2 lines
05-17 15:56:10.415  1287  1310 I chatty  : uid=1000(system) Binder:1287_1 expire 3 lines
05-17 15:56:10.420  1287  2473 I chatty  : uid=1000(system) Binder:1287_B expire 5 lines
05-17 15:56:10.446  1287  1350 I chatty  : uid=1000(system) android.display expire 2 lines
05-17 15:56:10.461  1287  1351 I chatty  : uid=1000(system) android.anim expire 4 lines
05-17 15:56:10.543  1287  1191 I chatty  : uid=1000(system) Binder:1287_11 expire 15 lines
05-17 15:56:10.576  1287  1310 I chatty  : uid=1000(system) Binder:1287_1 expire 1 line
05-17 15:56:10.576  1287  3110 I chatty  : uid=1000(system) Binder:1287_1F expire 2 lines
05-17 15:56:10.606  1287  2028 I chatty  : uid=1000(system) CallAudioModeSt expire 3 lines
05-17 15:56:10.609  1287  2027 I chatty  : uid=1000(system) uteStateMachine expire 9 lines
05-17 15:56:10.654  1287  1780 I chatty  : uid=1000(system) Binder:1287_1D expire 9 lines
05-17 15:56:10.732  2597  2597 W ContextImpl: Calling a method in the system process without a qualified user: android.app.ContextImpl.sendBroadcast:1111 android.content.ContextWrapper.sendBroadcast:468 com.android.incallui.InCallActivity.onCreate:296 android.app.Activity.performCreate:8161 android.app.Activity.performCreate:8145 
05-17 15:56:10.737  1287  1367 I chatty  : uid=1000(system) ActivityManager expire 2 lines
05-17 15:56:10.796  1795  1795 I TelecomFramework: TelephonyConnectionService: onAudioStateChanged TC@61_1 [AudioState isMuted: false, route: EARPIECE, supportedRouteMask: EARPIECE, SPEAKER, activeBluetoothDevice: [null], supportedBluetoothDevices: []]: (TSI.aRC->CSFM.rF->CAMSM.pM_1002->CARSM.pM_SWITCH_FOCUS)->CS.cASC->H.CS.cASC(cast)@E-ve0
05-17 15:56:10.800  1287  1287 I chatty  : uid=1000 system_server expire 1 line
05-17 15:56:10.867  2597  2597 W ContextImpl: Calling a method in the system process without a qualified user: android.app.ContextImpl.sendBroadcast:1126 android.content.ContextWrapper.sendBroadcast:473 com.android.incallui.MotorolaInCallUiNotifier.sendInCallUiBroadcast:75 com.android.incallui.MotorolaInCallUiNotifier.onUiShowing:55 com.android.incallui.InCallPresenter.onUiShowing:1527 
05-17 15:56:10.868  1287  1350 I chatty  : uid=1000(system) android.display expire 2 lines
05-17 15:56:10.926  1287  1351 I chatty  : uid=1000(system) android.anim expire 1 line
05-17 15:56:11.205  1287  1406 I chatty  : uid=1000(system) PowerManagerSer expire 13 lines
05-17 15:56:12.493  1287  1379 I chatty  : uid=1000(system) batterystats-wo expire 4 lines
05-17 15:56:12.496  1287  1350 I chatty  : uid=1000(system) android.display expire 4 lines
05-17 15:56:12.749  1287  1367 I chatty  : uid=1000(system) ActivityManager expire 2 lines
05-17 15:56:27.928  1287  1467 I chatty  : uid=1000(system) UEventObserver expire 28 lines
05-17 15:56:27.942  1795  1795 I TelecomFramework: TelephonyConnectionService: disconnect TC@61_1: (TSI.eC)->CS.d->H.CS.d(cast)@E-vk8
05-17 15:56:27.943  1287  2028 I chatty  : uid=1000(system) CallAudioModeSt expire 1 line
05-17 15:56:27.957  1287  3110 I chatty  : uid=1000(system) Binder:1287_1F expire 2 lines
05-17 15:56:28.047  1287  1467 I chatty  : uid=1000(system) UEventObserver expire 2 lines
05-17 15:56:28.182  1287  1350 I chatty  : uid=1000(system) android.display expire 4 lines
05-17 15:56:28.206  1287  1773 I chatty  : uid=1000(system) Binder:1287_5 expire 27 lines
05-17 15:56:28.244  1287  1191 I chatty  : uid=1000(system) Binder:1287_11 expire 2 lines
05-17 15:56:28.573  1287  1347 I chatty  : uid=1000(system) android.fg expire 1 line
05-17 15:56:28.603  1287  2473 I chatty  : uid=1000(system) Binder:1287_B expire 4 lines
05-17 15:56:28.610  1287  1367 I chatty  : uid=1000(system) ActivityManager expire 1 line
05-17 15:56:28.635  1287  2027 I chatty  : uid=1000(system) uteStateMachine expire 8 lines
05-17 15:56:28.636  1287  2028 I chatty  : uid=1000(system) CallAudioModeSt expire 1 line
05-17 15:56:28.653  1287  3535 I chatty  : uid=1000(system) Binder:1287_1A expire 1 line
05-17 15:56:28.662  1287  1287 I chatty  : uid=1000 system_server expire 14 lines
05-17 15:56:28.666  1287  2027 I chatty  : uid=1000(system) uteStateMachine expire 4 lines
05-17 15:56:28.699  1287  1367 I chatty  : uid=1000(system) ActivityManager expire 5 lines
05-17 15:56:28.699  1287  1368 I chatty  : uid=1000(system) ActivityManager expire 7 lines
05-17 15:56:28.741  1287  2028 I chatty  : uid=1000(system) CallAudioModeSt expire 2 lines
05-17 15:56:28.884  1287  1773 I chatty  : uid=1000(system) Binder:1287_5 expire 4 lines
05-17 15:56:28.891  2597  2597 W ContextImpl: Calling a method in the system process without a qualified user: android.app.ContextImpl.sendBroadcast:1126 android.content.ContextWrapper.sendBroadcast:473 com.android.incallui.MotorolaInCallUiNotifier.sendInCallUiBroadcast:75 com.android.incallui.MotorolaInCallUiNotifier.onStateChange:64 com.android.incallui.InCallPresenter.onCallListChange:1116 
05-17 15:56:29.844  1287  1486 I chatty  : uid=1000(system) ConnectivitySer expire 1 line
05-17 15:56:29.994  1287  1350 I chatty  : uid=1000(system) android.display expire 12 lines
05-17 15:56:30.044  1287  1406 I chatty  : uid=1000(system) PowerManagerSer expire 9 lines
05-17 15:56:30.071  1287  1379 I chatty  : uid=1000(system) batterystats-wo expire 1 line
05-17 15:56:30.239  1287  3535 I chatty  : uid=1000(system) Binder:1287_1A expire 8 lines
05-17 15:56:30.403  1287  1350 I chatty  : uid=1000(system) android.display expire 8 lines
05-17 15:56:30.427  1287  1351 I chatty  : uid=1000(system) android.anim expire 2 lines
05-17 15:56:30.499  1287  1773 I chatty  : uid=1000(system) Binder:1287_5 expire 4 lines
05-17 15:56:30.614  1287  1367 I chatty  : uid=1000(system) ActivityManager expire 6 lines
05-17 15:56:30.669  1287  1287 I chatty  : uid=1000 system_server expire 6 lines
05-17 15:56:31.196  1287  1406 I chatty  : uid=1000(system) PowerManagerSer expire 5 lines
05-17 15:56:31.201  1287  1347 I chatty  : uid=1000(system) android.fg expire 1 line
05-17 15:56:35.177  1287  1379 I chatty  : uid=1000(system) batterystats-wo expire 2 lines
05-17 15:56:36.995  1287  1467 I chatty  : uid=1000(system) UEventObserver expire 11 lines
05-17 15:56:37.022  1287  2473 I chatty  : uid=1000(system) Binder:1287_B expire 10 lines
05-17 15:56:37.203  1287  1191 I chatty  : uid=1000(system) Binder:1287_11 expire 4 lines
05-17 15:56:37.312  1287  1780 I chatty  : uid=1000(system) Binder:1287_1D expire 5 lines
05-17 15:56:37.422  1287  1406 I chatty  : uid=1000(system) PowerManagerSer expire 3 lines
05-17 15:56:37.920  1287  1347 I chatty  : uid=1000(system) android.fg expire 3 lines
05-17 15:56:38.059  1287  4037 I chatty  : uid=1000(system) Binder:1287_1B expire 1 line
05-17 15:56:38.897  1287  1467 I chatty  : uid=1000(system) UEventObserver expire 31 lines
05-17 15:56:39.003  1287  1191 I chatty  : uid=1000(system) Binder:1287_11 expire 12 lines
05-17 15:56:39.037  1287  1350 I chatty  : uid=1000(system) android.display expire 8 lines
05-17 15:56:39.443  1287  1367 I chatty  : uid=1000(system) ActivityManager expire 1 line
05-17 15:56:39.883  1287  1310 I chatty  : uid=1000(system) Binder:1287_1 expire 4 lines
05-17 15:56:40.472  1287  1486 I chatty  : uid=1000(system) ConnectivitySer expire 1 line
05-17 15:56:40.811  1287  1348 I chatty  : uid=1000(system) android.ui expire 1 line
05-17 15:56:40.816  1287  1310 I chatty  : uid=1000(system) Binder:1287_1 expire 4 lines
05-17 15:56:40.866  1287  1350 I chatty  : uid=1000(system) android.display expire 4 lines
05-17 15:56:40.907  1287  1780 I chatty  : uid=1000(system) Binder:1287_1D expire 12 lines
05-17 15:56:40.987  1287  1351 I chatty  : uid=1000(system) android.anim expire 2 lines
05-17 15:56:41.060  1287  1191 I chatty  : uid=1000(system) Binder:1287_11 expire 1 line
05-17 15:56:41.069  1287  1871 I chatty  : uid=1000(system) Binder:1287_17 expire 8 lines
05-17 15:56:41.091  1287  3110 I chatty  : uid=1000(system) Binder:1287_1F expire 13 lines
05-17 15:56:41.272  1287  1367 I chatty  : uid=1000(system) ActivityManager expire 3 lines
05-17 15:56:43.923  1287  1467 I chatty  : uid=1000(system) UEventObserver expire 22 lines
05-17 15:56:44.041  1287  3110 I chatty  : uid=1000(system) Binder:1287_1F expire 3 lines
05-17 15:56:44.069  1287  1350 I chatty  : uid=1000(system) android.display expire 19 lines
05-17 15:56:44.478  1287  1367 I chatty  : uid=1000(system) ActivityManager expire 7 lines
05-17 15:56:44.900  1287  1834 I chatty  : uid=1000(system) Binder:1287_6 expire 9 lines
05-17 15:56:45.759  1287  1406 I chatty  : uid=1000(system) PowerManagerSer expire 14 lines
05-17 15:56:45.777  1287  1379 I chatty  : uid=1000(system) batterystats-wo expire 5 lines
05-17 15:56:45.814  1287  1347 I chatty  : uid=1000(system) android.fg expire 1 line
05-17 15:56:45.913  1287  1351 I chatty  : uid=1000(system) android.anim expire 1 line
05-17 15:56:45.915  1287  1871 I chatty  : uid=1000(system) Binder:1287_17 expire 4 lines
05-17 16:04:48.017  1287  1287 I chatty  : uid=1000 system_server expire 1 line
05-17 16:04:50.840  1287  4037 I chatty  : uid=1000(system) Binder:1287_1B expire 5 lines
05-17 16:17:03.646  1287  1469 I chatty  : uid=1000(system) InputReader expire 1 line
05-17 16:17:03.736  1287  4037 I chatty  : uid=1000(system) Binder:1287_1B expire 1 line
05-17 16:17:03.759  1287  1367 I chatty  : uid=1000(system) ActivityManager expire 8 lines
05-17 16:17:03.826  1287  1406 I chatty  : uid=1000(system) PowerManagerSer expire 16 lines
05-17 16:17:03.895  1287  1287 I chatty  : uid=1000 system_server expire 1 line
05-17 16:17:04.070  1287  1350 I chatty  : uid=1000(system) android.display expire 11 lines
05-17 16:17:04.164  1287  1347 I chatty  : uid=1000(system) android.fg expire 4 lines
05-17 16:17:04.296  1287  1834 I chatty  : uid=1000(system) Binder:1287_6 expire 1 line
05-17 16:17:11.814  1287  1379 I chatty  : uid=1000(system) batterystats-wo expire 3 lines
05-17 16:17:11.853  1287  1871 I chatty  : uid=1000(system) Binder:1287_17 expire 14 lines
05-17 16:17:11.899  1287  3535 I chatty  : uid=1000(system) Binder:1287_1A expire 4 lines
05-17 16:23:55.181  1287  1467 I chatty  : uid=1000(system) UEventObserver expire 11 lines
05-17 16:23:55.328  1287  1406 I chatty  : uid=1000(system) PowerManagerSer expire 5 lines
05-17 16:23:55.337  1287  1348 I chatty  : uid=1000(system) android.ui expire 1 line
05-17 16:23:55.339  1287  1834 I chatty  : uid=1000(system) Binder:1287_6 expire 4 lines
05-17 16:23:55.435  1287  1287 I chatty  : uid=1000 system_server expire 3 lines
05-17 16:23:55.438  1287  1367 I chatty  : uid=1000(system) ActivityManager expire 9 lines
05-17 16:23:55.440  1287  1351 I chatty  : uid=1000(system) android.anim expire 1 line
05-17 16:23:55.451  1287  1350 I chatty  : uid=1000(system) android.display expire 5 lines
05-17 16:23:55.544  1287  1443 I chatty  : uid=1000(system) Binder:1287_3 expire 5 lines
05-17 16:23:55.947  1287  1347 I chatty  : uid=1000(system) android.fg expire 3 lines
05-17 16:23:56.091  1287  1369 I chatty  : uid=1000(system) Binder:1287_14 expire 1 line
05-17 16:23:57.102  1287  1444 I chatty  : uid=1000(system) Binder:1287_4 expire 17 lines
05-17 16:23:57.145  1287  1871 I chatty  : uid=1000(system) Binder:1287_17 expire 8 lines
05-17 16:23:58.291  1287  1191 I chatty  : uid=1000(system) Binder:1287_11 expire 11 lines
05-17 16:23:58.314  1287  1444 I chatty  : uid=1000(system) Binder:1287_4 expire 10 lines
05-17 16:23:58.953  1287  1350 I chatty  : uid=1000(system) android.display expire 12 lines
05-17 16:23:59.200  1287  1369 I chatty  : uid=1000(system) Binder:1287_14 expire 27 lines
05-17 16:24:01.029  1287  1287 I chatty  : uid=1000 system_server expire 1 line
05-17 16:24:09.157  1287  1348 I chatty  : uid=1000(system) android.ui expire 17 lines
05-17 16:24:12.363  1287  1871 I chatty  : uid=1000(system) Binder:1287_17 expire 4 lines
05-17 16:24:13.858  1287  1369 I chatty  : uid=1000(system) Binder:1287_14 expire 21 lines
05-17 16:24:14.410  1287  1350 I chatty  : uid=1000(system) android.display expire 12 lines
05-17 16:24:14.471  1287  1191 I chatty  : uid=1000(system) Binder:1287_11 expire 15 lines
05-17 16:24:17.226  1287  1469 I chatty  : uid=1000(system) InputReader expire 17 lines
05-17 16:24:17.713  1287  1443 I chatty  : uid=1000(system) Binder:1287_3 expire 12 lines
05-17 16:24:19.141  1287  1369 I chatty  : uid=1000(system) Binder:1287_14 expire 7 lines
05-17 16:24:19.766  1287  1191 I chatty  : uid=1000(system) Binder:1287_11 expire 5 lines
05-17 16:24:19.774  1287  1486 I chatty  : uid=1000(system) ConnectivitySer expire 1 line
05-17 16:24:20.089  1287  1287 I chatty  : uid=1000 system_server expire 1 line
05-17 16:24:30.027  1287  1348 I chatty  : uid=1000(system) android.ui expire 17 lines
05-17 16:24:30.476  1287  1350 I chatty  : uid=1000(system) android.display expire 7 lines
05-17 16:24:34.936  1287  3535 I chatty  : uid=1000(system) Binder:1287_1A expire 1 line
05-17 16:25:23.042  1287  1406 I chatty  : uid=1000(system) PowerManagerSer expire 12 lines
05-17 16:25:30.061  1287  1379 I chatty  : uid=1000(system) batterystats-wo expire 1 line
05-17 16:25:30.097  1287  1871 I chatty  : uid=1000(system) Binder:1287_17 expire 4 lines
05-17 16:25:30.121  1287  1350 W ActivityTaskManager: servicetracker HIDL not available
05-17 16:25:30.121  1287  1350 E ActivityTaskManager: Unable to get servicetracker HAL instance
05-17 16:25:30.157  1287  1310 W ActivityTaskManager: servicetracker HIDL not available
05-17 16:25:30.157  1287  1310 E ActivityTaskManager: Unable to get servicetracker HAL instance
05-17 16:25:30.158  1287  1310 W ActivityTaskManager: servicetracker HIDL not available
05-17 16:25:30.158  1287  1310 E ActivityTaskManager: Unable to get servicetracker HAL instance
05-17 16:25:30.374  1287  1406 I DreamManagerService: Entering dreamland.
05-17 16:25:30.375  1287  1406 I PowerManagerService: Dozing...
05-17 16:25:30.378  1287  1347 I DreamController: Starting dream: name=ComponentInfo{com.android.systemui/com.android.systemui.doze.DozeService}, isTest=false, canDoze=true, userId=0
05-17 16:25:35.056  1287  1350 W ActivityTaskManager: Sleep timeout!  Sleeping now.
05-17 16:25:35.087  1287  1379 E KernelCpuSpeedReader: Failed to read cpu-freq: /sys/devices/system/cpu/cpu0/cpufreq/stats/time_in_state: open failed: ENOENT (No such file or directory)
05-17 16:30:52.513  1287  1347 W Looper  : Slow delivery took 202ms android.fg h=android.os.Handler c=<recycled PooledLambda@4d328ca> m=0
05-17 16:30:52.636  1287  1347 W Looper  : Drained
05-17 16:30:52.910  1287  1287 D NotificationService: 0|com.android.messaging|0|com.android.messaging:sms:|10111: granting content://settings/system/notification_sound
05-17 16:30:52.911  1287  1287 I chatty  : uid=1000 system_server identical 2 lines
05-17 16:30:52.911  1287  1287 D NotificationService: 0|com.android.messaging|0|com.android.messaging:sms:|10111: granting content://settings/system/notification_sound
05-17 16:30:52.913  1287  1287 W NotificationHistory: Attempted to add notif for locked/gone/disabled user 0
