05-17 16:44:50.351  2597  2597 I Dialer  : ImsVideoCall.isAvailable - null video call
05-17 16:44:50.351   384   384 I hwservicemanager: getTransport: Cannot find entry vendor.qti.hardware.servicetracker@1.2::IServicetracker/default in either framework or device manifest.
05-17 16:44:50.352  1287  1350 W ActivityTaskManager: servicetracker HIDL not available
05-17 16:44:50.352  1287  1350 E ActivityTaskManager: Unable to get servicetracker HAL instance
05-17 16:44:50.389  1795  1795 D TelephonyProvider: Using old permission behavior for telephony provider compat
05-17 16:44:50.398  2597  2597 I Dialer  : CallList.onUpdateCall - [DialerCall_8, CONNECTING, [Capabilities:], [Properties:], children:[], parent:null, conferenceable:[], videoState:Audio Only, mSessionModificationState:0, CameraDir:-1]
05-17 16:44:50.398  2597  2597 I Dialer  : ReturnToCallController.hide - hide() called without calling show()
05-17 16:44:50.398  2597  2597 I Dialer  : InCallPresenter.onCallListChange - Phone switching state: PENDING_OUTGOING -> PENDING_OUTGOING
05-17 16:44:50.400  2597  2597 W Dialer  : OrientationModeHandler - mayBeUpdateOrientationMode : InCallActivity is null
05-17 16:44:50.403   587   713 E QMI_FW  : qmi_cci_get_ref: ref count increased 2
05-17 16:44:50.404   587   713 I chatty  : uid=1000(system) HwBinder:587_1 identical 2 lines
05-17 16:44:50.405   587   713 E QMI_FW  : qmi_cci_get_ref: ref count increased 2
05-17 16:44:50.406  2597  2597 I Dialer  : ProximitySensor.updateProximitySensorMode - screenOnImmediately: false, dialPadVisible: false, offHook: true, horizontal: false, uiShowing: false, audioRoute: EARPIECE
05-17 16:44:50.406  2597  2597 I Dialer  : ProximitySensor.turnOnProximitySensor - acquiring wake lock
05-17 16:44:50.408  2597  2597 W Dialer  : BottomSheetHelper.dismissBottomSheet - In call activity is either null or not visible
05-17 16:44:50.408  2597  2597 I Dialer  : BottomSheetHelper.updateMap - mCall = [DialerCall_8, CONNECTING, [Capabilities:], [Properties:], children:[], parent:null, conferenceable:[], videoState:Audio Only, mSessionModificationState:0, CameraDir:-1]
05-17 16:44:50.408  2597  2597 D QtiCarrierConfigHelper: Invalid phone ID: -1
05-17 16:44:50.408  2597  2597 I chatty  : uid=1000(system) org.codeaurora.dialer identical 1 line
05-17 16:44:50.409  2597  2597 D QtiCarrierConfigHelper: Invalid phone ID: -1
05-17 16:44:50.409  2597  2597 I Dialer  : BottomSheetHelper.maybeUpdateTransferInMap - value of showTransferOptions in BottomSheetHelper = false
05-17 16:44:50.409  2597  2597 W Dialer  : String - call is not incoming state.
05-17 16:44:50.409  2597  2597 D QtiCarrierConfigHelper: Invalid phone ID: -1
05-17 16:44:50.409   587   713 E QMI_FW  : qmi_cci_get_ref: ref count increased 2
05-17 16:44:50.409  2597  2597 I Dialer  : VideoPauseController.onStateChange - hasPrimaryCallChanged: true, videoCanPause: false, isInBackground: false
05-17 16:44:50.409   587   713 E QMI_FW  : qmi_cci_get_ref: ref count increased 2
05-17 16:44:50.410  2597  2597 I Dialer  : VideoPauseController.onPrimaryCallChanged - new call: [DialerCall_8, CONNECTING, [Capabilities:], [Properties:], children:[], parent:null, conferenceable:[], videoState:Audio Only, mSessionModificationState:0, CameraDir:-1], old call: null, mIsInBackground: false
05-17 16:44:50.411  2597  2597 I Dialer  : InCallPresenter.setBoundAndWaitingForOutgoingCall - setBoundAndWaitingForOutgoingCall: false
05-17 16:44:50.413  2597  2597 I Dialer  : ProximitySensor.updateProximitySensorMode - screenOnImmediately: false, dialPadVisible: false, offHook: true, horizontal: false, uiShowing: false, audioRoute: EARPIECE
05-17 16:44:50.413  2597  2597 I Dialer  : ProximitySensor.turnOnProximitySensor - wake lock already acquired
05-17 16:44:50.413  2597  2597 I Dialer  : ReturnToCallController.hide - hide() called without calling show()
05-17 16:44:50.417  2597  2597 I Dialer  : CallLogListItemViewHolder updatePrimaryActionButton - show_rtt: %sfalse
05-17 16:44:50.426  2597  3489 I Dialer  : ShortcutUsageReporter.backgroundLogUsage - 0r253-3C3244443A34324C
05-17 16:44:50.427  1287  1780 W ShortcutService: reportShortcutUsed: package org.codeaurora.dialer doesn't have shortcut 0r253-3C3244443A34324C
05-17 16:44:50.428  1763  3020 I QImsService: ImsCallSessionCallbackHandler : Constructor: start handler thread for callbacks.
05-17 16:44:50.429  1763  3020 I QImsService: ImsCallSessionImpl : maybeCreateVideoProvider: Creating VideoCallProvider
05-17 16:44:50.429  1763  3020 D VideoCall_ImsVideoCallProviderImpl: (null) ImsVideocallProviderImpl instance created callSession= callid= -1 mediaId=-1 mState= 0 mDc=null mCallProfile={ serviceType=1, callType=1, restrictCause=0, mediaProfile={ audioQuality=0, audioDirection=3, videoQuality=0, videoDirection=-1, rttMode=0, hasRttAudioSpeech=false }, emergencyServiceCategories=0, emergencyUrns=[], emergencyCallRouting=0, emergencyCallTesting=false, hasKnownUserIntentEmergency=false, mRestrictCause=0, mCallerNumberVerstat= 0 } mLocalCallProfile={ serviceType=1, callType=7, restrictCause=0, mediaProfile={ audioQuality=0, audioDirection=3, videoQuality=0, videoDirection=-1, rttMode=0, hasRttAudioSpeech=false }, emergencyServiceCategories=0, emergencyUrns=[], emergencyCallRouting=0, emergencyCallTesting=false, hasKnownUserIntentEmergency=false, mRestrictCause=0, mCallerNumberVerstat= 0 } mRemoteCallProfile={ serviceType=1, callType=7, restrictCause=0, mediaProfile={ audioQuality=0, audioDirection=3, videoQuality=0, videoDirection=-1, rttMode=0, hasRttAudioSpeech=false }, emergencyServiceCategories=0, emergencyUrns=[], emergencyCallRouting=0, emergencyCallTesting=false, hasKnownUserIntentEmergency=false, mRestrictCause=0, mCallerNumberVerstat= 0 } imsCallMod=org.codeaurora.ims.ImsCallModification@ba5ca7
05-17 16:44:50.430  1763  3020 I QImsService: ImsCallSessionImpl : updateFeatureCapabilities video true voice true
05-17 16:44:50.430  1763  3020 D VideoCall_ImsVideoGlobals: setPhoneIdWithActiveCall, phoneId # 0
05-17 16:44:50.430  1763  3020 D VideoCall_MediaController: onSessionAdded callSession= callid= -1 mediaId=-1 mState= 0 mDc=null mCallProfile={ serviceType=1, callType=2, restrictCause=0, mediaProfile={ audioQuality=0, audioDirection=3, videoQuality=0, videoDirection=-1, rttMode=0, hasRttAudioSpeech=false }, emergencyServiceCategories=0, emergencyUrns=[], emergencyCallRouting=0, emergencyCallTesting=false, hasKnownUserIntentEmergency=false, mRestrictCause=0, mCallerNumberVerstat= 0 } mLocalCallProfile={ serviceType=1, callType=7, restrictCause=0, mediaProfile={ audioQuality=0, audioDirection=3, videoQuality=0, videoDirection=-1, rttMode=0, hasRttAudioSpeech=false }, emergencyServiceCategories=0, emergencyUrns=[], emergencyCallRouting=0, emergencyCallTesting=false, hasKnownUserIntentEmergency=false, mRestrictCause=0, mCallerNumberVerstat= 0 } mRemoteCallProfile={ serviceType=1, callType=7, restrictCause=0, mediaProfile={ audioQuality=0, audioDirection=3, videoQuality=0, videoDirection=-1, rttMode=0, hasRttAudioSpeech=false }, emergencyServiceCategories=0, emergencyUrns=[], emergencyCallRouting=0, emergencyCallTesting=false, hasKnownUserIntentEmergency=false, mRestrictCause=0, mCallerNumberVerstat= 0 } no:of call sessions = 0
05-17 16:44:50.430  1763  3020 D VideoCall_LowBattery: onSessionAdded callSession =  callid= -1 mediaId=-1 mState= 0 mDc=null mCallProfile={ serviceType=1, callType=2, restrictCause=0, mediaProfile={ audioQuality=0, audioDirection=3, videoQuality=0, videoDirection=-1, rttMode=0, hasRttAudioSpeech=false }, emergencyServiceCategories=0, emergencyUrns=[], emergencyCallRouting=0, emergencyCallTesting=false, hasKnownUserIntentEmergency=false, mRestrictCause=0, mCallerNumberVerstat= 0 } mLocalCallProfile={ serviceType=1, callType=7, restrictCause=0, mediaProfile={ audioQuality=0, audioDirection=3, videoQuality=0, videoDirection=-1, rttMode=0, hasRttAudioSpeech=false }, emergencyServiceCategories=0, emergencyUrns=[], emergencyCallRouting=0, emergencyCallTesting=false, hasKnownUserIntentEmergency=false, mRestrictCause=0, mCallerNumberVerstat= 0 } mRemoteCallProfile={ serviceType=1, callType=7, restrictCause=0, mediaProfile={ audioQuality=0, audioDirection=3, videoQuality=0, videoDirection=-1, rttMode=0, hasRttAudioSpeech=false }, emergencyServiceCategories=0, emergencyUrns=[], emergencyCallRouting=0, emergencyCallTesting=false, hasKnownUserIntentEmergency=false, mRestrictCause=0, mCallerNumberVerstat= 0 }
05-17 16:44:50.433  1795  1795 I ImsCall : start(1) :: session=[ImsCallSession objId:77988342 state:IDLE callId:-1] ImsCall=[ImsCall objId:160168439 onHold:N mute:N mCallProfile:{ serviceType=1, callType=2, restrictCause=0, mediaProfile={ audioQuality=0, audioDirection=3, videoQuality=0, videoDirection=-1, rttMode=0, hasRttAudioSpeech=false }, emergencyServiceCategories=0, emergencyUrns=[], emergencyCallRouting=0, emergencyCallTesting=false, hasKnownUserIntentEmergency=false, mRestrictCause=0, mCallerNumberVerstat= 0 } networkType:0 updateRequest:NONE merging:N merge action pending:N merged:N multiParty:N confHost:N buried term:N isVideo: N wasVideo: N isWifi: N session:null transientSession:null]
05-17 16:44:50.434  1763  3020 I QImsService: ImsCallSessionCallbackHandler : posting to handler
05-17 16:44:50.435  1763  3504 I QImsService: ImsCallSessionCallbackHandler : callSessionUpdated :: profile={ serviceType=1, callType=2, restrictCause=0, mediaProfile={ audioQuality=0, audioDirection=3, videoQuality=0, videoDirection=-1, rttMode=0, hasRttAudioSpeech=false }, emergencyServiceCategories=0, emergencyUrns=[], emergencyCallRouting=0, emergencyCallTesting=false, hasKnownUserIntentEmergency=false, mRestrictCause=0, mCallerNumberVerstat= 0 }
05-17 16:44:50.435  1763  3020 I QImsService: ImsSenderRxr : Dial Request - address= [d4b1034d117148d13726544aacf906ee93ec48f1]clirMode= 0 callDetails=  0 3 callSubState 0 videoPauseState2 mediaId-1 Rtt mode 0 Local Ability  Peer Ability  Cause code 0 sipAlternateUri null, {MultiIdentity Line Info : msisdn =  , line type = 1 , line status = 0} isEncrypted= false redialInfo RedialInfo: retryCallFailCause = 0 retryCallFailRadioTech = 0[SUB0]
05-17 16:44:50.437  1763  3020 I QImsService: ImsSenderRxr : [3346]> DIAL [SUB0]
05-17 16:44:50.438  1763  3020 I QImsService: Class : Unsupported imsReason for ending call. Passing end cause as 'misc'.
05-17 16:44:50.438  1763  3020 I QImsService: ImsSenderRxr : dial v1.6[SUB0]
05-17 16:44:50.441  1795  2105 I ImsCall : callSessionUpdated :: session=[ImsCallSession objId:77988342 state:INITIATED callId:-1] profile={ serviceType=1, callType=2, restrictCause=0, mediaProfile={ audioQuality=0, audioDirection=3, videoQuality=0, videoDirection=-1, rttMode=0, hasRttAudioSpeech=false }, emergencyServiceCategories=0, emergencyUrns=[], emergencyCallRouting=0, emergencyCallTesting=false, hasKnownUserIntentEmergency=false, mRestrictCause=0, mCallerNumberVerstat= 0 } ImsCall=[ImsCall objId:160168439 onHold:N mute:N mCallProfile:{ serviceType=1, callType=2, restrictCause=0, mediaProfile={ audioQuality=0, audioDirection=3, videoQuality=0, videoDirection=-1, rttMode=0, hasRttAudioSpeech=false }, emergencyServiceCategories=0, emergencyUrns=[], emergencyCallRouting=0, emergencyCallTesting=false, hasKnownUserIntentEmergency=false, mRestrictCause=0, mCallerNumberVerstat= 0 } networkType:0 updateRequest:NONE merging:N merge action pending:N merged:N multiParty:N confHost:N buried term:N isVideo: N wasVideo: N isWifi: N session:[ImsCallSession objId:77988342 state:INITIATED callId:-1] transientSession:null]
05-17 16:44:50.443  1025  1077 E QMI_FW  : qmi_cci_get_ref: ref count increased 2
05-17 16:44:50.445  1795  1795 I ImsExternalCallTracker: onPhoneStateChanged : hasActiveCalls = true
05-17 16:44:50.445  1795  1795 D ImsExternalCallTracker: refreshCallPullState
05-17 16:44:50.445  2597  2597 I Dialer  : UiListener.create - creating new UiListener for preferredAccountWorkerResultListener
05-17 16:44:50.449  1795  1795 V Telephony: new TelephonyConnection, originalConnection: [ImsPhoneConnection objId: 46981220 telecomCallID: null address: [****] isAdhocConf: N ImsCall: [ImsCall objId:160168439 onHold:N mute:N mCallProfile:{ serviceType=1, callType=2, restrictCause=0, mediaProfile={ audioQuality=0, audioDirection=3, videoQuality=0, videoDirection=-1, rttMode=0, hasRttAudioSpeech=false }, emergencyServiceCategories=0, emergencyUrns=[], emergencyCallRouting=0, emergencyCallTesting=false, hasKnownUserIntentEmergency=false, mRestrictCause=0, mCallerNumberVerstat= 0 } networkType:0 updateRequest:NONE merging:N merge action pending:N merged:N multiParty:N confHost:N buried term:N isVideo: N wasVideo: N isWifi: N session:[ImsCallSession objId:77988342 state:INITIATED callId:-1] transientSession:null]]
05-17 16:44:50.450  1025  1151 E QMI_FW  : qmi_cci_get_ref: ref count increased 2
05-17 16:44:50.454  1763  2749 I QImsService: ImsRadioIndication : onCallStateChanged_1_6()
05-17 16:44:50.454  1763  2749 I QImsService: ImsRadioIndication : onCallStateChanged_1_7()
05-17 16:44:50.454  1763  2749 I QImsService: Class : Num of SrvUpdates = 1
05-17 16:44:50.454  1763  2749 I QImsService: Class :  networkMode = 0 status = 2 restrictCause = 0 registered = 0
05-17 16:44:50.455  1763  2749 I QImsService: Class : Partially Enabled Status due to Restrict Cause
05-17 16:44:50.455  1763  2749 I QImsService: Class : RTT: copySrvStatusList rtt mode = 2
05-17 16:44:50.455  1763  2749 I QImsService: Class : Num of SrvUpdates = 0
05-17 16:44:50.455  1763  2749 I QImsService: Class : Call Details =  0 3 callSubState 0 videoPauseState2 mediaId8 Rtt mode 0 Local Ability isValid = true type = 0 status = 1 rttMode = 0 accTechStatus  mode = 0 Status = 2 restrictCause = 0 registered = 0 Peer Ability  Cause code 0 sipAlternateUri null, null
05-17 16:44:50.455  1742  1911 D QcRilAudio: setParameters with: vsid=297816064;call_state=1
05-17 16:44:50.455  1763  2749 I QImsService: Class : Call fail cause= 1
05-17 16:44:50.455  1763  2749 I QImsService: Class : CallFailCauseResponse has no int error code!
05-17 16:44:50.455  1795  1795 D Telephony: buildConnectionCapabilities: isHoldable = false State = 0 capabilities = 2
05-17 16:44:50.455   575   575 D audio_hw_primary: adev_set_parameters: enter: call_state=1;vsid=297816064
05-17 16:44:50.455   575   575 D voice_extn: update_call_states is_call_active:0 in_call:1, mode:2
05-17 16:44:50.455   575   575 D voice_extn: update_calls: enter:
05-17 16:44:50.456   575   575 D voice_extn: update_calls: cur_state=1 new_state=1 vsid=10c01000
05-17 16:44:50.456   575   575 D voice_extn: update_calls: cur_state=1 new_state=1 vsid=10dc1000
05-17 16:44:50.456   575   575 D voice_extn: update_calls: cur_state=1 new_state=1 vsid=10c02000
05-17 16:44:50.456   575   575 D voice_extn: update_calls: cur_state=1 new_state=1 vsid=10803000
05-17 16:44:50.456   575   575 D voice_extn: update_calls: cur_state=1 new_state=1 vsid=10002000
05-17 16:44:50.456   575   575 D voice_extn: update_calls: cur_state=1 new_state=1 vsid=11c05000
05-17 16:44:50.456   575   575 D voice_extn: update_calls: cur_state=1 new_state=1 vsid=11dc5000
05-17 16:44:50.456   575   575 D audio_hw_hfp: hfp_set_parameters: enter
05-17 16:44:50.456   575   575 D audio_hw_extn: audio_extn_fm_set_parameters: Enter
05-17 16:44:50.456   575   575 D audio_hw_extn: haiping mic_choose_ret:-2
05-17 16:44:50.456   575   575 D audio_hw_extn: huangli audio_extn_set_mic_choose_parameters: mic_choose:0, value:
05-17 16:44:50.457  1763  2749 I QImsService: ImsSenderRxr : InCall VoicePrivacy is disabled[SUB0]
05-17 16:44:50.457   935  1082 E QMI_FW  : qmi_cci_get_ref: ref count increased 2
05-17 16:44:50.457  1763  2749 I QImsService: ImsSenderRxr : [UNSL]< UNSOL_RESPONSE_CALL_STATE_CHANGED  [id=1,DIALING,toa=145,norm,mo,0,voc,noevp,,cli=1,,3Call Details = 0 3 callSubState 0 videoPauseState2 mediaId8 Rtt mode 0 Local Ability isValid = true type = 0 status = 1 rttMode = 0 accTechStatus  mode = 0 Status = 2 restrictCause = 0 registered = 0 Peer Ability  Cause code 0 sipAlternateUri null, null,CallFailCause Code= 501,CallFailCause String= null, isEncrypted=false, historyInfo=, Conf. Support=0, {MultiIdentity Line Info : msisdn =  , line type = 0 , line status = 0}, isTirOverwriteAllowed=false, isPreparatory=false, CRS data=CrsData crsType: 0 originalCallType: 0, Call progress Info = CallProgressInfo Type: -1 Reason code: 0 Reason Text: null] [SUB0]
05-17 16:44:50.458  1025  1151 E QMI_FW  : qmi_cci_get_ref: ref count increased 2
05-17 16:44:50.459  1763  1763 I QImsService: ImsServiceSubHandler : Message received: what = 1
05-17 16:44:50.459  1763  1763 I QImsService: ImsServiceSub : [0] >handleCalls
05-17 16:44:50.460  1763  1763 I QImsService: ImsServiceSub : [0] handleCalls: dc = id=1,DIALING,toa=145,norm,mo,0,voc,noevp,,cli=1,,3Call Details = 0 3 callSubState 0 videoPauseState2 mediaId8 Rtt mode 0 Local Ability isValid = true type = 0 status = 1 rttMode = 0 accTechStatus  mode = 0 Status = 2 restrictCause = 0 registered = 0 Peer Ability  Cause code 0 sipAlternateUri null, null,CallFailCause Code= 501,CallFailCause String= null, isEncrypted=false, historyInfo=, Conf. Support=0, {MultiIdentity Line Info : msisdn =  , line type = 0 , line status = 0}, isTirOverwriteAllowed=false, isPreparatory=false, CRS data=CrsData crsType: 0 originalCallType: 0, Call progress Info = CallProgressInfo Type: -1 Reason code: 0 Reason Text: null
05-17 16:44:50.460  1763  1763 I QImsService: ImsServiceClassTracker : Found match call session in temp list, s =  callid= -1 mediaId=-1 mState= 1 mDc=null mCallProfile={ serviceType=1, callType=2, restrictCause=0, mediaProfile={ audioQuality=0, audioDirection=3, videoQuality=0, videoDirection=-1, rttMode=0, hasRttAudioSpeech=false }, emergencyServiceCategories=0, emergencyUrns=[], emergencyCallRouting=0, emergencyCallTesting=false, hasKnownUserIntentEmergency=false, mRestrictCause=0, mCallerNumberVerstat= 0 } mLocalCallProfile={ serviceType=1, callType=7, restrictCause=0, mediaProfile={ audioQuality=0, audioDirection=3, videoQuality=0, videoDirection=-1, rttMode=0, hasRttAudioSpeech=false }, emergencyServiceCategories=0, emergencyUrns=[], emergencyCallRouting=0, emergencyCallTesting=false, hasKnownUserIntentEmergency=false, mRestrictCause=0, mCallerNumberVerstat= 0 } mRemoteCallProfile={ serviceType=1, callType=7, restrictCause=0, mediaProfile={ audioQuality=0, audioDirection=3, videoQuality=0, videoDirection=-1, rttMode=0, hasRttAudioSpeech=false }, emergencyServiceCategories=0, emergencyUrns=[], emergencyCallRouting=0, emergencyCallTesting=false, hasKnownUserIntentEmergency=false, mRestrictCause=0, mCallerNumberVerstat= 0 }
05-17 16:44:50.460  1763  1763 I QImsService: ImsServiceClassTracker : Index in call list is 1
05-17 16:44:50.460  1763  1763 I QImsService: ImsCallSessionImpl : updateCall for id=1,DIALING,toa=145,norm,mo,0,voc,noevp,,cli=1,,3Call Details = 0 3 callSubState 0 videoPauseState2 mediaId8 Rtt mode 0 Local Ability isValid = true type = 0 status = 1 rttMode = 0 accTechStatus  mode = 0 Status = 2 restrictCause = 0 registered = 0 Peer Ability  Cause code 0 sipAlternateUri null, null,CallFailCause Code= 501,CallFailCause String= null, isEncrypted=false, historyInfo=, Conf. Support=0, {MultiIdentity Line Info : msisdn =  , line type = 0 , line status = 0}, isTirOverwriteAllowed=false, isPreparatory=false, CRS data=CrsData crsType: 0 originalCallType: 0, Call progress Info = CallProgressInfo Type: -1 Reason code: 0 Reason Text: null
05-17 16:44:50.460  1763  1763 I QImsService: ImsCallSessionImpl : updateImsCallProfile :: Packing encryption=false in mCallProfile's extras.
05-17 16:44:50.460  1763  1763 I QImsService: ImsCallSessionImpl : updateImsCallProfile :: VerstatInfo : canMarkUnwantedCall = false , verstatVerificationStatus = 0
05-17 16:44:50.460  1763  1763 I QImsService: ImsCallModification : update dc=id=1,DIALING,toa=145,norm,mo,0,voc,noevp,,cli=1,,3Call Details = 0 3 callSubState 0 videoPauseState2 mediaId8 Rtt mode 0 Local Ability isValid = true type = 0 status = 1 rttMode = 0 accTechStatus  mode = 0 Status = 2 restrictCause = 0 registered = 0 Peer Ability  Cause code 0 sipAlternateUri null, null,CallFailCause Code= 501,CallFailCause String= null, isEncrypted=false, historyInfo=, Conf. Support=0, {MultiIdentity Line Info : msisdn =  , line type = 0 , line status = 0}, isTirOverwriteAllowed=false, isPreparatory=false, CRS data=CrsData crsType: 0 originalCallType: 0, Call progress Info = CallProgressInfo Type: -1 Reason code: 0 Reason Text: null
05-17 16:44:50.460  1763  1763 I QImsService: ImsCallModification : videocall: update: Not a videocall CASE
05-17 16:44:50.461  1763  1763 I QImsService: ImsCallModification : clearPendingVTMultiTask imsconn=org.codeaurora.ims.ImsCallModification@ba5ca7
05-17 16:44:50.461  1763  1763 I QImsService: ImsCallSessionImpl : MO Dialing call!
05-17 16:44:50.461  1763  1763 I QImsService: ImsCallSessionCallbackHandler : posting to handler
05-17 16:44:50.461   935  1082 E QMI_FW  : qmi_cci_get_ref: ref count increased 2
05-17 16:44:50.461  1763  1763 I QImsService: ImsCallSessionImpl : updateLocalDc is true
05-17 16:44:50.461  1763  3504 I QImsService: ImsCallSessionCallbackHandler : callSessionProgressing :: profile={ audioQuality=0, audioDirection=3, videoQuality=0, videoDirection=-1, rttMode=0, hasRttAudioSpeech=false }
05-17 16:44:50.464  1795  2107 I ImsCall : callSessionProgressing :: session=[ImsCallSession objId:77988342 state:INITIATED callId:1] profile={ audioQuality=0, audioDirection=3, videoQuality=0, videoDirection=-1, rttMode=0, hasRttAudioSpeech=false } ImsCall=[ImsCall objId:160168439 onHold:N mute:N mCallProfile:{ serviceType=1, callType=2, restrictCause=0, mediaProfile={ audioQuality=0, audioDirection=3, videoQuality=0, videoDirection=-1, rttMode=0, hasRttAudioSpeech=false }, emergencyServiceCategories=0, emergencyUrns=[], emergencyCallRouting=0, emergencyCallTesting=false, hasKnownUserIntentEmergency=false, mRestrictCause=0, mCallerNumberVerstat= 0 } networkType:0 updateRequest:NONE merging:N merge action pending:N merged:N multiParty:N confHost:N buried term:N isVideo: N wasVideo: N isWifi: N session:[ImsCallSession objId:77988342 state:INITIATED callId:1] transientSession:null]
05-17 16:44:50.466  2001  2026 I QcrilOemhookMsgTunnel: [0]processOemHookIndication length=47
05-17 16:44:50.468  1742  1911 D QcRilAudio: setParameters with: vsid=297816064;call_state=1
05-17 16:44:50.469   575   575 D audio_hw_primary: adev_set_parameters: enter: call_state=1;vsid=297816064
05-17 16:44:50.469   575   575 D voice_extn: update_call_states is_call_active:0 in_call:1, mode:2
05-17 16:44:50.469   575   575 D voice_extn: update_calls: enter:
05-17 16:44:50.469   575   575 D voice_extn: update_calls: cur_state=1 new_state=1 vsid=10c01000
05-17 16:44:50.469   575   575 D voice_extn: update_calls: cur_state=1 new_state=1 vsid=10dc1000
05-17 16:44:50.469   575   575 D voice_extn: update_calls: cur_state=1 new_state=1 vsid=10c02000
05-17 16:44:50.469   575   575 D voice_extn: update_calls: cur_state=1 new_state=1 vsid=10803000
05-17 16:44:50.469   575   575 D voice_extn: update_calls: cur_state=1 new_state=1 vsid=10002000
05-17 16:44:50.469   575   575 D voice_extn: update_calls: cur_state=1 new_state=1 vsid=11c05000
05-17 16:44:50.469   575   575 D voice_extn: update_calls: cur_state=1 new_state=1 vsid=11dc5000
05-17 16:44:50.469   575   575 D audio_hw_hfp: hfp_set_parameters: enter
05-17 16:44:50.469   575   575 D audio_hw_extn: audio_extn_fm_set_parameters: Enter
05-17 16:44:50.469   575   575 D audio_hw_extn: haiping mic_choose_ret:-2
05-17 16:44:50.469   575   575 D audio_hw_extn: huangli audio_extn_set_mic_choose_parameters: mic_choose:0, value:
05-17 16:44:50.473  2001  2026 I QcrilOemhookMsgTunnel: [0]processOemHookIndication length=47
05-17 16:44:50.473  2597  2597 W ContextImpl: Calling a method in the system process without a qualified user: android.app.ContextImpl.sendBroadcast:1111 android.content.ContextWrapper.sendBroadcast:468 com.android.incallui.InCallActivity.onCreate:296 android.app.Activity.performCreate:8161 android.app.Activity.performCreate:8145 
05-17 16:44:50.474  1742  1911 D QcRilAudio: setParameters with: vsid=297816064;call_state=1
05-17 16:44:50.475  1287   861 E ActivityManager: Sending non-protected broadcast dialer.intent.action.CALL_PENDING_ACTIVITY_FINISH from system 2597:org.codeaurora.dialer/1000 pkg org.codeaurora.dialer
05-17 16:44:50.475  1287   861 E ActivityManager: java.lang.Throwable
05-17 16:44:50.475  1287   861 E ActivityManager: 	at com.android.server.am.ActivityManagerService.checkBroadcastFromSystem(ActivityManagerService.java:16115)
05-17 16:44:50.475  1287   861 E ActivityManager: 	at com.android.server.am.ActivityManagerService.broadcastIntentLocked(ActivityManagerService.java:16790)
05-17 16:44:50.475  1287   861 E ActivityManager: 	at com.android.server.am.ActivityManagerService.broadcastIntentLocked(ActivityManagerService.java:16132)
05-17 16:44:50.475  1287   861 E ActivityManager: 	at com.android.server.am.ActivityManagerService.broadcastIntentWithFeature(ActivityManagerService.java:16946)
05-17 16:44:50.475  1287   861 E ActivityManager: 	at android.app.IActivityManager$Stub.onTransact(IActivityManager.java:2283)
05-17 16:44:50.475  1287   861 E ActivityManager: 	at com.android.server.am.ActivityManagerService.onTransact(ActivityManagerService.java:2905)
05-17 16:44:50.475  1287   861 E ActivityManager: 	at android.os.Binder.execTransactInternal(Binder.java:1159)
05-17 16:44:50.475  1287   861 E ActivityManager: 	at android.os.Binder.execTransact(Binder.java:1123)
05-17 16:44:50.476   575   575 D audio_hw_primary: adev_set_parameters: enter: call_state=1;vsid=297816064
05-17 16:44:50.476   575   575 D voice_extn: update_call_states is_call_active:0 in_call:1, mode:2
05-17 16:44:50.476   575   575 D voice_extn: update_calls: enter:
05-17 16:44:50.476   575   575 D voice_extn: update_calls: cur_state=1 new_state=1 vsid=10c01000
05-17 16:44:50.476   575   575 D voice_extn: update_calls: cur_state=1 new_state=1 vsid=10dc1000
05-17 16:44:50.476   575   575 D voice_extn: update_calls: cur_state=1 new_state=1 vsid=10c02000
05-17 16:44:50.476   575   575 D voice_extn: update_calls: cur_state=1 new_state=1 vsid=10803000
05-17 16:44:50.476   575   575 D voice_extn: update_calls: cur_state=1 new_state=1 vsid=10002000
05-17 16:44:50.476   575   575 D voice_extn: update_calls: cur_state=1 new_state=1 vsid=11c05000
05-17 16:44:50.476   575   575 D voice_extn: update_calls: cur_state=1 new_state=1 vsid=11dc5000
05-17 16:44:50.476   575   575 D audio_hw_hfp: hfp_set_parameters: enter
05-17 16:44:50.476   575   575 D audio_hw_extn: audio_extn_fm_set_parameters: Enter
05-17 16:44:50.476   575   575 D audio_hw_extn: haiping mic_choose_ret:-2
05-17 16:44:50.476   575   575 D audio_hw_extn: huangli audio_extn_set_mic_choose_parameters: mic_choose:0, value:
05-17 16:44:50.478  1795  1795 D Telephony: GsmConnection: setIsNetworkIdentifiedEmergencyCall; callId=TC@62_1, isNetworkIdentifiedEmergencyCall=false
05-17 16:44:50.479  1287  1367 I DropBoxManagerService: add tag=system_server_wtf isTagEnabled=true flags=0x2
05-17 16:44:50.480  2001  2026 I QcrilOemhookMsgTunnel: [0]processOemHookIndication length=47
05-17 16:44:50.480  1795  1795 V Telephony: GsmConnection: Update state from IDLE to ALERTING for TC@62_1
05-17 16:44:50.480  1795  1795 V Telephony: onStateChanged, state: DIALING
05-17 16:44:50.482  2597  2597 I Dialer  : InCallPresenter.updateActivity - UI Initialized
05-17 16:44:50.484  1763  2749 I QImsService: ImsSenderRxr : [3346]< DIAL [SUB0]
05-17 16:44:50.484  1795  1795 D Telephony: buildConnectionCapabilities: isHoldable = false State = 3 capabilities = 2
05-17 16:44:50.484  1763  1763 I QImsService: ImsCallSessionImplHandler : Message received: what = 1
05-17 16:44:50.487  1763  2749 I QImsService: ImsRadioIndication : onCallStateChanged_1_6()
05-17 16:44:50.487  1763  2749 I QImsService: ImsRadioIndication : onCallStateChanged_1_7()
05-17 16:44:50.487  1742  1911 D QcRilAudio: setParameters with: vsid=297816064;call_state=2;call_type=LTE
05-17 16:44:50.487  1763  2749 I QImsService: Class : Num of SrvUpdates = 1
05-17 16:44:50.487  1763  2749 I QImsService: Class :  networkMode = 14 status = 2 restrictCause = 0 registered = 0
05-17 16:44:50.487  1763  2749 I QImsService: Class : Partially Enabled Status due to Restrict Cause
05-17 16:44:50.488  1763  2749 I QImsService: Class : RTT: copySrvStatusList rtt mode = 2
05-17 16:44:50.488  1763  2749 I QImsService: Class : Num of SrvUpdates = 0
05-17 16:44:50.488  1763  2749 I QImsService: Class : Call Details =  0 3 callSubState 0 videoPauseState2 mediaId8 Rtt mode 0 Local Ability isValid = true type = 0 status = 1 rttMode = 0 accTechStatus  mode = 14 Status = 2 restrictCause = 0 registered = 0 Peer Ability  Cause code 0 sipAlternateUri null, null
05-17 16:44:50.488  1763  2749 I QImsService: Class : Call fail cause= 548
05-17 16:44:50.488  2597  2597 I Dialer  : InCallPresenter.onCallListChange - Phone switching state: PENDING_OUTGOING -> PENDING_OUTGOING
05-17 16:44:50.488  1763  2749 I QImsService: Class : CallFailCauseResponse has no int error code!
05-17 16:44:50.488   575   575 D audio_hw_primary: adev_set_parameters: enter: call_state=2;call_type=LTE;vsid=297816064
05-17 16:44:50.488   575   575 D voice_extn: update_call_states is_call_active:0 in_call:1, mode:2
05-17 16:44:50.488   575   575 D voice_extn: update_calls: enter:
05-17 16:44:50.488   575   575 D voice_extn: update_calls: cur_state=1 new_state=1 vsid=10c01000
05-17 16:44:50.488   575   575 D voice_extn: update_calls: cur_state=1 new_state=1 vsid=10dc1000
05-17 16:44:50.488   575   575 D voice_extn: update_calls: cur_state=1 new_state=1 vsid=10c02000
05-17 16:44:50.488   575   575 D voice_extn: update_calls: cur_state=1 new_state=1 vsid=10803000
05-17 16:44:50.488   575   575 D voice_extn: update_calls: cur_state=1 new_state=1 vsid=10002000
05-17 16:44:50.488   575   575 D voice_extn: update_calls: cur_state=1 new_state=2 vsid=11c05000
05-17 16:44:50.488   575   575 D voice_extn: update_calls: INACTIVE -> ACTIVE vsid:11c05000
05-17 16:44:50.488   575   575 D voice   : voice_start_usecase: enter usecase:voicemmode1-call
05-17 16:44:50.488   575   575 D audio_hw_primary: select_devices for use case (voicemmode1-call)
05-17 16:44:50.488   575   575 D msm8974_platform: platform_get_output_snd_device: enter: output devices(0x1)
05-17 16:44:50.488   575   575 D msm8974_platform: is_operator_tmus: tmus mccmnc 310410
05-17 16:44:50.488   575   575 D msm8974_platform: is_operator_tmus: tmus mccmnc 310410
05-17 16:44:50.489   575   575 I msm8974_platform: platform_check_and_set_codec_backend_cfg:becf: afe: bitwidth 16, samplerate 48000 channels 2, backend_idx 0 usecase = 41 device (voice-handset)
05-17 16:44:50.489   575   575 D msm8974_platform: platform_split_snd_device: snd_device(26) num devices(1) new_snd_devices(0)
05-17 16:44:50.489   575   575 I msm8974_platform: platform_check_and_set_codec_backend_cfg: new_snd_devices[0] is 26
05-17 16:44:50.489   575   575 I msm8974_platform: platform_check_codec_backend_cfg:becf: afe: bitwidth 16, samplerate 48000 channels 2, backend_idx 0 usecase = 41 device (voice-handset)
05-17 16:44:50.489   575   575 D msm8974_platform: platform_get_output_snd_device: enter: output devices(0x1)
05-17 16:44:50.489  1763  2749 I QImsService: ImsSenderRxr : InCall VoicePrivacy is disabled[SUB0]
05-17 16:44:50.489   575   575 D msm8974_platform: is_operator_tmus: tmus mccmnc 310410
05-17 16:44:50.489   575   575 W msm8974_platform: platform_check_codec_backend_cfg:becf: afe:Use default bw and sr for voice/voip calls 
05-17 16:44:50.489   575   575 D msm8974_platform: platform_get_output_snd_device: enter: output devices(0x1)
05-17 16:44:50.489   575   575 D msm8974_platform: is_operator_tmus: tmus mccmnc 310410
05-17 16:44:50.489   575   575 D msm8974_platform: platform_check_codec_backend_cfg:becf: afe: playback on codec device not supporting native playback set default Sample Rate(48k)
05-17 16:44:50.489   575   575 I msm8974_platform: platform_check_codec_backend_cfg:becf: afe: Codec selected backend: 0 updated bit width: 16 and sample rate: 48000
05-17 16:44:50.489   575   575 D audio_hw_primary: check_usecases_codec_backend:becf: force routing 0
05-17 16:44:50.489   575   575 E msm8974_platform: platform_check_backends_match: Invalid snd_device = 
05-17 16:44:50.489   575   575 D audio_hw_primary: check_usecases_codec_backend:becf: (78) check_usecases curr device: voice-handset, usecase device: backends match 0
05-17 16:44:50.489   575   575 D audio_hw_primary: check_usecases_codec_backend:becf: check_usecases num.of Usecases to switch 0
05-17 16:44:50.489   575   575 D hardware_info: hw_info_append_hw_type : device_name = voice-handset
05-17 16:44:50.489   575   575 D msm8974_platform: platform_split_snd_device: snd_device(26) num devices(0) new_snd_devices(0)
05-17 16:44:50.489   575   575 D audio_hw_primary: enable_snd_device: snd_device(26: voice-handset)
05-17 16:44:50.489   575   575 D msm8974_platform: platform_get_island_cfg_on_device:island cfg status on snd_device = (voice-handset 0)
05-17 16:44:50.489  1763  2749 I QImsService: ImsSenderRxr : [UNSL]< UNSOL_RESPONSE_CALL_STATE_CHANGED  [id=1,DIALING,toa=145,norm,mo,0,voc,noevp,,cli=1,,3Call Details = 0 3 callSubState 0 videoPauseState2 mediaId8 Rtt mode 0 Local Ability isValid = true type = 0 status = 1 rttMode = 0 accTechStatus  mode = 14 Status = 2 restrictCause = 0 registered = 0 Peer Ability  Cause code 0 sipAlternateUri null, null,CallFailCause Code= 0,CallFailCause String= null, isEncrypted=false, historyInfo=, Conf. Support=0, {MultiIdentity Line Info : msisdn =  , line type = 0 , line status = 0}, isTirOverwriteAllowed=false, isPreparatory=false, CRS data=CrsData crsType: 0 originalCallType: 0, Call progress Info = CallProgressInfo Type: -1 Reason code: 0 Reason Text: null] [SUB0]
05-17 16:44:50.489   575   575 I soundtrigger: audio_extn_sound_trigger_update_device_status: device 0x1a of type 0 for Event 1, with Raise=0
05-17 16:44:50.489   575   575 D audio_route: Apply path: voice-handset
05-17 16:44:50.489   575   575 E audio_route: Enable path: voice-handset
05-17 16:44:50.489   575   575 E audio_route: Path: voice-handset, length: 5
05-17 16:44:50.489   575   575 E audio_route:   id=0: ctl=RX1 MIX1 INP1
05-17 16:44:50.489   575   575 E audio_route:     id=0 value=3
05-17 16:44:50.489   575   575 E audio_route:   id=1: ctl=RDAC2 MUX
05-17 16:44:50.489   575   575 E audio_route:     id=0 value=2
05-17 16:44:50.489   575   575 E audio_route:   id=2: ctl=RX1 Digital Volume
05-17 16:44:50.489   575   575 E audio_route:     id=0 value=84
05-17 16:44:50.489   575   575 E audio_route:   id=3: ctl=EAR PA Gain
05-17 16:44:50.489   575   575 E audio_route:     id=0 value=3
05-17 16:44:50.489   575   575 E audio_route:   id=4: ctl=EAR_S
05-17 16:44:50.489   575   575 E audio_route:     id=0 value=1
05-17 16:44:50.491  2597  2597 I Dialer  : VideoPauseController.onStateChange - hasPrimaryCallChanged: false, videoCanPause: false, isInBackground: false
05-17 16:44:50.491  2597  2597 I Dialer  : InCallActivity.showMainInCallFragment - shouldShowAnswerUi: false, shouldShowRttUi: false, shouldShowVideoUi: false, shouldShowSpeakEasyUi: false, didShowAnswerScreen: false, didShowInCallScreen: false, didShowRttCallScreen: false, didShowVideoCallScreen: false, didShowSpeakEasyScreen: false
05-17 16:44:50.492   944  1383 E QMI_FW  : qmi_cci_get_ref: ref count increased 2
05-17 16:44:50.493   944  1383 E QMI_FW  : qmi_cci_get_ref: ref count increased 2
05-17 16:44:50.493  1763  1763 I QImsService: ImsServiceSubHandler : Message received: what = 1
05-17 16:44:50.493  1763  1763 I QImsService: ImsServiceSub : [0] >handleCalls
05-17 16:44:50.493  1763  1763 I QImsService: ImsServiceSub : [0] handleCalls: dc = id=1,DIALING,toa=145,norm,mo,0,voc,noevp,,cli=1,,3Call Details = 0 3 callSubState 0 videoPauseState2 mediaId8 Rtt mode 0 Local Ability isValid = true type = 0 status = 1 rttMode = 0 accTechStatus  mode = 14 Status = 2 restrictCause = 0 registered = 0 Peer Ability  Cause code 0 sipAlternateUri null, null,CallFailCause Code= 0,CallFailCause String= null, isEncrypted=false, historyInfo=, Conf. Support=0, {MultiIdentity Line Info : msisdn =  , line type = 0 , line status = 0}, isTirOverwriteAllowed=false, isPreparatory=false, CRS data=CrsData crsType: 0 originalCallType: 0, Call progress Info = CallProgressInfo Type: -1 Reason code: 0 Reason Text: null
05-17 16:44:50.493  1763  1763 I QImsService: ImsCallSessionImpl : updateCall for id=1,DIALING,toa=145,norm,mo,0,voc,noevp,,cli=1,,3Call Details = 0 3 callSubState 0 videoPauseState2 mediaId8 Rtt mode 0 Local Ability isValid = true type = 0 status = 1 rttMode = 0 accTechStatus  mode = 14 Status = 2 restrictCause = 0 registered = 0 Peer Ability  Cause code 0 sipAlternateUri null, null,CallFailCause Code= 0,CallFailCause String= null, isEncrypted=false, historyInfo=, Conf. Support=0, {MultiIdentity Line Info : msisdn =  , line type = 0 , line status = 0}, isTirOverwriteAllowed=false, isPreparatory=false, CRS data=CrsData crsType: 0 originalCallType: 0, Call progress Info = CallProgressInfo Type: -1 Reason code: 0 Reason Text: null
05-17 16:44:50.493  1763  1763 I QImsService: ImsCallSessionImpl : updateImsCallProfile :: Packing encryption=false in mCallProfile's extras.
05-17 16:44:50.493  1763  1763 I QImsService: ImsCallSessionImpl : updateImsCallProfile :: VerstatInfo : canMarkUnwantedCall = false , verstatVerificationStatus = 0
05-17 16:44:50.494  1763  1763 I QImsService: ImsCallModification : update dc=id=1,DIALING,toa=145,norm,mo,0,voc,noevp,,cli=1,,3Call Details = 0 3 callSubState 0 videoPauseState2 mediaId8 Rtt mode 0 Local Ability isValid = true type = 0 status = 1 rttMode = 0 accTechStatus  mode = 14 Status = 2 restrictCause = 0 registered = 0 Peer Ability  Cause code 0 sipAlternateUri null, null,CallFailCause Code= 0,CallFailCause String= null, isEncrypted=false, historyInfo=, Conf. Support=0, {MultiIdentity Line Info : msisdn =  , line type = 0 , line status = 0}, isTirOverwriteAllowed=false, isPreparatory=false, CRS data=CrsData crsType: 0 originalCallType: 0, Call progress Info = CallProgressInfo Type: -1 Reason code: 0 Reason Text: null
05-17 16:44:50.494  1763  1763 I QImsService: ImsCallModification : videocall: update: Not a videocall CASE
05-17 16:44:50.494  1763  1763 I QImsService: ImsCallModification : clearPendingVTMultiTask imsconn=org.codeaurora.ims.ImsCallModification@ba5ca7
05-17 16:44:50.494  1763  1763 I QImsService: ImsCallSessionImpl : updateLocalDc is true
05-17 16:44:50.494  1763  1763 I QImsService: ImsCallSessionCallbackHandler : posting to handler
05-17 16:44:50.494  1763  3504 I QImsService: ImsCallSessionCallbackHandler : callSessionUpdated :: profile={ serviceType=1, callType=2, restrictCause=0, mediaProfile={ audioQuality=0, audioDirection=3, videoQuality=0, videoDirection=-1, rttMode=0, hasRttAudioSpeech=false }, emergencyServiceCategories=0, emergencyUrns=[], emergencyCallRouting=0, emergencyCallTesting=false, hasKnownUserIntentEmergency=false, mRestrictCause=0, mCallerNumberVerstat= 0 }
05-17 16:44:50.497  1795  2107 I ImsCall : callSessionUpdated :: session=[ImsCallSession objId:77988342 state:INITIATED callId:1] profile={ serviceType=1, callType=2, restrictCause=0, mediaProfile={ audioQuality=0, audioDirection=3, videoQuality=0, videoDirection=-1, rttMode=0, hasRttAudioSpeech=false }, emergencyServiceCategories=0, emergencyUrns=[], emergencyCallRouting=0, emergencyCallTesting=false, hasKnownUserIntentEmergency=false, mRestrictCause=0, mCallerNumberVerstat= 0 } ImsCall=[ImsCall objId:160168439 onHold:N mute:N mCallProfile:{ serviceType=1, callType=2, restrictCause=0, mediaProfile={ audioQuality=0, audioDirection=3, videoQuality=0, videoDirection=-1, rttMode=0, hasRttAudioSpeech=false }, emergencyServiceCategories=0, emergencyUrns=[], emergencyCallRouting=0, emergencyCallTesting=false, hasKnownUserIntentEmergency=false, mRestrictCause=0, mCallerNumberVerstat= 0 } networkType:13 updateRequest:NONE merging:N merge action pending:N merged:N multiParty:N confHost:N buried term:N isVideo: N wasVideo: N isWifi: N session:[ImsCallSession objId:77988342 state:INITIATED callId:1] transientSession:null]
05-17 16:44:50.497   575   575 I msm8974_platform: platform_check_and_set_capture_codec_backend_cfg:txbecf: afe: bitwidth 16, samplerate 48000, channel 1 format 1, backend_idx 8 usecase = 41 device (voice-dmic-ef)
05-17 16:44:50.497   575   575 I msm8974_platform: platform_check_capture_codec_backend_cfg:txbecf: afe: Codec selected backend: 8 current bit width: 16 and sample rate: 48000, channels 1 format 1
05-17 16:44:50.497   575   575 W msm8974_platform: platform_check_capture_codec_backend_cfg:txbecf: afe: Use default bw and sr for voice/voip calls and for unprocessed/camera source
05-17 16:44:50.497   575   575 I msm8974_platform: platform_check_capture_codec_backend_cfg:txbecf: afe: current backend bit_width 16 sample_rate 48000 channels 1, format 0
05-17 16:44:50.497   575   575 I msm8974_platform: platform_check_capture_codec_backend_cfg:txbecf: afe: Codec backend needs to be updated. new bit width: 16 new sample rate: 48000 new channel: 1 new format: 1
05-17 16:44:50.497   575   575 I msm8974_platform: platform_set_codec_backend_cfg:becf: afe: bitwidth 16, samplerate 48000 channels 1 format 1, backend_idx 8 device (voice-dmic-ef)
05-17 16:44:50.497   575   575 D audio_hw_primary: check_usecases_capture_codec_backend:becf: force routing 0
05-17 16:44:50.497   575   575 D hardware_info: hw_info_append_hw_type : device_name = voice-dmic-ef
05-17 16:44:50.497   575   575 D msm8974_platform: platform_split_snd_device: snd_device(184) num devices(0) new_snd_devices(0)
05-17 16:44:50.498   575   575 D audio_hw_primary: enable_snd_device: snd_device(184: voice-dmic-ef)
05-17 16:44:50.498   575   575 D msm8974_platform: platform_get_island_cfg_on_device:island cfg status on snd_device = (voice-dmic-ef 0)
05-17 16:44:50.498   575   575 D soundtrigger: audio HAL using same device 184 as ST
05-17 16:44:50.498   575   575 I soundtrigger: audio_extn_sound_trigger_update_device_status: device 0xb8 of type 1 for Event 1, with Raise=1
05-17 16:44:50.498   575   575 D sound_trigger_platform: platform_stdev_check_and_update_concurrency: Received DEVICE event, event type 1
05-17 16:44:50.498   575   575 D sound_trigger_platform: platform_stdev_check_and_update_concurrency: dedicated path 0, reset backend 1, tx 1, rx 0,concurrency session not allowed
05-17 16:44:50.498   575   575 D audio_route: Apply path: voice-dmic-ef
05-17 16:44:50.498   575   575 E audio_route: Enable path: voice-dmic-ef
05-17 16:44:50.498   575   575 E audio_route: Path: voice-dmic-ef, length: 7
05-17 16:44:50.498   575   575 E audio_route:   id=0: ctl=ADC1 Volume
05-17 16:44:50.498   575   575 E audio_route:     id=0 value=6
05-17 16:44:50.498   575   575 E audio_route:   id=1: ctl=DEC1 MUX
05-17 16:44:50.498   575   575 E audio_route:     id=0 value=1
05-17 16:44:50.498   575   575 E audio_route:   id=2: ctl=ADC1_INP1 Switch
05-17 16:44:50.498   575   575 E audio_route:     id=0 value=1
05-17 16:44:50.498   575   575 E audio_route:   id=3: ctl=ADC3 Volume
05-17 16:44:50.498   575   575 E audio_route:     id=0 value=6
05-17 16:44:50.498   575   575 E audio_route:   id=4: ctl=DEC2 MUX
05-17 16:44:50.498   575   575 E audio_route:     id=0 value=2
05-17 16:44:50.498   575   575 E audio_route:   id=5: ctl=MI2S_TX Channels
05-17 16:44:50.498   575   575 E audio_route:     id=0 value=1
05-17 16:44:50.498   575   575 E audio_route:   id=6: ctl=ADC2 MUX
05-17 16:44:50.498   575   575 E audio_route:     id=0 value=2
05-17 16:44:50.510   575   575 D ACDB-LOADER: ACDB -> send_voice_cal, acdb_rx = 7, acdb_tx = 41, feature_set = 0
05-17 16:44:50.510   575   575 D ACDB-LOADER: ACDB -> send_voice_rx_topology
05-17 16:44:50.510   575   575 D ACDB-LOADER: ACDB -> ACDB_CMD_GET_VOCPROC_COMMON_TOPOLOGY_ID
05-17 16:44:50.510   575   575 D ACDB-LOADER: ACDB -> ACDB_CMD_GET_TARGET_SPECIFIC_DEVICE_INFO
05-17 16:44:50.510   575   575 D ACDB-LOADER: ACDB -> ACDB_CHANNEL_MAPPING_CONFIG: GET_DEVICE_PROPERTY
05-17 16:44:50.510   575   575 D ACDB-LOADER: ACDB -> send_voice_tx_topology
05-17 16:44:50.510   575   575 D ACDB-LOADER: ACDB -> ACDB_CMD_GET_VOCPROC_COMMON_TOPOLOGY_ID
05-17 16:44:50.510   575   575 D ACDB-LOADER: ACDB -> ACDB_CMD_GET_TARGET_SPECIFIC_DEVICE_INFO
05-17 16:44:50.510   575   575 D ACDB-LOADER: ACDB -> ACDB_CHANNEL_MAPPING_CONFIG: GET_DEVICE_PROPERTY
05-17 16:44:50.510   575   575 D ACDB-LOADER: ACDB -> AUDIO_SET_SIDETONE_IIR_CAL
05-17 16:44:50.510   575   575 D ACDB-LOADER: ACDB -> ACDB_CMD_GET_AFE_DATA
05-17 16:44:50.510   575   575 D ACDB-LOADER: ACDB -> AUDIO_SET_SIDETONE_CAL
05-17 16:44:50.510   575   575 D ACDB-LOADER: ACDB -> send_voice_columns, rxacdb_id 7, txacdb_id 41, table 5
05-17 16:44:50.510   575   575 D ACDB-LOADER: ACDB -> ACDB_CMD_GET_VOC_COLUMNS_INFO_V2
05-17 16:44:50.510   575   575 D ACDB-LOADER: ACDB -> ACDB_CMD_GET_VOC_PROC_STATIC_TABLE_SIZE
05-17 16:44:50.510   575   575 D android.hardware.audio.service: ACDBFILE_MGR: Property for the pid 0001327F not found
05-17 16:44:50.510   575   575 D android.hardware.audio.service: ACDB_COMMAND: Failed to fetch the property info for pid 0001327F 
05-17 16:44:50.511   575   575 D ACDB-LOADER: ACDB -> ACDB_CMD_GET_VOC_PROC_STATIC_TABLE
05-17 16:44:50.511   575   575 D android.hardware.audio.service: ACDBFILE_MGR: Property for the pid 0001327F not found
05-17 16:44:50.511   575   575 D android.hardware.audio.service: ACDB_COMMAND: Failed to fetch the property info for pid 0001327F 
05-17 16:44:50.512   575   575 D ACDB-LOADER: ACDB -> AUDIO_SET_VOCPROC_CAL
05-17 16:44:50.512   575   575 D ACDB-LOADER: ACDB -> ACDB_CMD_GET_VOC_PROC_DEVICE_CFG
05-17 16:44:50.512   575   575 D ACDB-LOADER: ACDB -> AUDIO_SET_VOCPROC_DEV_CFG_CAL
05-17 16:44:50.512   575   575 D ACDB-LOADER: ACDB -> send_voice_columns, rxacdb_id 7, txacdb_id 41, table 4
05-17 16:44:50.512   575   575 D ACDB-LOADER: ACDB -> ACDB_CMD_GET_VOC_COLUMNS_INFO_V2
05-17 16:44:50.512   575   575 D ACDB-LOADER: ACDB -> ACDB_CMD_GET_VOC_PROC_DYNAMIC_TABLE_SIZE
05-17 16:44:50.512   575   575 D android.hardware.audio.service: ACDBFILE_MGR: Property for the pid 0001327F not found
05-17 16:44:50.512   575   575 D android.hardware.audio.service: ACDB_COMMAND: Failed to fetch the property info for pid 0001327F 
05-17 16:44:50.514  1795  1795 D Telephony: buildConnectionCapabilities: isHoldable = false State = 3 capabilities = 2
05-17 16:44:50.516   575   575 D ACDB-LOADER: ACDB -> ACDB_CMD_GET_VOC_PROC_DYNAMIC_TABLE
05-17 16:44:50.516   575   575 D android.hardware.audio.service: ACDBFILE_MGR: Property for the pid 0001327F not found
05-17 16:44:50.516   575   575 D android.hardware.audio.service: ACDB_COMMAND: Failed to fetch the property info for pid 0001327F 
05-17 16:44:50.522   575   575 D ACDB-LOADER: ACDB -> AUDIO_SET_VOCPROC_VOL_CAL
05-17 16:44:50.522   575   575 D ACDB-LOADER: ACDB -> send_voice_columns, rxacdb_id 7, txacdb_id 41, table 6
05-17 16:44:50.522   575   575 D ACDB-LOADER: ACDB -> ACDB_CMD_GET_VOC_COLUMNS_INFO_V2
05-17 16:44:50.522   575   575 D ACDB-LOADER: ACDB -> ACDB_CMD_GET_VOC_STREAM_STATIC_TABLE_SIZE
05-17 16:44:50.522   575   575 D android.hardware.audio.service: ACDBFILE_MGR: Property for the pid 0001327F not found
05-17 16:44:50.522   575   575 D android.hardware.audio.service: ACDB_COMMAND: Failed to fetch the property info for pid 0001327F 
05-17 16:44:50.522   575   575 D ACDB-LOADER: ACDB -> ACDB_CMD_GET_VOC_STREAM_STATIC_TABLE
05-17 16:44:50.522   575   575 D android.hardware.audio.service: ACDBFILE_MGR: Property for the pid 0001327F not found
05-17 16:44:50.522   575   575 D android.hardware.audio.service: ACDB_COMMAND: Failed to fetch the property info for pid 0001327F 
05-17 16:44:50.522   575   575 D ACDB-LOADER: ACDB -> AUDIO_SET_VOCPROC_STREAM_CAL
05-17 16:44:50.522   575   575 D ACDB-LOADER: ACDB -> send_afe_topology
05-17 16:44:50.522   575   575 D ACDB-LOADER: ACDB -> ACDB_CMD_GET_AFE_TOPOLOGY_ID
05-17 16:44:50.522   575   575 D ACDB-LOADER: ACDB -> GET_AFE_TOPOLOGY_ID for adcd_id 41, Topology Id 112fb
05-17 16:44:50.522   575   575 D ACDB-LOADER: ACDB -> send_afe_cal
05-17 16:44:50.522   575   575 D ACDB-LOADER: ACDB -> ACDB_CMD_GET_AFE_COMMON_TABLE_SIZE
05-17 16:44:50.522   575   575 D android.hardware.audio.service: Failed to fetch the lookup information of the device 00000029 
05-17 16:44:50.522   575   575 D ACDB-LOADER: Error: ACDB_CMD_GET_AFE_COMMON_TABLE_SIZE Returned = -19
05-17 16:44:50.522   575   575 D ACDB-LOADER: ACDB -> ACDB_CMD_GET_AFE_COMMON_TABLE
05-17 16:44:50.522   575   575 D android.hardware.audio.service: Failed to fetch the lookup information of the device 00000029 
05-17 16:44:50.522   575   575 D ACDB-LOADER: Error: ACDB AFE returned = -19
05-17 16:44:50.522   575   575 D ACDB-LOADER: ACDB -> AUDIO_SET_AFE_CAL cal_type[17] acdb_id[41]
05-17 16:44:50.522   575   575 D ACDB-LOADER: ACDB -> send_afe_topology
05-17 16:44:50.522   575   575 D ACDB-LOADER: ACDB -> ACDB_CMD_GET_AFE_TOPOLOGY_ID
05-17 16:44:50.522   575   575 D ACDB-LOADER: ACDB -> GET_AFE_TOPOLOGY_ID for adcd_id 7, Topology Id 112fc
05-17 16:44:50.522   575   575 D ACDB-LOADER: ACDB -> send_afe_cal
05-17 16:44:50.522   575   575 D ACDB-LOADER: ACDB -> ACDB_CMD_GET_AFE_COMMON_TABLE_SIZE
05-17 16:44:50.523   575   575 D android.hardware.audio.service: Failed to fetch the lookup information of the device 00000007 
05-17 16:44:50.523   575   575 D ACDB-LOADER: Error: ACDB_CMD_GET_AFE_COMMON_TABLE_SIZE Returned = -19
05-17 16:44:50.523   575   575 D ACDB-LOADER: ACDB -> ACDB_CMD_GET_AFE_COMMON_TABLE
