05-02 13:27:19.344  1287  1406 V DisplayPowerController: Brightness [0.27559325] reason changing to: 'manual', previous reason: 'screen_off'.
05-02 13:27:19.344  1287  1379 E KernelCpuSpeedReader: Failed to read cpu-freq: /sys/devices/system/cpu/cpu0/cpufreq/stats/time_in_state: open failed: ENOENT (No such file or directory)
05-02 13:27:19.345  1287  1406 D DisplayPowerController: Set keyboard light, setting enabled: 1, /sys/class/leds/keyboard_light/brightness = 255
05-02 13:27:19.360  1287  1350 I DisplayManagerService: Display device changed state: "Built-in Screen", ON
05-02 13:27:20.097  1287  1406 I DisplayPowerController: No longer ignoring proximity [1]
05-02 13:27:20.112  1287  1406 V DisplayPowerController: Brightness [-1.0] reason changing to: 'screen_off', previous reason: 'manual'.
05-02 13:27:20.113  1287  1406 D DisplayPowerController: Set keyboard light, setting enabled: 1, /sys/class/leds/keyboard_light/brightness = 255
05-02 13:27:20.115  1287  1350 I DisplayManagerService: Display device changed state: "Built-in Screen", OFF
05-02 13:27:20.128  1287  1379 E KernelCpuSpeedReader: Failed to read cpu-freq: /sys/devices/system/cpu/cpu0/cpufreq/stats/time_in_state: open failed: ENOENT (No such file or directory)
05-02 13:27:21.944  1287  1406 I DisplayPowerController: No longer ignoring proximity [0]
05-02 13:27:21.960  1287  1406 V DisplayPowerController: Brightness [0.27559325] reason changing to: 'manual', previous reason: 'screen_off'.
05-02 13:27:21.960  1287  1406 D DisplayPowerController: Set keyboard light, setting enabled: 1, /sys/class/leds/keyboard_light/brightness = 255
05-02 13:27:21.964  1287  1379 E KernelCpuSpeedReader: Failed to read cpu-freq: /sys/devices/system/cpu/cpu0/cpufreq/stats/time_in_state: open failed: ENOENT (No such file or directory)
05-02 13:27:21.980  1287  1350 I DisplayManagerService: Display device changed state: "Built-in Screen", ON
05-02 13:27:32.757  1287  1349 I EntropyMixer: Writing entropy...
05-02 13:27:32.759  1287  1367 W BroadcastQueue: Background execution not allowed: receiving Intent { act=android.intent.action.ACTION_POWER_CONNECTED flg=0x4000010 (has extras) } to com.google.android.gms/.gcm.nts.SchedulerReceiver
05-02 13:27:32.760  1287  1367 W BroadcastQueue: Background execution not allowed: receiving Intent { act=android.intent.action.ACTION_POWER_CONNECTED flg=0x4000010 (has extras) } to com.google.android.gms/.chimera.GmsIntentOperationService$PersistentTrustedReceiver
05-02 13:27:32.845  1287  1379 E KernelCpuSpeedReader: Failed to read cpu-freq: /sys/devices/system/cpu/cpu0/cpufreq/stats/time_in_state: open failed: ENOENT (No such file or directory)
05-02 13:27:33.382  1287  1347 D UsbDeviceManager: push notification:Charging this device via USB
05-02 13:27:33.404  1287  1367 D CompatibilityChangeReporter: Compat change id reported: 135634846; UID 10071; state: DISABLED
05-02 13:27:33.405  1287  1368 D CompatibilityChangeReporter: Compat change id reported: 143937733; UID 10071; state: ENABLED
05-02 13:27:33.435  1287  1368 I ActivityManager: Start proc 1280:android.process.media/u0a71 for broadcast {com.android.mtp/com.android.mtp.MtpReceiver}
05-02 13:27:33.585  1287  1287 W NotificationHistory: Attempted to add notif for locked/gone/disabled user 0
05-02 13:27:33.607  1287  1287 W NotificationHistory: Attempted to add notif for locked/gone/disabled user 0
05-02 13:27:34.953  1287  1406 I DisplayPowerController: No longer ignoring proximity [1]
05-02 13:27:34.957  1287  1406 V DisplayPowerController: Brightness [-1.0] reason changing to: 'screen_off', previous reason: 'manual'.
05-02 13:27:34.958  1287  1406 D DisplayPowerController: Set keyboard light, setting enabled: 1, /sys/class/leds/keyboard_light/brightness = 255
05-02 13:27:34.960  1287  1350 I DisplayManagerService: Display device changed state: "Built-in Screen", OFF
05-02 13:27:34.978  1287  1379 E KernelCpuSpeedReader: Failed to read cpu-freq: /sys/devices/system/cpu/cpu0/cpufreq/stats/time_in_state: open failed: ENOENT (No such file or directory)
05-02 13:27:35.144  1287  1780 W ActivityManager: Unable to start service Intent { act=com.google.android.gms.home.service.START pkg=com.google.android.gms } U=0: not found
05-02 13:27:35.145  1287  4037 W ActivityManager: Unbind failed: could not find connection for android.os.BinderProxy@fcafdca
05-02 13:27:38.609  1287  1287 W Telecom : Logging: Stale Sessions Cleaned:
05-02 13:27:38.609  1287  1287 W Telecom : (...->CS.crCo->H.CS.crCo->H.CS.crCo.pICR)->CSW.hCCC->ICFG.sF->ICFG.sF->CILH.sL->CILH.oQC->BCF.gBS->BCF.gBS->ICFG.sF->ICFG.sF->ICFG.sF->ICFG.sF->ICFG.sF->ICFG.sF->ICFG.sF->CAMSM.pM_2002->ARP.hP(cap/cast)@0
05-02 13:27:58.155  1287  1367 W BroadcastQueue: Background execution not allowed: receiving Intent { act=android.intent.action.ACTION_POWER_DISCONNECTED flg=0x4000010 (has extras) } to com.google.android.gms/.chimera.GmsIntentOperationService$PersistentTrustedReceiver
05-02 13:27:58.165  1287  1367 I ActivityManager: Killing 2795:com.google.android.tts/u0a164 (adj 985): empty #17
05-02 13:27:58.248  1287  1379 E KernelCpuSpeedReader: Failed to read cpu-freq: /sys/devices/system/cpu/cpu0/cpufreq/stats/time_in_state: open failed: ENOENT (No such file or directory)
05-02 13:28:08.765  1287  1347 D UsbDeviceManager: Clear notification
05-02 13:28:57.914  1287  1379 E KernelCpuUidUserSysTimeReader: Negative user/sys time delta for UID=10164
05-02 13:28:57.914  1287  1379 E KernelCpuUidUserSysTimeReader: Prev times: u=12980000 s=3080000 Curr times: u=12850000 s=2840000
05-02 13:28:57.915  1287  1379 E KernelCpuSpeedReader: Failed to read cpu-freq: /sys/devices/system/cpu/cpu0/cpufreq/stats/time_in_state: open failed: ENOENT (No such file or directory)
05-02 13:30:27.131  1287  1379 E KernelCpuSpeedReader: Failed to read cpu-freq: /sys/devices/system/cpu/cpu0/cpufreq/stats/time_in_state: open failed: ENOENT (No such file or directory)
05-02 13:32:06.693  1287  1367 I DropBoxManagerService: add tag=system_server_wtf isTagEnabled=true flags=0x2
05-02 13:32:07.700  1287  1367 I chatty  : uid=1000(system) ActivityManager identical 2 lines
05-02 13:32:07.710  1287  1367 I DropBoxManagerService: add tag=system_server_wtf isTagEnabled=true flags=0x2
05-02 13:32:28.045  1287  1367 W BroadcastQueue: Background execution not allowed: receiving Intent { act=android.intent.action.DROPBOX_ENTRY_ADDED flg=0x10 (has extras) } to com.google.android.gms/.stats.service.DropBoxEntryAddedReceiver
05-02 13:32:28.045  1287  1367 W BroadcastQueue: Background execution not allowed: receiving Intent { act=android.intent.action.DROPBOX_ENTRY_ADDED flg=0x10 (has extras) } to com.google.android.gms/.chimera.GmsIntentOperationService$PersistentTrustedReceiver
05-02 13:32:29.171  1287  1379 E KernelCpuSpeedReader: Failed to read cpu-freq: /sys/devices/system/cpu/cpu0/cpufreq/stats/time_in_state: open failed: ENOENT (No such file or directory)
05-02 13:35:34.811  1287  1379 E KernelCpuSpeedReader: Failed to read cpu-freq: /sys/devices/system/cpu/cpu0/cpufreq/stats/time_in_state: open failed: ENOENT (No such file or directory)
05-02 13:35:49.168  1287  4037 W ActivityManager: Background start not allowed: service Intent { cmp=com.google.android.apps.messaging/.shared.datamodel.action.execution.ActionExecutorImpl$EmptyService (has extras) } to com.google.android.apps.messaging/.shared.datamodel.action.execution.ActionExecutorImpl$EmptyService from pid=3115 uid=10145 pkg=com.google.android.apps.messaging startFg?=false
--------- beginning of main
05-02 13:35:55.163  1763  1763 I QImsService: ImsServiceSub : [0] type = 0 status = 1 isValid = true
05-02 13:35:55.163  1763  1763 I QImsService: ImsServiceSub : [0] Call Type 0has num updates = 1
05-02 13:35:55.163  1763  1763 I QImsService: ImsServiceSub : [0] StatusForAccessTech networkMode = 14 registered = 1 status = 2 restrictCause = 0
05-02 13:35:55.163  1763  1763 I QImsService: ImsServiceSub : [0] type = 3 status = 1 isValid = true
05-02 13:35:55.163  1763  1763 I QImsService: ImsServiceSub : [0] Call Type 3has num updates = 1
05-02 13:35:55.163  1763  1763 I QImsService: ImsServiceSub : [0] StatusForAccessTech networkMode = 14 registered = 1 status = 2 restrictCause = 0
05-02 13:35:55.163  1763  1763 I QImsService: ImsServiceSub : [0] type = 1 status = 1 isValid = true
05-02 13:35:55.163  1763  1763 I QImsService: ImsServiceSub : [0] Call Type 1has num updates = 1
05-02 13:35:55.163  1763  1763 I QImsService: ImsServiceSub : [0] StatusForAccessTech networkMode = 14 registered = 1 status = 2 restrictCause = 0
05-02 13:35:55.163  1763  1763 I QImsService: ImsServiceSub : [0] type = 2 status = 1 isValid = true
05-02 13:35:55.163  1763  1763 I QImsService: ImsServiceSub : [0] Call Type 2has num updates = 1
05-02 13:35:55.163  1763  1763 I QImsService: ImsServiceSub : [0] StatusForAccessTech networkMode = 14 registered = 1 status = 2 restrictCause = 0
05-02 13:35:55.163  1763  1763 I QImsService: ImsServiceSub : [0] type = 25 status = 1 isValid = true
05-02 13:35:55.163  1763  1763 I QImsService: ImsServiceSub : [0] Call Type 25has num updates = 1
05-02 13:35:55.163  1763  1763 I QImsService: ImsServiceSub : [0] StatusForAccessTech networkMode = 14 registered = 1 status = 2 restrictCause = 0
05-02 13:35:55.163  1763  1763 I QImsService: ImsServiceClassTracker : updateFeatureCapabilities video true voice true
05-02 13:35:55.163  1763  1763 I QImsService: ImsCallSessionImpl : updateFeatureCapabilities video true voice true
05-02 13:35:55.163  1763  1763 I QImsService: ImsServiceStateReceiver : updateHDIcon isVideo : true isVoice : true phoneId: 0 show HD Icon: false
05-02 13:35:55.166  1795  1795 D ImsRegCallbackHelper: updateRegistrationState: registration state from 2 to 2
05-02 13:35:55.167  1122  1333 I Diag_Lib: imsrcsd : getUserData:PUserData.ms32bits : [0], LSB [0]
05-02 13:35:55.167  1122  1333 I Diag_Lib: ImsCmServiceImpl - <API SVC CTX> HandleIpcIndication Passed indicationeIndicationType [0x6]Request Id [0]iIPCID [0]UserData [0]
05-02 13:35:55.167  1122  1333 I Diag_Lib: ImsCmServiceImpl::RCS_IPC_ID_CONFIGURATION_CHANGE_IND Start
05-02 13:35:55.167  1122  1333 I Diag_Lib: ImsCmServiceImpl - : RCS_CONFIGURATIONCHANGE_IND : RCS_CONFIG_TYPE_USER
05-02 13:35:55.167  1122  1333 I Diag_Lib: ImsCmServiceImpl::RCS_IPC_ID_CONFIGURATION_CHANGE_IND End
05-02 13:35:55.168  1122  1333 I Diag_Lib: imsrcsd : getUserData:PUserData.ms32bits : [0], LSB [0]
05-02 13:35:55.168  1122  1333 I Diag_Lib: ImsCmServiceImpl - <API SVC CTX> HandleIpcIndication Passed indicationeIndicationType [0x6]Request Id [0]iIPCID [0]UserData [0]
05-02 13:35:55.168  1122  1333 I Diag_Lib: ImsCmServiceImpl::RCS_IPC_ID_CONFIGURATION_CHANGE_IND Start
05-02 13:35:55.168  1122  1333 I Diag_Lib: ImsCmServiceImpl - : RCS_CONFIGURATIONCHANGE_IND : RCS_CONFIG_TYPE_DEVICE
05-02 13:35:55.168  1122  1333 I Diag_Lib: ImsCmServiceImpl - size of deviceconfigkeys 19 
05-02 13:35:55.168  1122  1333 I Diag_Lib: ImsCmServiceImpl::RCS_IPC_ID_CONFIGURATION_CHANGE_IND End
05-02 13:35:55.177  1795  1795 I Telephony: isRttCurrentlySupported -- regular acct, hasVoiceAvailability: true
05-02 13:35:55.177  1795  1795 I Telephony:  isRttSupported: true
05-02 13:35:55.177  1795  1795 I Telephony:  isRoaming: false
05-02 13:35:55.177  1795  1795 I Telephony:  isOnWfc: false
05-02 13:35:55.177  1795  1795 D DiagnosticsBroadcastEvent: WifiCallingController : onCapabilitiesStatusChanged config = MmTel Capabilities - [Voice: true Video: true UT: true SMS: true]
05-02 13:35:55.183  1763  1763 I QImsService: ImsServiceStateReceiver : shallShowHDIcon config showHDIcon : false phoneId : 0
05-02 13:35:55.183  1763  1763 D ImsMultiEndpointImpl: Message received: what = 2
05-02 13:35:55.183  1763  1763 D ImsMultiEndpointImpl: EVENT_CAPABILITIES_CHANGED
05-02 13:35:55.183  1763  1763 D ImsMultiEndpointImpl: updateCapabilities:: Video = true, Voice = true
05-02 13:35:55.183  1763  1763 D ImsViceParser: getCallPullInfo mDialogIds null
05-02 13:35:55.183  1763  1763 I ImsMultiEndpointImpl: Calling onImsExternalCallStateUpdate
05-02 13:35:55.183  1763  1763 D MultiEndpointImplBase: ims external call state update triggered.
05-02 13:35:55.184  1795  2205 D ImsExternalCallTracker: refreshExternalCallState
05-02 13:36:23.300   866   866 I VM_BMS  : power_supply_update: ocv_uv=3871915 ibatt=277946 soc=56 seq_num=2245
05-02 13:36:24.106   866   866 I VM_BMS  : power_supply_update: ocv_uv=3871896 ibatt=360220 soc=56 seq_num=2246
05-02 13:36:24.825   866   866 I VM_BMS  : power_supply_update: ocv_uv=3871880 ibatt=299421 soc=56 seq_num=2247
05-02 13:36:24.915   384   384 I chatty  : uid=1000(system) hwservicemanage expire 11 lines
05-02 13:36:25.223   866   866 I VM_BMS  : power_supply_update: ocv_uv=3871871 ibatt=328662 soc=56 seq_num=2248
05-02 13:36:25.297  1287  1379 E KernelCpuSpeedReader: Failed to read cpu-freq: /sys/devices/system/cpu/cpu0/cpufreq/stats/time_in_state: open failed: ENOENT (No such file or directory)
05-02 13:36:25.640   866   866 I VM_BMS  : power_supply_update: ocv_uv=3871865 ibatt=318865 soc=56 seq_num=2249
05-02 13:36:26.453   866   866 I VM_BMS  : power_supply_update: ocv_uv=3871859 ibatt=342703 soc=56 seq_num=2250
05-02 13:36:26.485  1287  2725 I chatty  : uid=1000(system) Binder:1287_1E expire 12 lines
05-02 13:36:27.278   866   866 I VM_BMS  : power_supply_update: ocv_uv=3871853 ibatt=300385 soc=56 seq_num=2251
05-02 13:36:28.094   866   866 I VM_BMS  : power_supply_update: ocv_uv=3871838 ibatt=350240 soc=56 seq_num=2252
05-02 13:36:28.503   866   866 I VM_BMS  : power_supply_update: ocv_uv=3871832 ibatt=305733 soc=56 seq_num=2253
05-02 13:36:30.351   866   866 I VM_BMS  : power_supply_update: ocv_uv=3871815 ibatt=320873 soc=56 seq_num=2254
05-02 13:36:31.787   866   866 I VM_BMS  : power_supply_update: ocv_uv=3871797 ibatt=334912 soc=56 seq_num=2255
05-02 13:36:34.644   866   866 I VM_BMS  : power_supply_update: ocv_uv=3871788 ibatt=353298 soc=56 seq_num=2256
05-02 13:36:34.742     0     0 W swapper/0: type=1400 audit(0.0:2066): avc: denied { kill } for capability=5 scontext=u:r:kernel:s0 tcontext=u:r:kernel:s0 tclass=capability permissive=0
05-02 13:36:35.874   866   866 I VM_BMS  : power_supply_update: ocv_uv=3871782 ibatt=330490 soc=56 seq_num=2257
05-02 13:36:37.419   866   866 I VM_BMS  : power_supply_update: ocv_uv=3871768 ibatt=308765 soc=56 seq_num=2258
05-02 13:36:37.451  1287  2725 I chatty  : uid=1000(system) Binder:1287_1E expire 15 lines
05-02 13:36:38.645   866   866 I VM_BMS  : power_supply_update: ocv_uv=3871762 ibatt=306567 soc=56 seq_num=2259
05-02 13:36:49.600   866   866 I VM_BMS  : power_supply_update: ocv_uv=3871753 ibatt=320631 soc=56 seq_num=2260
05-02 13:36:51.037   866   866 I VM_BMS  : power_supply_update: ocv_uv=3871735 ibatt=345522 soc=56 seq_num=2261
05-02 13:37:01.344  1528  1528 I chatty  : uid=10174(com.android.systemui) expire 37 lines
05-02 13:37:01.345   866   866 I VM_BMS  : power_supply_update: ocv_uv=3871729 ibatt=348731 soc=56 seq_num=2262
05-02 13:37:01.365  1287  1877 I chatty  : uid=1000(system) HwBinder:1287_4 expire 6 lines
05-02 13:37:01.387  1287  1367 W BroadcastQueue: Background execution not allowed: receiving Intent { act=android.intent.action.ACTION_POWER_CONNECTED flg=0x4000010 (has extras) } to com.google.android.gms/.gcm.nts.SchedulerReceiver
05-02 13:37:01.388  1287  1367 W BroadcastQueue: Background execution not allowed: receiving Intent { act=android.intent.action.ACTION_POWER_CONNECTED flg=0x4000010 (has extras) } to com.google.android.gms/.chimera.GmsIntentOperationService$PersistentTrustedReceiver
05-02 13:37:01.389  1287  1349 I EntropyMixer: Writing entropy...
05-02 13:37:01.449   384   384 I chatty  : uid=1000(system) hwservicemanage expire 30 lines
05-02 13:37:01.455  2475  2475 I chatty  : uid=10139(com.google.android.gms) expire 9 lines
05-02 13:37:01.459  1025  1077 E QMI_FW  : qmi_cci_get_ref: ref count increased 2
05-02 13:37:01.462  1025  1077 E QMI_FW  : qmi_cci_get_ref: ref count increased 2
05-02 13:37:01.480  1287  1379 E KernelCpuSpeedReader: Failed to read cpu-freq: /sys/devices/system/cpu/cpu0/cpufreq/stats/time_in_state: open failed: ENOENT (No such file or directory)
05-02 13:37:01.499  1287  1379 I chatty  : uid=1000(system) batterystats-wo expire 1 line
05-02 13:37:01.505  1287  2474 I chatty  : uid=1000(system) Binder:1287_C expire 5 lines
05-02 13:37:01.518  1287  2725 I chatty  : uid=1000(system) Binder:1287_1E expire 8 lines
05-02 13:37:01.526  2202  1427 I chatty  : uid=10139 com.google.android.gms.persistent expire 1 line
05-02 13:37:01.535  1287  4037 I chatty  : uid=1000(system) Binder:1287_1B expire 3 lines
05-02 13:37:01.581  2202  1273 I chatty  : uid=10139(com.google.android.gms) lowpool[399] expire 3 lines
05-02 13:37:01.805  1287  1347 D UsbDeviceManager: push notification:Charging this device via USB
05-02 13:37:01.810  1287  1367 I chatty  : uid=1000(system) ActivityManager expire 12 lines
05-02 13:37:01.939   846  1499 I adbd    : USB event: FUNCTIONFS_ENABLE
05-02 13:37:01.940   846  1564 I adbd    : UsbFfs-worker thread spawned
05-02 13:37:02.009  1287  1287 W NotificationHistory: Attempted to add notif for locked/gone/disabled user 0
05-02 13:37:02.013   919  1770 D NuPlayerDriver: reset(0xabc8cbe0) at state 6
05-02 13:37:02.020   919  1390 I hw-BpHwBinder: onLastStrongRef automatically unlinking death recipients
05-02 13:37:02.020   952   510 I hw-BpHwBinder: onLastStrongRef automatically unlinking death recipients
05-02 13:37:02.020   919  1390 D BufferPoolAccessor2.0: bufferpool2 0xabce7bd8 : 0(0 size) total buffers - 0(0 size) used buffers - 67/75 (recycle/alloc) - 8/144 (fetch/transfer)
05-02 13:37:02.021   952   510 V C2Store : in ~ComponentModule
05-02 13:37:02.021   952   510 V C2Store : unloading dll
05-02 13:37:02.022   952  2809 D BufferPoolAccessor2.0: bufferpool2 0xb685a958 : 0(0 size) total buffers - 0(0 size) used buffers - 66/70 (recycle/alloc) - 4/69 (fetch/transfer)
05-02 13:37:02.028   919  1343 D NuPlayerDriver: notifyResetComplete(0xabc8cbe0)
05-02 13:37:02.028   919  1770 D NuPlayerDriver: reset(0xabc8cbe0) at state 0
05-02 13:37:02.029   919  1770 W AMessage: failed to post message as target looper for handler 0 is gone.
05-02 13:37:02.030  1528  2048 I chatty  : uid=10174(com.android.systemui) Binder:1528_5 expire 12 lines
05-02 13:37:02.045   919  1770 D NuPlayerDriver: NuPlayerDriver(0xabc8cbe0) created, clientPid(1528)
05-02 13:37:02.057   919  1770 I ExtendedNuUtils: printFileName fd(9) -> /system/framework/framework-res.apk
05-02 13:37:02.062   919  1571 D GenericSource: FileSource remote
05-02 13:37:02.066   899  1553 I MMParserExtractor: Created(0xa871a240)
05-02 13:37:02.066   899  1553 E MM_OSAL : FileSource::FileSource
05-02 13:37:02.066   899  1553 E MM_OSAL : FileSource::FileSource m_bEveryThingOK 1
05-02 13:37:02.067   899  1553 E Utils   : did not find channel-count and/or sample-rate
05-02 13:37:02.068   899  1553 E Utils   : did not find channel-count and/or sample-rate
05-02 13:37:02.071   899   674 D MediaBufferGroup: creating MemoryDealer
05-02 13:37:02.075   919  1570 I GenericSource: start
05-02 13:37:02.076   919  1570 W Utils   : track of type 'audio/vorbis' does not publish channel mask, channel count 1
05-02 13:37:02.082   919  1570 W Utils   : track of type 'audio/vorbis' does not publish channel mask, channel count 1
05-02 13:37:02.084   575   575 I chatty  : uid=1041(audioserver) /vendor/bin/hw/android.hardware.audio.service expire 3 lines
05-02 13:37:02.084   575   575 D soundtrigger: extract_sm_handle input string <is_hw_dec_session_available=> param string <is_hw_dec_session_available=>
05-02 13:37:02.084   575   575 D audio_hw_extn: audio_extn_fm_get_parameters: Enter
05-02 13:37:02.084   575   575 D audio_hw_extn: audio_extn_get_parameters: returns 
05-02 13:37:02.084   575   575 D audio_hw_primary: adev_get_parameters: exit: returns - 
05-02 13:37:02.087   919  1575 D CCodec  : allocate(c2.android.vorbis.decoder)
05-02 13:37:02.088   952   510 V C2Store : in init
05-02 13:37:02.088   952   510 V C2Store : loading dll
05-02 13:37:02.093   919  1575 I CCodec  : Created component [c2.android.vorbis.decoder]
05-02 13:37:02.093   919  1575 D CCodecConfig: read media type: audio/vorbis
05-02 13:37:02.099   919  1575 D ReflectedParamUpdater: extent() != 1 for single value type: algo.buffers.max-count.values
05-02 13:37:02.100   919  1575 D ReflectedParamUpdater: extent() != 1 for single value type: output.subscribed-indices.values
05-02 13:37:02.100   919  1575 D ReflectedParamUpdater: extent() != 1 for single value type: input.buffers.allocator-ids.values
05-02 13:37:02.100   919  1575 D ReflectedParamUpdater: extent() != 1 for single value type: output.buffers.allocator-ids.values
05-02 13:37:02.100   919  1575 D ReflectedParamUpdater: extent() != 1 for single value type: algo.buffers.allocator-ids.values
05-02 13:37:02.101   919  1575 D ReflectedParamUpdater: extent() != 1 for single value type: output.buffers.pool-ids.values
05-02 13:37:02.101   919  1575 D ReflectedParamUpdater: extent() != 1 for single value type: algo.buffers.pool-ids.values
05-02 13:37:02.104   919  1575 I CCodecConfig: query failed after returning 7 values (BAD_INDEX)
05-02 13:37:02.104   919  1575 D CCodecConfig: c2 config diff is Dict {
05-02 13:37:02.104   919  1575 D CCodecConfig:   c2::u32 coded.bitrate.value = 64000
05-02 13:37:02.104   919  1575 D CCodecConfig:   c2::u32 input.buffers.max-size.value = 32768
05-02 13:37:02.104   919  1575 D CCodecConfig:   c2::u32 input.delay.value = 0
05-02 13:37:02.104   919  1575 D CCodecConfig:   string input.media-type.value = "audio/vorbis"
05-02 13:37:02.104   919  1575 D CCodecConfig:   string output.media-type.value = "audio/raw"
05-02 13:37:02.104   919  1575 D CCodecConfig:   c2::u32 raw.channel-count.value = 1
05-02 13:37:02.104   919  1575 D CCodecConfig:   c2::u32 raw.sample-rate.value = 48000
05-02 13:37:02.104   919  1575 D CCodecConfig: }
05-02 13:37:02.107   919  1575 D CCodec  : [c2.android.vorbis.decoder] buffers are bound to CCodec for this session
05-02 13:37:02.107   919  1575 D CCodecConfig: no c2 equivalents for durationUs
05-02 13:37:02.107   919  1575 D CCodecConfig: no c2 equivalents for csd-1
05-02 13:37:02.107   919  1575 D CCodecConfig: no c2 equivalents for language
05-02 13:37:02.107   919  1575 D CCodecConfig: no c2 equivalents for file-format
05-02 13:37:02.107   919  1575 D CCodecConfig: no c2 equivalents for flags
05-02 13:37:02.109   919  1575 D CCodecConfig: config failed => CORRUPTED
05-02 13:37:02.109   919  1575 D CCodecConfig: c2 config diff is   c2::u32 raw.sample-rate.value = 44100
05-02 13:37:02.112   919  1575 W Codec2Client: query -- param skipped: index = 1107298332.
05-02 13:37:02.112   919  1575 D CCodec  : setup formats input: AMessage(what = 0x00000000) = {
05-02 13:37:02.112   919  1575 D CCodec  :   int32_t channel-count = 1
05-02 13:37:02.112   919  1575 D CCodec  :   int32_t max-input-size = 65307
05-02 13:37:02.112   919  1575 D CCodec  :   string mime = "audio/vorbis"
05-02 13:37:02.112   919  1575 D CCodec  :   int32_t sample-rate = 44100
05-02 13:37:02.112   919  1575 D CCodec  : } and output: AMessage(what = 0x00000000) = {
05-02 13:37:02.112   919  1575 D CCodec  :   int32_t channel-count = 1
05-02 13:37:02.112   919  1575 D CCodec  :   string mime = "audio/raw"
05-02 13:37:02.112   919  1575 D CCodec  :   int32_t sample-rate = 44100
05-02 13:37:02.112   919  1575 D CCodec  : }
05-02 13:37:02.113   919  1575 I MediaCodec: MediaCodec will operate in async mode
05-02 13:37:02.114   919  1575 W Codec2Client: query -- param skipped: index = 1342179345.
05-02 13:37:02.114   919  1575 W Codec2Client: query -- param skipped: index = 2415921170.
05-02 13:37:02.115   919  1575 E FMQ     : grantorIdx must be less than 3
05-02 13:37:02.115   919  1575 E FMQ     : grantorIdx must be less than 3
05-02 13:37:02.115   919  1575 D CCodecBufferChannel: [c2.android.vorbis.decoder#82] Created input block pool with allocatorID 16 => poolID 262 - OK (0)
05-02 13:37:02.115   952  2809 E FMQ     : grantorIdx must be less than 3
05-02 13:37:02.116   952  2809 E FMQ     : grantorIdx must be less than 3
05-02 13:37:02.116   919  1575 I CCodecBufferChannel: [c2.android.vorbis.decoder#82] Created output block pool with allocatorID 16 => poolID 298 - OK
05-02 13:37:02.117   919  1575 D CCodecBufferChannel: [c2.android.vorbis.decoder#82] Configured output block pool ids 298 => OK
05-02 13:37:02.117   919  1575 D CCodecBufferChannel: [c2.android.vorbis.decoder#82] start: updating output delay 0
05-02 13:37:02.120   952  1580 D SimpleC2Component: Using output block pool with poolID 298 => got 298 - 0
05-02 13:37:02.121   919  1575 E FMQ     : grantorIdx must be less than 3
05-02 13:37:02.121   952  2809 E FMQ     : grantorIdx must be less than 3
05-02 13:37:02.130   952  1580 E FMQ     : grantorIdx must be less than 3
05-02 13:37:02.131   919  1307 E FMQ     : grantorIdx must be less than 3
05-02 13:37:02.132   919  1575 D CCodecBuffers: [c2.android.vorbis.decoder#82:Output[N]] popFromStashAndRegister: output format changed to AMessage(what = 0x00000000) = {
05-02 13:37:02.132   919  1575 D CCodecBuffers:   int32_t channel-count = 1
05-02 13:37:02.132   919  1575 D CCodecBuffers:   string mime = "audio/raw"
05-02 13:37:02.132   919  1575 D CCodecBuffers:   int32_t sample-rate = 44100
05-02 13:37:02.132   919  1575 D CCodecBuffers: }
05-02 13:37:02.134   919  1574 I ExtendedNuUtils: Both src and dst missing for bit-width
05-02 13:37:02.134   919  1574 I ExtendedNuUtils: Overriding durationUs: with 64 bit src value 1567000
05-02 13:37:02.134   919  1574 I ExtendedNuUtils: Both src and dst missing for channel-mask
05-02 13:37:02.138   575   575 D audio_hw_primary: adev_get_parameters:vr_audio_mode_on
05-02 13:37:02.138   575   575 I audio_hw_primary: getting vr mode to 0
05-02 13:37:02.138   575   575 D audio_hw_primary: adev_get_parameters: exit: returns - vr_audio_mode_on=false
05-02 13:37:02.139   601  3098 I AudioPolicyManagerCustom: VR mode is 0, switch to primary output if request is for fast|raw
05-02 13:37:02.140   601  3098 D AudioFlinger: Client defaulted notificationFrames to 11025 for frameCount 22050
05-02 13:37:02.142   601  3098 D AF::TrackHandle: OpPlayAudio: track:318 usage:2 not muted
05-02 13:37:02.175   575   598 D audio_hw_primary: adev_create_audio_patch: enter: num sources 1, num_sinks 1, handle 1
05-02 13:37:02.175   575   598 D audio_hw_primary: adev_create_audio_patch: Playback patch from mix handle 13 to device 1
05-02 13:37:02.175   575   598 D audio_hw_primary: update_patch: enter
05-02 13:37:02.175   575   598 D audio_hw_primary: route_output_stream: enter: usecase(1: low-latency-playback) devices 1
05-02 13:37:02.175   575   598 D audio_hw_primary: select_devices for use case (voicemmode1-call)
05-02 13:37:02.175   575   598 D msm8974_platform: platform_get_output_snd_device: enter: output devices(0x1)
05-02 13:37:02.175   575   598 D msm8974_platform: is_operator_tmus: tmus mccmnc 310410
05-02 13:37:02.175   575   598 D msm8974_platform: is_operator_tmus: tmus mccmnc 310410
05-02 13:37:02.182   575  3089 D audio_hw_primary: start_output_stream: enter: stream(0xb562b800)usecase(1: low-latency-playback) devices(0x1) is_haptic_usecase(0)
05-02 13:37:02.183   575  3089 D audio_hw_primary: select_devices for use case (low-latency-playback)
05-02 13:37:02.183   575  3089 I msm8974_platform: platform_check_and_set_codec_backend_cfg:becf: afe: bitwidth 16, samplerate 48000 channels 2, backend_idx 0 usecase = 1 device (voice-handset)
05-02 13:37:02.183   575  3089 D msm8974_platform: platform_split_snd_device: snd_device(26) num devices(1) new_snd_devices(0)
05-02 13:37:02.183   575  3089 I msm8974_platform: platform_check_and_set_codec_backend_cfg: new_snd_devices[0] is 26
05-02 13:37:02.183   575  3089 I msm8974_platform: platform_check_codec_backend_cfg:becf: afe: bitwidth 16, samplerate 48000 channels 2, backend_idx 0 usecase = 1 device (voice-handset)
05-02 13:37:02.183   575  3089 D msm8974_platform: platform_get_output_snd_device: enter: output devices(0x1)
05-02 13:37:02.183   575  3089 D msm8974_platform: is_operator_tmus: tmus mccmnc 310410
05-02 13:37:02.183   575  3089 W msm8974_platform: platform_check_codec_backend_cfg:becf: afe:Use default bw and sr for voice/voip calls 
05-02 13:37:02.183   575  3089 D msm8974_platform: platform_get_output_snd_device: enter: output devices(0x1)
05-02 13:37:02.183   575  3089 D msm8974_platform: is_operator_tmus: tmus mccmnc 310410
05-02 13:37:02.183   575  3089 D msm8974_platform: platform_check_codec_backend_cfg:becf: afe: playback on codec device not supporting native playback set default Sample Rate(48k)
05-02 13:37:02.183   575  3089 I msm8974_platform: platform_check_codec_backend_cfg:becf: afe: Codec selected backend: 0 updated bit width: 16 and sample rate: 48000
05-02 13:37:02.183   575  3089 D audio_hw_primary: check_usecases_codec_backend:becf: force routing 0
05-02 13:37:02.183   575  3089 D audio_hw_primary: check_usecases_codec_backend:becf: (78) check_usecases curr device: voice-handset, usecase device:voice-handset backends match 1
05-02 13:37:02.183   575  3089 E msm8974_platform: platform_check_backends_match: Invalid snd_device = 
05-02 13:37:02.183   575  3089 D audio_hw_primary: check_usecases_codec_backend:becf: (78) check_usecases curr device: voice-handset, usecase device: backends match 0
05-02 13:37:02.183   575  3089 D audio_hw_primary: check_usecases_codec_backend:becf: check_usecases num.of Usecases to switch 0
05-02 13:37:02.183   575  3089 D hardware_info: hw_info_append_hw_type : device_name = voice-handset
05-02 13:37:02.183   575  3089 D msm8974_platform: platform_split_snd_device: snd_device(26) num devices(0) new_snd_devices(0)
05-02 13:37:02.183   575  3089 E soundtrigger: audio_extn_sound_trigger_update_stream_status: invalid input device 0x0, for event 3
05-02 13:37:02.183   575  3089 D soundtrigger: audio_extn_sound_trigger_update_stream_status: uc_info->id 1 of type 0 for Event 3, with Raise=0
05-02 13:37:02.183   575  3089 D audio_hw_utils: audio_extn_utils_send_app_type_cfg: usecase->out_snd_device voice-handset
05-02 13:37:02.183   575  3089 D msm8974_platform: platform_split_snd_device: snd_device(26) num devices(0) new_snd_devices(0)
05-02 13:37:02.184   575  3089 D audio_hw_utils: audio_extn_btsco_get_sample_rate:Not a BT SCO device, need not update sampling rate
05-02 13:37:02.184   575  3089 I audio_hw_utils: send_app_type_cfg_for_device PLAYBACK app_type 69937, acdb_dev_id 7, sample_rate 48000, snd_device_be_idx 43
05-02 13:37:02.184   575  3089 D msm8974_platform: platform_split_snd_device: snd_device(26) num devices(1) new_snd_devices(0)
05-02 13:37:02.184   575  3089 D audio_hw_utils: audio_extn_btsco_get_sample_rate:Not a BT SCO device, need not update sampling rate
05-02 13:37:02.184   575  3089 D ACDB-LOADER: ACDB -> send_audio_cal, acdb_id = 7, path = 0, app id = 0x11131, sample rate = 48000, afe_sample_rate = 48000
05-02 13:37:02.184   575  3089 D ACDB-LOADER: ACDB -> send_asm_topology
05-02 13:37:02.184   575  3089 D ACDB-LOADER: ACDB -> ACDB_CMD_GET_AUDPROC_STREAM_TOPOLOGY_ID
05-02 13:37:02.184   575  3089 D ACDB-LOADER: ACDB -> send_adm_topology
05-02 13:37:02.184   575  3089 D ACDB-LOADER: ACDB -> ACDB_CMD_GET_AUDPROC_COMMON_TOPOLOGY_ID
05-02 13:37:02.185   575  3089 D ACDB-LOADER: ACDB -> send_audtable
05-02 13:37:02.185   575  3089 D ACDB-LOADER: ACDB -> ACDB_CMD_GET_AUDPROC_COMMON_TABLE_SIZE
05-02 13:37:02.185   575  3089 D ACDB-LOADER: ACDB -> ACDB_CMD_GET_AUDPROC_COMMON_TABLE
05-02 13:37:02.185   575  3089 D ACDB-LOADER: ACDB -> AUDIO_SET_AUDPROC_CAL cal_type[11] acdb_id[7] app_type[69937]
05-02 13:37:02.185   575  3089 D ACDB-LOADER: ACDB -> send_audvoltable
05-02 13:37:02.185   575  3089 D ACDB-LOADER: ACDB -> ACDB_CMD_GET_AUDPROC_GAIN_DEP_STEP_TABLE_SIZE
05-02 13:37:02.185   575  3089 D ACDB-LOADER: ACDB -> ACDB_CMD_GET_AUDPROC_GAIN_DEP_STEP_TABLE, vol index 0
05-02 13:37:02.185   575  3089 D ACDB-LOADER: ACDB -> AUDIO_SET_VOL_CAL cal type = 12
05-02 13:37:02.185   575  3089 D ACDB-LOADER: ACDB -> ACDB_CMD_GET_AUDPROC_STREAM_TABLE_SIZE
05-02 13:37:02.185   575  3089 D ACDB-LOADER: ACDB -> send_audstrmtable
05-02 13:37:02.185   575  3089 D ACDB-LOADER: ACDB -> ACDB_CMD_GET_AUDPROC_STREAM_TABLE_V2
05-02 13:37:02.185   575  3089 D ACDB-LOADER: ACDB -> audstrm_cal->cal_type.cal_data.cal_size = 16
05-02 13:37:02.185   575  3089 D ACDB-LOADER: ACDB -> send_afe_topology
05-02 13:37:02.185   575  3089 D ACDB-LOADER: ACDB -> ACDB_CMD_GET_AFE_TOPOLOGY_ID
05-02 13:37:02.185   575  3089 D ACDB-LOADER: ACDB -> GET_AFE_TOPOLOGY_ID for adcd_id 7, Topology Id 112fc
05-02 13:37:02.185   575  3089 D ACDB-LOADER: ACDB -> send_afe_cal
05-02 13:37:02.185   575  3089 D ACDB-LOADER: ACDB -> ACDB_CMD_GET_AFE_COMMON_TABLE_SIZE
05-02 13:37:02.185   575  3089 D android.hardware.audio.service: Failed to fetch the lookup information of the device 00000007 
05-02 13:37:02.185   575  3089 D ACDB-LOADER: Error: ACDB_CMD_GET_AFE_COMMON_TABLE_SIZE Returned = -19
05-02 13:37:02.185   575  3089 D ACDB-LOADER: ACDB -> ACDB_CMD_GET_AFE_COMMON_TABLE
05-02 13:37:02.186   575  3089 D android.hardware.audio.service: Failed to fetch the lookup information of the device 00000007 
05-02 13:37:02.186   575  3089 D ACDB-LOADER: Error: ACDB AFE returned = -19
05-02 13:37:02.186   575  3089 D ACDB-LOADER: ACDB -> AUDIO_SET_AFE_CAL cal_type[16] acdb_id[7]
05-02 13:37:02.186   575  3089 D ACDB-LOADER: ACDB -> send_hw_delay : acdb_id = 7 path = 0
05-02 13:37:02.186   575  3089 D ACDB-LOADER: ACDB -> ACDB_AVSYNC_INFO: ACDB_CMD_GET_DEVICE_PROPERTY
05-02 13:37:02.186   575  3089 D msm8974_platform: platform_split_snd_device: snd_device(26) num devices(0) new_snd_devices(0)
05-02 13:37:02.186   575  3089 I msm8974_platform: platform_get_custom_mtmx_params: no matching param with id 0 ip_ch 2 op_ch 2 uc_id 1 snd_dev 26
05-02 13:37:02.186   575  3089 D audio_hw_primary: enable_audio_route: apply mixer and update path: low-latency-playback handset
05-02 13:37:02.186   575  3089 D audio_route: Apply path: low-latency-playback handset
05-02 13:37:02.186   575  3089 E audio_route: Enable path: low-latency-playback handset
05-02 13:37:02.186   575  3089 E audio_route: Path: low-latency-playback handset, length: 1
05-02 13:37:02.186   575  3089 E audio_route:   id=0: ctl=PRI_MI2S_RX Audio Mixer MultiMedia5
05-02 13:37:02.186   575  3089 E audio_route:     id=0 value=1
05-02 13:37:02.186   575  3089 E audio_route:     id=1 value=1
05-02 13:37:02.189   575  3089 D audio_hw_primary: select_devices: done
05-02 13:37:02.217   575  3089 D msm8974_platform: platform_set_channel_map mixer_ctl_name:Playback Channel Map12
05-02 13:37:02.217   575  3089 D msm8974_platform: platform_set_channel_map: set mapping(1 2 0 0 0 0 0 0) for channel:2
05-02 13:37:02.218   575  3089 D audio_hw_primary: start_output_stream: exit
05-02 13:37:02.218   575  3089 D msm8974_platform: platform_split_snd_device: snd_device(26) num devices(0) new_snd_devices(0)
05-02 13:37:02.218   575  3089 I msm8974_platform: platform_get_custom_mtmx_params: no matching param with id 0 ip_ch 2 op_ch 2 uc_id 1 snd_dev 26
05-02 13:37:03.292   919  1575 D CCodecBufferChannel: [c2.android.vorbis.decoder#82] buffers after EOS ignored (0 us)
05-02 13:37:03.545   919  1573 D AudioTrack: stop(290): called with 69129 frames delivered
05-02 13:37:03.884  1287  3110 I chatty  : uid=1000(system) Binder:1287_1F expire 1 line
05-02 13:37:03.885   601   943 W APM::AudioPolicyEngine: getDevicesForStrategy() unknown strategy: -1
05-02 13:37:05.315   919   983 D PipelineWatcher: DEBUG: elapsed 0 / 0
05-02 13:37:06.816   575   598 D audio_hw_primary: out_standby: enter: stream (0xb562b800) usecase(1: low-latency-playback)
05-02 13:37:06.845   575   598 D audio_hw_primary: disable_audio_route: reset and update mixer path: low-latency-playback handset
05-02 13:37:06.845   575   598 E audio_route: Disable path: low-latency-playback handset
05-02 13:37:06.845   575   598 E audio_route: Path: low-latency-playback handset, length: 1
05-02 13:37:06.845   575   598 E audio_route:   id=0: ctl=PRI_MI2S_RX Audio Mixer MultiMedia5
05-02 13:37:06.845   575   598 E audio_route:     id=0 value=1
05-02 13:37:06.845   575   598 E audio_route:     id=1 value=1
05-02 13:37:06.847   575   598 E soundtrigger: audio_extn_sound_trigger_update_stream_status: invalid input device 0x0, for event 2
05-02 13:37:06.847   575   598 D soundtrigger: audio_extn_sound_trigger_update_stream_status: uc_info->id 1 of type 0 for Event 2, with Raise=0
05-02 13:37:06.847   575   598 D msm8974_platform: platform_split_snd_device: snd_device(26) num devices(0) new_snd_devices(0)
05-02 13:37:06.847   575   598 I msm8974_platform: platform_get_custom_mtmx_params: no matching param with id 0 ip_ch 2 op_ch 2 uc_id 1 snd_dev 26
05-02 13:37:06.847   575   598 D hardware_info: hw_info_append_hw_type : device_name = voice-handset
05-02 13:37:06.847   575   598 D msm8974_platform: platform_split_snd_device: snd_device(26) num devices(0) new_snd_devices(0)
05-02 13:37:06.847   575   598 D audio_hw_primary: out_standby: exit
05-02 13:37:07.022   919   985 D BufferPoolAccessor2.0: bufferpool2 0xabce7bd8 : 0(0 size) total buffers - 0(0 size) used buffers - 67/75 (recycle/alloc) - 8/144 (fetch/transfer)
05-02 13:37:07.022   919   985 D BufferPoolAccessor2.0: evictor expired: 1, evicted: 1
05-02 13:37:07.023   952  1699 D BufferPoolAccessor2.0: bufferpool2 0xb685a958 : 0(0 size) total buffers - 0(0 size) used buffers - 66/70 (recycle/alloc) - 4/69 (fetch/transfer)
05-02 13:37:07.023   952  1699 D BufferPoolAccessor2.0: evictor expired: 1, evicted: 1
05-02 13:37:09.024   919   985 D BufferPoolAccessor2.0: bufferpool2 0xabce7d18 : 8(522456 size) total buffers - 4(261228 size) used buffers - 67/75 (recycle/alloc) - 8/144 (fetch/transfer)
05-02 13:37:09.025   952  1699 D BufferPoolAccessor2.0: bufferpool2 0xb685c398 : 4(65536 size) total buffers - 0(0 size) used buffers - 66/70 (recycle/alloc) - 4/69 (fetch/transfer)
05-02 13:37:09.025   919   985 D BufferPoolAccessor2.0: evictor expired: 1, evicted: 1
05-02 13:37:09.025   952  1699 D BufferPoolAccessor2.0: evictor expired: 1, evicted: 1
05-02 13:37:09.263     0     0 W swapper/0: type=1400 audit(0.0:2067): avc: denied { kill } for capability=5 scontext=u:r:kernel:s0 tcontext=u:r:kernel:s0 tclass=capability permissive=0
05-02 13:37:16.553   382   382 E lowmemorykiller: Error opening /dev/memcg/apps/uid_99002/pid_2756/memory.soft_limit_in_bytes; errno=2
05-02 13:37:16.612   384   384 I chatty  : uid=1000(system) hwservicemanage expire 10 lines
05-02 13:37:19.418  4093  3341 I PlayCommon: [1840] aldv.j(32): Preparing logs for uploading
05-02 13:37:19.434  4093  3341 I PlayCommon: [1840] aldv.j(150): Connecting to server for timestamp: https://play.googleapis.com/play/log/timestamp
05-02 13:37:19.716  4093  3341 W PlayCommon: [1840] aldv.l(1): No account for auth token provided
05-02 13:37:19.717  4093  3341 I PlayCommon: [1840] aldv.j(186): Connecting to server: https://play.googleapis.com/play/log?format=raw&proto_v2=true
05-02 13:37:19.829  4093  3341 I PlayCommon: [1840] aldv.j(224): Successfully uploaded logs.
05-02 13:37:23.018  1287  1300 I chatty  : uid=1000(system) HeapTaskDaemon expire 1 line
05-02 13:37:02.015  1287  1287 W NotificationHistory: Attempted to add notif for locked/gone/disabled user 0
05-02 13:37:23.742  1287  1406 I DisplayPowerController: No longer ignoring proximity [0]
05-02 13:37:23.743  1287  1406 V DisplayPowerController: Brightness [0.27559325] reason changing to: 'manual', previous reason: 'screen_off'.
05-02 13:37:23.744  1287  1406 D DisplayPowerController: Set keyboard light, setting enabled: 1, /sys/class/leds/keyboard_light/brightness = 255
05-02 13:37:23.747  1528  2048 I chatty  : uid=10174(com.android.systemui) Binder:1528_5 expire 6 lines
05-02 13:37:23.753  1287  1379 E KernelCpuSpeedReader: Failed to read cpu-freq: /sys/devices/system/cpu/cpu0/cpufreq/stats/time_in_state: open failed: ENOENT (No such file or directory)
05-02 13:37:23.757  1287  1350 I DisplayManagerService: Display device changed state: "Built-in Screen", ON
05-02 13:37:23.757   605   605 I chatty  : uid=1000(system) /system/bin/surfaceflinger expire 2 lines
05-02 13:37:23.758   581  1413 I SDM     : DisplayBase::SetDisplayState: Set state = 1, display 0
05-02 13:37:23.759  1287  1350 I chatty  : uid=1000(system) android.display expire 12 lines
05-02 13:37:23.761  1287  1469 I chatty  : uid=1000(system) InputReader expire 14 lines
05-02 13:37:23.772  3579  3579 I chatty  : uid=1000(system) org.codeaurora.dialer expire 10 lines
05-02 13:37:23.777   587   587 E QMI_FW  : qmi_cci_get_ref: ref count increased 2
05-02 13:37:23.777   587   587 I chatty  : uid=1000(system) sensors@1.0-ser identical 4 lines
05-02 13:37:23.778   587   587 E QMI_FW  : qmi_cci_get_ref: ref count increased 2
05-02 13:37:23.782  1025  1148 E QMI_FW  : qmi_cci_get_ref: ref count increased 2
05-02 13:37:23.786  1025  1077 E QMI_FW  : qmi_cci_get_ref: ref count increased 2
05-02 13:37:23.809  1025  1077 I chatty  : uid=1001(radio) DispatcherModul identical 31 lines
05-02 13:37:23.815  1025  1132 I chatty  : uid=1001(radio) DataModule-Loop expire 21 lines
05-02 13:37:23.829  2202  2202 I NearbyDiscovery: FastPairDisplayObserver: STATE_OFF -> STATE_ON [CONTEXT service_id=265 ]
05-02 13:37:23.831  2202  1419 I NearbyDiscovery: FastPairScanner: isScreenOn=true, scanWithScreenOff=false, isLocationEnabled=false, disableLocationRequirement=false, isDiscoveryScanningEnabled=true, during24GhzWifiWarmingUpPeriod=false [CONTEXT service_id=265 ]
05-02 13:37:23.832  2202  1419 D BluetoothAdapter: isLeEnabled(): OFF
05-02 13:37:23.833  2202  1419 I NearbyDiscovery: FastPairScanner: eventType=SCREEN_ON_FROM_DISPLAY_OBSERVER, intReq=false, scanning=false, scanAllowed=false, bleEnabled=false, bleScanAvailable=false, lockScanRate=false, startScanningByLowPowerMode=false [CONTEXT service_id=265 ]
05-02 13:37:23.837  1025  1205 I chatty  : uid=1001(radio) main expire 2 lines
05-02 13:37:23.846  1025  1590 I chatty  : uid=1001(radio) main expire 8 lines
05-02 13:37:23.862  1025  1591 I chatty  : uid=1001(radio) main expire 8 lines
05-02 13:37:23.905  1025  1592 I chatty  : uid=1001(radio) main expire 8 lines
05-02 13:37:23.918  1025  1593 I chatty  : uid=1001(radio) main expire 8 lines
05-02 13:37:24.345  1287  1406 I DisplayPowerController: No longer ignoring proximity [1]
05-02 13:37:24.347  1287  1406 V DisplayPowerController: Brightness [-1.0] reason changing to: 'screen_off', previous reason: 'manual'.
05-02 13:37:24.347  1287  1379 E KernelCpuSpeedReader: Failed to read cpu-freq: /sys/devices/system/cpu/cpu0/cpufreq/stats/time_in_state: open failed: ENOENT (No such file or directory)
05-02 13:37:24.348  1287  1406 D DisplayPowerController: Set keyboard light, setting enabled: 1, /sys/class/leds/keyboard_light/brightness = 255
05-02 13:37:24.370  1287  1522 I chatty  : uid=1000(system) PhotonicModulat expire 10 lines
05-02 13:37:24.372  1287  1350 I DisplayManagerService: Display device changed state: "Built-in Screen", OFF
05-02 13:37:24.379   605   605 D SurfaceFlinger: Setting power mode 0 on display 0
05-02 13:37:24.379   581  1413 I SDM     : DisplayBase::SetDisplayState: Set state = 0, display 0
05-02 13:37:24.387  2202  2202 I NearbyDiscovery: FastPairDisplayObserver: STATE_ON -> STATE_OFF [CONTEXT service_id=265 ]
05-02 13:37:24.388  2202  1419 I NearbyDiscovery: FastPairScanner: isScreenOn=true, scanWithScreenOff=false, isLocationEnabled=false, disableLocationRequirement=false, isDiscoveryScanningEnabled=true, during24GhzWifiWarmingUpPeriod=false [CONTEXT service_id=265 ]
05-02 13:37:24.388  2202  1419 D BluetoothAdapter: isLeEnabled(): OFF
05-02 13:37:24.390  2202  1419 I NearbyDiscovery: FastPairScanner: eventType=SCREEN_OFF_FROM_DISPLAY_OBSERVER, intReq=false, scanning=false, scanAllowed=false, bleEnabled=false, bleScanAvailable=false, lockScanRate=false, startScanningByLowPowerMode=false [CONTEXT service_id=265 ]
05-02 13:37:24.395   587   587 E QMI_FW  : qmi_cci_get_ref: ref count increased 2
05-02 13:37:24.397  1025  1148 I chatty  : uid=1001(radio) WorkerThread:0 expire 1 line
05-02 13:37:24.400  1025  1077 I chatty  : uid=1001(radio) DispatcherModul expire 2 lines
05-02 13:37:24.406  1025  1132 I chatty  : uid=1001(radio) DataModule-Loop expire 2 lines
05-02 13:37:24.512  1528  1528 I chatty  : uid=10174(com.android.systemui) expire 38 lines
05-02 13:37:24.741   605   605 D SurfaceFlinger: Finished setting power mode 0 on display 0
05-02 13:37:24.797  1287  1406 I DisplayPowerController: No longer ignoring proximity [0]
05-02 13:37:24.798  1287  1406 V DisplayPowerController: Brightness [0.27559325] reason changing to: 'manual', previous reason: 'screen_off'.
05-02 13:37:24.799  1287  1406 D DisplayPowerController: Set keyboard light, setting enabled: 1, /sys/class/leds/keyboard_light/brightness = 255
05-02 13:37:24.801  1528  2392 I chatty  : uid=10174(com.android.systemui) Binder:1528_6 expire 4 lines
05-02 13:37:24.805  1287  1379 E KernelCpuSpeedReader: Failed to read cpu-freq: /sys/devices/system/cpu/cpu0/cpufreq/stats/time_in_state: open failed: ENOENT (No such file or directory)
05-02 13:37:24.816  1287  1350 I DisplayManagerService: Display device changed state: "Built-in Screen", ON
05-02 13:37:24.816   605   605 D SurfaceFlinger: Setting power mode 2 on display 0
05-02 13:37:24.816   581  1413 I SDM     : DisplayBase::SetDisplayState: Set state = 1, display 0
05-02 13:37:24.823  2202  2202 I NearbyDiscovery: FastPairDisplayObserver: STATE_OFF -> STATE_ON [CONTEXT service_id=265 ]
05-02 13:37:24.825  2202  1419 I NearbyDiscovery: FastPairScanner: isScreenOn=true, scanWithScreenOff=false, isLocationEnabled=false, disableLocationRequirement=false, isDiscoveryScanningEnabled=true, during24GhzWifiWarmingUpPeriod=false [CONTEXT service_id=265 ]
05-02 13:37:24.826  2202  1419 D BluetoothAdapter: isLeEnabled(): OFF
05-02 13:37:24.827  2202  1419 I NearbyDiscovery: FastPairScanner: eventType=SCREEN_ON_FROM_DISPLAY_OBSERVER, intReq=false, scanning=false, scanAllowed=false, bleEnabled=false, bleScanAvailable=false, lockScanRate=false, startScanningByLowPowerMode=false [CONTEXT service_id=265 ]
05-02 13:37:24.828   587   587 E QMI_FW  : qmi_cci_get_ref: ref count increased 2
05-02 13:37:24.829   587   587 E QMI_FW  : qmi_cci_get_ref: ref count increased 2
05-02 13:37:24.830   587   587 E QMI_FW  : qmi_cci_get_ref: ref count increased 2
05-02 13:37:24.834  1025  1148 I chatty  : uid=1001(radio) WorkerThread:0 expire 1 line
05-02 13:37:24.836  1025  1077 I chatty  : uid=1001(radio) DispatcherModul expire 2 lines
05-02 13:37:24.863  1025  1132 E QMI_FW  : qmi_cci_get_ref: ref count increased 2
05-02 13:37:24.869  1025  1132 E QMI_FW  : qmi_cci_get_ref: ref count increased 2
05-02 13:37:24.880  1025  1205 E QMI_FW  : qmi_cci_get_ref: ref count increased 2
05-02 13:37:24.885  1025  1599 E QMI_FW  : qmi_cci_get_ref: ref count increased 2
05-02 13:37:24.893  1025  1599 I chatty  : uid=1001(radio) main identical 6 lines
05-02 13:37:24.896  1025  1599 E QMI_FW  : qmi_cci_get_ref: ref count increased 2
05-02 13:37:24.900  1025  1600 E QMI_FW  : qmi_cci_get_ref: ref count increased 2
05-02 13:37:24.907  1025  1600 I chatty  : uid=1001(radio) main identical 6 lines
05-02 13:37:24.910  1025  1600 E QMI_FW  : qmi_cci_get_ref: ref count increased 2
05-02 13:37:24.931  1025  1205 E QMI_FW  : qmi_cci_get_ref: ref count increased 2
05-02 13:37:24.936  1025  1603 E QMI_FW  : qmi_cci_get_ref: ref count increased 2
05-02 13:37:24.945  1025  1603 I chatty  : uid=1001(radio) main identical 6 lines
05-02 13:37:24.946  1025  1603 E QMI_FW  : qmi_cci_get_ref: ref count increased 2
05-02 13:37:24.948  1025  1604 E QMI_FW  : qmi_cci_get_ref: ref count increased 2
05-02 13:37:24.955  1025  1604 I chatty  : uid=1001(radio) main identical 6 lines
05-02 13:37:24.957  1025  1604 E QMI_FW  : qmi_cci_get_ref: ref count increased 2
05-02 13:37:25.124   613   613 I vendor.rmt_storage: rmt_storage_connect_cb: clnt_h=0x5d conn_h=0xa73dd030
05-02 13:37:25.124   613   613 I vendor.rmt_storage: rmt_storage_rw_iovec_cb: /boot/modem_fs1: req_h=0x5d msg_id=3: R/W request received (wr_count 85)
05-02 13:37:25.124   613   613 I vendor.rmt_storage: wakelock acquired: 1, error no: 42
05-02 13:37:25.124   613  1031 I vendor.rmt_storage: rmt_storage_client_thread: /boot/modem_fs1: Unblock worker thread (th_id: -1501113920)
05-02 13:37:25.189   613  1031 I vendor.rmt_storage: rmt_storage_client_thread: /boot/modem_fs1: req_h=0x5d msg_id=3: Bytes written = 1572864, wr_count 85
05-02 13:37:25.189   613  1031 I vendor.rmt_storage: rmt_storage_client_thread: /boot/modem_fs1: req_h=0x5d msg_id=3: Send response: res=0 err=0, wr_count 85
05-02 13:37:25.189   613  1031 I vendor.rmt_storage: rmt_storage_client_thread: /boot/modem_fs1: About to block rmt_storage client thread (th_id: -1501113920) wakelock released: 1, error no: 0
05-02 13:37:25.189   613  1031 I vendor.rmt_storage: 
05-02 13:37:25.189   613   613 I vendor.rmt_storage: rmt_storage_disconnect_cb: clnt_h=0x5d conn_h=0xa73dd030
05-02 13:37:25.427   605   605 D SurfaceFlinger: Finished setting power mode 2 on display 0
05-02 13:37:26.209  1287  1406 I DisplayPowerController: No longer ignoring proximity [1]
05-02 13:37:26.210  1287  1406 V DisplayPowerController: Brightness [-1.0] reason changing to: 'screen_off', previous reason: 'manual'.
05-02 13:37:26.211  1287  1406 D DisplayPowerController: Set keyboard light, setting enabled: 1, /sys/class/leds/keyboard_light/brightness = 255
05-02 13:37:26.213  1287  1350 I DisplayManagerService: Display device changed state: "Built-in Screen", OFF
05-02 13:37:26.215  1528  1964 I chatty  : uid=10174(com.android.systemui) Binder:1528_4 expire 4 lines
