--------- beginning of crash
01-04 04:15:59.875   387   387 F libc    : Fatal signal 6 (SIGABRT), code -1 (SI_QUEUE) in tid 387 (init), pid 387 (init)
01-04 04:15:59.945   387   387 F libc    : crash_dump helper failed to exec
05-01 00:29:32.504  2166  2166 F libc    : Fatal signal 6 (SIGABRT), code -1 (SI_QUEUE) in tid 2166 (init), pid 2166 (init)
05-01 00:29:33.189  2166  2166 F libc    : crash_dump helper failed to exec
05-01 02:20:56.234  1924  1924 F libc    : Fatal signal 6 (SIGABRT), code -1 (SI_QUEUE) in tid 1924 (dex2oat), pid 1924 (dex2oat)
05-01 02:20:56.294  1936  1936 F DEBUG   : *** *** *** *** *** *** *** *** *** *** *** *** *** *** *** ***
05-01 02:20:56.294  1936  1936 F DEBUG   : Build fingerprint: 'Cat/S22FLIP/S22FLIP:11/RKQ1.210416.002/LTE_S02113.11_N_S22Flip_0.030.03:user/release-keys'
05-01 02:20:56.294  1936  1936 F DEBUG   : Revision: '0'
05-01 02:20:56.295  1936  1936 F DEBUG   : ABI: 'arm'
05-01 02:20:56.296  1936  1936 F DEBUG   : Timestamp: 2023-05-01 02:20:56-0400
05-01 02:20:56.296  1936  1936 F DEBUG   : pid: 1924, tid: 1924, name: dex2oat  >>> /apex/com.android.art/bin/dex2oat32 <<<
05-01 02:20:56.296  1936  1936 F DEBUG   : uid: 1001
05-01 02:20:56.296  1936  1936 F DEBUG   : signal 6 (SIGABRT), code -1 (SI_QUEUE), fault addr --------
05-01 02:20:56.296  1936  1936 F DEBUG   : Abort message: 'No pending exception expected: java.lang.LinkageError: Class com.gsma.rcs.cm.qcom.config.a method void com.gsma.rcs.cm.qcom.config.a.onValues(int, vendor.qti.ims.rcsconfig.V1_0.IRcsConfig) resolves differently in interface vendor.qti.data.factory.V1_0.IFactory$createRcsConfigCallback: Parameter 1 type mismatch: java.lang.Class<vendor.qti.ims.rcsconfig.V1_0.IRcsConfig,dalvik.system.PathClassLoader>(0x12e1e6c8) vs java.lang.Class<vendor.qti.ims.rcsconfig.V1_0.IRcsConfig,dalvik.system.PathClassLoader>(0x12e9e1e8) (declaration of 'com.gsma.rcs.cm.qcom.config.a' appears in RcsSDK.apk)
05-01 02:20:56.296  1936  1936 F DEBUG   : (Throwable with empty stack trace)
05-01 02:20:56.296  1936  1936 F DEBUG   : '
05-01 02:20:56.296  1936  1936 F DEBUG   :     r0  00000000  r1  00000784  r2  00000006  r3  be9da098
05-01 02:20:56.296  1936  1936 F DEBUG   :     r4  be9da0ac  r5  be9da090  r6  00000784  r7  0000016b
05-01 02:20:56.296  1936  1936 F DEBUG   :     r8  be9da098  r9  be9da0a8  r10 be9da0c8  r11 be9da0b8
05-01 02:20:56.296  1936  1936 F DEBUG   :     ip  00000784  sp  be9da068  lr  ac7b03a9  pc  ac7b03bc
05-01 02:20:56.353  1936  1936 F DEBUG   : backtrace:
05-01 02:20:56.353  1936  1936 F DEBUG   :       #00 pc 000653bc  /apex/com.android.runtime/lib/bionic/libc.so (abort+172) (BuildId: ebf64c5ac10e1302b1c8e5b0260f6438)
05-01 02:20:56.353  1936  1936 F DEBUG   :       #01 pc 003e2363  /apex/com.android.art/lib/libart.so (art::Runtime::Abort(char const*)+1802) (BuildId: 6f9494214cd0abf066dbd5579cf09128)
05-01 02:20:56.353  1936  1936 F DEBUG   :       #02 pc 0000d747  /system/lib/libbase.so (android::base::SetAborter(std::__1::function<void (char const*)>&&)::$_3::__invoke(char const*)+46) (BuildId: f974f7275c0f2e8b2fc7449714ec7456)
05-01 02:20:56.353  1936  1936 F DEBUG   :       #03 pc 0000d149  /system/lib/libbase.so (android::base::LogMessage::~LogMessage()+224) (BuildId: f974f7275c0f2e8b2fc7449714ec7456)
05-01 02:20:56.354  1936  1936 F DEBUG   :       #04 pc 004268bb  /apex/com.android.art/lib/libart.so (art::Thread::AssertNoPendingException() const+1306) (BuildId: 6f9494214cd0abf066dbd5579cf09128)
05-01 02:20:56.354  1936  1936 F DEBUG   :       #05 pc 00140811  /apex/com.android.art/lib/libart.so (art::ClassLinker::FindClass(art::Thread*, char const*, art::Handle<art::mirror::ClassLoader>)+36) (BuildId: 6f9494214cd0abf066dbd5579cf09128)
05-01 02:20:56.354  1936  1936 F DEBUG   :       #06 pc 00132b17  /apex/com.android.art/lib/libart.so (art::ClassLinker::DoResolveType(art::dex::TypeIndex, art::Handle<art::mirror::DexCache>, art::Handle<art::mirror::ClassLoader>)+122) (BuildId: 6f9494214cd0abf066dbd5579cf09128)
05-01 02:20:56.354  1936  1936 F DEBUG   :       #07 pc 00132e4f  /apex/com.android.art/lib/libart.so (art::ObjPtr<art::mirror::Class> art::ClassLinker::DoResolveType<art::ArtMethod*>(art::dex::TypeIndex, art::ArtMethod*)+238) (BuildId: 6f9494214cd0abf066dbd5579cf09128)
05-01 02:20:56.354  1936  1936 F DEBUG   :       #08 pc 000617df  /apex/com.android.art/bin/dex2oat32 (art::InitializeClassVisitor::ResolveTypesOfMethods(art::Thread*, art::ArtMethod*)+306) (BuildId: 2671f785ef1a1d5fce53d33d3de41988)
05-01 02:20:56.354  1936  1936 F DEBUG   :       #09 pc 0005ff8b  /apex/com.android.art/bin/dex2oat32 (art::InitializeClassVisitor::TryInitializeClass(art::Handle<art::mirror::Class>, art::Handle<art::mirror::ClassLoader>&)+1346) (BuildId: 2671f785ef1a1d5fce53d33d3de41988)
05-01 02:20:56.355  1936  1936 F DEBUG   :       #10 pc 0005f5e5  /apex/com.android.art/bin/dex2oat32 (art::InitializeClassVisitor::Visit(unsigned int)+692) (BuildId: 2671f785ef1a1d5fce53d33d3de41988)
05-01 02:20:56.355  1936  1936 F DEBUG   :       #11 pc 0005d321  /apex/com.android.art/bin/dex2oat32 (art::ParallelCompilationManager::ForAllClosureLambda<art::ParallelCompilationManager::ForAll(unsigned int, unsigned int, art::CompilationVisitor*, unsigned int)::'lambda'(unsigned int)>::Run(art::Thread*)+30) (BuildId: 2671f785ef1a1d5fce53d33d3de41988)
05-01 02:20:56.355  1936  1936 F DEBUG   :       #12 pc 0043be51  /apex/com.android.art/lib/libart.so (art::ThreadPool::Wait(art::Thread*, bool, bool)+116) (BuildId: 6f9494214cd0abf066dbd5579cf09128)
05-01 02:20:56.355  1936  1936 F DEBUG   :       #13 pc 0005d13d  /apex/com.android.art/bin/dex2oat32 (void art::ParallelCompilationManager::ForAllLambda<art::ParallelCompilationManager::ForAll(unsigned int, unsigned int, art::CompilationVisitor*, unsigned int)::'lambda'(unsigned int)>(unsigned int, unsigned int, art::ParallelCompilationManager::ForAll(unsigned int, unsigned int, art::CompilationVisitor*, unsigned int)::'lambda'(unsigned int), unsigned int)+148) (BuildId: 2671f785ef1a1d5fce53d33d3de41988)
05-01 02:20:56.355  1936  1936 F DEBUG   :       #14 pc 00056963  /apex/com.android.art/bin/dex2oat32 (art::CompilerDriver::PreCompile(_jobject*, std::__1::vector<art::DexFile const*, std::__1::allocator<art::DexFile const*> > const&, art::TimingLogger*, art::HashSet<std::__1::basic_string<char, std::__1::char_traits<char>, std::__1::allocator<char> >, art::DefaultEmptyFn<std::__1::basic_string<char, std::__1::char_traits<char>, std::__1::allocator<char> > >, art::DataHash, art::DefaultStringEquals, std::__1::allocator<std::__1::basic_string<char, std::__1::char_traits<char>, std::__1::allocator<char> > > >*, art::VerificationResults*)+5830) (BuildId: 2671f785ef1a1d5fce53d33d3de41988)
05-01 02:20:56.355  1936  1936 F DEBUG   :       #15 pc 000504af  /apex/com.android.art/bin/dex2oat32 (art::Dex2Oat::CompileDexFiles(std::__1::vector<art::DexFile const*, std::__1::allocator<art::DexFile const*> > const&)+1546) (BuildId: 2671f785ef1a1d5fce53d33d3de41988)
05-01 02:20:56.356  1936  1936 F DEBUG   :       #16 pc 0004e1bd  /apex/com.android.art/bin/dex2oat32 (art::Dex2Oat::Compile()+4660) (BuildId: 2671f785ef1a1d5fce53d33d3de41988)
05-01 02:20:56.356  1936  1936 F DEBUG   :       #17 pc 00041461  /apex/com.android.art/bin/dex2oat32 (art::Dex2oat(int, char**)+4336) (BuildId: 2671f785ef1a1d5fce53d33d3de41988)
05-01 02:20:56.356  1936  1936 F DEBUG   :       #18 pc 00040367  /apex/com.android.art/bin/dex2oat32 (main+2) (BuildId: 2671f785ef1a1d5fce53d33d3de41988)
05-01 02:20:56.356  1936  1936 F DEBUG   :       #19 pc 0005fbc1  /apex/com.android.runtime/lib/bionic/libc.so (__libc_init+68) (BuildId: ebf64c5ac10e1302b1c8e5b0260f6438)
05-12 11:16:17.534   419   419 F libc    : crash_dump helper failed to exec
--------- beginning of system
05-16 23:10:46.780  1287  1379 I chatty  : uid=1000(system) batterystats-wo expire 3 lines
05-16 23:10:46.799  1287  1350 I chatty  : uid=1000(system) android.display expire 12 lines
05-16 23:10:46.849  1287  1434 I chatty  : uid=1000(system) Binder:1287_15 expire 4 lines
05-16 23:11:22.304  1287  1469 I chatty  : uid=1000(system) InputReader expire 1 line
05-16 23:11:22.860  1287  1347 I chatty  : uid=1000(system) android.fg expire 4 lines
05-16 23:11:22.979  1287  4037 I chatty  : uid=1000(system) Binder:1287_1B expire 1 line
05-16 23:11:24.799  1287  1367 I chatty  : uid=1000(system) ActivityManager expire 10 lines
05-16 23:11:30.278  1287  1406 I chatty  : uid=1000(system) PowerManagerSer expire 12 lines
05-16 23:11:30.311  1287  1379 I chatty  : uid=1000(system) batterystats-wo expire 9 lines
05-16 23:11:30.341  1287  1350 I chatty  : uid=1000(system) android.display expire 10 lines
05-16 23:11:30.345  1287  1917 I chatty  : uid=1000(system) Binder:1287_9 expire 4 lines
05-16 23:11:30.399  1287  3448 I chatty  : uid=1000(system) Binder:1287_D expire 6 lines
05-16 23:20:48.651  1287  1287 I chatty  : uid=1000 system_server expire 1 line
05-16 23:45:59.824  1287  1912 I chatty  : uid=1000(system) Binder:1287_7 expire 1 line
05-16 23:45:59.825  1287  1368 I chatty  : uid=1000(system) ActivityManager expire 2 lines
05-16 23:52:45.646  1287  1287 I chatty  : uid=1000 system_server expire 4 lines
05-17 00:00:00.707  1287  1434 I chatty  : uid=1000(system) Binder:1287_15 expire 1 line
05-17 00:01:09.546  1287  1379 I chatty  : uid=1000(system) batterystats-wo expire 4 lines
05-17 00:05:07.163  1287  1469 I chatty  : uid=1000(system) InputReader expire 1 line
05-17 00:05:07.271  1287  1406 I chatty  : uid=1000(system) PowerManagerSer expire 16 lines
05-17 00:05:07.274  1287  1348 I chatty  : uid=1000(system) android.ui expire 1 line
05-17 00:05:07.276  1287  1350 I chatty  : uid=1000(system) android.display expire 8 lines
05-17 00:05:07.301  1287  1367 I chatty  : uid=1000(system) ActivityManager expire 11 lines
05-17 00:05:07.396  1287  3110 I chatty  : uid=1000(system) Binder:1287_1F expire 5 lines
05-17 00:05:07.621  1287  1912 I chatty  : uid=1000(system) Binder:1287_7 expire 1 line
05-17 00:05:07.781  1287  1347 I chatty  : uid=1000(system) android.fg expire 3 lines
05-17 00:05:07.916  1287  1917 I chatty  : uid=1000(system) Binder:1287_9 expire 5 lines
05-17 00:05:15.261  1287  1620 I chatty  : uid=1000(system) Binder:1287_16 expire 5 lines
05-17 00:05:15.294  1287  1406 I chatty  : uid=1000(system) PowerManagerSer expire 2 lines
05-17 00:05:15.295  1287  1347 I chatty  : uid=1000(system) android.fg expire 1 line
05-17 00:05:15.376  1287  1351 I chatty  : uid=1000(system) android.anim expire 1 line
05-17 00:05:15.413  1287  1350 I chatty  : uid=1000(system) android.display expire 5 lines
05-17 00:05:15.598  1287  1367 I chatty  : uid=1000(system) ActivityManager expire 9 lines
05-17 00:05:20.195  1287  1379 I chatty  : uid=1000(system) batterystats-wo expire 7 lines
05-17 00:18:37.143  1287  3351 I chatty  : uid=1000(system) Binder:1287_19 expire 2 lines
05-17 00:30:04.764  1287  1478 I chatty  : uid=1000(system) NetworkStats expire 1 line
05-17 00:30:04.764  1287  1368 I chatty  : uid=1000(system) ActivityManager expire 4 lines
05-17 00:30:08.493  1287  1917 I chatty  : uid=1000(system) Binder:1287_9 expire 2 lines
05-17 00:42:21.654  1287  1461 I chatty  : uid=1000(system) AlarmManager expire 4 lines
05-17 00:42:21.852  1287  1434 I chatty  : uid=1000(system) Binder:1287_15 expire 1 line
05-17 00:54:05.683  1287  1287 I chatty  : uid=1000 system_server expire 1 line
05-17 00:54:06.704  1287  3250 I chatty  : uid=1000(system) Binder:1287_20 expire 2 lines
05-17 00:54:06.704  1287  1234 I chatty  : uid=1000(system) Binder:1287_12 expire 16 lines
05-17 00:54:06.706  1287  1486 I chatty  : uid=1000(system) ConnectivitySer expire 9 lines
05-17 00:54:06.728  1287  1234 I chatty  : uid=1000(system) Binder:1287_12 expire 10 lines
05-17 00:54:06.733  2131  2131 I ActivityThread: Removing dead content provider:android.content.ContentProviderProxy@e083a6b
05-17 00:54:06.751  1287  1368 I chatty  : uid=1000(system) ActivityManager expire 15 lines
05-17 00:54:06.842  1287  1366 I chatty  : uid=1000(system) android.bg expire 2 lines
05-17 00:54:07.731  1287  1367 I chatty  : uid=1000(system) ActivityManager expire 3 lines
05-17 00:54:07.908  1287  1443 I chatty  : uid=1000(system) Binder:1287_3 expire 5 lines
05-17 00:54:07.937  1287  3535 I chatty  : uid=1000(system) Binder:1287_1A expire 8 lines
05-17 00:54:08.548  1287  1916 I chatty  : uid=1000(system) Binder:1287_8 expire 1 line
05-17 00:54:08.879  1287  1471 I chatty  : uid=1000(system) NetworkWatchlis expire 2 lines
05-17 01:01:22.617  1287  1379 I chatty  : uid=1000(system) batterystats-wo expire 8 lines
05-17 01:09:22.898  1287  1287 I chatty  : uid=1000 system_server expire 2 lines
05-17 01:09:22.972  1287  1347 I chatty  : uid=1000(system) android.fg expire 3 lines
05-17 01:09:26.700  1287  1369 I chatty  : uid=1000(system) Binder:1287_14 expire 3 lines
05-17 01:58:58.679  1287  1917 I chatty  : uid=1000(system) Binder:1287_9 expire 1 line
05-17 01:58:59.802  1287  1311 I chatty  : uid=1000(system) Binder:1287_2 expire 7 lines
05-17 01:59:06.361  1287  1368 I chatty  : uid=1000(system) ActivityManager expire 5 lines
05-17 01:59:06.502  1287  1347 I chatty  : uid=1000(system) android.fg expire 6 lines
05-17 01:59:07.183  1287  1287 I chatty  : uid=1000 system_server expire 11 lines
05-17 01:59:09.905  1287  1379 I chatty  : uid=1000(system) batterystats-wo expire 13 lines
05-17 01:59:22.944  1287  1443 I chatty  : uid=1000(system) Binder:1287_3 expire 1 line
05-17 01:59:22.979  1287  3535 I chatty  : uid=1000(system) Binder:1287_1A expire 1 line
05-17 02:23:20.811  1287  1478 I chatty  : uid=1000(system) NetworkStats expire 2 lines
05-17 02:28:46.389  1287  1486 I chatty  : uid=1000(system) ConnectivitySer expire 3 lines
05-17 02:42:18.319  1287  4037 I chatty  : uid=1000(system) Binder:1287_1B expire 3 lines
05-17 02:42:18.320  1287  1620 I chatty  : uid=1000(system) Binder:1287_16 expire 1 line
05-17 02:42:18.335  1287  1350 I chatty  : uid=1000(system) android.display expire 1 line
05-17 04:22:39.894  1287  1917 I chatty  : uid=1000(system) Binder:1287_9 expire 2 lines
05-17 04:22:39.933  1287  1366 I chatty  : uid=1000(system) android.bg expire 46 lines
05-17 04:22:39.970  1287  1287 I chatty  : uid=1000 system_server expire 10 lines
05-17 04:22:39.973  1287  1620 I chatty  : uid=1000(system) Binder:1287_16 expire 27 lines
05-17 04:22:39.975  1287  1917 I chatty  : uid=1000(system) Binder:1287_9 expire 3 lines
05-17 04:22:40.080  1287  1366 I chatty  : uid=1000(system) android.bg expire 40 lines
05-17 04:22:40.083  1287  1287 I chatty  : uid=1000 system_server expire 12 lines
05-17 04:22:40.094  1287   861 I chatty  : uid=1000(system) Binder:1287_10 expire 40 lines
05-17 04:27:48.958  1287  1366 I chatty  : uid=1000(system) android.bg expire 18 lines
05-17 04:27:48.964  1287  1287 I chatty  : uid=1000 system_server expire 19 lines
05-17 04:27:49.020  1287  1620 I chatty  : uid=1000(system) Binder:1287_16 expire 2 lines
05-17 04:27:49.050  1287  1780 I chatty  : uid=1000(system) Binder:1287_1D expire 3 lines
05-17 04:27:49.115  1287  1917 I chatty  : uid=1000(system) Binder:1287_9 expire 6 lines
05-17 04:27:49.116  1287  1366 I chatty  : uid=1000(system) android.bg expire 37 lines
05-17 04:27:49.124  1287  1287 I chatty  : uid=1000 system_server expire 9 lines
05-17 04:27:49.135  1287   861 I chatty  : uid=1000(system) Binder:1287_10 expire 28 lines
05-17 04:27:49.237  1287  1287 I chatty  : uid=1000 system_server expire 18 lines
05-17 04:29:19.808  1287  1379 I chatty  : uid=1000(system) batterystats-wo expire 1 line
05-17 04:29:19.821  1287  1366 I chatty  : uid=1000(system) android.bg expire 15 lines
05-17 04:29:19.842  1287  1780 I chatty  : uid=1000(system) Binder:1287_1D expire 28 lines
05-17 04:31:22.686  1287  1917 I chatty  : uid=1000(system) Binder:1287_9 expire 2 lines
05-17 04:31:22.688  1287  1366 I chatty  : uid=1000(system) android.bg expire 30 lines
05-17 04:31:22.704  1287  1287 I chatty  : uid=1000 system_server expire 13 lines
05-17 04:31:22.706  1287  1486 I chatty  : uid=1000(system) ConnectivitySer expire 1 line
05-17 04:31:22.753  1287   861 I chatty  : uid=1000(system) Binder:1287_10 expire 15 lines
05-17 04:31:22.764  1287  1287 I chatty  : uid=1000 system_server expire 14 lines
05-17 04:31:22.767  1287  1917 I chatty  : uid=1000(system) Binder:1287_9 expire 13 lines
05-17 04:31:22.772  1287  2631 I chatty  : uid=1000(system) AsyncTask #150 expire 1 line
05-17 04:34:09.072  1287  1780 I chatty  : uid=1000(system) Binder:1287_1D expire 3 lines
05-17 04:34:09.074  1287  1366 I chatty  : uid=1000(system) android.bg expire 15 lines
05-17 04:34:09.156  1287  1311 I chatty  : uid=1000(system) Binder:1287_2 expire 6 lines
05-17 04:34:09.158  1287  1366 I chatty  : uid=1000(system) android.bg expire 30 lines
05-17 04:34:09.164  1287  1287 I chatty  : uid=1000 system_server expire 16 lines
05-17 04:34:09.176  1287  1780 I chatty  : uid=1000(system) Binder:1287_1D expire 13 lines
05-17 04:34:09.399  1287  1287 I chatty  : uid=1000 system_server expire 11 lines
05-17 04:34:09.402  1287  1311 I chatty  : uid=1000(system) Binder:1287_2 expire 13 lines
05-17 04:34:09.703  1287  1917 I chatty  : uid=1000(system) Binder:1287_9 expire 17 lines
05-17 04:34:09.704  1287  1366 I chatty  : uid=1000(system) android.bg expire 30 lines
05-17 04:34:09.777  1287  1287 I chatty  : uid=1000 system_server expire 10 lines
05-17 04:34:09.788  1287  1311 I chatty  : uid=1000(system) Binder:1287_2 expire 13 lines
05-17 04:51:05.264  1287  1379 I chatty  : uid=1000(system) batterystats-wo expire 3 lines
05-17 05:10:28.778  1287  1348 I chatty  : uid=1000(system) android.ui expire 1 line
05-17 05:20:39.598  1287  1486 I chatty  : uid=1000(system) ConnectivitySer expire 18 lines
05-17 05:20:39.843  1287  1367 I chatty  : uid=1000(system) ActivityManager expire 5 lines
05-17 05:39:01.461  1287   861 I chatty  : uid=1000(system) Binder:1287_10 expire 4 lines
05-17 05:39:01.565  1287  1367 I chatty  : uid=1000(system) ActivityManager expire 4 lines
05-17 05:39:01.621  1287  1486 I chatty  : uid=1000(system) ConnectivitySer expire 17 lines
05-17 05:41:22.935  1287  1379 I chatty  : uid=1000(system) batterystats-wo expire 10 lines
05-17 06:15:53.646  1287  1620 I chatty  : uid=1000(system) Binder:1287_16 expire 7 lines
05-17 06:15:53.646  1287  1368 I chatty  : uid=1000(system) ActivityManager expire 9 lines
05-17 06:25:58.795  1287  4037 I chatty  : uid=1000(system) Binder:1287_1B expire 1 line
05-17 07:00:01.699  1287  1287 I chatty  : uid=1000 system_server expire 6 lines
05-17 07:57:55.389  1287  1434 I chatty  : uid=1000(system) Binder:1287_15 expire 3 lines
05-17 07:58:19.421  1287  1368 I chatty  : uid=1000(system) ActivityManager expire 1 line
05-17 07:58:59.968  1287  1379 I chatty  : uid=1000(system) batterystats-wo expire 10 lines
05-17 07:59:21.359  1287  1348 I chatty  : uid=1000(system) android.ui expire 1 line
05-17 08:02:28.843  1287  1620 I chatty  : uid=1000(system) Binder:1287_16 expire 1 line
05-17 08:42:35.118  1287  1917 I chatty  : uid=1000(system) Binder:1287_9 expire 1 line
05-17 08:42:35.119  1287  1486 I chatty  : uid=1000(system) ConnectivitySer expire 5 lines
05-17 08:42:35.119  1287  3250 I chatty  : uid=1000(system) Binder:1287_20 expire 1 line
05-17 08:42:35.120  1287  1871 I chatty  : uid=1000(system) Binder:1287_17 expire 1 line
05-17 08:42:44.579  1287  1311 I chatty  : uid=1000(system) Binder:1287_2 expire 1 line
05-17 09:22:00.768  1287  2473 I chatty  : uid=1000(system) Binder:1287_B expire 1 line
05-17 09:36:02.344  1287  1469 I chatty  : uid=1000(system) InputReader expire 1 line
05-17 09:36:02.408  1287  1406 I chatty  : uid=1000(system) PowerManagerSer expire 6 lines
05-17 09:36:02.415  1287  1350 I chatty  : uid=1000(system) android.display expire 3 lines
05-17 09:36:02.456  1287  1367 I chatty  : uid=1000(system) ActivityManager expire 11 lines
05-17 09:36:02.506  1287  2415 I chatty  : uid=1000(system) Binder:1287_A expire 5 lines
05-17 09:36:02.524  1287  1287 I chatty  : uid=1000 system_server expire 1 line
05-17 09:36:02.905  1287  1347 I chatty  : uid=1000(system) android.fg expire 3 lines
05-17 09:36:02.926  1287  1369 I chatty  : uid=1000(system) Binder:1287_14 expire 1 line
05-17 09:36:05.559  1287  1467 I chatty  : uid=1000(system) UEventObserver expire 3 lines
05-17 09:36:05.566  1287  3110 I chatty  : uid=1000(system) Binder:1287_1F expire 5 lines
05-17 09:36:05.574  1287  1467 I chatty  : uid=1000(system) UEventObserver expire 3 lines
05-17 09:36:05.649  1287  1311 I chatty  : uid=1000(system) Binder:1287_2 expire 12 lines
05-17 09:36:05.705  1287  1350 I chatty  : uid=1000(system) android.display expire 12 lines
05-17 09:36:05.810  1287  1287 I chatty  : uid=1000 system_server expire 4 lines
05-17 09:36:05.812  1287  1368 I chatty  : uid=1000(system) ActivityManager expire 2 lines
05-17 09:36:06.139  1287  1486 I chatty  : uid=1000(system) ConnectivitySer expire 3 lines
05-17 09:36:06.417  1287  1434 I chatty  : uid=1000(system) Binder:1287_15 expire 4 lines
05-17 09:36:07.940  1287  2473 I chatty  : uid=1000(system) Binder:1287_B expire 28 lines
05-17 09:36:09.105  1287  1434 I chatty  : uid=1000(system) Binder:1287_15 expire 8 lines
05-17 09:36:14.397  1287  1348 I chatty  : uid=1000(system) android.ui expire 17 lines
05-17 09:36:14.824  1287  1350 I chatty  : uid=1000(system) android.display expire 4 lines
05-17 09:36:14.902  1287  1369 I chatty  : uid=1000(system) Binder:1287_14 expire 4 lines
05-17 09:36:15.640  1287  1467 I chatty  : uid=1000(system) UEventObserver expire 22 lines
05-17 09:36:15.752  1287  1871 I chatty  : uid=1000(system) Binder:1287_17 expire 16 lines
05-17 09:36:15.790  1287  1350 I chatty  : uid=1000(system) android.display expire 18 lines
05-17 09:36:16.200  1287  1367 I chatty  : uid=1000(system) ActivityManager expire 7 lines
05-17 09:36:17.501  1287  1406 I chatty  : uid=1000(system) PowerManagerSer expire 11 lines
05-17 09:36:17.520  1287  1379 I chatty  : uid=1000(system) batterystats-wo expire 2 lines
05-17 09:36:17.557  1287  3110 I chatty  : uid=1000(system) Binder:1287_1F expire 4 lines
05-17 09:36:17.568  1287  1347 I chatty  : uid=1000(system) android.fg expire 1 line
05-17 09:36:17.605  1287  3250 I chatty  : uid=1000(system) Binder:1287_20 expire 4 lines
05-17 09:36:17.681  1287  1351 I chatty  : uid=1000(system) android.anim expire 1 line
05-17 09:42:47.950  1287  1311 I chatty  : uid=1000(system) Binder:1287_2 expire 7 lines
05-17 09:45:12.647  1287  1379 I chatty  : uid=1000(system) batterystats-wo expire 6 lines
05-17 09:59:31.205  1287  1871 I chatty  : uid=1000(system) Binder:1287_17 expire 4 lines
05-17 09:59:31.205  1287  1486 I chatty  : uid=1000(system) ConnectivitySer expire 5 lines
05-17 10:06:49.874  1287  1287 I chatty  : uid=1000 system_server expire 6 lines
05-17 10:08:41.463  1287  1347 I chatty  : uid=1000(system) android.fg expire 5 lines
05-17 10:15:30.657  1287  3110 I chatty  : uid=1000(system) Binder:1287_1F expire 1 line
05-17 10:15:32.136  1287  1367 I chatty  : uid=1000(system) ActivityManager expire 11 lines
05-17 10:15:32.174  1287  1406 I chatty  : uid=1000(system) PowerManagerSer expire 6 lines
05-17 10:15:32.180  1287  1350 I chatty  : uid=1000(system) android.display expire 3 lines
05-17 10:15:32.302  1287  2473 I chatty  : uid=1000(system) Binder:1287_B expire 1 line
05-17 10:15:32.581  1287  1368 I chatty  : uid=1000(system) ActivityManager expire 7 lines
05-17 10:15:34.143  1287  1367 I chatty  : uid=1000(system) ActivityManager expire 9 lines
05-17 10:15:40.149  1287  1406 I chatty  : uid=1000(system) PowerManagerSer expire 13 lines
05-17 10:15:40.177  1287  1379 I chatty  : uid=1000(system) batterystats-wo expire 6 lines
05-17 10:15:40.203  1287  1350 I chatty  : uid=1000(system) android.display expire 9 lines
05-17 10:15:40.225  1287  1382 I chatty  : uid=1000(system) Binder:1287_1C expire 5 lines
05-17 10:15:40.278  1287  1234 I chatty  : uid=1000(system) Binder:1287_12 expire 4 lines
05-17 10:15:40.310  1287  1347 I chatty  : uid=1000(system) android.fg expire 3 lines
05-17 10:23:42.881  1287  1287 I chatty  : uid=1000 system_server expire 6 lines
05-17 10:26:29.036  1287  1366 I chatty  : uid=1000(system) android.bg expire 1 line
05-17 10:48:55.534  1287  1311 I chatty  : uid=1000(system) Binder:1287_2 expire 1 line
05-17 10:48:55.567  1287  3250 I chatty  : uid=1000(system) Binder:1287_20 expire 1 line
05-17 10:48:55.567  1287  1486 I chatty  : uid=1000(system) ConnectivitySer expire 2 lines
05-17 10:48:56.898  1287  2473 I chatty  : uid=1000(system) Binder:1287_B expire 1 line
05-17 10:48:56.935  1287  1406 I chatty  : uid=1000(system) PowerManagerSer expire 17 lines
05-17 10:48:56.939  1287  1350 I chatty  : uid=1000(system) android.display expire 12 lines
05-17 10:48:56.942  1287  1379 I chatty  : uid=1000(system) batterystats-wo expire 4 lines
05-17 10:48:57.181  1287  3110 I chatty  : uid=1000(system) Binder:1287_1F expire 5 lines
05-17 10:48:57.344  1287  1367 I chatty  : uid=1000(system) ActivityManager expire 3 lines
05-17 10:48:57.421  1287  1347 I chatty  : uid=1000(system) android.fg expire 6 lines
05-17 10:48:57.469  1287  1311 I chatty  : uid=1000(system) Binder:1287_2 expire 6 lines
05-17 10:49:05.014  1287  1871 I chatty  : uid=1000(system) Binder:1287_17 expire 4 lines
05-17 11:00:08.258  1287  1382 I chatty  : uid=1000(system) Binder:1287_1C expire 3 lines
05-17 11:00:08.259  1287  1486 I chatty  : uid=1000(system) ConnectivitySer expire 5 lines
05-17 11:00:09.255  1287  1367 I chatty  : uid=1000(system) ActivityManager expire 11 lines
05-17 11:00:09.467  1287  1287 I chatty  : uid=1000 system_server expire 5 lines
05-17 11:00:09.503  1287  3110 I chatty  : uid=1000(system) Binder:1287_1F expire 6 lines
05-17 11:00:09.533  1287  1406 I chatty  : uid=1000(system) PowerManagerSer expire 16 lines
05-17 11:00:09.537  1287  1350 I chatty  : uid=1000(system) android.display expire 3 lines
05-17 11:00:09.551  1287  1379 I chatty  : uid=1000(system) batterystats-wo expire 2 lines
05-17 11:00:10.018  1287  1347 I chatty  : uid=1000(system) android.fg expire 3 lines
05-17 11:00:10.054  1287  2473 I chatty  : uid=1000(system) Binder:1287_B expire 1 line
05-17 11:00:11.708  1287  1234 I chatty  : uid=1000(system) Binder:1287_12 expire 3 lines
05-17 11:00:17.541  1287  1382 I chatty  : uid=1000(system) Binder:1287_1C expire 3 lines
05-17 11:00:17.558  1287  1350 I chatty  : uid=1000(system) android.display expire 9 lines
05-17 11:00:17.604  1287  1871 I chatty  : uid=1000(system) Binder:1287_17 expire 4 lines
05-17 11:00:17.639  1287  1406 I chatty  : uid=1000(system) PowerManagerSer expire 2 lines
05-17 11:00:17.641  1287  1347 I chatty  : uid=1000(system) android.fg expire 1 line
05-17 11:00:22.538  1287  1379 I chatty  : uid=1000(system) batterystats-wo expire 8 lines
05-17 11:08:19.882  1287  1287 I chatty  : uid=1000 system_server expire 2 lines
05-17 11:08:23.326  1287  3110 I chatty  : uid=1000(system) Binder:1287_1F expire 1 line
05-17 11:08:23.327  1287  1486 I chatty  : uid=1000(system) ConnectivitySer expire 8 lines
05-17 11:46:00.295  1287  1369 I chatty  : uid=1000(system) Binder:1287_14 expire 2 lines
05-17 11:46:00.296  1287  1368 I chatty  : uid=1000(system) ActivityManager expire 4 lines
05-17 11:46:00.408  1287  2451 I chatty  : uid=1000(system) Binder:1287_18 expire 2 lines
05-17 11:46:00.412  1287  1434 I chatty  : uid=1000(system) Binder:1287_15 expire 1 line
05-17 11:46:00.422  1287  1773 I chatty  : uid=1000(system) Binder:1287_5 expire 1 line
05-17 12:03:14.222  1287  1367 I chatty  : uid=1000(system) ActivityManager expire 2 lines
05-17 12:03:16.667  1287  2415 I chatty  : uid=1000(system) Binder:1287_A expire 6 lines
05-17 12:03:17.235  1287  1369 I chatty  : uid=1000(system) Binder:1287_14 expire 1 line
05-17 12:03:17.237  1287  1434 I chatty  : uid=1000(system) Binder:1287_15 expire 1 line
05-17 12:03:17.862  1287  1379 I chatty  : uid=1000(system) batterystats-wo expire 4 lines
05-17 12:03:23.246  1287  1287 I chatty  : uid=1000 system_server expire 1 line
05-17 12:03:23.301  1287  1347 I chatty  : uid=1000(system) android.fg expire 4 lines
05-17 12:03:23.301  1287  1486 I chatty  : uid=1000(system) ConnectivitySer expire 2 lines
05-17 12:03:23.331  1287  1234 I chatty  : uid=1000(system) Binder:1287_12 expire 1 line
05-17 12:15:32.380  1287  3110 I chatty  : uid=1000(system) Binder:1287_1F expire 11 lines
05-17 12:16:09.000  1287  1467 I chatty  : uid=1000(system) UEventObserver expire 11 lines
05-17 12:16:09.042  1287  1406 I chatty  : uid=1000(system) PowerManagerSer expire 3 lines
05-17 12:16:09.140  1287  1350 I chatty  : uid=1000(system) android.display expire 1 line
05-17 12:16:09.180  1287  1367 I chatty  : uid=1000(system) ActivityManager expire 4 lines
05-17 12:16:09.264  1287  1351 I chatty  : uid=1000(system) android.anim expire 1 line
05-17 12:16:09.398  1287  1369 I chatty  : uid=1000(system) Binder:1287_14 expire 5 lines
05-17 12:16:09.452  1287  2415 I chatty  : uid=1000(system) Binder:1287_A expire 1 line
05-17 12:16:09.489  1287  1348 I chatty  : uid=1000(system) android.ui expire 1 line
05-17 12:16:09.489  1287  1406 I chatty  : uid=1000(system) PowerManagerSer expire 3 lines
05-17 12:16:09.646  1287  1486 I chatty  : uid=1000(system) ConnectivitySer expire 1 line
05-17 12:16:09.726  1287  1347 I chatty  : uid=1000(system) android.fg expire 3 lines
05-17 12:16:09.841  1287  1871 I chatty  : uid=1000(system) Binder:1287_17 expire 1 line
05-17 12:16:12.285  1287  1620 I chatty  : uid=1000(system) Binder:1287_16 expire 40 lines
05-17 12:16:12.340  1287  1369 I chatty  : uid=1000(system) Binder:1287_14 expire 12 lines
05-17 12:16:12.383  1287  1367 I chatty  : uid=1000(system) ActivityManager expire 11 lines
05-17 12:16:12.485  1287  1356 I chatty  : uid=1000(system) Binder:1287_13 expire 5 lines
05-17 12:16:13.462  1287  1350 I chatty  : uid=1000(system) android.display expire 4 lines
05-17 12:16:21.448  1287  1773 I chatty  : uid=1000(system) Binder:1287_5 expire 2 lines
05-17 12:16:31.120  1287  1367 I chatty  : uid=1000(system) ActivityManager expire 16 lines
05-17 12:16:36.102  1287  1287 I chatty  : uid=1000 system_server expire 1 line
05-17 12:16:38.487  1287  1486 I chatty  : uid=1000(system) ConnectivitySer expire 5 lines
05-17 12:17:14.038  1287  1871 I chatty  : uid=1000(system) Binder:1287_17 expire 1 line
05-17 12:17:14.077  1287  2451 I chatty  : uid=1000(system) Binder:1287_18 expire 1 line
05-17 12:17:18.607  1287  1348 I chatty  : uid=1000(system) android.ui expire 17 lines
05-17 12:17:19.061  1287  1350 I chatty  : uid=1000(system) android.display expire 8 lines
05-17 12:17:19.098  1287  3110 I chatty  : uid=1000(system) Binder:1287_1F expire 4 lines
05-17 12:17:37.219  1287  1773 I chatty  : uid=1000(system) Binder:1287_5 expire 23 lines
05-17 12:17:37.819  2597  2510 W ContextImpl: Calling a method in the system process without a qualified user: android.app.ContextImpl.sendBroadcast:1111 android.content.ContextWrapper.sendBroadcast:468 com.android.dialer.database.DialerDatabaseHelper.updateSmartDialDatabase:884 com.android.dialer.database.DialerDatabaseHelper.lambda$startSmartDialUpdateThread$0$DialerDatabaseHelper:358 com.android.dialer.database.-$$Lambda$DialerDatabaseHelper$PmaZioZincgK-Q97aU7q5zBCRZ0.call:4 
05-17 12:17:38.389  1287  1287 I chatty  : uid=1000 system_server expire 1 line
05-17 12:17:39.762  1287  1486 I chatty  : uid=1000(system) ConnectivitySer expire 4 lines
05-17 12:18:02.713  1287  2451 I chatty  : uid=1000(system) Binder:1287_18 expire 5 lines
05-17 12:18:02.718  1287  1287 I chatty  : uid=1000 system_server expire 27 lines
05-17 12:18:02.792  1287  2027 I chatty  : uid=1000(system) uteStateMachine expire 4 lines
05-17 12:18:02.792  1287  2028 I chatty  : uid=1000(system) CallAudioModeSt expire 2 lines
05-17 12:18:02.820  2597  2597 W ContextImpl: Calling a method in the system process without a qualified user: android.app.ContextImpl.bindService:1748 android.content.ContextWrapper.bindService:756 org.codeaurora.ims.QtiImsExtConnector.bindQtiImsExtService:113 org.codeaurora.ims.QtiImsExtConnector.connect:88 com.android.incallui.BottomSheetHelper.setUp:141 
05-17 12:18:02.832  1287  1287 I chatty  : uid=1000 system_server expire 16 lines
05-17 12:18:02.877  2597  2597 W ContextImpl: Calling a method in the system process without a qualified user: android.app.ContextImpl.startActivity:993 android.content.ContextWrapper.startActivity:403 com.android.incallui.InCallPresenter.maybeStartRevealAnimation:2078 com.android.incallui.InCallServiceImpl.onBind:116 android.app.ActivityThread.handleBindService:4224 
05-17 12:18:02.877  2597  2597 W ContextImpl: Calling a method in the system process without a qualified user: android.app.ContextImpl.startActivity:1005 android.app.ContextImpl.startActivity:994 android.content.ContextWrapper.startActivity:403 com.android.incallui.InCallPresenter.maybeStartRevealAnimation:2078 com.android.incallui.InCallServiceImpl.onBind:116 
05-17 12:18:02.879  1287  1773 I chatty  : uid=1000(system) Binder:1287_5 expire 11 lines
05-17 12:18:02.963  1287  2027 I chatty  : uid=1000(system) uteStateMachine expire 9 lines
05-17 12:18:03.033  1287  2032 I chatty  : uid=1000(system) ConnectionSvrFo expire 2 lines
05-17 12:18:03.035  1287  2027 I chatty  : uid=1000(system) uteStateMachine expire 1 line
05-17 12:18:03.036  1287  1287 I chatty  : uid=1000 system_server expire 7 lines
05-17 12:18:03.078  1287  2415 I chatty  : uid=1000(system) Binder:1287_A expire 12 lines
05-17 12:18:03.096  1287  1773 I chatty  : uid=1000(system) Binder:1287_5 expire 2 lines
05-17 12:18:03.133  1287  1350 I chatty  : uid=1000(system) android.display expire 4 lines
05-17 12:18:03.448  2597  2597 W ContextImpl: Calling a method in the system process without a qualified user: android.app.ContextImpl.sendBroadcast:1111 android.content.ContextWrapper.sendBroadcast:468 com.android.incallui.InCallActivity.onCreate:296 android.app.Activity.performCreate:8161 android.app.Activity.performCreate:8145 
05-17 12:18:03.454  1287  1367 I chatty  : uid=1000(system) ActivityManager expire 1 line
05-17 12:18:03.548  1287  1369 I chatty  : uid=1000(system) Binder:1287_14 expire 8 lines
05-17 12:18:03.552  1287  2028 I chatty  : uid=1000(system) CallAudioModeSt expire 2 lines
05-17 12:18:03.553  1287  1369 I chatty  : uid=1000(system) Binder:1287_14 expire 23 lines
05-17 12:18:03.565  1287  1367 I chatty  : uid=1000(system) ActivityManager expire 1 line
05-17 12:18:03.566  1287  1368 I chatty  : uid=1000(system) ActivityManager expire 2 lines
05-17 12:18:03.569  1287  2027 I chatty  : uid=1000(system) uteStateMachine expire 5 lines
05-17 12:18:03.599  1287  3110 I chatty  : uid=1000(system) Binder:1287_1F expire 2 lines
05-17 12:18:03.678  1287  1406 I chatty  : uid=1000(system) PowerManagerSer expire 1 line
05-17 12:18:03.702  1287  1773 I chatty  : uid=1000(system) Binder:1287_5 expire 6 lines
05-17 12:18:03.711  1795  1795 I TelecomFramework: TelephonyConnectionService: notifyCreateConnectionComplete TC@59_1: (...->CSW.hCCC)->CS.crCoC->H.CS.crCoC(cap/cast)@E-E-E-tzA
05-17 12:18:03.720  1795  1795 I TelecomFramework: TelephonyConnectionService: onAudioStateChanged TC@59_1 [AudioState isMuted: false, route: EARPIECE, supportedRouteMask: EARPIECE, SPEAKER, activeBluetoothDevice: [null], supportedBluetoothDevices: []]: (...->CSW.hCCC->CARSM.pM_UPDATE_SYSTEM_AUDIO_ROUTE)->CS.cASC->H.CS.cASC(cap/cast/cast)@E-E-E-tzA
05-17 12:18:03.969  1287  1871 I chatty  : uid=1000(system) Binder:1287_17 expire 18 lines
05-17 12:18:04.048  1287  3110 I chatty  : uid=1000(system) Binder:1287_1F expire 6 lines
05-17 12:18:04.267  1287  1287 I chatty  : uid=1000 system_server expire 1 line
05-17 12:18:05.106  1287  2028 I chatty  : uid=1000(system) CallAudioModeSt expire 1 line
05-17 12:18:05.108  1287  2023 I chatty  : uid=1000(system) BluetoothRouteM expire 1 line
05-17 12:18:05.122  1287  1421 I chatty  : uid=1000 system_server expire 1 line
05-17 12:18:05.459  1287  1367 I chatty  : uid=1000(system) ActivityManager expire 2 lines
05-17 12:18:05.833  1287  1369 I chatty  : uid=1000(system) Binder:1287_14 expire 10 lines
05-17 12:18:05.843  1287  1773 I chatty  : uid=1000(system) Binder:1287_5 expire 14 lines
05-17 12:18:05.868  1287  2028 I chatty  : uid=1000(system) CallAudioModeSt expire 2 lines
05-17 12:18:05.970  1287  2415 I chatty  : uid=1000(system) Binder:1287_A expire 12 lines
05-17 12:18:06.143  1287  2451 I chatty  : uid=1000(system) Binder:1287_18 expire 7 lines
05-17 12:18:06.592  1287  2027 I chatty  : uid=1000(system) uteStateMachine expire 11 lines
05-17 12:18:06.601  1795  1795 I TelecomFramework: TelephonyConnectionService: onAudioStateChanged TC@59_1 [AudioState isMuted: false, route: SPEAKER, supportedRouteMask: EARPIECE, SPEAKER, activeBluetoothDevice: [null], supportedBluetoothDevices: []]: (ICA.sAR->CARSM.pM_USER_SWITCH_SPEAKER)->CS.cASC->H.CS.cASC(ocd/cast)@E-uPM
05-17 12:18:12.530  1287  2451 I chatty  : uid=1000(system) Binder:1287_18 expire 1 line
05-17 12:18:12.609  1287  1871 I chatty  : uid=1000(system) Binder:1287_17 expire 1 line
05-17 12:18:12.609  1287  1382 I chatty  : uid=1000(system) Binder:1287_1C expire 1 line
05-17 12:18:12.609  1287  1620 I chatty  : uid=1000(system) Binder:1287_16 expire 1 line
05-17 12:18:12.610  1287  1486 I chatty  : uid=1000(system) ConnectivitySer expire 5 lines
05-17 12:18:12.611  1287  1369 I chatty  : uid=1000(system) Binder:1287_14 expire 1 line
05-17 12:18:12.617  1287  3110 I chatty  : uid=1000(system) Binder:1287_1F expire 6 lines
05-17 12:18:16.597  1287  1367 I chatty  : uid=1000(system) ActivityManager expire 16 lines
05-17 12:18:58.976  1287  1406 I chatty  : uid=1000(system) PowerManagerSer expire 14 lines
05-17 12:19:05.991  1287  1379 I chatty  : uid=1000(system) batterystats-wo expire 1 line
05-17 12:19:06.019  1287  1350 I chatty  : uid=1000(system) android.display expire 6 lines
05-17 12:19:06.022  1287  1773 I chatty  : uid=1000(system) Binder:1287_5 expire 4 lines
05-17 12:19:06.280  1287  1347 I chatty  : uid=1000(system) android.fg expire 1 line
05-17 12:19:11.016  1287  1379 I chatty  : uid=1000(system) batterystats-wo expire 5 lines
05-17 12:30:13.827  1287  1469 I chatty  : uid=1000(system) InputReader expire 9 lines
05-17 12:30:13.828  1795  1795 I TelecomFramework: TelephonyConnectionService: disconnect TC@59_1: (TSI.eC)->CS.d->H.CS.d(cast)@E-uXM
05-17 12:30:13.830  1287  2028 I chatty  : uid=1000(system) CallAudioModeSt expire 2 lines
05-17 12:30:13.902  1287  3110 I chatty  : uid=1000(system) Binder:1287_1F expire 1 line
05-17 12:30:13.913  1287  1406 I chatty  : uid=1000(system) PowerManagerSer expire 4 lines
05-17 12:30:13.923  1287  1350 I chatty  : uid=1000(system) android.display expire 1 line
05-17 12:30:13.930  1287  1367 I chatty  : uid=1000(system) ActivityManager expire 4 lines
05-17 12:30:13.953  1287  1356 I chatty  : uid=1000(system) Binder:1287_13 expire 4 lines
05-17 12:30:14.037  1287  1773 I chatty  : uid=1000(system) Binder:1287_5 expire 6 lines
05-17 12:30:14.273  1287  2415 I chatty  : uid=1000(system) Binder:1287_A expire 2 lines
05-17 12:30:14.327  1287  1486 I chatty  : uid=1000(system) ConnectivitySer expire 1 line
05-17 12:30:14.345  1287  2725 I chatty  : uid=1000(system) Binder:1287_1E expire 11 lines
05-17 12:30:14.352  1287  2027 I chatty  : uid=1000(system) uteStateMachine expire 14 lines
05-17 12:30:14.390  1287  2725 I chatty  : uid=1000(system) Binder:1287_1E expire 10 lines
05-17 12:30:14.409  1287  3110 I chatty  : uid=1000(system) Binder:1287_1F expire 1 line
05-17 12:30:14.439  1287  1287 I chatty  : uid=1000 system_server expire 13 lines
05-17 12:30:14.479  1287  2028 I chatty  : uid=1000(system) CallAudioModeSt expire 2 lines
05-17 12:30:14.526  1287  1367 I chatty  : uid=1000(system) ActivityManager expire 4 lines
05-17 12:30:14.527  1287  1368 I chatty  : uid=1000(system) ActivityManager expire 2 lines
05-17 12:30:14.618  1287  1406 I chatty  : uid=1000(system) PowerManagerSer expire 2 lines
05-17 12:30:14.619  1287  1347 I chatty  : uid=1000(system) android.fg expire 1 line
05-17 12:30:14.801  2597  2597 W ContextImpl: Calling a method in the system process without a qualified user: android.app.ContextImpl.sendBroadcast:1126 android.content.ContextWrapper.sendBroadcast:473 com.android.incallui.MotorolaInCallUiNotifier.sendInCallUiBroadcast:75 com.android.incallui.MotorolaInCallUiNotifier.onStateChange:64 com.android.incallui.InCallPresenter.onCallListChange:1116 
05-17 12:30:14.834  1287  1382 I chatty  : uid=1000(system) Binder:1287_1C expire 13 lines
05-17 12:30:14.897  1287  1871 I chatty  : uid=1000(system) Binder:1287_17 expire 1 line
05-17 12:30:14.897  1287  1347 I chatty  : uid=1000(system) android.fg expire 2 lines
05-17 12:30:15.234  2597  2689 W ContextImpl: Calling a method in the system process without a qualified user: android.app.ContextImpl.sendBroadcast:1111 android.content.ContextWrapper.sendBroadcast:468 com.android.dialer.database.DialerDatabaseHelper.updateSmartDialDatabase:884 com.android.dialer.database.DialerDatabaseHelper.lambda$startSmartDialUpdateThread$0$DialerDatabaseHelper:358 com.android.dialer.database.-$$Lambda$DialerDatabaseHelper$PmaZioZincgK-Q97aU7q5zBCRZ0.call:4 
05-17 12:30:15.377  1287  1350 I chatty  : uid=1000(system) android.display expire 12 lines
05-17 12:30:15.431  1287  1369 I chatty  : uid=1000(system) Binder:1287_14 expire 4 lines
05-17 12:30:16.085  1287  1367 I chatty  : uid=1000(system) ActivityManager expire 4 lines
05-17 12:30:16.105  1287  1469 I chatty  : uid=1000(system) InputReader expire 17 lines
05-17 12:30:16.456  1287  1287 I chatty  : uid=1000 system_server expire 5 lines
05-17 12:30:16.554  1287  3506 I chatty  : uid=1000(system) Binder:1287_E expire 4 lines
05-17 12:30:17.794  1287  1467 I chatty  : uid=1000(system) UEventObserver expire 22 lines
05-17 12:30:17.924  1287  1382 I chatty  : uid=1000(system) Binder:1287_1C expire 12 lines
05-17 12:30:17.962  1287  1350 I chatty  : uid=1000(system) android.display expire 9 lines
05-17 12:30:18.812  1287  1773 I chatty  : uid=1000(system) Binder:1287_5 expire 4 lines
05-17 12:30:19.661  1287  1406 I chatty  : uid=1000(system) PowerManagerSer expire 14 lines
05-17 12:30:19.692  1287  1379 I chatty  : uid=1000(system) batterystats-wo expire 2 lines
05-17 12:30:19.716  1287  1350 I chatty  : uid=1000(system) android.display expire 10 lines
05-17 12:30:19.722  1287  1347 I chatty  : uid=1000(system) android.fg expire 1 line
05-17 12:30:19.730  1287  1382 I chatty  : uid=1000(system) Binder:1287_1C expire 4 lines
05-17 12:30:19.834  1287  1351 I chatty  : uid=1000(system) android.anim expire 1 line
05-17 12:30:19.838  1287  1871 I chatty  : uid=1000(system) Binder:1287_17 expire 4 lines
05-17 12:30:23.627  1287  1369 I chatty  : uid=1000(system) Binder:1287_14 expire 1 line
05-17 12:30:46.318  1287  1469 I chatty  : uid=1000(system) InputReader expire 1 line
05-17 12:30:46.407  1287  1367 I chatty  : uid=1000(system) ActivityManager expire 4 lines
05-17 12:30:46.478  1287  1191 I chatty  : uid=1000(system) Binder:1287_11 expire 5 lines
05-17 12:30:46.533  1287  1406 I chatty  : uid=1000(system) PowerManagerSer expire 13 lines
05-17 12:30:46.555  1287  1367 I chatty  : uid=1000(system) ActivityManager expire 7 lines
05-17 12:30:46.685  1287  1379 I chatty  : uid=1000(system) batterystats-wo expire 2 lines
05-17 12:30:46.816  1287  1350 I chatty  : uid=1000(system) android.display expire 7 lines
05-17 12:30:46.956  1287  1347 I chatty  : uid=1000(system) android.fg expire 3 lines
05-17 12:30:47.093  1287  1310 I chatty  : uid=1000(system) Binder:1287_1 expire 4 lines
05-17 12:30:54.688  1287  3935 I chatty  : uid=1000(system) Binder:1287_F expire 4 lines
05-17 12:30:54.740  1287  1310 I chatty  : uid=1000(system) Binder:1287_1 expire 1 line
05-17 12:30:54.783  1287  1406 I chatty  : uid=1000(system) PowerManagerSer expire 5 lines
05-17 12:30:54.784  1287  1347 I chatty  : uid=1000(system) android.fg expire 1 line
05-17 12:30:54.885  1287  1350 I chatty  : uid=1000(system) android.display expire 5 lines
05-17 12:30:59.683  1287  1379 I chatty  : uid=1000(system) batterystats-wo expire 2 lines
05-17 12:40:00.931  1287  1287 I chatty  : uid=1000 system_server expire 2 lines
05-17 12:40:16.779  1287  1467 I chatty  : uid=1000(system) UEventObserver expire 9 lines
05-17 12:40:16.785  1287  1356 I chatty  : uid=1000(system) Binder:1287_13 expire 10 lines
05-17 12:40:16.934  1287  1369 I chatty  : uid=1000(system) Binder:1287_14 expire 4 lines
05-17 12:40:16.970  1287  1379 I chatty  : uid=1000(system) batterystats-wo expire 1 line
05-17 12:40:17.020  1287  1367 I chatty  : uid=1000(system) ActivityManager expire 6 lines
05-17 12:40:17.141  1287  3935 I chatty  : uid=1000(system) Binder:1287_F expire 5 lines
05-17 12:40:17.284  1287  1406 I chatty  : uid=1000(system) PowerManagerSer expire 3 lines
05-17 12:40:17.455  1287  1347 I chatty  : uid=1000(system) android.fg expire 3 lines
05-17 12:40:17.472  1287  3110 I chatty  : uid=1000(system) Binder:1287_1F expire 1 line
05-17 12:40:18.496  1287  3448 I chatty  : uid=1000(system) Binder:1287_D expire 11 lines
05-17 12:40:18.515  1287  3506 I chatty  : uid=1000(system) Binder:1287_E expire 8 lines
05-17 12:40:18.954  2597  2682 W ContextImpl: Calling a method in the system process without a qualified user: android.app.ContextImpl.sendBroadcast:1111 android.content.ContextWrapper.sendBroadcast:468 com.android.dialer.database.DialerDatabaseHelper.updateSmartDialDatabase:884 com.android.dialer.database.DialerDatabaseHelper.lambda$startSmartDialUpdateThread$0$DialerDatabaseHelper:358 com.android.dialer.database.-$$Lambda$DialerDatabaseHelper$PmaZioZincgK-Q97aU7q5zBCRZ0.call:4 
05-17 12:40:19.002  1287  1350 I chatty  : uid=1000(system) android.display expire 4 lines
05-17 12:40:19.026  1287  3448 I chatty  : uid=1000(system) Binder:1287_D expire 9 lines
05-17 12:40:19.564  1287  1367 I chatty  : uid=1000(system) ActivityManager expire 2 lines
05-17 12:40:20.114  1287  1287 I chatty  : uid=1000 system_server expire 17 lines
05-17 12:40:20.169  1287  2027 I chatty  : uid=1000(system) uteStateMachine expire 3 lines
05-17 12:40:20.170  1287  2028 I chatty  : uid=1000(system) CallAudioModeSt expire 2 lines
05-17 12:40:20.170  1287  1287 I chatty  : uid=1000 system_server expire 16 lines
05-17 12:40:20.173  2597  2597 W ContextImpl: Calling a method in the system process without a qualified user: android.app.ContextImpl.bindService:1748 android.content.ContextWrapper.bindService:756 org.codeaurora.ims.QtiImsExtConnector.bindQtiImsExtService:113 org.codeaurora.ims.QtiImsExtConnector.connect:88 com.android.incallui.BottomSheetHelper.setUp:141 
05-17 12:40:20.186  2597  2597 W ContextImpl: Calling a method in the system process without a qualified user: android.app.ContextImpl.startActivity:993 android.content.ContextWrapper.startActivity:403 com.android.incallui.InCallPresenter.maybeStartRevealAnimation:2078 com.android.incallui.InCallServiceImpl.onBind:116 android.app.ActivityThread.handleBindService:4224 
05-17 12:40:20.186  2597  2597 W ContextImpl: Calling a method in the system process without a qualified user: android.app.ContextImpl.startActivity:1005 android.app.ContextImpl.startActivity:994 android.content.ContextWrapper.startActivity:403 com.android.incallui.InCallPresenter.maybeStartRevealAnimation:2078 com.android.incallui.InCallServiceImpl.onBind:116 
05-17 12:40:20.188  1287  3448 I chatty  : uid=1000(system) Binder:1287_D expire 12 lines
05-17 12:40:20.194  1287  2027 I chatty  : uid=1000(system) uteStateMachine expire 1 line
05-17 12:40:20.242  1287  2415 I chatty  : uid=1000(system) Binder:1287_A expire 12 lines
05-17 12:40:20.318  1287  1350 I chatty  : uid=1000(system) android.display expire 4 lines
05-17 12:40:20.402  2597  2597 W ContextImpl: Calling a method in the system process without a qualified user: android.app.ContextImpl.sendBroadcast:1111 android.content.ContextWrapper.sendBroadcast:468 com.android.incallui.InCallActivity.onCreate:296 android.app.Activity.performCreate:8161 android.app.Activity.performCreate:8145 
05-17 12:40:20.405  1287  1367 I chatty  : uid=1000(system) ActivityManager expire 1 line
05-17 12:40:20.405  1287  2027 I chatty  : uid=1000(system) uteStateMachine expire 9 lines
05-17 12:40:20.485  1287  1287 I chatty  : uid=1000 system_server expire 8 lines
05-17 12:40:20.500  1287  2032 I chatty  : uid=1000(system) ConnectionSvrFo expire 2 lines
05-17 12:40:20.520  1287  3448 I chatty  : uid=1000(system) Binder:1287_D expire 2 lines
05-17 12:40:20.572  1287  3110 I chatty  : uid=1000(system) Binder:1287_1F expire 4 lines
05-17 12:40:20.665  1287  1406 I chatty  : uid=1000(system) PowerManagerSer expire 1 line
05-17 12:40:20.767  1287  3448 I chatty  : uid=1000(system) Binder:1287_D expire 25 lines
05-17 12:40:20.771  1287  2028 I chatty  : uid=1000(system) CallAudioModeSt expire 2 lines
05-17 12:40:20.788  1287  2027 I chatty  : uid=1000(system) uteStateMachine expire 15 lines
05-17 12:40:20.799  1287  1773 I chatty  : uid=1000(system) Binder:1287_5 expire 3 lines
05-17 12:40:20.809  1287  3110 I chatty  : uid=1000(system) Binder:1287_1F expire 17 lines
05-17 12:40:20.915  1287  2725 I chatty  : uid=1000(system) Binder:1287_1E expire 4 lines
05-17 12:40:20.916  1795  1795 I TelecomFramework: TelephonyConnectionService: notifyCreateConnectionComplete TC@60_1: (...->CSW.hCCC)->CS.crCoC->H.CS.crCoC(cap/cast)@E-E-E-um4
